============================= test session starts =============================
platform win32 -- Python 3.12.5, pytest-9.0.2, pluggy-1.6.0 -- C:\Users\Dmitriy\AppData\Local\Programs\Python\Python312\python.exe
cachedir: .pytest_cache
rootdir: C:\Study\bot2
configfile: pytest.ini
plugins: asyncio-1.3.0
asyncio: mode=Mode.AUTO, debug=False, asyncio_default_fixture_loop_scope=None, asyncio_default_test_loop_scope=function
collecting ... collected 10 items

tests/test_services.py::TestUserService::test_get_or_create_user FAILED  [ 10%]
tests/test_services.py::TestGroupService::test_create_group FAILED       [ 20%]
tests/test_services.py::TestGroupService::test_get_group_by_code FAILED  [ 30%]
tests/test_services.py::TestGroupService::test_join_group FAILED         [ 40%]
tests/test_services.py::TestSubjectService::test_add_subject FAILED      [ 50%]
tests/test_services.py::TestSubjectService::test_get_group_subjects FAILED [ 60%]
tests/test_services.py::TestLabService::test_create_lab FAILED           [ 70%]
tests/test_services.py::TestLabService::test_get_group_labs FAILED       [ 80%]
tests/test_services.py::TestLabService::test_close_lab FAILED            [ 90%]
tests/test_services.py::TestVerificationService::test_add_student_to_group FAILED [100%]

================================== FAILURES ===================================
___________________ TestUserService.test_get_or_create_user ___________________

self = <sqlalchemy.engine.base.Connection object at 0x0000024166416630>
dialect = <sqlalchemy.dialects.sqlite.aiosqlite.SQLiteDialect_aiosqlite object at 0x0000024165077FB0>
context = <sqlalchemy.dialects.sqlite.aiosqlite.SQLiteExecutionContext_aiosqlite object at 0x00000241664177D0>
statement = <sqlalchemy.dialects.sqlite.base.SQLiteCompiler object at 0x0000024166416330>
parameters = [(123456,)]

    def _exec_single_context(
        self,
        dialect: Dialect,
        context: ExecutionContext,
        statement: Union[str, Compiled],
        parameters: Optional[_AnyMultiExecuteParams],
    ) -> CursorResult[Any]:
        """continue the _execute_context() method for a single DBAPI
        cursor.execute() or cursor.executemany() call.
    
        """
        if dialect.bind_typing is BindTyping.SETINPUTSIZES:
            generic_setinputsizes = context._prepare_set_input_sizes()
    
            if generic_setinputsizes:
                try:
                    dialect.do_set_input_sizes(
                        context.cursor, generic_setinputsizes, context
                    )
                except BaseException as e:
                    self._handle_dbapi_exception(
                        e, str(statement), parameters, None, context
                    )
    
        cursor, str_statement, parameters = (
            context.cursor,
            context.statement,
            context.parameters,
        )
    
        effective_parameters: Optional[_AnyExecuteParams]
    
        if not context.executemany:
            effective_parameters = parameters[0]
        else:
            effective_parameters = parameters
    
        if self._has_events or self.engine._has_events:
            for fn in self.dispatch.before_cursor_execute:
                str_statement, effective_parameters = fn(
                    self,
                    cursor,
                    str_statement,
                    effective_parameters,
                    context,
                    context.executemany,
                )
    
        if self._echo:
            self._log_info(str_statement)
    
            stats = context._get_cache_stats()
    
            if not self.engine.hide_parameters:
                self._log_info(
                    "[%s] %r",
                    stats,
                    sql_util._repr_params(
                        effective_parameters,
                        batches=10,
                        ismulti=context.executemany,
                    ),
                )
            else:
                self._log_info(
                    "[%s] [SQL parameters hidden due to hide_parameters=True]",
                    stats,
                )
    
        evt_handled: bool = False
        try:
            if context.execute_style is ExecuteStyle.EXECUTEMANY:
                effective_parameters = cast(
                    "_CoreMultiExecuteParams", effective_parameters
                )
                if self.dialect._has_events:
                    for fn in self.dialect.dispatch.do_executemany:
                        if fn(
                            cursor,
                            str_statement,
                            effective_parameters,
                            context,
                        ):
                            evt_handled = True
                            break
                if not evt_handled:
                    self.dialect.do_executemany(
                        cursor,
                        str_statement,
                        effective_parameters,
                        context,
                    )
            elif not effective_parameters and context.no_parameters:
                if self.dialect._has_events:
                    for fn in self.dialect.dispatch.do_execute_no_params:
                        if fn(cursor, str_statement, context):
                            evt_handled = True
                            break
                if not evt_handled:
                    self.dialect.do_execute_no_params(
                        cursor, str_statement, context
                    )
            else:
                effective_parameters = cast(
                    "_CoreSingleExecuteParams", effective_parameters
                )
                if self.dialect._has_events:
                    for fn in self.dialect.dispatch.do_execute:
                        if fn(
                            cursor,
                            str_statement,
                            effective_parameters,
                            context,
                        ):
                            evt_handled = True
                            break
                if not evt_handled:
>                   self.dialect.do_execute(
                        cursor, str_statement, effective_parameters, context
                    )

C:\Users\Dmitriy\AppData\Local\Programs\Python\Python312\Lib\site-packages\sqlalchemy\engine\base.py:1967: 
_ _ _ _ _ _ _ _ _ _ _ _ _ _ _ _ _ _ _ _ _ _ _ _ _ _ _ _ _ _ _ _ _ _ _ _ _ _ _ _

self = <sqlalchemy.dialects.sqlite.aiosqlite.SQLiteDialect_aiosqlite object at 0x0000024165077FB0>
cursor = <sqlalchemy.dialects.sqlite.aiosqlite.AsyncAdapt_aiosqlite_cursor object at 0x00000241662FEF20>
statement = 'SELECT users.id, users.telegram_id, users.username, users.first_name, users.last_name, users.display_name, users.is_premium, users.gender, users.created_at \nFROM users \nWHERE users.telegram_id = ?'
parameters = (123456,)
context = <sqlalchemy.dialects.sqlite.aiosqlite.SQLiteExecutionContext_aiosqlite object at 0x00000241664177D0>

    def do_execute(self, cursor, statement, parameters, context=None):
>       cursor.execute(statement, parameters)

C:\Users\Dmitriy\AppData\Local\Programs\Python\Python312\Lib\site-packages\sqlalchemy\engine\default.py:952: 
_ _ _ _ _ _ _ _ _ _ _ _ _ _ _ _ _ _ _ _ _ _ _ _ _ _ _ _ _ _ _ _ _ _ _ _ _ _ _ _

self = <sqlalchemy.dialects.sqlite.aiosqlite.AsyncAdapt_aiosqlite_cursor object at 0x00000241662FEF20>
operation = 'SELECT users.id, users.telegram_id, users.username, users.first_name, users.last_name, users.display_name, users.is_premium, users.gender, users.created_at \nFROM users \nWHERE users.telegram_id = ?'
parameters = (123456,)

    def execute(
        self,
        operation: Any,
        parameters: Optional[_DBAPISingleExecuteParams] = None,
    ) -> Any:
    
        try:
            _cursor: AsyncIODBAPICursor = self.await_(self._connection.cursor())  # type: ignore[arg-type] # noqa: E501
    
            if parameters is None:
                self.await_(_cursor.execute(operation))
            else:
                self.await_(_cursor.execute(operation, parameters))
    
            if _cursor.description:
                self.description = _cursor.description
                self.lastrowid = self.rowcount = -1
    
                if not self.server_side:
                    self._rows = deque(self.await_(_cursor.fetchall()))
            else:
                self.description = None
                self.lastrowid = _cursor.lastrowid
                self.rowcount = _cursor.rowcount
    
            if not self.server_side:
                self.await_(_cursor.close())
            else:
                self._cursor = _cursor  # type: ignore[misc]
        except Exception as error:
>           self._adapt_connection._handle_exception(error)

C:\Users\Dmitriy\AppData\Local\Programs\Python\Python312\Lib\site-packages\sqlalchemy\dialects\sqlite\aiosqlite.py:182: 
_ _ _ _ _ _ _ _ _ _ _ _ _ _ _ _ _ _ _ _ _ _ _ _ _ _ _ _ _ _ _ _ _ _ _ _ _ _ _ _

self = <AdaptedConnection <aiosqlite.core.Connection object at 0x0000024166416D80>>
error = OperationalError('no such table: users')

    def _handle_exception(self, error: Exception) -> NoReturn:
        if (
            isinstance(error, ValueError)
            and error.args[0] == "no active connection"
        ):
            raise self.dbapi.sqlite.OperationalError(
                "no active connection"
            ) from error
        else:
>           raise error

C:\Users\Dmitriy\AppData\Local\Programs\Python\Python312\Lib\site-packages\sqlalchemy\dialects\sqlite\aiosqlite.py:342: 
_ _ _ _ _ _ _ _ _ _ _ _ _ _ _ _ _ _ _ _ _ _ _ _ _ _ _ _ _ _ _ _ _ _ _ _ _ _ _ _

self = <sqlalchemy.dialects.sqlite.aiosqlite.AsyncAdapt_aiosqlite_cursor object at 0x00000241662FEF20>
operation = 'SELECT users.id, users.telegram_id, users.username, users.first_name, users.last_name, users.display_name, users.is_premium, users.gender, users.created_at \nFROM users \nWHERE users.telegram_id = ?'
parameters = (123456,)

    def execute(
        self,
        operation: Any,
        parameters: Optional[_DBAPISingleExecuteParams] = None,
    ) -> Any:
    
        try:
            _cursor: AsyncIODBAPICursor = self.await_(self._connection.cursor())  # type: ignore[arg-type] # noqa: E501
    
            if parameters is None:
                self.await_(_cursor.execute(operation))
            else:
>               self.await_(_cursor.execute(operation, parameters))

C:\Users\Dmitriy\AppData\Local\Programs\Python\Python312\Lib\site-packages\sqlalchemy\dialects\sqlite\aiosqlite.py:164: 
_ _ _ _ _ _ _ _ _ _ _ _ _ _ _ _ _ _ _ _ _ _ _ _ _ _ _ _ _ _ _ _ _ _ _ _ _ _ _ _

awaitable = <coroutine object Cursor.execute at 0x0000024166558580>

    def await_only(awaitable: Awaitable[_T]) -> _T:
        """Awaits an async function in a sync method.
    
        The sync method must be inside a :func:`greenlet_spawn` context.
        :func:`await_only` calls cannot be nested.
    
        :param awaitable: The coroutine to call.
    
        """
        # this is called in the context greenlet while running fn
        current = getcurrent()
        if not getattr(current, "__sqlalchemy_greenlet_provider__", False):
            _safe_cancel_awaitable(awaitable)
    
            raise exc.MissingGreenlet(
                "greenlet_spawn has not been called; can't call await_only() "
                "here. Was IO attempted in an unexpected place?"
            )
    
        # returns the control to the driver greenlet passing it
        # a coroutine to run. Once the awaitable is done, the driver greenlet
        # switches back to this greenlet with the result of awaitable that is
        # then returned to the caller (or raised as error)
>       return current.parent.switch(awaitable)  # type: ignore[no-any-return,attr-defined] # noqa: E501
               ^^^^^^^^^^^^^^^^^^^^^^^^^^^^^^^^

C:\Users\Dmitriy\AppData\Local\Programs\Python\Python312\Lib\site-packages\sqlalchemy\util\_concurrency_py3k.py:132: 
_ _ _ _ _ _ _ _ _ _ _ _ _ _ _ _ _ _ _ _ _ _ _ _ _ _ _ _ _ _ _ _ _ _ _ _ _ _ _ _

fn = <bound method Session.execute of <sqlalchemy.orm.session.Session object at 0x0000024166417050>>
_require_await = False
args = (<sqlalchemy.sql.selectable.Select object at 0x0000024166416540>,)
kwargs = {'bind_arguments': None, 'execution_options': immutabledict({'prebuffer_rows': True}), 'params': None}
context = <_AsyncIoGreenlet object at 0x0000024164F1BA00 (otid=0x0000024164FE5D70) dead>
switch_occurred = True
result = <coroutine object Cursor.execute at 0x0000024166558580>
value = <aiosqlite.cursor.Cursor object at 0x0000024166417500>

    async def greenlet_spawn(
        fn: Callable[..., _T],
        *args: Any,
        _require_await: bool = False,
        **kwargs: Any,
    ) -> _T:
        """Runs a sync function ``fn`` in a new greenlet.
    
        The sync function can then use :func:`await_only` to wait for async
        functions.
    
        :param fn: The sync callable to call.
        :param \\*args: Positional arguments to pass to the ``fn`` callable.
        :param \\*\\*kwargs: Keyword arguments to pass to the ``fn`` callable.
        """
    
        result: Any
        context = _AsyncIoGreenlet(fn, getcurrent())
        # runs the function synchronously in gl greenlet. If the execution
        # is interrupted by await_only, context is not dead and result is a
        # coroutine to wait. If the context is dead the function has
        # returned, and its result can be returned.
        switch_occurred = False
        result = context.switch(*args, **kwargs)
        while not context.dead:
            switch_occurred = True
            try:
                # wait for a coroutine from await_only and then return its
                # result back to it.
>               value = await result
                        ^^^^^^^^^^^^

C:\Users\Dmitriy\AppData\Local\Programs\Python\Python312\Lib\site-packages\sqlalchemy\util\_concurrency_py3k.py:196: 
_ _ _ _ _ _ _ _ _ _ _ _ _ _ _ _ _ _ _ _ _ _ _ _ _ _ _ _ _ _ _ _ _ _ _ _ _ _ _ _

self = <aiosqlite.cursor.Cursor object at 0x0000024166417500>
sql = 'SELECT users.id, users.telegram_id, users.username, users.first_name, users.last_name, users.display_name, users.is_premium, users.gender, users.created_at \nFROM users \nWHERE users.telegram_id = ?'
parameters = (123456,)

    async def execute(
        self, sql: str, parameters: Optional[Iterable[Any]] = None
    ) -> "Cursor":
        """Execute the given query."""
        if parameters is None:
            parameters = []
>       await self._execute(self._cursor.execute, sql, parameters)

C:\Users\Dmitriy\AppData\Local\Programs\Python\Python312\Lib\site-packages\aiosqlite\cursor.py:40: 
_ _ _ _ _ _ _ _ _ _ _ _ _ _ _ _ _ _ _ _ _ _ _ _ _ _ _ _ _ _ _ _ _ _ _ _ _ _ _ _

self = <aiosqlite.cursor.Cursor object at 0x0000024166417500>
fn = <built-in method execute of sqlite3.Cursor object at 0x0000024166435840>
args = ('SELECT users.id, users.telegram_id, users.username, users.first_name, users.last_name, users.display_name, users.is_premium, users.gender, users.created_at \nFROM users \nWHERE users.telegram_id = ?', (123456,))
kwargs = {}

    async def _execute(self, fn, *args, **kwargs):
        """Execute the given function on the shared connection's thread."""
>       return await self._conn._execute(fn, *args, **kwargs)
               ^^^^^^^^^^^^^^^^^^^^^^^^^^^^^^^^^^^^^^^^^^^^^^

C:\Users\Dmitriy\AppData\Local\Programs\Python\Python312\Lib\site-packages\aiosqlite\cursor.py:32: 
_ _ _ _ _ _ _ _ _ _ _ _ _ _ _ _ _ _ _ _ _ _ _ _ _ _ _ _ _ _ _ _ _ _ _ _ _ _ _ _

self = <aiosqlite.core.Connection object at 0x0000024166416D80>
fn = <built-in method execute of sqlite3.Cursor object at 0x0000024166435840>
args = ('SELECT users.id, users.telegram_id, users.username, users.first_name, users.last_name, users.display_name, users.is_premium, users.gender, users.created_at \nFROM users \nWHERE users.telegram_id = ?', (123456,))
kwargs = {}
function = functools.partial(<built-in method execute of sqlite3.Cursor object at 0x0000024166435840>, 'SELECT users.id, users.te....display_name, users.is_premium, users.gender, users.created_at \nFROM users \nWHERE users.telegram_id = ?', (123456,))
future = <Future finished exception=OperationalError('no such table: users')>

    async def _execute(self, fn, *args, **kwargs):
        """Queue a function with the given arguments for execution."""
        if not self._running or not self._connection:
            raise ValueError("Connection closed")
    
        function = partial(fn, *args, **kwargs)
        future = asyncio.get_event_loop().create_future()
    
        self._tx.put_nowait((future, function))
    
>       return await future
               ^^^^^^^^^^^^

C:\Users\Dmitriy\AppData\Local\Programs\Python\Python312\Lib\site-packages\aiosqlite\core.py:160: 
_ _ _ _ _ _ _ _ _ _ _ _ _ _ _ _ _ _ _ _ _ _ _ _ _ _ _ _ _ _ _ _ _ _ _ _ _ _ _ _

tx = <_queue.SimpleQueue object at 0x0000024166440770>

    def _connection_worker_thread(tx: _TxQueue):
        """
        Execute function calls on a separate thread.
    
        :meta private:
        """
        while True:
            # Continues running until all queue items are processed,
            # even after connection is closed (so we can finalize all
            # futures)
    
            future, function = tx.get()
    
            try:
                LOG.debug("executing %s", function)
>               result = function()
                         ^^^^^^^^^^
E               sqlite3.OperationalError: no such table: users

C:\Users\Dmitriy\AppData\Local\Programs\Python\Python312\Lib\site-packages\aiosqlite\core.py:63: OperationalError

The above exception was the direct cause of the following exception:

self = <test_services.TestUserService object at 0x000002416627BBC0>

    async def test_get_or_create_user(self):
>       user = await get_or_create_user(MockUser(123456, "test_user"))
               ^^^^^^^^^^^^^^^^^^^^^^^^^^^^^^^^^^^^^^^^^^^^^^^^^^^^^^^

tests\test_services.py:29: 
_ _ _ _ _ _ _ _ _ _ _ _ _ _ _ _ _ _ _ _ _ _ _ _ _ _ _ _ _ _ _ _ _ _ _ _ _ _ _ _

tg_user = <test_services.MockUser object at 0x0000024166417470>

    async def get_or_create_user(tg_user):
        async with SessionLocal() as session:
>           result = await session.execute(select(User).where(User.telegram_id == tg_user.id))
                     ^^^^^^^^^^^^^^^^^^^^^^^^^^^^^^^^^^^^^^^^^^^^^^^^^^^^^^^^^^^^^^^^^^^^^^^^^

services\user_service.py:7: 
_ _ _ _ _ _ _ _ _ _ _ _ _ _ _ _ _ _ _ _ _ _ _ _ _ _ _ _ _ _ _ _ _ _ _ _ _ _ _ _

self = <sqlalchemy.ext.asyncio.session.AsyncSession object at 0x0000024166415640>
statement = <sqlalchemy.sql.selectable.Select object at 0x0000024166416540>
params = None, execution_options = immutabledict({'prebuffer_rows': True})
bind_arguments = None, kw = {}

    async def execute(
        self,
        statement: Executable,
        params: Optional[_CoreAnyExecuteParams] = None,
        *,
        execution_options: OrmExecuteOptionsParameter = util.EMPTY_DICT,
        bind_arguments: Optional[_BindArguments] = None,
        **kw: Any,
    ) -> Result[Any]:
        """Execute a statement and return a buffered
        :class:`_engine.Result` object.
    
        .. seealso::
    
            :meth:`_orm.Session.execute` - main documentation for execute
    
        """
    
        if execution_options:
            execution_options = util.immutabledict(execution_options).union(
                _EXECUTE_OPTIONS
            )
        else:
            execution_options = _EXECUTE_OPTIONS
    
>       result = await greenlet_spawn(
            self.sync_session.execute,
            statement,
            params=params,
            execution_options=execution_options,
            bind_arguments=bind_arguments,
            **kw,
        )

C:\Users\Dmitriy\AppData\Local\Programs\Python\Python312\Lib\site-packages\sqlalchemy\ext\asyncio\session.py:449: 
_ _ _ _ _ _ _ _ _ _ _ _ _ _ _ _ _ _ _ _ _ _ _ _ _ _ _ _ _ _ _ _ _ _ _ _ _ _ _ _

fn = <bound method Session.execute of <sqlalchemy.orm.session.Session object at 0x0000024166417050>>
_require_await = False
args = (<sqlalchemy.sql.selectable.Select object at 0x0000024166416540>,)
kwargs = {'bind_arguments': None, 'execution_options': immutabledict({'prebuffer_rows': True}), 'params': None}
context = <_AsyncIoGreenlet object at 0x0000024164F1BA00 (otid=0x0000024164FE5D70) dead>
switch_occurred = True
result = <coroutine object Cursor.execute at 0x0000024166558580>
value = <aiosqlite.cursor.Cursor object at 0x0000024166417500>

    async def greenlet_spawn(
        fn: Callable[..., _T],
        *args: Any,
        _require_await: bool = False,
        **kwargs: Any,
    ) -> _T:
        """Runs a sync function ``fn`` in a new greenlet.
    
        The sync function can then use :func:`await_only` to wait for async
        functions.
    
        :param fn: The sync callable to call.
        :param \\*args: Positional arguments to pass to the ``fn`` callable.
        :param \\*\\*kwargs: Keyword arguments to pass to the ``fn`` callable.
        """
    
        result: Any
        context = _AsyncIoGreenlet(fn, getcurrent())
        # runs the function synchronously in gl greenlet. If the execution
        # is interrupted by await_only, context is not dead and result is a
        # coroutine to wait. If the context is dead the function has
        # returned, and its result can be returned.
        switch_occurred = False
        result = context.switch(*args, **kwargs)
        while not context.dead:
            switch_occurred = True
            try:
                # wait for a coroutine from await_only and then return its
                # result back to it.
                value = await result
            except BaseException:
                # this allows an exception to be raised within
                # the moderated greenlet so that it can continue
                # its expected flow.
>               result = context.throw(*sys.exc_info())
                         ^^^^^^^^^^^^^^^^^^^^^^^^^^^^^^

C:\Users\Dmitriy\AppData\Local\Programs\Python\Python312\Lib\site-packages\sqlalchemy\util\_concurrency_py3k.py:201: 
_ _ _ _ _ _ _ _ _ _ _ _ _ _ _ _ _ _ _ _ _ _ _ _ _ _ _ _ _ _ _ _ _ _ _ _ _ _ _ _

self = <sqlalchemy.orm.session.Session object at 0x0000024166417050>
statement = <sqlalchemy.sql.selectable.Select object at 0x0000024166416540>
params = None

    def execute(
        self,
        statement: Executable,
        params: Optional[_CoreAnyExecuteParams] = None,
        *,
        execution_options: OrmExecuteOptionsParameter = util.EMPTY_DICT,
        bind_arguments: Optional[_BindArguments] = None,
        _parent_execute_state: Optional[Any] = None,
        _add_event: Optional[Any] = None,
    ) -> Result[Any]:
        r"""Execute a SQL expression construct.
    
        Returns a :class:`_engine.Result` object representing
        results of the statement execution.
    
        E.g.::
    
            from sqlalchemy import select
    
            result = session.execute(select(User).where(User.id == 5))
    
        The API contract of :meth:`_orm.Session.execute` is similar to that
        of :meth:`_engine.Connection.execute`, the :term:`2.0 style` version
        of :class:`_engine.Connection`.
    
        .. versionchanged:: 1.4 the :meth:`_orm.Session.execute` method is
           now the primary point of ORM statement execution when using
           :term:`2.0 style` ORM usage.
    
        :param statement:
            An executable statement (i.e. an :class:`.Executable` expression
            such as :func:`_expression.select`).
    
        :param params:
            Optional dictionary, or list of dictionaries, containing
            bound parameter values.   If a single dictionary, single-row
            execution occurs; if a list of dictionaries, an
            "executemany" will be invoked.  The keys in each dictionary
            must correspond to parameter names present in the statement.
    
        :param execution_options: optional dictionary of execution options,
         which will be associated with the statement execution.  This
         dictionary can provide a subset of the options that are accepted
         by :meth:`_engine.Connection.execution_options`, and may also
         provide additional options understood only in an ORM context.
    
         .. seealso::
    
            :ref:`orm_queryguide_execution_options` - ORM-specific execution
            options
    
        :param bind_arguments: dictionary of additional arguments to determine
         the bind.  May include "mapper", "bind", or other custom arguments.
         Contents of this dictionary are passed to the
         :meth:`.Session.get_bind` method.
    
        :return: a :class:`_engine.Result` object.
    
    
        """
>       return self._execute_internal(
            statement,
            params,
            execution_options=execution_options,
            bind_arguments=bind_arguments,
            _parent_execute_state=_parent_execute_state,
            _add_event=_add_event,
        )

C:\Users\Dmitriy\AppData\Local\Programs\Python\Python312\Lib\site-packages\sqlalchemy\orm\session.py:2351: 
_ _ _ _ _ _ _ _ _ _ _ _ _ _ _ _ _ _ _ _ _ _ _ _ _ _ _ _ _ _ _ _ _ _ _ _ _ _ _ _

self = <sqlalchemy.orm.session.Session object at 0x0000024166417050>
statement = <sqlalchemy.sql.selectable.Select object at 0x0000024166416540>
params = None

    def _execute_internal(
        self,
        statement: Executable,
        params: Optional[_CoreAnyExecuteParams] = None,
        *,
        execution_options: OrmExecuteOptionsParameter = util.EMPTY_DICT,
        bind_arguments: Optional[_BindArguments] = None,
        _parent_execute_state: Optional[Any] = None,
        _add_event: Optional[Any] = None,
        _scalar_result: bool = False,
    ) -> Any:
        statement = coercions.expect(roles.StatementRole, statement)
    
        if not bind_arguments:
            bind_arguments = {}
        else:
            bind_arguments = dict(bind_arguments)
    
        if (
            statement._propagate_attrs.get("compile_state_plugin", None)
            == "orm"
        ):
            compile_state_cls = CompileState._get_plugin_class_for_plugin(
                statement, "orm"
            )
            if TYPE_CHECKING:
                assert isinstance(
                    compile_state_cls, context.AbstractORMCompileState
                )
        else:
            compile_state_cls = None
            bind_arguments.setdefault("clause", statement)
    
        execution_options = util.coerce_to_immutabledict(execution_options)
    
        if _parent_execute_state:
            events_todo = _parent_execute_state._remaining_events()
        else:
            events_todo = self.dispatch.do_orm_execute
            if _add_event:
                events_todo = list(events_todo) + [_add_event]
    
        if events_todo:
            if compile_state_cls is not None:
                # for event handlers, do the orm_pre_session_exec
                # pass ahead of the event handlers, so that things like
                # .load_options, .update_delete_options etc. are populated.
                # is_pre_event=True allows the hook to hold off on things
                # it doesn't want to do twice, including autoflush as well
                # as "pre fetch" for DML, etc.
                (
                    statement,
                    execution_options,
                ) = compile_state_cls.orm_pre_session_exec(
                    self,
                    statement,
                    params,
                    execution_options,
                    bind_arguments,
                    True,
                )
    
            orm_exec_state = ORMExecuteState(
                self,
                statement,
                params,
                execution_options,
                bind_arguments,
                compile_state_cls,
                events_todo,
            )
            for idx, fn in enumerate(events_todo):
                orm_exec_state._starting_event_idx = idx
                fn_result: Optional[Result[Any]] = fn(orm_exec_state)
                if fn_result:
                    if _scalar_result:
                        return fn_result.scalar()
                    else:
                        return fn_result
    
            statement = orm_exec_state.statement
            execution_options = orm_exec_state.local_execution_options
    
        if compile_state_cls is not None:
            # now run orm_pre_session_exec() "for real".   if there were
            # event hooks, this will re-run the steps that interpret
            # new execution_options into load_options / update_delete_options,
            # which we assume the event hook might have updated.
            # autoflush will also be invoked in this step if enabled.
            (
                statement,
                execution_options,
            ) = compile_state_cls.orm_pre_session_exec(
                self,
                statement,
                params,
                execution_options,
                bind_arguments,
                False,
            )
    
        bind = self.get_bind(**bind_arguments)
    
        conn = self._connection_for_bind(bind)
    
        if _scalar_result and not compile_state_cls:
            if TYPE_CHECKING:
                params = cast(_CoreSingleExecuteParams, params)
            return conn.scalar(
                statement, params or {}, execution_options=execution_options
            )
    
        if compile_state_cls:
>           result: Result[Any] = compile_state_cls.orm_execute_statement(
                self,
                statement,
                params or {},
                execution_options,
                bind_arguments,
                conn,
            )

C:\Users\Dmitriy\AppData\Local\Programs\Python\Python312\Lib\site-packages\sqlalchemy\orm\session.py:2249: 
_ _ _ _ _ _ _ _ _ _ _ _ _ _ _ _ _ _ _ _ _ _ _ _ _ _ _ _ _ _ _ _ _ _ _ _ _ _ _ _

cls = <class 'sqlalchemy.orm.context.ORMSelectCompileState'>
session = <sqlalchemy.orm.session.Session object at 0x0000024166417050>
statement = <sqlalchemy.sql.selectable.Select object at 0x0000024166416540>
params = {}
execution_options = immutabledict({'prebuffer_rows': True, '_result_disable_adapt_to_context': True})
bind_arguments = {'clause': <sqlalchemy.sql.selectable.Select object at 0x0000024166416540>, 'mapper': <Mapper at 0x2416627b620; User>}
conn = <sqlalchemy.engine.base.Connection object at 0x0000024166416630>

    @classmethod
    def orm_execute_statement(
        cls,
        session,
        statement,
        params,
        execution_options,
        bind_arguments,
        conn,
    ) -> Result:
>       result = conn.execute(
            statement, params or {}, execution_options=execution_options
        )

C:\Users\Dmitriy\AppData\Local\Programs\Python\Python312\Lib\site-packages\sqlalchemy\orm\context.py:306: 
_ _ _ _ _ _ _ _ _ _ _ _ _ _ _ _ _ _ _ _ _ _ _ _ _ _ _ _ _ _ _ _ _ _ _ _ _ _ _ _

self = <sqlalchemy.engine.base.Connection object at 0x0000024166416630>
statement = <sqlalchemy.sql.selectable.Select object at 0x0000024166416540>
parameters = {}

    def execute(
        self,
        statement: Executable,
        parameters: Optional[_CoreAnyExecuteParams] = None,
        *,
        execution_options: Optional[CoreExecuteOptionsParameter] = None,
    ) -> CursorResult[Any]:
        r"""Executes a SQL statement construct and returns a
        :class:`_engine.CursorResult`.
    
        :param statement: The statement to be executed.  This is always
         an object that is in both the :class:`_expression.ClauseElement` and
         :class:`_expression.Executable` hierarchies, including:
    
         * :class:`_expression.Select`
         * :class:`_expression.Insert`, :class:`_expression.Update`,
           :class:`_expression.Delete`
         * :class:`_expression.TextClause` and
           :class:`_expression.TextualSelect`
         * :class:`_schema.DDL` and objects which inherit from
           :class:`_schema.ExecutableDDLElement`
    
        :param parameters: parameters which will be bound into the statement.
         This may be either a dictionary of parameter names to values,
         or a mutable sequence (e.g. a list) of dictionaries.  When a
         list of dictionaries is passed, the underlying statement execution
         will make use of the DBAPI ``cursor.executemany()`` method.
         When a single dictionary is passed, the DBAPI ``cursor.execute()``
         method will be used.
    
        :param execution_options: optional dictionary of execution options,
         which will be associated with the statement execution.  This
         dictionary can provide a subset of the options that are accepted
         by :meth:`_engine.Connection.execution_options`.
    
        :return: a :class:`_engine.Result` object.
    
        """
        distilled_parameters = _distill_params_20(parameters)
        try:
            meth = statement._execute_on_connection
        except AttributeError as err:
            raise exc.ObjectNotExecutableError(statement) from err
        else:
>           return meth(
                self,
                distilled_parameters,
                execution_options or NO_OPTIONS,
            )

C:\Users\Dmitriy\AppData\Local\Programs\Python\Python312\Lib\site-packages\sqlalchemy\engine\base.py:1419: 
_ _ _ _ _ _ _ _ _ _ _ _ _ _ _ _ _ _ _ _ _ _ _ _ _ _ _ _ _ _ _ _ _ _ _ _ _ _ _ _

self = <sqlalchemy.sql.selectable.Select object at 0x0000024166416540>
connection = <sqlalchemy.engine.base.Connection object at 0x0000024166416630>
distilled_params = [{}]
execution_options = immutabledict({'prebuffer_rows': True, '_result_disable_adapt_to_context': True})

    def _execute_on_connection(
        self,
        connection: Connection,
        distilled_params: _CoreMultiExecuteParams,
        execution_options: CoreExecuteOptionsParameter,
    ) -> Result[Any]:
        if self.supports_execution:
            if TYPE_CHECKING:
                assert isinstance(self, Executable)
>           return connection._execute_clauseelement(
                self, distilled_params, execution_options
            )

C:\Users\Dmitriy\AppData\Local\Programs\Python\Python312\Lib\site-packages\sqlalchemy\sql\elements.py:527: 
_ _ _ _ _ _ _ _ _ _ _ _ _ _ _ _ _ _ _ _ _ _ _ _ _ _ _ _ _ _ _ _ _ _ _ _ _ _ _ _

self = <sqlalchemy.engine.base.Connection object at 0x0000024166416630>
elem = <sqlalchemy.sql.selectable.Select object at 0x0000024166416540>
distilled_parameters = [{}]
execution_options = immutabledict({'prebuffer_rows': True, '_result_disable_adapt_to_context': True})

    def _execute_clauseelement(
        self,
        elem: Executable,
        distilled_parameters: _CoreMultiExecuteParams,
        execution_options: CoreExecuteOptionsParameter,
    ) -> CursorResult[Any]:
        """Execute a sql.ClauseElement object."""
    
        execution_options = elem._execution_options.merge_with(
            self._execution_options, execution_options
        )
    
        has_events = self._has_events or self.engine._has_events
        if has_events:
            (
                elem,
                distilled_parameters,
                event_multiparams,
                event_params,
            ) = self._invoke_before_exec_event(
                elem, distilled_parameters, execution_options
            )
    
        if distilled_parameters:
            # ensure we don't retain a link to the view object for keys()
            # which links to the values, which we don't want to cache
            keys = sorted(distilled_parameters[0])
            for_executemany = len(distilled_parameters) > 1
        else:
            keys = []
            for_executemany = False
    
        dialect = self.dialect
    
        schema_translate_map = execution_options.get(
            "schema_translate_map", None
        )
    
        compiled_cache: Optional[CompiledCacheType] = execution_options.get(
            "compiled_cache", self.engine._compiled_cache
        )
    
        compiled_sql, extracted_params, cache_hit = elem._compile_w_cache(
            dialect=dialect,
            compiled_cache=compiled_cache,
            column_keys=keys,
            for_executemany=for_executemany,
            schema_translate_map=schema_translate_map,
            linting=self.dialect.compiler_linting | compiler.WARN_LINTING,
        )
>       ret = self._execute_context(
            dialect,
            dialect.execution_ctx_cls._init_compiled,
            compiled_sql,
            distilled_parameters,
            execution_options,
            compiled_sql,
            distilled_parameters,
            elem,
            extracted_params,
            cache_hit=cache_hit,
        )

C:\Users\Dmitriy\AppData\Local\Programs\Python\Python312\Lib\site-packages\sqlalchemy\engine\base.py:1641: 
_ _ _ _ _ _ _ _ _ _ _ _ _ _ _ _ _ _ _ _ _ _ _ _ _ _ _ _ _ _ _ _ _ _ _ _ _ _ _ _

self = <sqlalchemy.engine.base.Connection object at 0x0000024166416630>
dialect = <sqlalchemy.dialects.sqlite.aiosqlite.SQLiteDialect_aiosqlite object at 0x0000024165077FB0>
constructor = <bound method DefaultExecutionContext._init_compiled of <class 'sqlalchemy.dialects.sqlite.aiosqlite.SQLiteExecutionContext_aiosqlite'>>
statement = <sqlalchemy.dialects.sqlite.base.SQLiteCompiler object at 0x0000024166416330>
parameters = [{}]
execution_options = immutabledict({'prebuffer_rows': True, '_result_disable_adapt_to_context': True})
args = (<sqlalchemy.dialects.sqlite.base.SQLiteCompiler object at 0x0000024166416330>, [{}], <sqlalchemy.sql.selectable.Select object at 0x0000024166416540>, [BindParameter('%(2479911694800 telegram_id)s', 123456, type_=BigInteger())])
kw = {'cache_hit': <CacheStats.CACHE_MISS: 1>}, yp = None
conn = <sqlalchemy.pool.base._ConnectionFairy object at 0x000002416638C6B0>
context = <sqlalchemy.dialects.sqlite.aiosqlite.SQLiteExecutionContext_aiosqlite object at 0x00000241664177D0>

    def _execute_context(
        self,
        dialect: Dialect,
        constructor: Callable[..., ExecutionContext],
        statement: Union[str, Compiled],
        parameters: Optional[_AnyMultiExecuteParams],
        execution_options: _ExecuteOptions,
        *args: Any,
        **kw: Any,
    ) -> CursorResult[Any]:
        """Create an :class:`.ExecutionContext` and execute, returning
        a :class:`_engine.CursorResult`."""
    
        if execution_options:
            yp = execution_options.get("yield_per", None)
            if yp:
                execution_options = execution_options.union(
                    {"stream_results": True, "max_row_buffer": yp}
                )
        try:
            conn = self._dbapi_connection
            if conn is None:
                conn = self._revalidate_connection()
    
            context = constructor(
                dialect, self, conn, execution_options, *args, **kw
            )
        except (exc.PendingRollbackError, exc.ResourceClosedError):
            raise
        except BaseException as e:
            self._handle_dbapi_exception(
                e, str(statement), parameters, None, None
            )
    
        if (
            self._transaction
            and not self._transaction.is_active
            or (
                self._nested_transaction
                and not self._nested_transaction.is_active
            )
        ):
            self._invalid_transaction()
    
        elif self._trans_context_manager:
            TransactionalContext._trans_ctx_check(self)
    
        if self._transaction is None:
            self._autobegin()
    
        context.pre_exec()
    
        if context.execute_style is ExecuteStyle.INSERTMANYVALUES:
            return self._exec_insertmany_context(dialect, context)
        else:
>           return self._exec_single_context(
                dialect, context, statement, parameters
            )

C:\Users\Dmitriy\AppData\Local\Programs\Python\Python312\Lib\site-packages\sqlalchemy\engine\base.py:1846: 
_ _ _ _ _ _ _ _ _ _ _ _ _ _ _ _ _ _ _ _ _ _ _ _ _ _ _ _ _ _ _ _ _ _ _ _ _ _ _ _

self = <sqlalchemy.engine.base.Connection object at 0x0000024166416630>
dialect = <sqlalchemy.dialects.sqlite.aiosqlite.SQLiteDialect_aiosqlite object at 0x0000024165077FB0>
context = <sqlalchemy.dialects.sqlite.aiosqlite.SQLiteExecutionContext_aiosqlite object at 0x00000241664177D0>
statement = <sqlalchemy.dialects.sqlite.base.SQLiteCompiler object at 0x0000024166416330>
parameters = [(123456,)]

    def _exec_single_context(
        self,
        dialect: Dialect,
        context: ExecutionContext,
        statement: Union[str, Compiled],
        parameters: Optional[_AnyMultiExecuteParams],
    ) -> CursorResult[Any]:
        """continue the _execute_context() method for a single DBAPI
        cursor.execute() or cursor.executemany() call.
    
        """
        if dialect.bind_typing is BindTyping.SETINPUTSIZES:
            generic_setinputsizes = context._prepare_set_input_sizes()
    
            if generic_setinputsizes:
                try:
                    dialect.do_set_input_sizes(
                        context.cursor, generic_setinputsizes, context
                    )
                except BaseException as e:
                    self._handle_dbapi_exception(
                        e, str(statement), parameters, None, context
                    )
    
        cursor, str_statement, parameters = (
            context.cursor,
            context.statement,
            context.parameters,
        )
    
        effective_parameters: Optional[_AnyExecuteParams]
    
        if not context.executemany:
            effective_parameters = parameters[0]
        else:
            effective_parameters = parameters
    
        if self._has_events or self.engine._has_events:
            for fn in self.dispatch.before_cursor_execute:
                str_statement, effective_parameters = fn(
                    self,
                    cursor,
                    str_statement,
                    effective_parameters,
                    context,
                    context.executemany,
                )
    
        if self._echo:
            self._log_info(str_statement)
    
            stats = context._get_cache_stats()
    
            if not self.engine.hide_parameters:
                self._log_info(
                    "[%s] %r",
                    stats,
                    sql_util._repr_params(
                        effective_parameters,
                        batches=10,
                        ismulti=context.executemany,
                    ),
                )
            else:
                self._log_info(
                    "[%s] [SQL parameters hidden due to hide_parameters=True]",
                    stats,
                )
    
        evt_handled: bool = False
        try:
            if context.execute_style is ExecuteStyle.EXECUTEMANY:
                effective_parameters = cast(
                    "_CoreMultiExecuteParams", effective_parameters
                )
                if self.dialect._has_events:
                    for fn in self.dialect.dispatch.do_executemany:
                        if fn(
                            cursor,
                            str_statement,
                            effective_parameters,
                            context,
                        ):
                            evt_handled = True
                            break
                if not evt_handled:
                    self.dialect.do_executemany(
                        cursor,
                        str_statement,
                        effective_parameters,
                        context,
                    )
            elif not effective_parameters and context.no_parameters:
                if self.dialect._has_events:
                    for fn in self.dialect.dispatch.do_execute_no_params:
                        if fn(cursor, str_statement, context):
                            evt_handled = True
                            break
                if not evt_handled:
                    self.dialect.do_execute_no_params(
                        cursor, str_statement, context
                    )
            else:
                effective_parameters = cast(
                    "_CoreSingleExecuteParams", effective_parameters
                )
                if self.dialect._has_events:
                    for fn in self.dialect.dispatch.do_execute:
                        if fn(
                            cursor,
                            str_statement,
                            effective_parameters,
                            context,
                        ):
                            evt_handled = True
                            break
                if not evt_handled:
                    self.dialect.do_execute(
                        cursor, str_statement, effective_parameters, context
                    )
    
            if self._has_events or self.engine._has_events:
                self.dispatch.after_cursor_execute(
                    self,
                    cursor,
                    str_statement,
                    effective_parameters,
                    context,
                    context.executemany,
                )
    
            context.post_exec()
    
            result = context._setup_result_proxy()
    
        except BaseException as e:
>           self._handle_dbapi_exception(
                e, str_statement, effective_parameters, cursor, context
            )

C:\Users\Dmitriy\AppData\Local\Programs\Python\Python312\Lib\site-packages\sqlalchemy\engine\base.py:1986: 
_ _ _ _ _ _ _ _ _ _ _ _ _ _ _ _ _ _ _ _ _ _ _ _ _ _ _ _ _ _ _ _ _ _ _ _ _ _ _ _

self = <sqlalchemy.engine.base.Connection object at 0x0000024166416630>
e = OperationalError('no such table: users')
statement = 'SELECT users.id, users.telegram_id, users.username, users.first_name, users.last_name, users.display_name, users.is_premium, users.gender, users.created_at \nFROM users \nWHERE users.telegram_id = ?'
parameters = (123456,)
cursor = <sqlalchemy.dialects.sqlite.aiosqlite.AsyncAdapt_aiosqlite_cursor object at 0x00000241662FEF20>
context = <sqlalchemy.dialects.sqlite.aiosqlite.SQLiteExecutionContext_aiosqlite object at 0x00000241664177D0>
is_sub_exec = False

    def _handle_dbapi_exception(
        self,
        e: BaseException,
        statement: Optional[str],
        parameters: Optional[_AnyExecuteParams],
        cursor: Optional[DBAPICursor],
        context: Optional[ExecutionContext],
        is_sub_exec: bool = False,
    ) -> NoReturn:
        exc_info = sys.exc_info()
    
        is_exit_exception = util.is_exit_exception(e)
    
        if not self._is_disconnect:
            self._is_disconnect = (
                isinstance(e, self.dialect.loaded_dbapi.Error)
                and not self.closed
                and self.dialect.is_disconnect(
                    e,
                    self._dbapi_connection if not self.invalidated else None,
                    cursor,
                )
            ) or (is_exit_exception and not self.closed)
    
        invalidate_pool_on_disconnect = not is_exit_exception
    
        ismulti: bool = (
            not is_sub_exec and context.executemany
            if context is not None
            else False
        )
        if self._reentrant_error:
            raise exc.DBAPIError.instance(
                statement,
                parameters,
                e,
                self.dialect.loaded_dbapi.Error,
                hide_parameters=self.engine.hide_parameters,
                dialect=self.dialect,
                ismulti=ismulti,
            ).with_traceback(exc_info[2]) from e
        self._reentrant_error = True
        try:
            # non-DBAPI error - if we already got a context,
            # or there's no string statement, don't wrap it
            should_wrap = isinstance(e, self.dialect.loaded_dbapi.Error) or (
                statement is not None
                and context is None
                and not is_exit_exception
            )
    
            if should_wrap:
                sqlalchemy_exception = exc.DBAPIError.instance(
                    statement,
                    parameters,
                    cast(Exception, e),
                    self.dialect.loaded_dbapi.Error,
                    hide_parameters=self.engine.hide_parameters,
                    connection_invalidated=self._is_disconnect,
                    dialect=self.dialect,
                    ismulti=ismulti,
                )
            else:
                sqlalchemy_exception = None
    
            newraise = None
    
            if (self.dialect._has_events) and not self._execution_options.get(
                "skip_user_error_events", False
            ):
                ctx = ExceptionContextImpl(
                    e,
                    sqlalchemy_exception,
                    self.engine,
                    self.dialect,
                    self,
                    cursor,
                    statement,
                    parameters,
                    context,
                    self._is_disconnect,
                    invalidate_pool_on_disconnect,
                    False,
                )
    
                for fn in self.dialect.dispatch.handle_error:
                    try:
                        # handler returns an exception;
                        # call next handler in a chain
                        per_fn = fn(ctx)
                        if per_fn is not None:
                            ctx.chained_exception = newraise = per_fn
                    except Exception as _raised:
                        # handler raises an exception - stop processing
                        newraise = _raised
                        break
    
                if self._is_disconnect != ctx.is_disconnect:
                    self._is_disconnect = ctx.is_disconnect
                    if sqlalchemy_exception:
                        sqlalchemy_exception.connection_invalidated = (
                            ctx.is_disconnect
                        )
    
                # set up potentially user-defined value for
                # invalidate pool.
                invalidate_pool_on_disconnect = (
                    ctx.invalidate_pool_on_disconnect
                )
    
            if should_wrap and context:
                context.handle_dbapi_exception(e)
    
            if not self._is_disconnect:
                if cursor:
                    self._safe_close_cursor(cursor)
                # "autorollback" was mostly relevant in 1.x series.
                # It's very unlikely to reach here, as the connection
                # does autobegin so when we are here, we are usually
                # in an explicit / semi-explicit transaction.
                # however we have a test which manufactures this
                # scenario in any case using an event handler.
                # test/engine/test_execute.py-> test_actual_autorollback
                if not self.in_transaction():
                    self._rollback_impl()
    
            if newraise:
                raise newraise.with_traceback(exc_info[2]) from e
            elif should_wrap:
                assert sqlalchemy_exception is not None
>               raise sqlalchemy_exception.with_traceback(exc_info[2]) from e

C:\Users\Dmitriy\AppData\Local\Programs\Python\Python312\Lib\site-packages\sqlalchemy\engine\base.py:2363: 
_ _ _ _ _ _ _ _ _ _ _ _ _ _ _ _ _ _ _ _ _ _ _ _ _ _ _ _ _ _ _ _ _ _ _ _ _ _ _ _

self = <sqlalchemy.engine.base.Connection object at 0x0000024166416630>
dialect = <sqlalchemy.dialects.sqlite.aiosqlite.SQLiteDialect_aiosqlite object at 0x0000024165077FB0>
context = <sqlalchemy.dialects.sqlite.aiosqlite.SQLiteExecutionContext_aiosqlite object at 0x00000241664177D0>
statement = <sqlalchemy.dialects.sqlite.base.SQLiteCompiler object at 0x0000024166416330>
parameters = [(123456,)]

    def _exec_single_context(
        self,
        dialect: Dialect,
        context: ExecutionContext,
        statement: Union[str, Compiled],
        parameters: Optional[_AnyMultiExecuteParams],
    ) -> CursorResult[Any]:
        """continue the _execute_context() method for a single DBAPI
        cursor.execute() or cursor.executemany() call.
    
        """
        if dialect.bind_typing is BindTyping.SETINPUTSIZES:
            generic_setinputsizes = context._prepare_set_input_sizes()
    
            if generic_setinputsizes:
                try:
                    dialect.do_set_input_sizes(
                        context.cursor, generic_setinputsizes, context
                    )
                except BaseException as e:
                    self._handle_dbapi_exception(
                        e, str(statement), parameters, None, context
                    )
    
        cursor, str_statement, parameters = (
            context.cursor,
            context.statement,
            context.parameters,
        )
    
        effective_parameters: Optional[_AnyExecuteParams]
    
        if not context.executemany:
            effective_parameters = parameters[0]
        else:
            effective_parameters = parameters
    
        if self._has_events or self.engine._has_events:
            for fn in self.dispatch.before_cursor_execute:
                str_statement, effective_parameters = fn(
                    self,
                    cursor,
                    str_statement,
                    effective_parameters,
                    context,
                    context.executemany,
                )
    
        if self._echo:
            self._log_info(str_statement)
    
            stats = context._get_cache_stats()
    
            if not self.engine.hide_parameters:
                self._log_info(
                    "[%s] %r",
                    stats,
                    sql_util._repr_params(
                        effective_parameters,
                        batches=10,
                        ismulti=context.executemany,
                    ),
                )
            else:
                self._log_info(
                    "[%s] [SQL parameters hidden due to hide_parameters=True]",
                    stats,
                )
    
        evt_handled: bool = False
        try:
            if context.execute_style is ExecuteStyle.EXECUTEMANY:
                effective_parameters = cast(
                    "_CoreMultiExecuteParams", effective_parameters
                )
                if self.dialect._has_events:
                    for fn in self.dialect.dispatch.do_executemany:
                        if fn(
                            cursor,
                            str_statement,
                            effective_parameters,
                            context,
                        ):
                            evt_handled = True
                            break
                if not evt_handled:
                    self.dialect.do_executemany(
                        cursor,
                        str_statement,
                        effective_parameters,
                        context,
                    )
            elif not effective_parameters and context.no_parameters:
                if self.dialect._has_events:
                    for fn in self.dialect.dispatch.do_execute_no_params:
                        if fn(cursor, str_statement, context):
                            evt_handled = True
                            break
                if not evt_handled:
                    self.dialect.do_execute_no_params(
                        cursor, str_statement, context
                    )
            else:
                effective_parameters = cast(
                    "_CoreSingleExecuteParams", effective_parameters
                )
                if self.dialect._has_events:
                    for fn in self.dialect.dispatch.do_execute:
                        if fn(
                            cursor,
                            str_statement,
                            effective_parameters,
                            context,
                        ):
                            evt_handled = True
                            break
                if not evt_handled:
>                   self.dialect.do_execute(
                        cursor, str_statement, effective_parameters, context
                    )

C:\Users\Dmitriy\AppData\Local\Programs\Python\Python312\Lib\site-packages\sqlalchemy\engine\base.py:1967: 
_ _ _ _ _ _ _ _ _ _ _ _ _ _ _ _ _ _ _ _ _ _ _ _ _ _ _ _ _ _ _ _ _ _ _ _ _ _ _ _

self = <sqlalchemy.dialects.sqlite.aiosqlite.SQLiteDialect_aiosqlite object at 0x0000024165077FB0>
cursor = <sqlalchemy.dialects.sqlite.aiosqlite.AsyncAdapt_aiosqlite_cursor object at 0x00000241662FEF20>
statement = 'SELECT users.id, users.telegram_id, users.username, users.first_name, users.last_name, users.display_name, users.is_premium, users.gender, users.created_at \nFROM users \nWHERE users.telegram_id = ?'
parameters = (123456,)
context = <sqlalchemy.dialects.sqlite.aiosqlite.SQLiteExecutionContext_aiosqlite object at 0x00000241664177D0>

    def do_execute(self, cursor, statement, parameters, context=None):
>       cursor.execute(statement, parameters)

C:\Users\Dmitriy\AppData\Local\Programs\Python\Python312\Lib\site-packages\sqlalchemy\engine\default.py:952: 
_ _ _ _ _ _ _ _ _ _ _ _ _ _ _ _ _ _ _ _ _ _ _ _ _ _ _ _ _ _ _ _ _ _ _ _ _ _ _ _

self = <sqlalchemy.dialects.sqlite.aiosqlite.AsyncAdapt_aiosqlite_cursor object at 0x00000241662FEF20>
operation = 'SELECT users.id, users.telegram_id, users.username, users.first_name, users.last_name, users.display_name, users.is_premium, users.gender, users.created_at \nFROM users \nWHERE users.telegram_id = ?'
parameters = (123456,)

    def execute(
        self,
        operation: Any,
        parameters: Optional[_DBAPISingleExecuteParams] = None,
    ) -> Any:
    
        try:
            _cursor: AsyncIODBAPICursor = self.await_(self._connection.cursor())  # type: ignore[arg-type] # noqa: E501
    
            if parameters is None:
                self.await_(_cursor.execute(operation))
            else:
                self.await_(_cursor.execute(operation, parameters))
    
            if _cursor.description:
                self.description = _cursor.description
                self.lastrowid = self.rowcount = -1
    
                if not self.server_side:
                    self._rows = deque(self.await_(_cursor.fetchall()))
            else:
                self.description = None
                self.lastrowid = _cursor.lastrowid
                self.rowcount = _cursor.rowcount
    
            if not self.server_side:
                self.await_(_cursor.close())
            else:
                self._cursor = _cursor  # type: ignore[misc]
        except Exception as error:
>           self._adapt_connection._handle_exception(error)

C:\Users\Dmitriy\AppData\Local\Programs\Python\Python312\Lib\site-packages\sqlalchemy\dialects\sqlite\aiosqlite.py:182: 
_ _ _ _ _ _ _ _ _ _ _ _ _ _ _ _ _ _ _ _ _ _ _ _ _ _ _ _ _ _ _ _ _ _ _ _ _ _ _ _

self = <AdaptedConnection <aiosqlite.core.Connection object at 0x0000024166416D80>>
error = OperationalError('no such table: users')

    def _handle_exception(self, error: Exception) -> NoReturn:
        if (
            isinstance(error, ValueError)
            and error.args[0] == "no active connection"
        ):
            raise self.dbapi.sqlite.OperationalError(
                "no active connection"
            ) from error
        else:
>           raise error

C:\Users\Dmitriy\AppData\Local\Programs\Python\Python312\Lib\site-packages\sqlalchemy\dialects\sqlite\aiosqlite.py:342: 
_ _ _ _ _ _ _ _ _ _ _ _ _ _ _ _ _ _ _ _ _ _ _ _ _ _ _ _ _ _ _ _ _ _ _ _ _ _ _ _

self = <sqlalchemy.dialects.sqlite.aiosqlite.AsyncAdapt_aiosqlite_cursor object at 0x00000241662FEF20>
operation = 'SELECT users.id, users.telegram_id, users.username, users.first_name, users.last_name, users.display_name, users.is_premium, users.gender, users.created_at \nFROM users \nWHERE users.telegram_id = ?'
parameters = (123456,)

    def execute(
        self,
        operation: Any,
        parameters: Optional[_DBAPISingleExecuteParams] = None,
    ) -> Any:
    
        try:
            _cursor: AsyncIODBAPICursor = self.await_(self._connection.cursor())  # type: ignore[arg-type] # noqa: E501
    
            if parameters is None:
                self.await_(_cursor.execute(operation))
            else:
>               self.await_(_cursor.execute(operation, parameters))

C:\Users\Dmitriy\AppData\Local\Programs\Python\Python312\Lib\site-packages\sqlalchemy\dialects\sqlite\aiosqlite.py:164: 
_ _ _ _ _ _ _ _ _ _ _ _ _ _ _ _ _ _ _ _ _ _ _ _ _ _ _ _ _ _ _ _ _ _ _ _ _ _ _ _

awaitable = <coroutine object Cursor.execute at 0x0000024166558580>

    def await_only(awaitable: Awaitable[_T]) -> _T:
        """Awaits an async function in a sync method.
    
        The sync method must be inside a :func:`greenlet_spawn` context.
        :func:`await_only` calls cannot be nested.
    
        :param awaitable: The coroutine to call.
    
        """
        # this is called in the context greenlet while running fn
        current = getcurrent()
        if not getattr(current, "__sqlalchemy_greenlet_provider__", False):
            _safe_cancel_awaitable(awaitable)
    
            raise exc.MissingGreenlet(
                "greenlet_spawn has not been called; can't call await_only() "
                "here. Was IO attempted in an unexpected place?"
            )
    
        # returns the control to the driver greenlet passing it
        # a coroutine to run. Once the awaitable is done, the driver greenlet
        # switches back to this greenlet with the result of awaitable that is
        # then returned to the caller (or raised as error)
>       return current.parent.switch(awaitable)  # type: ignore[no-any-return,attr-defined] # noqa: E501
               ^^^^^^^^^^^^^^^^^^^^^^^^^^^^^^^^

C:\Users\Dmitriy\AppData\Local\Programs\Python\Python312\Lib\site-packages\sqlalchemy\util\_concurrency_py3k.py:132: 
_ _ _ _ _ _ _ _ _ _ _ _ _ _ _ _ _ _ _ _ _ _ _ _ _ _ _ _ _ _ _ _ _ _ _ _ _ _ _ _

fn = <bound method Session.execute of <sqlalchemy.orm.session.Session object at 0x0000024166417050>>
_require_await = False
args = (<sqlalchemy.sql.selectable.Select object at 0x0000024166416540>,)
kwargs = {'bind_arguments': None, 'execution_options': immutabledict({'prebuffer_rows': True}), 'params': None}
context = <_AsyncIoGreenlet object at 0x0000024164F1BA00 (otid=0x0000024164FE5D70) dead>
switch_occurred = True
result = <coroutine object Cursor.execute at 0x0000024166558580>
value = <aiosqlite.cursor.Cursor object at 0x0000024166417500>

    async def greenlet_spawn(
        fn: Callable[..., _T],
        *args: Any,
        _require_await: bool = False,
        **kwargs: Any,
    ) -> _T:
        """Runs a sync function ``fn`` in a new greenlet.
    
        The sync function can then use :func:`await_only` to wait for async
        functions.
    
        :param fn: The sync callable to call.
        :param \\*args: Positional arguments to pass to the ``fn`` callable.
        :param \\*\\*kwargs: Keyword arguments to pass to the ``fn`` callable.
        """
    
        result: Any
        context = _AsyncIoGreenlet(fn, getcurrent())
        # runs the function synchronously in gl greenlet. If the execution
        # is interrupted by await_only, context is not dead and result is a
        # coroutine to wait. If the context is dead the function has
        # returned, and its result can be returned.
        switch_occurred = False
        result = context.switch(*args, **kwargs)
        while not context.dead:
            switch_occurred = True
            try:
                # wait for a coroutine from await_only and then return its
                # result back to it.
>               value = await result
                        ^^^^^^^^^^^^

C:\Users\Dmitriy\AppData\Local\Programs\Python\Python312\Lib\site-packages\sqlalchemy\util\_concurrency_py3k.py:196: 
_ _ _ _ _ _ _ _ _ _ _ _ _ _ _ _ _ _ _ _ _ _ _ _ _ _ _ _ _ _ _ _ _ _ _ _ _ _ _ _

self = <aiosqlite.cursor.Cursor object at 0x0000024166417500>
sql = 'SELECT users.id, users.telegram_id, users.username, users.first_name, users.last_name, users.display_name, users.is_premium, users.gender, users.created_at \nFROM users \nWHERE users.telegram_id = ?'
parameters = (123456,)

    async def execute(
        self, sql: str, parameters: Optional[Iterable[Any]] = None
    ) -> "Cursor":
        """Execute the given query."""
        if parameters is None:
            parameters = []
>       await self._execute(self._cursor.execute, sql, parameters)

C:\Users\Dmitriy\AppData\Local\Programs\Python\Python312\Lib\site-packages\aiosqlite\cursor.py:40: 
_ _ _ _ _ _ _ _ _ _ _ _ _ _ _ _ _ _ _ _ _ _ _ _ _ _ _ _ _ _ _ _ _ _ _ _ _ _ _ _

self = <aiosqlite.cursor.Cursor object at 0x0000024166417500>
fn = <built-in method execute of sqlite3.Cursor object at 0x0000024166435840>
args = ('SELECT users.id, users.telegram_id, users.username, users.first_name, users.last_name, users.display_name, users.is_premium, users.gender, users.created_at \nFROM users \nWHERE users.telegram_id = ?', (123456,))
kwargs = {}

    async def _execute(self, fn, *args, **kwargs):
        """Execute the given function on the shared connection's thread."""
>       return await self._conn._execute(fn, *args, **kwargs)
               ^^^^^^^^^^^^^^^^^^^^^^^^^^^^^^^^^^^^^^^^^^^^^^

C:\Users\Dmitriy\AppData\Local\Programs\Python\Python312\Lib\site-packages\aiosqlite\cursor.py:32: 
_ _ _ _ _ _ _ _ _ _ _ _ _ _ _ _ _ _ _ _ _ _ _ _ _ _ _ _ _ _ _ _ _ _ _ _ _ _ _ _

self = <aiosqlite.core.Connection object at 0x0000024166416D80>
fn = <built-in method execute of sqlite3.Cursor object at 0x0000024166435840>
args = ('SELECT users.id, users.telegram_id, users.username, users.first_name, users.last_name, users.display_name, users.is_premium, users.gender, users.created_at \nFROM users \nWHERE users.telegram_id = ?', (123456,))
kwargs = {}
function = functools.partial(<built-in method execute of sqlite3.Cursor object at 0x0000024166435840>, 'SELECT users.id, users.te....display_name, users.is_premium, users.gender, users.created_at \nFROM users \nWHERE users.telegram_id = ?', (123456,))
future = <Future finished exception=OperationalError('no such table: users')>

    async def _execute(self, fn, *args, **kwargs):
        """Queue a function with the given arguments for execution."""
        if not self._running or not self._connection:
            raise ValueError("Connection closed")
    
        function = partial(fn, *args, **kwargs)
        future = asyncio.get_event_loop().create_future()
    
        self._tx.put_nowait((future, function))
    
>       return await future
               ^^^^^^^^^^^^

C:\Users\Dmitriy\AppData\Local\Programs\Python\Python312\Lib\site-packages\aiosqlite\core.py:160: 
_ _ _ _ _ _ _ _ _ _ _ _ _ _ _ _ _ _ _ _ _ _ _ _ _ _ _ _ _ _ _ _ _ _ _ _ _ _ _ _

tx = <_queue.SimpleQueue object at 0x0000024166440770>

    def _connection_worker_thread(tx: _TxQueue):
        """
        Execute function calls on a separate thread.
    
        :meta private:
        """
        while True:
            # Continues running until all queue items are processed,
            # even after connection is closed (so we can finalize all
            # futures)
    
            future, function = tx.get()
    
            try:
                LOG.debug("executing %s", function)
>               result = function()
                         ^^^^^^^^^^
E               sqlalchemy.exc.OperationalError: (sqlite3.OperationalError) no such table: users
E               [SQL: SELECT users.id, users.telegram_id, users.username, users.first_name, users.last_name, users.display_name, users.is_premium, users.gender, users.created_at 
E               FROM users 
E               WHERE users.telegram_id = ?]
E               [parameters: (123456,)]
E               (Background on this error at: https://sqlalche.me/e/20/e3q8)

C:\Users\Dmitriy\AppData\Local\Programs\Python\Python312\Lib\site-packages\aiosqlite\core.py:63: OperationalError
_____________________ TestGroupService.test_create_group ______________________

self = <sqlalchemy.engine.base.Connection object at 0x0000024166585640>
dialect = <sqlalchemy.dialects.sqlite.aiosqlite.SQLiteDialect_aiosqlite object at 0x0000024165077FB0>
context = <sqlalchemy.dialects.sqlite.aiosqlite.SQLiteExecutionContext_aiosqlite object at 0x0000024166587A70>
statement = <sqlalchemy.dialects.sqlite.base.SQLiteCompiler object at 0x0000024166416330>
parameters = [(222222,)]

    def _exec_single_context(
        self,
        dialect: Dialect,
        context: ExecutionContext,
        statement: Union[str, Compiled],
        parameters: Optional[_AnyMultiExecuteParams],
    ) -> CursorResult[Any]:
        """continue the _execute_context() method for a single DBAPI
        cursor.execute() or cursor.executemany() call.
    
        """
        if dialect.bind_typing is BindTyping.SETINPUTSIZES:
            generic_setinputsizes = context._prepare_set_input_sizes()
    
            if generic_setinputsizes:
                try:
                    dialect.do_set_input_sizes(
                        context.cursor, generic_setinputsizes, context
                    )
                except BaseException as e:
                    self._handle_dbapi_exception(
                        e, str(statement), parameters, None, context
                    )
    
        cursor, str_statement, parameters = (
            context.cursor,
            context.statement,
            context.parameters,
        )
    
        effective_parameters: Optional[_AnyExecuteParams]
    
        if not context.executemany:
            effective_parameters = parameters[0]
        else:
            effective_parameters = parameters
    
        if self._has_events or self.engine._has_events:
            for fn in self.dispatch.before_cursor_execute:
                str_statement, effective_parameters = fn(
                    self,
                    cursor,
                    str_statement,
                    effective_parameters,
                    context,
                    context.executemany,
                )
    
        if self._echo:
            self._log_info(str_statement)
    
            stats = context._get_cache_stats()
    
            if not self.engine.hide_parameters:
                self._log_info(
                    "[%s] %r",
                    stats,
                    sql_util._repr_params(
                        effective_parameters,
                        batches=10,
                        ismulti=context.executemany,
                    ),
                )
            else:
                self._log_info(
                    "[%s] [SQL parameters hidden due to hide_parameters=True]",
                    stats,
                )
    
        evt_handled: bool = False
        try:
            if context.execute_style is ExecuteStyle.EXECUTEMANY:
                effective_parameters = cast(
                    "_CoreMultiExecuteParams", effective_parameters
                )
                if self.dialect._has_events:
                    for fn in self.dialect.dispatch.do_executemany:
                        if fn(
                            cursor,
                            str_statement,
                            effective_parameters,
                            context,
                        ):
                            evt_handled = True
                            break
                if not evt_handled:
                    self.dialect.do_executemany(
                        cursor,
                        str_statement,
                        effective_parameters,
                        context,
                    )
            elif not effective_parameters and context.no_parameters:
                if self.dialect._has_events:
                    for fn in self.dialect.dispatch.do_execute_no_params:
                        if fn(cursor, str_statement, context):
                            evt_handled = True
                            break
                if not evt_handled:
                    self.dialect.do_execute_no_params(
                        cursor, str_statement, context
                    )
            else:
                effective_parameters = cast(
                    "_CoreSingleExecuteParams", effective_parameters
                )
                if self.dialect._has_events:
                    for fn in self.dialect.dispatch.do_execute:
                        if fn(
                            cursor,
                            str_statement,
                            effective_parameters,
                            context,
                        ):
                            evt_handled = True
                            break
                if not evt_handled:
>                   self.dialect.do_execute(
                        cursor, str_statement, effective_parameters, context
                    )

C:\Users\Dmitriy\AppData\Local\Programs\Python\Python312\Lib\site-packages\sqlalchemy\engine\base.py:1967: 
_ _ _ _ _ _ _ _ _ _ _ _ _ _ _ _ _ _ _ _ _ _ _ _ _ _ _ _ _ _ _ _ _ _ _ _ _ _ _ _

self = <sqlalchemy.dialects.sqlite.aiosqlite.SQLiteDialect_aiosqlite object at 0x0000024165077FB0>
cursor = <sqlalchemy.dialects.sqlite.aiosqlite.AsyncAdapt_aiosqlite_cursor object at 0x00000241681A3340>
statement = 'SELECT users.id, users.telegram_id, users.username, users.first_name, users.last_name, users.display_name, users.is_premium, users.gender, users.created_at \nFROM users \nWHERE users.telegram_id = ?'
parameters = (222222,)
context = <sqlalchemy.dialects.sqlite.aiosqlite.SQLiteExecutionContext_aiosqlite object at 0x0000024166587A70>

    def do_execute(self, cursor, statement, parameters, context=None):
>       cursor.execute(statement, parameters)

C:\Users\Dmitriy\AppData\Local\Programs\Python\Python312\Lib\site-packages\sqlalchemy\engine\default.py:952: 
_ _ _ _ _ _ _ _ _ _ _ _ _ _ _ _ _ _ _ _ _ _ _ _ _ _ _ _ _ _ _ _ _ _ _ _ _ _ _ _

self = <sqlalchemy.dialects.sqlite.aiosqlite.AsyncAdapt_aiosqlite_cursor object at 0x00000241681A3340>
operation = 'SELECT users.id, users.telegram_id, users.username, users.first_name, users.last_name, users.display_name, users.is_premium, users.gender, users.created_at \nFROM users \nWHERE users.telegram_id = ?'
parameters = (222222,)

    def execute(
        self,
        operation: Any,
        parameters: Optional[_DBAPISingleExecuteParams] = None,
    ) -> Any:
    
        try:
            _cursor: AsyncIODBAPICursor = self.await_(self._connection.cursor())  # type: ignore[arg-type] # noqa: E501
    
            if parameters is None:
                self.await_(_cursor.execute(operation))
            else:
                self.await_(_cursor.execute(operation, parameters))
    
            if _cursor.description:
                self.description = _cursor.description
                self.lastrowid = self.rowcount = -1
    
                if not self.server_side:
                    self._rows = deque(self.await_(_cursor.fetchall()))
            else:
                self.description = None
                self.lastrowid = _cursor.lastrowid
                self.rowcount = _cursor.rowcount
    
            if not self.server_side:
                self.await_(_cursor.close())
            else:
                self._cursor = _cursor  # type: ignore[misc]
        except Exception as error:
>           self._adapt_connection._handle_exception(error)

C:\Users\Dmitriy\AppData\Local\Programs\Python\Python312\Lib\site-packages\sqlalchemy\dialects\sqlite\aiosqlite.py:182: 
_ _ _ _ _ _ _ _ _ _ _ _ _ _ _ _ _ _ _ _ _ _ _ _ _ _ _ _ _ _ _ _ _ _ _ _ _ _ _ _

self = <AdaptedConnection <aiosqlite.core.Connection object at 0x0000024166416D80>>
error = OperationalError('no such table: users')

    def _handle_exception(self, error: Exception) -> NoReturn:
        if (
            isinstance(error, ValueError)
            and error.args[0] == "no active connection"
        ):
            raise self.dbapi.sqlite.OperationalError(
                "no active connection"
            ) from error
        else:
>           raise error

C:\Users\Dmitriy\AppData\Local\Programs\Python\Python312\Lib\site-packages\sqlalchemy\dialects\sqlite\aiosqlite.py:342: 
_ _ _ _ _ _ _ _ _ _ _ _ _ _ _ _ _ _ _ _ _ _ _ _ _ _ _ _ _ _ _ _ _ _ _ _ _ _ _ _

self = <sqlalchemy.dialects.sqlite.aiosqlite.AsyncAdapt_aiosqlite_cursor object at 0x00000241681A3340>
operation = 'SELECT users.id, users.telegram_id, users.username, users.first_name, users.last_name, users.display_name, users.is_premium, users.gender, users.created_at \nFROM users \nWHERE users.telegram_id = ?'
parameters = (222222,)

    def execute(
        self,
        operation: Any,
        parameters: Optional[_DBAPISingleExecuteParams] = None,
    ) -> Any:
    
        try:
            _cursor: AsyncIODBAPICursor = self.await_(self._connection.cursor())  # type: ignore[arg-type] # noqa: E501
    
            if parameters is None:
                self.await_(_cursor.execute(operation))
            else:
>               self.await_(_cursor.execute(operation, parameters))

C:\Users\Dmitriy\AppData\Local\Programs\Python\Python312\Lib\site-packages\sqlalchemy\dialects\sqlite\aiosqlite.py:164: 
_ _ _ _ _ _ _ _ _ _ _ _ _ _ _ _ _ _ _ _ _ _ _ _ _ _ _ _ _ _ _ _ _ _ _ _ _ _ _ _

awaitable = <coroutine object Cursor.execute at 0x0000024166559E00>

    def await_only(awaitable: Awaitable[_T]) -> _T:
        """Awaits an async function in a sync method.
    
        The sync method must be inside a :func:`greenlet_spawn` context.
        :func:`await_only` calls cannot be nested.
    
        :param awaitable: The coroutine to call.
    
        """
        # this is called in the context greenlet while running fn
        current = getcurrent()
        if not getattr(current, "__sqlalchemy_greenlet_provider__", False):
            _safe_cancel_awaitable(awaitable)
    
            raise exc.MissingGreenlet(
                "greenlet_spawn has not been called; can't call await_only() "
                "here. Was IO attempted in an unexpected place?"
            )
    
        # returns the control to the driver greenlet passing it
        # a coroutine to run. Once the awaitable is done, the driver greenlet
        # switches back to this greenlet with the result of awaitable that is
        # then returned to the caller (or raised as error)
>       return current.parent.switch(awaitable)  # type: ignore[no-any-return,attr-defined] # noqa: E501
               ^^^^^^^^^^^^^^^^^^^^^^^^^^^^^^^^

C:\Users\Dmitriy\AppData\Local\Programs\Python\Python312\Lib\site-packages\sqlalchemy\util\_concurrency_py3k.py:132: 
_ _ _ _ _ _ _ _ _ _ _ _ _ _ _ _ _ _ _ _ _ _ _ _ _ _ _ _ _ _ _ _ _ _ _ _ _ _ _ _

fn = <bound method Session.execute of <sqlalchemy.orm.session.Session object at 0x0000024166585790>>
_require_await = False
args = (<sqlalchemy.sql.selectable.Select object at 0x0000024166587AA0>,)
kwargs = {'bind_arguments': None, 'execution_options': immutabledict({'prebuffer_rows': True}), 'params': None}
context = <_AsyncIoGreenlet object at 0x0000024168A1AA00 (otid=0x0000024164FE5D70) dead>
switch_occurred = True
result = <coroutine object Cursor.execute at 0x0000024166559E00>
value = <aiosqlite.cursor.Cursor object at 0x0000024166585100>

    async def greenlet_spawn(
        fn: Callable[..., _T],
        *args: Any,
        _require_await: bool = False,
        **kwargs: Any,
    ) -> _T:
        """Runs a sync function ``fn`` in a new greenlet.
    
        The sync function can then use :func:`await_only` to wait for async
        functions.
    
        :param fn: The sync callable to call.
        :param \\*args: Positional arguments to pass to the ``fn`` callable.
        :param \\*\\*kwargs: Keyword arguments to pass to the ``fn`` callable.
        """
    
        result: Any
        context = _AsyncIoGreenlet(fn, getcurrent())
        # runs the function synchronously in gl greenlet. If the execution
        # is interrupted by await_only, context is not dead and result is a
        # coroutine to wait. If the context is dead the function has
        # returned, and its result can be returned.
        switch_occurred = False
        result = context.switch(*args, **kwargs)
        while not context.dead:
            switch_occurred = True
            try:
                # wait for a coroutine from await_only and then return its
                # result back to it.
>               value = await result
                        ^^^^^^^^^^^^

C:\Users\Dmitriy\AppData\Local\Programs\Python\Python312\Lib\site-packages\sqlalchemy\util\_concurrency_py3k.py:196: 
_ _ _ _ _ _ _ _ _ _ _ _ _ _ _ _ _ _ _ _ _ _ _ _ _ _ _ _ _ _ _ _ _ _ _ _ _ _ _ _

self = <aiosqlite.cursor.Cursor object at 0x0000024166585100>
sql = 'SELECT users.id, users.telegram_id, users.username, users.first_name, users.last_name, users.display_name, users.is_premium, users.gender, users.created_at \nFROM users \nWHERE users.telegram_id = ?'
parameters = (222222,)

    async def execute(
        self, sql: str, parameters: Optional[Iterable[Any]] = None
    ) -> "Cursor":
        """Execute the given query."""
        if parameters is None:
            parameters = []
>       await self._execute(self._cursor.execute, sql, parameters)

C:\Users\Dmitriy\AppData\Local\Programs\Python\Python312\Lib\site-packages\aiosqlite\cursor.py:40: 
_ _ _ _ _ _ _ _ _ _ _ _ _ _ _ _ _ _ _ _ _ _ _ _ _ _ _ _ _ _ _ _ _ _ _ _ _ _ _ _

self = <aiosqlite.cursor.Cursor object at 0x0000024166585100>
fn = <built-in method execute of sqlite3.Cursor object at 0x000002416874A140>
args = ('SELECT users.id, users.telegram_id, users.username, users.first_name, users.last_name, users.display_name, users.is_premium, users.gender, users.created_at \nFROM users \nWHERE users.telegram_id = ?', (222222,))
kwargs = {}

    async def _execute(self, fn, *args, **kwargs):
        """Execute the given function on the shared connection's thread."""
>       return await self._conn._execute(fn, *args, **kwargs)
               ^^^^^^^^^^^^^^^^^^^^^^^^^^^^^^^^^^^^^^^^^^^^^^

C:\Users\Dmitriy\AppData\Local\Programs\Python\Python312\Lib\site-packages\aiosqlite\cursor.py:32: 
_ _ _ _ _ _ _ _ _ _ _ _ _ _ _ _ _ _ _ _ _ _ _ _ _ _ _ _ _ _ _ _ _ _ _ _ _ _ _ _

self = <aiosqlite.core.Connection object at 0x0000024166416D80>
fn = <built-in method execute of sqlite3.Cursor object at 0x000002416874A140>
args = ('SELECT users.id, users.telegram_id, users.username, users.first_name, users.last_name, users.display_name, users.is_premium, users.gender, users.created_at \nFROM users \nWHERE users.telegram_id = ?', (222222,))
kwargs = {}
function = functools.partial(<built-in method execute of sqlite3.Cursor object at 0x000002416874A140>, 'SELECT users.id, users.te....display_name, users.is_premium, users.gender, users.created_at \nFROM users \nWHERE users.telegram_id = ?', (222222,))
future = <Future finished exception=OperationalError('no such table: users')>

    async def _execute(self, fn, *args, **kwargs):
        """Queue a function with the given arguments for execution."""
        if not self._running or not self._connection:
            raise ValueError("Connection closed")
    
        function = partial(fn, *args, **kwargs)
        future = asyncio.get_event_loop().create_future()
    
        self._tx.put_nowait((future, function))
    
>       return await future
               ^^^^^^^^^^^^

C:\Users\Dmitriy\AppData\Local\Programs\Python\Python312\Lib\site-packages\aiosqlite\core.py:160: 
_ _ _ _ _ _ _ _ _ _ _ _ _ _ _ _ _ _ _ _ _ _ _ _ _ _ _ _ _ _ _ _ _ _ _ _ _ _ _ _

tx = <_queue.SimpleQueue object at 0x0000024166440770>

    def _connection_worker_thread(tx: _TxQueue):
        """
        Execute function calls on a separate thread.
    
        :meta private:
        """
        while True:
            # Continues running until all queue items are processed,
            # even after connection is closed (so we can finalize all
            # futures)
    
            future, function = tx.get()
    
            try:
                LOG.debug("executing %s", function)
>               result = function()
                         ^^^^^^^^^^
E               sqlite3.OperationalError: no such table: users

C:\Users\Dmitriy\AppData\Local\Programs\Python\Python312\Lib\site-packages\aiosqlite\core.py:63: OperationalError

The above exception was the direct cause of the following exception:

self = <test_services.TestGroupService object at 0x00000241664165D0>

    async def test_create_group(self):
>       user = await get_or_create_user(MockUser(222222, "owner"))
               ^^^^^^^^^^^^^^^^^^^^^^^^^^^^^^^^^^^^^^^^^^^^^^^^^^^

tests\test_services.py:38: 
_ _ _ _ _ _ _ _ _ _ _ _ _ _ _ _ _ _ _ _ _ _ _ _ _ _ _ _ _ _ _ _ _ _ _ _ _ _ _ _

tg_user = <test_services.MockUser object at 0x000002416653A9C0>

    async def get_or_create_user(tg_user):
        async with SessionLocal() as session:
>           result = await session.execute(select(User).where(User.telegram_id == tg_user.id))
                     ^^^^^^^^^^^^^^^^^^^^^^^^^^^^^^^^^^^^^^^^^^^^^^^^^^^^^^^^^^^^^^^^^^^^^^^^^

services\user_service.py:7: 
_ _ _ _ _ _ _ _ _ _ _ _ _ _ _ _ _ _ _ _ _ _ _ _ _ _ _ _ _ _ _ _ _ _ _ _ _ _ _ _

self = <sqlalchemy.ext.asyncio.session.AsyncSession object at 0x000002416653AA20>
statement = <sqlalchemy.sql.selectable.Select object at 0x0000024166587AA0>
params = None, execution_options = immutabledict({'prebuffer_rows': True})
bind_arguments = None, kw = {}

    async def execute(
        self,
        statement: Executable,
        params: Optional[_CoreAnyExecuteParams] = None,
        *,
        execution_options: OrmExecuteOptionsParameter = util.EMPTY_DICT,
        bind_arguments: Optional[_BindArguments] = None,
        **kw: Any,
    ) -> Result[Any]:
        """Execute a statement and return a buffered
        :class:`_engine.Result` object.
    
        .. seealso::
    
            :meth:`_orm.Session.execute` - main documentation for execute
    
        """
    
        if execution_options:
            execution_options = util.immutabledict(execution_options).union(
                _EXECUTE_OPTIONS
            )
        else:
            execution_options = _EXECUTE_OPTIONS
    
>       result = await greenlet_spawn(
            self.sync_session.execute,
            statement,
            params=params,
            execution_options=execution_options,
            bind_arguments=bind_arguments,
            **kw,
        )

C:\Users\Dmitriy\AppData\Local\Programs\Python\Python312\Lib\site-packages\sqlalchemy\ext\asyncio\session.py:449: 
_ _ _ _ _ _ _ _ _ _ _ _ _ _ _ _ _ _ _ _ _ _ _ _ _ _ _ _ _ _ _ _ _ _ _ _ _ _ _ _

fn = <bound method Session.execute of <sqlalchemy.orm.session.Session object at 0x0000024166585790>>
_require_await = False
args = (<sqlalchemy.sql.selectable.Select object at 0x0000024166587AA0>,)
kwargs = {'bind_arguments': None, 'execution_options': immutabledict({'prebuffer_rows': True}), 'params': None}
context = <_AsyncIoGreenlet object at 0x0000024168A1AA00 (otid=0x0000024164FE5D70) dead>
switch_occurred = True
result = <coroutine object Cursor.execute at 0x0000024166559E00>
value = <aiosqlite.cursor.Cursor object at 0x0000024166585100>

    async def greenlet_spawn(
        fn: Callable[..., _T],
        *args: Any,
        _require_await: bool = False,
        **kwargs: Any,
    ) -> _T:
        """Runs a sync function ``fn`` in a new greenlet.
    
        The sync function can then use :func:`await_only` to wait for async
        functions.
    
        :param fn: The sync callable to call.
        :param \\*args: Positional arguments to pass to the ``fn`` callable.
        :param \\*\\*kwargs: Keyword arguments to pass to the ``fn`` callable.
        """
    
        result: Any
        context = _AsyncIoGreenlet(fn, getcurrent())
        # runs the function synchronously in gl greenlet. If the execution
        # is interrupted by await_only, context is not dead and result is a
        # coroutine to wait. If the context is dead the function has
        # returned, and its result can be returned.
        switch_occurred = False
        result = context.switch(*args, **kwargs)
        while not context.dead:
            switch_occurred = True
            try:
                # wait for a coroutine from await_only and then return its
                # result back to it.
                value = await result
            except BaseException:
                # this allows an exception to be raised within
                # the moderated greenlet so that it can continue
                # its expected flow.
>               result = context.throw(*sys.exc_info())
                         ^^^^^^^^^^^^^^^^^^^^^^^^^^^^^^

C:\Users\Dmitriy\AppData\Local\Programs\Python\Python312\Lib\site-packages\sqlalchemy\util\_concurrency_py3k.py:201: 
_ _ _ _ _ _ _ _ _ _ _ _ _ _ _ _ _ _ _ _ _ _ _ _ _ _ _ _ _ _ _ _ _ _ _ _ _ _ _ _

self = <sqlalchemy.orm.session.Session object at 0x0000024166585790>
statement = <sqlalchemy.sql.selectable.Select object at 0x0000024166587AA0>
params = None

    def execute(
        self,
        statement: Executable,
        params: Optional[_CoreAnyExecuteParams] = None,
        *,
        execution_options: OrmExecuteOptionsParameter = util.EMPTY_DICT,
        bind_arguments: Optional[_BindArguments] = None,
        _parent_execute_state: Optional[Any] = None,
        _add_event: Optional[Any] = None,
    ) -> Result[Any]:
        r"""Execute a SQL expression construct.
    
        Returns a :class:`_engine.Result` object representing
        results of the statement execution.
    
        E.g.::
    
            from sqlalchemy import select
    
            result = session.execute(select(User).where(User.id == 5))
    
        The API contract of :meth:`_orm.Session.execute` is similar to that
        of :meth:`_engine.Connection.execute`, the :term:`2.0 style` version
        of :class:`_engine.Connection`.
    
        .. versionchanged:: 1.4 the :meth:`_orm.Session.execute` method is
           now the primary point of ORM statement execution when using
           :term:`2.0 style` ORM usage.
    
        :param statement:
            An executable statement (i.e. an :class:`.Executable` expression
            such as :func:`_expression.select`).
    
        :param params:
            Optional dictionary, or list of dictionaries, containing
            bound parameter values.   If a single dictionary, single-row
            execution occurs; if a list of dictionaries, an
            "executemany" will be invoked.  The keys in each dictionary
            must correspond to parameter names present in the statement.
    
        :param execution_options: optional dictionary of execution options,
         which will be associated with the statement execution.  This
         dictionary can provide a subset of the options that are accepted
         by :meth:`_engine.Connection.execution_options`, and may also
         provide additional options understood only in an ORM context.
    
         .. seealso::
    
            :ref:`orm_queryguide_execution_options` - ORM-specific execution
            options
    
        :param bind_arguments: dictionary of additional arguments to determine
         the bind.  May include "mapper", "bind", or other custom arguments.
         Contents of this dictionary are passed to the
         :meth:`.Session.get_bind` method.
    
        :return: a :class:`_engine.Result` object.
    
    
        """
>       return self._execute_internal(
            statement,
            params,
            execution_options=execution_options,
            bind_arguments=bind_arguments,
            _parent_execute_state=_parent_execute_state,
            _add_event=_add_event,
        )

C:\Users\Dmitriy\AppData\Local\Programs\Python\Python312\Lib\site-packages\sqlalchemy\orm\session.py:2351: 
_ _ _ _ _ _ _ _ _ _ _ _ _ _ _ _ _ _ _ _ _ _ _ _ _ _ _ _ _ _ _ _ _ _ _ _ _ _ _ _

self = <sqlalchemy.orm.session.Session object at 0x0000024166585790>
statement = <sqlalchemy.sql.selectable.Select object at 0x0000024166587AA0>
params = None

    def _execute_internal(
        self,
        statement: Executable,
        params: Optional[_CoreAnyExecuteParams] = None,
        *,
        execution_options: OrmExecuteOptionsParameter = util.EMPTY_DICT,
        bind_arguments: Optional[_BindArguments] = None,
        _parent_execute_state: Optional[Any] = None,
        _add_event: Optional[Any] = None,
        _scalar_result: bool = False,
    ) -> Any:
        statement = coercions.expect(roles.StatementRole, statement)
    
        if not bind_arguments:
            bind_arguments = {}
        else:
            bind_arguments = dict(bind_arguments)
    
        if (
            statement._propagate_attrs.get("compile_state_plugin", None)
            == "orm"
        ):
            compile_state_cls = CompileState._get_plugin_class_for_plugin(
                statement, "orm"
            )
            if TYPE_CHECKING:
                assert isinstance(
                    compile_state_cls, context.AbstractORMCompileState
                )
        else:
            compile_state_cls = None
            bind_arguments.setdefault("clause", statement)
    
        execution_options = util.coerce_to_immutabledict(execution_options)
    
        if _parent_execute_state:
            events_todo = _parent_execute_state._remaining_events()
        else:
            events_todo = self.dispatch.do_orm_execute
            if _add_event:
                events_todo = list(events_todo) + [_add_event]
    
        if events_todo:
            if compile_state_cls is not None:
                # for event handlers, do the orm_pre_session_exec
                # pass ahead of the event handlers, so that things like
                # .load_options, .update_delete_options etc. are populated.
                # is_pre_event=True allows the hook to hold off on things
                # it doesn't want to do twice, including autoflush as well
                # as "pre fetch" for DML, etc.
                (
                    statement,
                    execution_options,
                ) = compile_state_cls.orm_pre_session_exec(
                    self,
                    statement,
                    params,
                    execution_options,
                    bind_arguments,
                    True,
                )
    
            orm_exec_state = ORMExecuteState(
                self,
                statement,
                params,
                execution_options,
                bind_arguments,
                compile_state_cls,
                events_todo,
            )
            for idx, fn in enumerate(events_todo):
                orm_exec_state._starting_event_idx = idx
                fn_result: Optional[Result[Any]] = fn(orm_exec_state)
                if fn_result:
                    if _scalar_result:
                        return fn_result.scalar()
                    else:
                        return fn_result
    
            statement = orm_exec_state.statement
            execution_options = orm_exec_state.local_execution_options
    
        if compile_state_cls is not None:
            # now run orm_pre_session_exec() "for real".   if there were
            # event hooks, this will re-run the steps that interpret
            # new execution_options into load_options / update_delete_options,
            # which we assume the event hook might have updated.
            # autoflush will also be invoked in this step if enabled.
            (
                statement,
                execution_options,
            ) = compile_state_cls.orm_pre_session_exec(
                self,
                statement,
                params,
                execution_options,
                bind_arguments,
                False,
            )
    
        bind = self.get_bind(**bind_arguments)
    
        conn = self._connection_for_bind(bind)
    
        if _scalar_result and not compile_state_cls:
            if TYPE_CHECKING:
                params = cast(_CoreSingleExecuteParams, params)
            return conn.scalar(
                statement, params or {}, execution_options=execution_options
            )
    
        if compile_state_cls:
>           result: Result[Any] = compile_state_cls.orm_execute_statement(
                self,
                statement,
                params or {},
                execution_options,
                bind_arguments,
                conn,
            )

C:\Users\Dmitriy\AppData\Local\Programs\Python\Python312\Lib\site-packages\sqlalchemy\orm\session.py:2249: 
_ _ _ _ _ _ _ _ _ _ _ _ _ _ _ _ _ _ _ _ _ _ _ _ _ _ _ _ _ _ _ _ _ _ _ _ _ _ _ _

cls = <class 'sqlalchemy.orm.context.ORMSelectCompileState'>
session = <sqlalchemy.orm.session.Session object at 0x0000024166585790>
statement = <sqlalchemy.sql.selectable.Select object at 0x0000024166587AA0>
params = {}
execution_options = immutabledict({'prebuffer_rows': True, '_result_disable_adapt_to_context': True})
bind_arguments = {'clause': <sqlalchemy.sql.selectable.Select object at 0x0000024166587AA0>, 'mapper': <Mapper at 0x2416627b620; User>}
conn = <sqlalchemy.engine.base.Connection object at 0x0000024166585640>

    @classmethod
    def orm_execute_statement(
        cls,
        session,
        statement,
        params,
        execution_options,
        bind_arguments,
        conn,
    ) -> Result:
>       result = conn.execute(
            statement, params or {}, execution_options=execution_options
        )

C:\Users\Dmitriy\AppData\Local\Programs\Python\Python312\Lib\site-packages\sqlalchemy\orm\context.py:306: 
_ _ _ _ _ _ _ _ _ _ _ _ _ _ _ _ _ _ _ _ _ _ _ _ _ _ _ _ _ _ _ _ _ _ _ _ _ _ _ _

self = <sqlalchemy.engine.base.Connection object at 0x0000024166585640>
statement = <sqlalchemy.sql.selectable.Select object at 0x0000024166587AA0>
parameters = {}

    def execute(
        self,
        statement: Executable,
        parameters: Optional[_CoreAnyExecuteParams] = None,
        *,
        execution_options: Optional[CoreExecuteOptionsParameter] = None,
    ) -> CursorResult[Any]:
        r"""Executes a SQL statement construct and returns a
        :class:`_engine.CursorResult`.
    
        :param statement: The statement to be executed.  This is always
         an object that is in both the :class:`_expression.ClauseElement` and
         :class:`_expression.Executable` hierarchies, including:
    
         * :class:`_expression.Select`
         * :class:`_expression.Insert`, :class:`_expression.Update`,
           :class:`_expression.Delete`
         * :class:`_expression.TextClause` and
           :class:`_expression.TextualSelect`
         * :class:`_schema.DDL` and objects which inherit from
           :class:`_schema.ExecutableDDLElement`
    
        :param parameters: parameters which will be bound into the statement.
         This may be either a dictionary of parameter names to values,
         or a mutable sequence (e.g. a list) of dictionaries.  When a
         list of dictionaries is passed, the underlying statement execution
         will make use of the DBAPI ``cursor.executemany()`` method.
         When a single dictionary is passed, the DBAPI ``cursor.execute()``
         method will be used.
    
        :param execution_options: optional dictionary of execution options,
         which will be associated with the statement execution.  This
         dictionary can provide a subset of the options that are accepted
         by :meth:`_engine.Connection.execution_options`.
    
        :return: a :class:`_engine.Result` object.
    
        """
        distilled_parameters = _distill_params_20(parameters)
        try:
            meth = statement._execute_on_connection
        except AttributeError as err:
            raise exc.ObjectNotExecutableError(statement) from err
        else:
>           return meth(
                self,
                distilled_parameters,
                execution_options or NO_OPTIONS,
            )

C:\Users\Dmitriy\AppData\Local\Programs\Python\Python312\Lib\site-packages\sqlalchemy\engine\base.py:1419: 
_ _ _ _ _ _ _ _ _ _ _ _ _ _ _ _ _ _ _ _ _ _ _ _ _ _ _ _ _ _ _ _ _ _ _ _ _ _ _ _

self = <sqlalchemy.sql.selectable.Select object at 0x0000024166587AA0>
connection = <sqlalchemy.engine.base.Connection object at 0x0000024166585640>
distilled_params = [{}]
execution_options = immutabledict({'prebuffer_rows': True, '_result_disable_adapt_to_context': True})

    def _execute_on_connection(
        self,
        connection: Connection,
        distilled_params: _CoreMultiExecuteParams,
        execution_options: CoreExecuteOptionsParameter,
    ) -> Result[Any]:
        if self.supports_execution:
            if TYPE_CHECKING:
                assert isinstance(self, Executable)
>           return connection._execute_clauseelement(
                self, distilled_params, execution_options
            )

C:\Users\Dmitriy\AppData\Local\Programs\Python\Python312\Lib\site-packages\sqlalchemy\sql\elements.py:527: 
_ _ _ _ _ _ _ _ _ _ _ _ _ _ _ _ _ _ _ _ _ _ _ _ _ _ _ _ _ _ _ _ _ _ _ _ _ _ _ _

self = <sqlalchemy.engine.base.Connection object at 0x0000024166585640>
elem = <sqlalchemy.sql.selectable.Select object at 0x0000024166587AA0>
distilled_parameters = [{}]
execution_options = immutabledict({'prebuffer_rows': True, '_result_disable_adapt_to_context': True})

    def _execute_clauseelement(
        self,
        elem: Executable,
        distilled_parameters: _CoreMultiExecuteParams,
        execution_options: CoreExecuteOptionsParameter,
    ) -> CursorResult[Any]:
        """Execute a sql.ClauseElement object."""
    
        execution_options = elem._execution_options.merge_with(
            self._execution_options, execution_options
        )
    
        has_events = self._has_events or self.engine._has_events
        if has_events:
            (
                elem,
                distilled_parameters,
                event_multiparams,
                event_params,
            ) = self._invoke_before_exec_event(
                elem, distilled_parameters, execution_options
            )
    
        if distilled_parameters:
            # ensure we don't retain a link to the view object for keys()
            # which links to the values, which we don't want to cache
            keys = sorted(distilled_parameters[0])
            for_executemany = len(distilled_parameters) > 1
        else:
            keys = []
            for_executemany = False
    
        dialect = self.dialect
    
        schema_translate_map = execution_options.get(
            "schema_translate_map", None
        )
    
        compiled_cache: Optional[CompiledCacheType] = execution_options.get(
            "compiled_cache", self.engine._compiled_cache
        )
    
        compiled_sql, extracted_params, cache_hit = elem._compile_w_cache(
            dialect=dialect,
            compiled_cache=compiled_cache,
            column_keys=keys,
            for_executemany=for_executemany,
            schema_translate_map=schema_translate_map,
            linting=self.dialect.compiler_linting | compiler.WARN_LINTING,
        )
>       ret = self._execute_context(
            dialect,
            dialect.execution_ctx_cls._init_compiled,
            compiled_sql,
            distilled_parameters,
            execution_options,
            compiled_sql,
            distilled_parameters,
            elem,
            extracted_params,
            cache_hit=cache_hit,
        )

C:\Users\Dmitriy\AppData\Local\Programs\Python\Python312\Lib\site-packages\sqlalchemy\engine\base.py:1641: 
_ _ _ _ _ _ _ _ _ _ _ _ _ _ _ _ _ _ _ _ _ _ _ _ _ _ _ _ _ _ _ _ _ _ _ _ _ _ _ _

self = <sqlalchemy.engine.base.Connection object at 0x0000024166585640>
dialect = <sqlalchemy.dialects.sqlite.aiosqlite.SQLiteDialect_aiosqlite object at 0x0000024165077FB0>
constructor = <bound method DefaultExecutionContext._init_compiled of <class 'sqlalchemy.dialects.sqlite.aiosqlite.SQLiteExecutionContext_aiosqlite'>>
statement = <sqlalchemy.dialects.sqlite.base.SQLiteCompiler object at 0x0000024166416330>
parameters = [{}]
execution_options = immutabledict({'prebuffer_rows': True, '_result_disable_adapt_to_context': True})
args = (<sqlalchemy.dialects.sqlite.base.SQLiteCompiler object at 0x0000024166416330>, [{}], <sqlalchemy.sql.selectable.Select object at 0x0000024166587AA0>, [BindParameter('%(2479913202896 telegram_id)s', 222222, type_=BigInteger())])
kw = {'cache_hit': <CacheStats.CACHE_HIT: 0>}, yp = None
conn = <sqlalchemy.pool.base._ConnectionFairy object at 0x00000241681A3050>
context = <sqlalchemy.dialects.sqlite.aiosqlite.SQLiteExecutionContext_aiosqlite object at 0x0000024166587A70>

    def _execute_context(
        self,
        dialect: Dialect,
        constructor: Callable[..., ExecutionContext],
        statement: Union[str, Compiled],
        parameters: Optional[_AnyMultiExecuteParams],
        execution_options: _ExecuteOptions,
        *args: Any,
        **kw: Any,
    ) -> CursorResult[Any]:
        """Create an :class:`.ExecutionContext` and execute, returning
        a :class:`_engine.CursorResult`."""
    
        if execution_options:
            yp = execution_options.get("yield_per", None)
            if yp:
                execution_options = execution_options.union(
                    {"stream_results": True, "max_row_buffer": yp}
                )
        try:
            conn = self._dbapi_connection
            if conn is None:
                conn = self._revalidate_connection()
    
            context = constructor(
                dialect, self, conn, execution_options, *args, **kw
            )
        except (exc.PendingRollbackError, exc.ResourceClosedError):
            raise
        except BaseException as e:
            self._handle_dbapi_exception(
                e, str(statement), parameters, None, None
            )
    
        if (
            self._transaction
            and not self._transaction.is_active
            or (
                self._nested_transaction
                and not self._nested_transaction.is_active
            )
        ):
            self._invalid_transaction()
    
        elif self._trans_context_manager:
            TransactionalContext._trans_ctx_check(self)
    
        if self._transaction is None:
            self._autobegin()
    
        context.pre_exec()
    
        if context.execute_style is ExecuteStyle.INSERTMANYVALUES:
            return self._exec_insertmany_context(dialect, context)
        else:
>           return self._exec_single_context(
                dialect, context, statement, parameters
            )

C:\Users\Dmitriy\AppData\Local\Programs\Python\Python312\Lib\site-packages\sqlalchemy\engine\base.py:1846: 
_ _ _ _ _ _ _ _ _ _ _ _ _ _ _ _ _ _ _ _ _ _ _ _ _ _ _ _ _ _ _ _ _ _ _ _ _ _ _ _

self = <sqlalchemy.engine.base.Connection object at 0x0000024166585640>
dialect = <sqlalchemy.dialects.sqlite.aiosqlite.SQLiteDialect_aiosqlite object at 0x0000024165077FB0>
context = <sqlalchemy.dialects.sqlite.aiosqlite.SQLiteExecutionContext_aiosqlite object at 0x0000024166587A70>
statement = <sqlalchemy.dialects.sqlite.base.SQLiteCompiler object at 0x0000024166416330>
parameters = [(222222,)]

    def _exec_single_context(
        self,
        dialect: Dialect,
        context: ExecutionContext,
        statement: Union[str, Compiled],
        parameters: Optional[_AnyMultiExecuteParams],
    ) -> CursorResult[Any]:
        """continue the _execute_context() method for a single DBAPI
        cursor.execute() or cursor.executemany() call.
    
        """
        if dialect.bind_typing is BindTyping.SETINPUTSIZES:
            generic_setinputsizes = context._prepare_set_input_sizes()
    
            if generic_setinputsizes:
                try:
                    dialect.do_set_input_sizes(
                        context.cursor, generic_setinputsizes, context
                    )
                except BaseException as e:
                    self._handle_dbapi_exception(
                        e, str(statement), parameters, None, context
                    )
    
        cursor, str_statement, parameters = (
            context.cursor,
            context.statement,
            context.parameters,
        )
    
        effective_parameters: Optional[_AnyExecuteParams]
    
        if not context.executemany:
            effective_parameters = parameters[0]
        else:
            effective_parameters = parameters
    
        if self._has_events or self.engine._has_events:
            for fn in self.dispatch.before_cursor_execute:
                str_statement, effective_parameters = fn(
                    self,
                    cursor,
                    str_statement,
                    effective_parameters,
                    context,
                    context.executemany,
                )
    
        if self._echo:
            self._log_info(str_statement)
    
            stats = context._get_cache_stats()
    
            if not self.engine.hide_parameters:
                self._log_info(
                    "[%s] %r",
                    stats,
                    sql_util._repr_params(
                        effective_parameters,
                        batches=10,
                        ismulti=context.executemany,
                    ),
                )
            else:
                self._log_info(
                    "[%s] [SQL parameters hidden due to hide_parameters=True]",
                    stats,
                )
    
        evt_handled: bool = False
        try:
            if context.execute_style is ExecuteStyle.EXECUTEMANY:
                effective_parameters = cast(
                    "_CoreMultiExecuteParams", effective_parameters
                )
                if self.dialect._has_events:
                    for fn in self.dialect.dispatch.do_executemany:
                        if fn(
                            cursor,
                            str_statement,
                            effective_parameters,
                            context,
                        ):
                            evt_handled = True
                            break
                if not evt_handled:
                    self.dialect.do_executemany(
                        cursor,
                        str_statement,
                        effective_parameters,
                        context,
                    )
            elif not effective_parameters and context.no_parameters:
                if self.dialect._has_events:
                    for fn in self.dialect.dispatch.do_execute_no_params:
                        if fn(cursor, str_statement, context):
                            evt_handled = True
                            break
                if not evt_handled:
                    self.dialect.do_execute_no_params(
                        cursor, str_statement, context
                    )
            else:
                effective_parameters = cast(
                    "_CoreSingleExecuteParams", effective_parameters
                )
                if self.dialect._has_events:
                    for fn in self.dialect.dispatch.do_execute:
                        if fn(
                            cursor,
                            str_statement,
                            effective_parameters,
                            context,
                        ):
                            evt_handled = True
                            break
                if not evt_handled:
                    self.dialect.do_execute(
                        cursor, str_statement, effective_parameters, context
                    )
    
            if self._has_events or self.engine._has_events:
                self.dispatch.after_cursor_execute(
                    self,
                    cursor,
                    str_statement,
                    effective_parameters,
                    context,
                    context.executemany,
                )
    
            context.post_exec()
    
            result = context._setup_result_proxy()
    
        except BaseException as e:
>           self._handle_dbapi_exception(
                e, str_statement, effective_parameters, cursor, context
            )

C:\Users\Dmitriy\AppData\Local\Programs\Python\Python312\Lib\site-packages\sqlalchemy\engine\base.py:1986: 
_ _ _ _ _ _ _ _ _ _ _ _ _ _ _ _ _ _ _ _ _ _ _ _ _ _ _ _ _ _ _ _ _ _ _ _ _ _ _ _

self = <sqlalchemy.engine.base.Connection object at 0x0000024166585640>
e = OperationalError('no such table: users')
statement = 'SELECT users.id, users.telegram_id, users.username, users.first_name, users.last_name, users.display_name, users.is_premium, users.gender, users.created_at \nFROM users \nWHERE users.telegram_id = ?'
parameters = (222222,)
cursor = <sqlalchemy.dialects.sqlite.aiosqlite.AsyncAdapt_aiosqlite_cursor object at 0x00000241681A3340>
context = <sqlalchemy.dialects.sqlite.aiosqlite.SQLiteExecutionContext_aiosqlite object at 0x0000024166587A70>
is_sub_exec = False

    def _handle_dbapi_exception(
        self,
        e: BaseException,
        statement: Optional[str],
        parameters: Optional[_AnyExecuteParams],
        cursor: Optional[DBAPICursor],
        context: Optional[ExecutionContext],
        is_sub_exec: bool = False,
    ) -> NoReturn:
        exc_info = sys.exc_info()
    
        is_exit_exception = util.is_exit_exception(e)
    
        if not self._is_disconnect:
            self._is_disconnect = (
                isinstance(e, self.dialect.loaded_dbapi.Error)
                and not self.closed
                and self.dialect.is_disconnect(
                    e,
                    self._dbapi_connection if not self.invalidated else None,
                    cursor,
                )
            ) or (is_exit_exception and not self.closed)
    
        invalidate_pool_on_disconnect = not is_exit_exception
    
        ismulti: bool = (
            not is_sub_exec and context.executemany
            if context is not None
            else False
        )
        if self._reentrant_error:
            raise exc.DBAPIError.instance(
                statement,
                parameters,
                e,
                self.dialect.loaded_dbapi.Error,
                hide_parameters=self.engine.hide_parameters,
                dialect=self.dialect,
                ismulti=ismulti,
            ).with_traceback(exc_info[2]) from e
        self._reentrant_error = True
        try:
            # non-DBAPI error - if we already got a context,
            # or there's no string statement, don't wrap it
            should_wrap = isinstance(e, self.dialect.loaded_dbapi.Error) or (
                statement is not None
                and context is None
                and not is_exit_exception
            )
    
            if should_wrap:
                sqlalchemy_exception = exc.DBAPIError.instance(
                    statement,
                    parameters,
                    cast(Exception, e),
                    self.dialect.loaded_dbapi.Error,
                    hide_parameters=self.engine.hide_parameters,
                    connection_invalidated=self._is_disconnect,
                    dialect=self.dialect,
                    ismulti=ismulti,
                )
            else:
                sqlalchemy_exception = None
    
            newraise = None
    
            if (self.dialect._has_events) and not self._execution_options.get(
                "skip_user_error_events", False
            ):
                ctx = ExceptionContextImpl(
                    e,
                    sqlalchemy_exception,
                    self.engine,
                    self.dialect,
                    self,
                    cursor,
                    statement,
                    parameters,
                    context,
                    self._is_disconnect,
                    invalidate_pool_on_disconnect,
                    False,
                )
    
                for fn in self.dialect.dispatch.handle_error:
                    try:
                        # handler returns an exception;
                        # call next handler in a chain
                        per_fn = fn(ctx)
                        if per_fn is not None:
                            ctx.chained_exception = newraise = per_fn
                    except Exception as _raised:
                        # handler raises an exception - stop processing
                        newraise = _raised
                        break
    
                if self._is_disconnect != ctx.is_disconnect:
                    self._is_disconnect = ctx.is_disconnect
                    if sqlalchemy_exception:
                        sqlalchemy_exception.connection_invalidated = (
                            ctx.is_disconnect
                        )
    
                # set up potentially user-defined value for
                # invalidate pool.
                invalidate_pool_on_disconnect = (
                    ctx.invalidate_pool_on_disconnect
                )
    
            if should_wrap and context:
                context.handle_dbapi_exception(e)
    
            if not self._is_disconnect:
                if cursor:
                    self._safe_close_cursor(cursor)
                # "autorollback" was mostly relevant in 1.x series.
                # It's very unlikely to reach here, as the connection
                # does autobegin so when we are here, we are usually
                # in an explicit / semi-explicit transaction.
                # however we have a test which manufactures this
                # scenario in any case using an event handler.
                # test/engine/test_execute.py-> test_actual_autorollback
                if not self.in_transaction():
                    self._rollback_impl()
    
            if newraise:
                raise newraise.with_traceback(exc_info[2]) from e
            elif should_wrap:
                assert sqlalchemy_exception is not None
>               raise sqlalchemy_exception.with_traceback(exc_info[2]) from e

C:\Users\Dmitriy\AppData\Local\Programs\Python\Python312\Lib\site-packages\sqlalchemy\engine\base.py:2363: 
_ _ _ _ _ _ _ _ _ _ _ _ _ _ _ _ _ _ _ _ _ _ _ _ _ _ _ _ _ _ _ _ _ _ _ _ _ _ _ _

self = <sqlalchemy.engine.base.Connection object at 0x0000024166585640>
dialect = <sqlalchemy.dialects.sqlite.aiosqlite.SQLiteDialect_aiosqlite object at 0x0000024165077FB0>
context = <sqlalchemy.dialects.sqlite.aiosqlite.SQLiteExecutionContext_aiosqlite object at 0x0000024166587A70>
statement = <sqlalchemy.dialects.sqlite.base.SQLiteCompiler object at 0x0000024166416330>
parameters = [(222222,)]

    def _exec_single_context(
        self,
        dialect: Dialect,
        context: ExecutionContext,
        statement: Union[str, Compiled],
        parameters: Optional[_AnyMultiExecuteParams],
    ) -> CursorResult[Any]:
        """continue the _execute_context() method for a single DBAPI
        cursor.execute() or cursor.executemany() call.
    
        """
        if dialect.bind_typing is BindTyping.SETINPUTSIZES:
            generic_setinputsizes = context._prepare_set_input_sizes()
    
            if generic_setinputsizes:
                try:
                    dialect.do_set_input_sizes(
                        context.cursor, generic_setinputsizes, context
                    )
                except BaseException as e:
                    self._handle_dbapi_exception(
                        e, str(statement), parameters, None, context
                    )
    
        cursor, str_statement, parameters = (
            context.cursor,
            context.statement,
            context.parameters,
        )
    
        effective_parameters: Optional[_AnyExecuteParams]
    
        if not context.executemany:
            effective_parameters = parameters[0]
        else:
            effective_parameters = parameters
    
        if self._has_events or self.engine._has_events:
            for fn in self.dispatch.before_cursor_execute:
                str_statement, effective_parameters = fn(
                    self,
                    cursor,
                    str_statement,
                    effective_parameters,
                    context,
                    context.executemany,
                )
    
        if self._echo:
            self._log_info(str_statement)
    
            stats = context._get_cache_stats()
    
            if not self.engine.hide_parameters:
                self._log_info(
                    "[%s] %r",
                    stats,
                    sql_util._repr_params(
                        effective_parameters,
                        batches=10,
                        ismulti=context.executemany,
                    ),
                )
            else:
                self._log_info(
                    "[%s] [SQL parameters hidden due to hide_parameters=True]",
                    stats,
                )
    
        evt_handled: bool = False
        try:
            if context.execute_style is ExecuteStyle.EXECUTEMANY:
                effective_parameters = cast(
                    "_CoreMultiExecuteParams", effective_parameters
                )
                if self.dialect._has_events:
                    for fn in self.dialect.dispatch.do_executemany:
                        if fn(
                            cursor,
                            str_statement,
                            effective_parameters,
                            context,
                        ):
                            evt_handled = True
                            break
                if not evt_handled:
                    self.dialect.do_executemany(
                        cursor,
                        str_statement,
                        effective_parameters,
                        context,
                    )
            elif not effective_parameters and context.no_parameters:
                if self.dialect._has_events:
                    for fn in self.dialect.dispatch.do_execute_no_params:
                        if fn(cursor, str_statement, context):
                            evt_handled = True
                            break
                if not evt_handled:
                    self.dialect.do_execute_no_params(
                        cursor, str_statement, context
                    )
            else:
                effective_parameters = cast(
                    "_CoreSingleExecuteParams", effective_parameters
                )
                if self.dialect._has_events:
                    for fn in self.dialect.dispatch.do_execute:
                        if fn(
                            cursor,
                            str_statement,
                            effective_parameters,
                            context,
                        ):
                            evt_handled = True
                            break
                if not evt_handled:
>                   self.dialect.do_execute(
                        cursor, str_statement, effective_parameters, context
                    )

C:\Users\Dmitriy\AppData\Local\Programs\Python\Python312\Lib\site-packages\sqlalchemy\engine\base.py:1967: 
_ _ _ _ _ _ _ _ _ _ _ _ _ _ _ _ _ _ _ _ _ _ _ _ _ _ _ _ _ _ _ _ _ _ _ _ _ _ _ _

self = <sqlalchemy.dialects.sqlite.aiosqlite.SQLiteDialect_aiosqlite object at 0x0000024165077FB0>
cursor = <sqlalchemy.dialects.sqlite.aiosqlite.AsyncAdapt_aiosqlite_cursor object at 0x00000241681A3340>
statement = 'SELECT users.id, users.telegram_id, users.username, users.first_name, users.last_name, users.display_name, users.is_premium, users.gender, users.created_at \nFROM users \nWHERE users.telegram_id = ?'
parameters = (222222,)
context = <sqlalchemy.dialects.sqlite.aiosqlite.SQLiteExecutionContext_aiosqlite object at 0x0000024166587A70>

    def do_execute(self, cursor, statement, parameters, context=None):
>       cursor.execute(statement, parameters)

C:\Users\Dmitriy\AppData\Local\Programs\Python\Python312\Lib\site-packages\sqlalchemy\engine\default.py:952: 
_ _ _ _ _ _ _ _ _ _ _ _ _ _ _ _ _ _ _ _ _ _ _ _ _ _ _ _ _ _ _ _ _ _ _ _ _ _ _ _

self = <sqlalchemy.dialects.sqlite.aiosqlite.AsyncAdapt_aiosqlite_cursor object at 0x00000241681A3340>
operation = 'SELECT users.id, users.telegram_id, users.username, users.first_name, users.last_name, users.display_name, users.is_premium, users.gender, users.created_at \nFROM users \nWHERE users.telegram_id = ?'
parameters = (222222,)

    def execute(
        self,
        operation: Any,
        parameters: Optional[_DBAPISingleExecuteParams] = None,
    ) -> Any:
    
        try:
            _cursor: AsyncIODBAPICursor = self.await_(self._connection.cursor())  # type: ignore[arg-type] # noqa: E501
    
            if parameters is None:
                self.await_(_cursor.execute(operation))
            else:
                self.await_(_cursor.execute(operation, parameters))
    
            if _cursor.description:
                self.description = _cursor.description
                self.lastrowid = self.rowcount = -1
    
                if not self.server_side:
                    self._rows = deque(self.await_(_cursor.fetchall()))
            else:
                self.description = None
                self.lastrowid = _cursor.lastrowid
                self.rowcount = _cursor.rowcount
    
            if not self.server_side:
                self.await_(_cursor.close())
            else:
                self._cursor = _cursor  # type: ignore[misc]
        except Exception as error:
>           self._adapt_connection._handle_exception(error)

C:\Users\Dmitriy\AppData\Local\Programs\Python\Python312\Lib\site-packages\sqlalchemy\dialects\sqlite\aiosqlite.py:182: 
_ _ _ _ _ _ _ _ _ _ _ _ _ _ _ _ _ _ _ _ _ _ _ _ _ _ _ _ _ _ _ _ _ _ _ _ _ _ _ _

self = <AdaptedConnection <aiosqlite.core.Connection object at 0x0000024166416D80>>
error = OperationalError('no such table: users')

    def _handle_exception(self, error: Exception) -> NoReturn:
        if (
            isinstance(error, ValueError)
            and error.args[0] == "no active connection"
        ):
            raise self.dbapi.sqlite.OperationalError(
                "no active connection"
            ) from error
        else:
>           raise error

C:\Users\Dmitriy\AppData\Local\Programs\Python\Python312\Lib\site-packages\sqlalchemy\dialects\sqlite\aiosqlite.py:342: 
_ _ _ _ _ _ _ _ _ _ _ _ _ _ _ _ _ _ _ _ _ _ _ _ _ _ _ _ _ _ _ _ _ _ _ _ _ _ _ _

self = <sqlalchemy.dialects.sqlite.aiosqlite.AsyncAdapt_aiosqlite_cursor object at 0x00000241681A3340>
operation = 'SELECT users.id, users.telegram_id, users.username, users.first_name, users.last_name, users.display_name, users.is_premium, users.gender, users.created_at \nFROM users \nWHERE users.telegram_id = ?'
parameters = (222222,)

    def execute(
        self,
        operation: Any,
        parameters: Optional[_DBAPISingleExecuteParams] = None,
    ) -> Any:
    
        try:
            _cursor: AsyncIODBAPICursor = self.await_(self._connection.cursor())  # type: ignore[arg-type] # noqa: E501
    
            if parameters is None:
                self.await_(_cursor.execute(operation))
            else:
>               self.await_(_cursor.execute(operation, parameters))

C:\Users\Dmitriy\AppData\Local\Programs\Python\Python312\Lib\site-packages\sqlalchemy\dialects\sqlite\aiosqlite.py:164: 
_ _ _ _ _ _ _ _ _ _ _ _ _ _ _ _ _ _ _ _ _ _ _ _ _ _ _ _ _ _ _ _ _ _ _ _ _ _ _ _

awaitable = <coroutine object Cursor.execute at 0x0000024166559E00>

    def await_only(awaitable: Awaitable[_T]) -> _T:
        """Awaits an async function in a sync method.
    
        The sync method must be inside a :func:`greenlet_spawn` context.
        :func:`await_only` calls cannot be nested.
    
        :param awaitable: The coroutine to call.
    
        """
        # this is called in the context greenlet while running fn
        current = getcurrent()
        if not getattr(current, "__sqlalchemy_greenlet_provider__", False):
            _safe_cancel_awaitable(awaitable)
    
            raise exc.MissingGreenlet(
                "greenlet_spawn has not been called; can't call await_only() "
                "here. Was IO attempted in an unexpected place?"
            )
    
        # returns the control to the driver greenlet passing it
        # a coroutine to run. Once the awaitable is done, the driver greenlet
        # switches back to this greenlet with the result of awaitable that is
        # then returned to the caller (or raised as error)
>       return current.parent.switch(awaitable)  # type: ignore[no-any-return,attr-defined] # noqa: E501
               ^^^^^^^^^^^^^^^^^^^^^^^^^^^^^^^^

C:\Users\Dmitriy\AppData\Local\Programs\Python\Python312\Lib\site-packages\sqlalchemy\util\_concurrency_py3k.py:132: 
_ _ _ _ _ _ _ _ _ _ _ _ _ _ _ _ _ _ _ _ _ _ _ _ _ _ _ _ _ _ _ _ _ _ _ _ _ _ _ _

fn = <bound method Session.execute of <sqlalchemy.orm.session.Session object at 0x0000024166585790>>
_require_await = False
args = (<sqlalchemy.sql.selectable.Select object at 0x0000024166587AA0>,)
kwargs = {'bind_arguments': None, 'execution_options': immutabledict({'prebuffer_rows': True}), 'params': None}
context = <_AsyncIoGreenlet object at 0x0000024168A1AA00 (otid=0x0000024164FE5D70) dead>
switch_occurred = True
result = <coroutine object Cursor.execute at 0x0000024166559E00>
value = <aiosqlite.cursor.Cursor object at 0x0000024166585100>

    async def greenlet_spawn(
        fn: Callable[..., _T],
        *args: Any,
        _require_await: bool = False,
        **kwargs: Any,
    ) -> _T:
        """Runs a sync function ``fn`` in a new greenlet.
    
        The sync function can then use :func:`await_only` to wait for async
        functions.
    
        :param fn: The sync callable to call.
        :param \\*args: Positional arguments to pass to the ``fn`` callable.
        :param \\*\\*kwargs: Keyword arguments to pass to the ``fn`` callable.
        """
    
        result: Any
        context = _AsyncIoGreenlet(fn, getcurrent())
        # runs the function synchronously in gl greenlet. If the execution
        # is interrupted by await_only, context is not dead and result is a
        # coroutine to wait. If the context is dead the function has
        # returned, and its result can be returned.
        switch_occurred = False
        result = context.switch(*args, **kwargs)
        while not context.dead:
            switch_occurred = True
            try:
                # wait for a coroutine from await_only and then return its
                # result back to it.
>               value = await result
                        ^^^^^^^^^^^^

C:\Users\Dmitriy\AppData\Local\Programs\Python\Python312\Lib\site-packages\sqlalchemy\util\_concurrency_py3k.py:196: 
_ _ _ _ _ _ _ _ _ _ _ _ _ _ _ _ _ _ _ _ _ _ _ _ _ _ _ _ _ _ _ _ _ _ _ _ _ _ _ _

self = <aiosqlite.cursor.Cursor object at 0x0000024166585100>
sql = 'SELECT users.id, users.telegram_id, users.username, users.first_name, users.last_name, users.display_name, users.is_premium, users.gender, users.created_at \nFROM users \nWHERE users.telegram_id = ?'
parameters = (222222,)

    async def execute(
        self, sql: str, parameters: Optional[Iterable[Any]] = None
    ) -> "Cursor":
        """Execute the given query."""
        if parameters is None:
            parameters = []
>       await self._execute(self._cursor.execute, sql, parameters)

C:\Users\Dmitriy\AppData\Local\Programs\Python\Python312\Lib\site-packages\aiosqlite\cursor.py:40: 
_ _ _ _ _ _ _ _ _ _ _ _ _ _ _ _ _ _ _ _ _ _ _ _ _ _ _ _ _ _ _ _ _ _ _ _ _ _ _ _

self = <aiosqlite.cursor.Cursor object at 0x0000024166585100>
fn = <built-in method execute of sqlite3.Cursor object at 0x000002416874A140>
args = ('SELECT users.id, users.telegram_id, users.username, users.first_name, users.last_name, users.display_name, users.is_premium, users.gender, users.created_at \nFROM users \nWHERE users.telegram_id = ?', (222222,))
kwargs = {}

    async def _execute(self, fn, *args, **kwargs):
        """Execute the given function on the shared connection's thread."""
>       return await self._conn._execute(fn, *args, **kwargs)
               ^^^^^^^^^^^^^^^^^^^^^^^^^^^^^^^^^^^^^^^^^^^^^^

C:\Users\Dmitriy\AppData\Local\Programs\Python\Python312\Lib\site-packages\aiosqlite\cursor.py:32: 
_ _ _ _ _ _ _ _ _ _ _ _ _ _ _ _ _ _ _ _ _ _ _ _ _ _ _ _ _ _ _ _ _ _ _ _ _ _ _ _

self = <aiosqlite.core.Connection object at 0x0000024166416D80>
fn = <built-in method execute of sqlite3.Cursor object at 0x000002416874A140>
args = ('SELECT users.id, users.telegram_id, users.username, users.first_name, users.last_name, users.display_name, users.is_premium, users.gender, users.created_at \nFROM users \nWHERE users.telegram_id = ?', (222222,))
kwargs = {}
function = functools.partial(<built-in method execute of sqlite3.Cursor object at 0x000002416874A140>, 'SELECT users.id, users.te....display_name, users.is_premium, users.gender, users.created_at \nFROM users \nWHERE users.telegram_id = ?', (222222,))
future = <Future finished exception=OperationalError('no such table: users')>

    async def _execute(self, fn, *args, **kwargs):
        """Queue a function with the given arguments for execution."""
        if not self._running or not self._connection:
            raise ValueError("Connection closed")
    
        function = partial(fn, *args, **kwargs)
        future = asyncio.get_event_loop().create_future()
    
        self._tx.put_nowait((future, function))
    
>       return await future
               ^^^^^^^^^^^^

C:\Users\Dmitriy\AppData\Local\Programs\Python\Python312\Lib\site-packages\aiosqlite\core.py:160: 
_ _ _ _ _ _ _ _ _ _ _ _ _ _ _ _ _ _ _ _ _ _ _ _ _ _ _ _ _ _ _ _ _ _ _ _ _ _ _ _

tx = <_queue.SimpleQueue object at 0x0000024166440770>

    def _connection_worker_thread(tx: _TxQueue):
        """
        Execute function calls on a separate thread.
    
        :meta private:
        """
        while True:
            # Continues running until all queue items are processed,
            # even after connection is closed (so we can finalize all
            # futures)
    
            future, function = tx.get()
    
            try:
                LOG.debug("executing %s", function)
>               result = function()
                         ^^^^^^^^^^
E               sqlalchemy.exc.OperationalError: (sqlite3.OperationalError) no such table: users
E               [SQL: SELECT users.id, users.telegram_id, users.username, users.first_name, users.last_name, users.display_name, users.is_premium, users.gender, users.created_at 
E               FROM users 
E               WHERE users.telegram_id = ?]
E               [parameters: (222222,)]
E               (Background on this error at: https://sqlalche.me/e/20/e3q8)

C:\Users\Dmitriy\AppData\Local\Programs\Python\Python312\Lib\site-packages\aiosqlite\core.py:63: OperationalError
___________________ TestGroupService.test_get_group_by_code ___________________

self = <sqlalchemy.engine.base.Connection object at 0x000002416785C6B0>
dialect = <sqlalchemy.dialects.sqlite.aiosqlite.SQLiteDialect_aiosqlite object at 0x0000024165077FB0>
context = <sqlalchemy.dialects.sqlite.aiosqlite.SQLiteExecutionContext_aiosqlite object at 0x000002416785FFE0>
statement = <sqlalchemy.dialects.sqlite.base.SQLiteCompiler object at 0x0000024166416330>
parameters = [(222223,)]

    def _exec_single_context(
        self,
        dialect: Dialect,
        context: ExecutionContext,
        statement: Union[str, Compiled],
        parameters: Optional[_AnyMultiExecuteParams],
    ) -> CursorResult[Any]:
        """continue the _execute_context() method for a single DBAPI
        cursor.execute() or cursor.executemany() call.
    
        """
        if dialect.bind_typing is BindTyping.SETINPUTSIZES:
            generic_setinputsizes = context._prepare_set_input_sizes()
    
            if generic_setinputsizes:
                try:
                    dialect.do_set_input_sizes(
                        context.cursor, generic_setinputsizes, context
                    )
                except BaseException as e:
                    self._handle_dbapi_exception(
                        e, str(statement), parameters, None, context
                    )
    
        cursor, str_statement, parameters = (
            context.cursor,
            context.statement,
            context.parameters,
        )
    
        effective_parameters: Optional[_AnyExecuteParams]
    
        if not context.executemany:
            effective_parameters = parameters[0]
        else:
            effective_parameters = parameters
    
        if self._has_events or self.engine._has_events:
            for fn in self.dispatch.before_cursor_execute:
                str_statement, effective_parameters = fn(
                    self,
                    cursor,
                    str_statement,
                    effective_parameters,
                    context,
                    context.executemany,
                )
    
        if self._echo:
            self._log_info(str_statement)
    
            stats = context._get_cache_stats()
    
            if not self.engine.hide_parameters:
                self._log_info(
                    "[%s] %r",
                    stats,
                    sql_util._repr_params(
                        effective_parameters,
                        batches=10,
                        ismulti=context.executemany,
                    ),
                )
            else:
                self._log_info(
                    "[%s] [SQL parameters hidden due to hide_parameters=True]",
                    stats,
                )
    
        evt_handled: bool = False
        try:
            if context.execute_style is ExecuteStyle.EXECUTEMANY:
                effective_parameters = cast(
                    "_CoreMultiExecuteParams", effective_parameters
                )
                if self.dialect._has_events:
                    for fn in self.dialect.dispatch.do_executemany:
                        if fn(
                            cursor,
                            str_statement,
                            effective_parameters,
                            context,
                        ):
                            evt_handled = True
                            break
                if not evt_handled:
                    self.dialect.do_executemany(
                        cursor,
                        str_statement,
                        effective_parameters,
                        context,
                    )
            elif not effective_parameters and context.no_parameters:
                if self.dialect._has_events:
                    for fn in self.dialect.dispatch.do_execute_no_params:
                        if fn(cursor, str_statement, context):
                            evt_handled = True
                            break
                if not evt_handled:
                    self.dialect.do_execute_no_params(
                        cursor, str_statement, context
                    )
            else:
                effective_parameters = cast(
                    "_CoreSingleExecuteParams", effective_parameters
                )
                if self.dialect._has_events:
                    for fn in self.dialect.dispatch.do_execute:
                        if fn(
                            cursor,
                            str_statement,
                            effective_parameters,
                            context,
                        ):
                            evt_handled = True
                            break
                if not evt_handled:
>                   self.dialect.do_execute(
                        cursor, str_statement, effective_parameters, context
                    )

C:\Users\Dmitriy\AppData\Local\Programs\Python\Python312\Lib\site-packages\sqlalchemy\engine\base.py:1967: 
_ _ _ _ _ _ _ _ _ _ _ _ _ _ _ _ _ _ _ _ _ _ _ _ _ _ _ _ _ _ _ _ _ _ _ _ _ _ _ _

self = <sqlalchemy.dialects.sqlite.aiosqlite.SQLiteDialect_aiosqlite object at 0x0000024165077FB0>
cursor = <sqlalchemy.dialects.sqlite.aiosqlite.AsyncAdapt_aiosqlite_cursor object at 0x0000024167EDDBA0>
statement = 'SELECT users.id, users.telegram_id, users.username, users.first_name, users.last_name, users.display_name, users.is_premium, users.gender, users.created_at \nFROM users \nWHERE users.telegram_id = ?'
parameters = (222223,)
context = <sqlalchemy.dialects.sqlite.aiosqlite.SQLiteExecutionContext_aiosqlite object at 0x000002416785FFE0>

    def do_execute(self, cursor, statement, parameters, context=None):
>       cursor.execute(statement, parameters)

C:\Users\Dmitriy\AppData\Local\Programs\Python\Python312\Lib\site-packages\sqlalchemy\engine\default.py:952: 
_ _ _ _ _ _ _ _ _ _ _ _ _ _ _ _ _ _ _ _ _ _ _ _ _ _ _ _ _ _ _ _ _ _ _ _ _ _ _ _

self = <sqlalchemy.dialects.sqlite.aiosqlite.AsyncAdapt_aiosqlite_cursor object at 0x0000024167EDDBA0>
operation = 'SELECT users.id, users.telegram_id, users.username, users.first_name, users.last_name, users.display_name, users.is_premium, users.gender, users.created_at \nFROM users \nWHERE users.telegram_id = ?'
parameters = (222223,)

    def execute(
        self,
        operation: Any,
        parameters: Optional[_DBAPISingleExecuteParams] = None,
    ) -> Any:
    
        try:
            _cursor: AsyncIODBAPICursor = self.await_(self._connection.cursor())  # type: ignore[arg-type] # noqa: E501
    
            if parameters is None:
                self.await_(_cursor.execute(operation))
            else:
                self.await_(_cursor.execute(operation, parameters))
    
            if _cursor.description:
                self.description = _cursor.description
                self.lastrowid = self.rowcount = -1
    
                if not self.server_side:
                    self._rows = deque(self.await_(_cursor.fetchall()))
            else:
                self.description = None
                self.lastrowid = _cursor.lastrowid
                self.rowcount = _cursor.rowcount
    
            if not self.server_side:
                self.await_(_cursor.close())
            else:
                self._cursor = _cursor  # type: ignore[misc]
        except Exception as error:
>           self._adapt_connection._handle_exception(error)

C:\Users\Dmitriy\AppData\Local\Programs\Python\Python312\Lib\site-packages\sqlalchemy\dialects\sqlite\aiosqlite.py:182: 
_ _ _ _ _ _ _ _ _ _ _ _ _ _ _ _ _ _ _ _ _ _ _ _ _ _ _ _ _ _ _ _ _ _ _ _ _ _ _ _

self = <AdaptedConnection <aiosqlite.core.Connection object at 0x0000024166416D80>>
error = OperationalError('no such table: users')

    def _handle_exception(self, error: Exception) -> NoReturn:
        if (
            isinstance(error, ValueError)
            and error.args[0] == "no active connection"
        ):
            raise self.dbapi.sqlite.OperationalError(
                "no active connection"
            ) from error
        else:
>           raise error

C:\Users\Dmitriy\AppData\Local\Programs\Python\Python312\Lib\site-packages\sqlalchemy\dialects\sqlite\aiosqlite.py:342: 
_ _ _ _ _ _ _ _ _ _ _ _ _ _ _ _ _ _ _ _ _ _ _ _ _ _ _ _ _ _ _ _ _ _ _ _ _ _ _ _

self = <sqlalchemy.dialects.sqlite.aiosqlite.AsyncAdapt_aiosqlite_cursor object at 0x0000024167EDDBA0>
operation = 'SELECT users.id, users.telegram_id, users.username, users.first_name, users.last_name, users.display_name, users.is_premium, users.gender, users.created_at \nFROM users \nWHERE users.telegram_id = ?'
parameters = (222223,)

    def execute(
        self,
        operation: Any,
        parameters: Optional[_DBAPISingleExecuteParams] = None,
    ) -> Any:
    
        try:
            _cursor: AsyncIODBAPICursor = self.await_(self._connection.cursor())  # type: ignore[arg-type] # noqa: E501
    
            if parameters is None:
                self.await_(_cursor.execute(operation))
            else:
>               self.await_(_cursor.execute(operation, parameters))

C:\Users\Dmitriy\AppData\Local\Programs\Python\Python312\Lib\site-packages\sqlalchemy\dialects\sqlite\aiosqlite.py:164: 
_ _ _ _ _ _ _ _ _ _ _ _ _ _ _ _ _ _ _ _ _ _ _ _ _ _ _ _ _ _ _ _ _ _ _ _ _ _ _ _

awaitable = <coroutine object Cursor.execute at 0x000002416655B3E0>

    def await_only(awaitable: Awaitable[_T]) -> _T:
        """Awaits an async function in a sync method.
    
        The sync method must be inside a :func:`greenlet_spawn` context.
        :func:`await_only` calls cannot be nested.
    
        :param awaitable: The coroutine to call.
    
        """
        # this is called in the context greenlet while running fn
        current = getcurrent()
        if not getattr(current, "__sqlalchemy_greenlet_provider__", False):
            _safe_cancel_awaitable(awaitable)
    
            raise exc.MissingGreenlet(
                "greenlet_spawn has not been called; can't call await_only() "
                "here. Was IO attempted in an unexpected place?"
            )
    
        # returns the control to the driver greenlet passing it
        # a coroutine to run. Once the awaitable is done, the driver greenlet
        # switches back to this greenlet with the result of awaitable that is
        # then returned to the caller (or raised as error)
>       return current.parent.switch(awaitable)  # type: ignore[no-any-return,attr-defined] # noqa: E501
               ^^^^^^^^^^^^^^^^^^^^^^^^^^^^^^^^

C:\Users\Dmitriy\AppData\Local\Programs\Python\Python312\Lib\site-packages\sqlalchemy\util\_concurrency_py3k.py:132: 
_ _ _ _ _ _ _ _ _ _ _ _ _ _ _ _ _ _ _ _ _ _ _ _ _ _ _ _ _ _ _ _ _ _ _ _ _ _ _ _

fn = <bound method Session.execute of <sqlalchemy.orm.session.Session object at 0x00000241665871D0>>
_require_await = False
args = (<sqlalchemy.sql.selectable.Select object at 0x000002416785D760>,)
kwargs = {'bind_arguments': None, 'execution_options': immutabledict({'prebuffer_rows': True}), 'params': None}
context = <_AsyncIoGreenlet object at 0x000002416888B480 (otid=0x0000024164FE5D70) dead>
switch_occurred = True
result = <coroutine object Cursor.execute at 0x000002416655B3E0>
value = <aiosqlite.cursor.Cursor object at 0x000002416785D970>

    async def greenlet_spawn(
        fn: Callable[..., _T],
        *args: Any,
        _require_await: bool = False,
        **kwargs: Any,
    ) -> _T:
        """Runs a sync function ``fn`` in a new greenlet.
    
        The sync function can then use :func:`await_only` to wait for async
        functions.
    
        :param fn: The sync callable to call.
        :param \\*args: Positional arguments to pass to the ``fn`` callable.
        :param \\*\\*kwargs: Keyword arguments to pass to the ``fn`` callable.
        """
    
        result: Any
        context = _AsyncIoGreenlet(fn, getcurrent())
        # runs the function synchronously in gl greenlet. If the execution
        # is interrupted by await_only, context is not dead and result is a
        # coroutine to wait. If the context is dead the function has
        # returned, and its result can be returned.
        switch_occurred = False
        result = context.switch(*args, **kwargs)
        while not context.dead:
            switch_occurred = True
            try:
                # wait for a coroutine from await_only and then return its
                # result back to it.
>               value = await result
                        ^^^^^^^^^^^^

C:\Users\Dmitriy\AppData\Local\Programs\Python\Python312\Lib\site-packages\sqlalchemy\util\_concurrency_py3k.py:196: 
_ _ _ _ _ _ _ _ _ _ _ _ _ _ _ _ _ _ _ _ _ _ _ _ _ _ _ _ _ _ _ _ _ _ _ _ _ _ _ _

self = <aiosqlite.cursor.Cursor object at 0x000002416785D970>
sql = 'SELECT users.id, users.telegram_id, users.username, users.first_name, users.last_name, users.display_name, users.is_premium, users.gender, users.created_at \nFROM users \nWHERE users.telegram_id = ?'
parameters = (222223,)

    async def execute(
        self, sql: str, parameters: Optional[Iterable[Any]] = None
    ) -> "Cursor":
        """Execute the given query."""
        if parameters is None:
            parameters = []
>       await self._execute(self._cursor.execute, sql, parameters)

C:\Users\Dmitriy\AppData\Local\Programs\Python\Python312\Lib\site-packages\aiosqlite\cursor.py:40: 
_ _ _ _ _ _ _ _ _ _ _ _ _ _ _ _ _ _ _ _ _ _ _ _ _ _ _ _ _ _ _ _ _ _ _ _ _ _ _ _

self = <aiosqlite.cursor.Cursor object at 0x000002416785D970>
fn = <built-in method execute of sqlite3.Cursor object at 0x00000241689D7F40>
args = ('SELECT users.id, users.telegram_id, users.username, users.first_name, users.last_name, users.display_name, users.is_premium, users.gender, users.created_at \nFROM users \nWHERE users.telegram_id = ?', (222223,))
kwargs = {}

    async def _execute(self, fn, *args, **kwargs):
        """Execute the given function on the shared connection's thread."""
>       return await self._conn._execute(fn, *args, **kwargs)
               ^^^^^^^^^^^^^^^^^^^^^^^^^^^^^^^^^^^^^^^^^^^^^^

C:\Users\Dmitriy\AppData\Local\Programs\Python\Python312\Lib\site-packages\aiosqlite\cursor.py:32: 
_ _ _ _ _ _ _ _ _ _ _ _ _ _ _ _ _ _ _ _ _ _ _ _ _ _ _ _ _ _ _ _ _ _ _ _ _ _ _ _

self = <aiosqlite.core.Connection object at 0x0000024166416D80>
fn = <built-in method execute of sqlite3.Cursor object at 0x00000241689D7F40>
args = ('SELECT users.id, users.telegram_id, users.username, users.first_name, users.last_name, users.display_name, users.is_premium, users.gender, users.created_at \nFROM users \nWHERE users.telegram_id = ?', (222223,))
kwargs = {}
function = functools.partial(<built-in method execute of sqlite3.Cursor object at 0x00000241689D7F40>, 'SELECT users.id, users.te....display_name, users.is_premium, users.gender, users.created_at \nFROM users \nWHERE users.telegram_id = ?', (222223,))
future = <Future finished exception=OperationalError('no such table: users')>

    async def _execute(self, fn, *args, **kwargs):
        """Queue a function with the given arguments for execution."""
        if not self._running or not self._connection:
            raise ValueError("Connection closed")
    
        function = partial(fn, *args, **kwargs)
        future = asyncio.get_event_loop().create_future()
    
        self._tx.put_nowait((future, function))
    
>       return await future
               ^^^^^^^^^^^^

C:\Users\Dmitriy\AppData\Local\Programs\Python\Python312\Lib\site-packages\aiosqlite\core.py:160: 
_ _ _ _ _ _ _ _ _ _ _ _ _ _ _ _ _ _ _ _ _ _ _ _ _ _ _ _ _ _ _ _ _ _ _ _ _ _ _ _

tx = <_queue.SimpleQueue object at 0x0000024166440770>

    def _connection_worker_thread(tx: _TxQueue):
        """
        Execute function calls on a separate thread.
    
        :meta private:
        """
        while True:
            # Continues running until all queue items are processed,
            # even after connection is closed (so we can finalize all
            # futures)
    
            future, function = tx.get()
    
            try:
                LOG.debug("executing %s", function)
>               result = function()
                         ^^^^^^^^^^
E               sqlite3.OperationalError: no such table: users

C:\Users\Dmitriy\AppData\Local\Programs\Python\Python312\Lib\site-packages\aiosqlite\core.py:63: OperationalError

The above exception was the direct cause of the following exception:

self = <test_services.TestGroupService object at 0x00000241664168D0>

    async def test_get_group_by_code(self):
>       user = await get_or_create_user(MockUser(222223, "owner2"))
               ^^^^^^^^^^^^^^^^^^^^^^^^^^^^^^^^^^^^^^^^^^^^^^^^^^^^

tests\test_services.py:45: 
_ _ _ _ _ _ _ _ _ _ _ _ _ _ _ _ _ _ _ _ _ _ _ _ _ _ _ _ _ _ _ _ _ _ _ _ _ _ _ _

tg_user = <test_services.MockUser object at 0x0000024166587200>

    async def get_or_create_user(tg_user):
        async with SessionLocal() as session:
>           result = await session.execute(select(User).where(User.telegram_id == tg_user.id))
                     ^^^^^^^^^^^^^^^^^^^^^^^^^^^^^^^^^^^^^^^^^^^^^^^^^^^^^^^^^^^^^^^^^^^^^^^^^

services\user_service.py:7: 
_ _ _ _ _ _ _ _ _ _ _ _ _ _ _ _ _ _ _ _ _ _ _ _ _ _ _ _ _ _ _ _ _ _ _ _ _ _ _ _

self = <sqlalchemy.ext.asyncio.session.AsyncSession object at 0x0000024166587290>
statement = <sqlalchemy.sql.selectable.Select object at 0x000002416785D760>
params = None, execution_options = immutabledict({'prebuffer_rows': True})
bind_arguments = None, kw = {}

    async def execute(
        self,
        statement: Executable,
        params: Optional[_CoreAnyExecuteParams] = None,
        *,
        execution_options: OrmExecuteOptionsParameter = util.EMPTY_DICT,
        bind_arguments: Optional[_BindArguments] = None,
        **kw: Any,
    ) -> Result[Any]:
        """Execute a statement and return a buffered
        :class:`_engine.Result` object.
    
        .. seealso::
    
            :meth:`_orm.Session.execute` - main documentation for execute
    
        """
    
        if execution_options:
            execution_options = util.immutabledict(execution_options).union(
                _EXECUTE_OPTIONS
            )
        else:
            execution_options = _EXECUTE_OPTIONS
    
>       result = await greenlet_spawn(
            self.sync_session.execute,
            statement,
            params=params,
            execution_options=execution_options,
            bind_arguments=bind_arguments,
            **kw,
        )

C:\Users\Dmitriy\AppData\Local\Programs\Python\Python312\Lib\site-packages\sqlalchemy\ext\asyncio\session.py:449: 
_ _ _ _ _ _ _ _ _ _ _ _ _ _ _ _ _ _ _ _ _ _ _ _ _ _ _ _ _ _ _ _ _ _ _ _ _ _ _ _

fn = <bound method Session.execute of <sqlalchemy.orm.session.Session object at 0x00000241665871D0>>
_require_await = False
args = (<sqlalchemy.sql.selectable.Select object at 0x000002416785D760>,)
kwargs = {'bind_arguments': None, 'execution_options': immutabledict({'prebuffer_rows': True}), 'params': None}
context = <_AsyncIoGreenlet object at 0x000002416888B480 (otid=0x0000024164FE5D70) dead>
switch_occurred = True
result = <coroutine object Cursor.execute at 0x000002416655B3E0>
value = <aiosqlite.cursor.Cursor object at 0x000002416785D970>

    async def greenlet_spawn(
        fn: Callable[..., _T],
        *args: Any,
        _require_await: bool = False,
        **kwargs: Any,
    ) -> _T:
        """Runs a sync function ``fn`` in a new greenlet.
    
        The sync function can then use :func:`await_only` to wait for async
        functions.
    
        :param fn: The sync callable to call.
        :param \\*args: Positional arguments to pass to the ``fn`` callable.
        :param \\*\\*kwargs: Keyword arguments to pass to the ``fn`` callable.
        """
    
        result: Any
        context = _AsyncIoGreenlet(fn, getcurrent())
        # runs the function synchronously in gl greenlet. If the execution
        # is interrupted by await_only, context is not dead and result is a
        # coroutine to wait. If the context is dead the function has
        # returned, and its result can be returned.
        switch_occurred = False
        result = context.switch(*args, **kwargs)
        while not context.dead:
            switch_occurred = True
            try:
                # wait for a coroutine from await_only and then return its
                # result back to it.
                value = await result
            except BaseException:
                # this allows an exception to be raised within
                # the moderated greenlet so that it can continue
                # its expected flow.
>               result = context.throw(*sys.exc_info())
                         ^^^^^^^^^^^^^^^^^^^^^^^^^^^^^^

C:\Users\Dmitriy\AppData\Local\Programs\Python\Python312\Lib\site-packages\sqlalchemy\util\_concurrency_py3k.py:201: 
_ _ _ _ _ _ _ _ _ _ _ _ _ _ _ _ _ _ _ _ _ _ _ _ _ _ _ _ _ _ _ _ _ _ _ _ _ _ _ _

self = <sqlalchemy.orm.session.Session object at 0x00000241665871D0>
statement = <sqlalchemy.sql.selectable.Select object at 0x000002416785D760>
params = None

    def execute(
        self,
        statement: Executable,
        params: Optional[_CoreAnyExecuteParams] = None,
        *,
        execution_options: OrmExecuteOptionsParameter = util.EMPTY_DICT,
        bind_arguments: Optional[_BindArguments] = None,
        _parent_execute_state: Optional[Any] = None,
        _add_event: Optional[Any] = None,
    ) -> Result[Any]:
        r"""Execute a SQL expression construct.
    
        Returns a :class:`_engine.Result` object representing
        results of the statement execution.
    
        E.g.::
    
            from sqlalchemy import select
    
            result = session.execute(select(User).where(User.id == 5))
    
        The API contract of :meth:`_orm.Session.execute` is similar to that
        of :meth:`_engine.Connection.execute`, the :term:`2.0 style` version
        of :class:`_engine.Connection`.
    
        .. versionchanged:: 1.4 the :meth:`_orm.Session.execute` method is
           now the primary point of ORM statement execution when using
           :term:`2.0 style` ORM usage.
    
        :param statement:
            An executable statement (i.e. an :class:`.Executable` expression
            such as :func:`_expression.select`).
    
        :param params:
            Optional dictionary, or list of dictionaries, containing
            bound parameter values.   If a single dictionary, single-row
            execution occurs; if a list of dictionaries, an
            "executemany" will be invoked.  The keys in each dictionary
            must correspond to parameter names present in the statement.
    
        :param execution_options: optional dictionary of execution options,
         which will be associated with the statement execution.  This
         dictionary can provide a subset of the options that are accepted
         by :meth:`_engine.Connection.execution_options`, and may also
         provide additional options understood only in an ORM context.
    
         .. seealso::
    
            :ref:`orm_queryguide_execution_options` - ORM-specific execution
            options
    
        :param bind_arguments: dictionary of additional arguments to determine
         the bind.  May include "mapper", "bind", or other custom arguments.
         Contents of this dictionary are passed to the
         :meth:`.Session.get_bind` method.
    
        :return: a :class:`_engine.Result` object.
    
    
        """
>       return self._execute_internal(
            statement,
            params,
            execution_options=execution_options,
            bind_arguments=bind_arguments,
            _parent_execute_state=_parent_execute_state,
            _add_event=_add_event,
        )

C:\Users\Dmitriy\AppData\Local\Programs\Python\Python312\Lib\site-packages\sqlalchemy\orm\session.py:2351: 
_ _ _ _ _ _ _ _ _ _ _ _ _ _ _ _ _ _ _ _ _ _ _ _ _ _ _ _ _ _ _ _ _ _ _ _ _ _ _ _

self = <sqlalchemy.orm.session.Session object at 0x00000241665871D0>
statement = <sqlalchemy.sql.selectable.Select object at 0x000002416785D760>
params = None

    def _execute_internal(
        self,
        statement: Executable,
        params: Optional[_CoreAnyExecuteParams] = None,
        *,
        execution_options: OrmExecuteOptionsParameter = util.EMPTY_DICT,
        bind_arguments: Optional[_BindArguments] = None,
        _parent_execute_state: Optional[Any] = None,
        _add_event: Optional[Any] = None,
        _scalar_result: bool = False,
    ) -> Any:
        statement = coercions.expect(roles.StatementRole, statement)
    
        if not bind_arguments:
            bind_arguments = {}
        else:
            bind_arguments = dict(bind_arguments)
    
        if (
            statement._propagate_attrs.get("compile_state_plugin", None)
            == "orm"
        ):
            compile_state_cls = CompileState._get_plugin_class_for_plugin(
                statement, "orm"
            )
            if TYPE_CHECKING:
                assert isinstance(
                    compile_state_cls, context.AbstractORMCompileState
                )
        else:
            compile_state_cls = None
            bind_arguments.setdefault("clause", statement)
    
        execution_options = util.coerce_to_immutabledict(execution_options)
    
        if _parent_execute_state:
            events_todo = _parent_execute_state._remaining_events()
        else:
            events_todo = self.dispatch.do_orm_execute
            if _add_event:
                events_todo = list(events_todo) + [_add_event]
    
        if events_todo:
            if compile_state_cls is not None:
                # for event handlers, do the orm_pre_session_exec
                # pass ahead of the event handlers, so that things like
                # .load_options, .update_delete_options etc. are populated.
                # is_pre_event=True allows the hook to hold off on things
                # it doesn't want to do twice, including autoflush as well
                # as "pre fetch" for DML, etc.
                (
                    statement,
                    execution_options,
                ) = compile_state_cls.orm_pre_session_exec(
                    self,
                    statement,
                    params,
                    execution_options,
                    bind_arguments,
                    True,
                )
    
            orm_exec_state = ORMExecuteState(
                self,
                statement,
                params,
                execution_options,
                bind_arguments,
                compile_state_cls,
                events_todo,
            )
            for idx, fn in enumerate(events_todo):
                orm_exec_state._starting_event_idx = idx
                fn_result: Optional[Result[Any]] = fn(orm_exec_state)
                if fn_result:
                    if _scalar_result:
                        return fn_result.scalar()
                    else:
                        return fn_result
    
            statement = orm_exec_state.statement
            execution_options = orm_exec_state.local_execution_options
    
        if compile_state_cls is not None:
            # now run orm_pre_session_exec() "for real".   if there were
            # event hooks, this will re-run the steps that interpret
            # new execution_options into load_options / update_delete_options,
            # which we assume the event hook might have updated.
            # autoflush will also be invoked in this step if enabled.
            (
                statement,
                execution_options,
            ) = compile_state_cls.orm_pre_session_exec(
                self,
                statement,
                params,
                execution_options,
                bind_arguments,
                False,
            )
    
        bind = self.get_bind(**bind_arguments)
    
        conn = self._connection_for_bind(bind)
    
        if _scalar_result and not compile_state_cls:
            if TYPE_CHECKING:
                params = cast(_CoreSingleExecuteParams, params)
            return conn.scalar(
                statement, params or {}, execution_options=execution_options
            )
    
        if compile_state_cls:
>           result: Result[Any] = compile_state_cls.orm_execute_statement(
                self,
                statement,
                params or {},
                execution_options,
                bind_arguments,
                conn,
            )

C:\Users\Dmitriy\AppData\Local\Programs\Python\Python312\Lib\site-packages\sqlalchemy\orm\session.py:2249: 
_ _ _ _ _ _ _ _ _ _ _ _ _ _ _ _ _ _ _ _ _ _ _ _ _ _ _ _ _ _ _ _ _ _ _ _ _ _ _ _

cls = <class 'sqlalchemy.orm.context.ORMSelectCompileState'>
session = <sqlalchemy.orm.session.Session object at 0x00000241665871D0>
statement = <sqlalchemy.sql.selectable.Select object at 0x000002416785D760>
params = {}
execution_options = immutabledict({'prebuffer_rows': True, '_result_disable_adapt_to_context': True})
bind_arguments = {'clause': <sqlalchemy.sql.selectable.Select object at 0x000002416785D760>, 'mapper': <Mapper at 0x2416627b620; User>}
conn = <sqlalchemy.engine.base.Connection object at 0x000002416785C6B0>

    @classmethod
    def orm_execute_statement(
        cls,
        session,
        statement,
        params,
        execution_options,
        bind_arguments,
        conn,
    ) -> Result:
>       result = conn.execute(
            statement, params or {}, execution_options=execution_options
        )

C:\Users\Dmitriy\AppData\Local\Programs\Python\Python312\Lib\site-packages\sqlalchemy\orm\context.py:306: 
_ _ _ _ _ _ _ _ _ _ _ _ _ _ _ _ _ _ _ _ _ _ _ _ _ _ _ _ _ _ _ _ _ _ _ _ _ _ _ _

self = <sqlalchemy.engine.base.Connection object at 0x000002416785C6B0>
statement = <sqlalchemy.sql.selectable.Select object at 0x000002416785D760>
parameters = {}

    def execute(
        self,
        statement: Executable,
        parameters: Optional[_CoreAnyExecuteParams] = None,
        *,
        execution_options: Optional[CoreExecuteOptionsParameter] = None,
    ) -> CursorResult[Any]:
        r"""Executes a SQL statement construct and returns a
        :class:`_engine.CursorResult`.
    
        :param statement: The statement to be executed.  This is always
         an object that is in both the :class:`_expression.ClauseElement` and
         :class:`_expression.Executable` hierarchies, including:
    
         * :class:`_expression.Select`
         * :class:`_expression.Insert`, :class:`_expression.Update`,
           :class:`_expression.Delete`
         * :class:`_expression.TextClause` and
           :class:`_expression.TextualSelect`
         * :class:`_schema.DDL` and objects which inherit from
           :class:`_schema.ExecutableDDLElement`
    
        :param parameters: parameters which will be bound into the statement.
         This may be either a dictionary of parameter names to values,
         or a mutable sequence (e.g. a list) of dictionaries.  When a
         list of dictionaries is passed, the underlying statement execution
         will make use of the DBAPI ``cursor.executemany()`` method.
         When a single dictionary is passed, the DBAPI ``cursor.execute()``
         method will be used.
    
        :param execution_options: optional dictionary of execution options,
         which will be associated with the statement execution.  This
         dictionary can provide a subset of the options that are accepted
         by :meth:`_engine.Connection.execution_options`.
    
        :return: a :class:`_engine.Result` object.
    
        """
        distilled_parameters = _distill_params_20(parameters)
        try:
            meth = statement._execute_on_connection
        except AttributeError as err:
            raise exc.ObjectNotExecutableError(statement) from err
        else:
>           return meth(
                self,
                distilled_parameters,
                execution_options or NO_OPTIONS,
            )

C:\Users\Dmitriy\AppData\Local\Programs\Python\Python312\Lib\site-packages\sqlalchemy\engine\base.py:1419: 
_ _ _ _ _ _ _ _ _ _ _ _ _ _ _ _ _ _ _ _ _ _ _ _ _ _ _ _ _ _ _ _ _ _ _ _ _ _ _ _

self = <sqlalchemy.sql.selectable.Select object at 0x000002416785D760>
connection = <sqlalchemy.engine.base.Connection object at 0x000002416785C6B0>
distilled_params = [{}]
execution_options = immutabledict({'prebuffer_rows': True, '_result_disable_adapt_to_context': True})

    def _execute_on_connection(
        self,
        connection: Connection,
        distilled_params: _CoreMultiExecuteParams,
        execution_options: CoreExecuteOptionsParameter,
    ) -> Result[Any]:
        if self.supports_execution:
            if TYPE_CHECKING:
                assert isinstance(self, Executable)
>           return connection._execute_clauseelement(
                self, distilled_params, execution_options
            )

C:\Users\Dmitriy\AppData\Local\Programs\Python\Python312\Lib\site-packages\sqlalchemy\sql\elements.py:527: 
_ _ _ _ _ _ _ _ _ _ _ _ _ _ _ _ _ _ _ _ _ _ _ _ _ _ _ _ _ _ _ _ _ _ _ _ _ _ _ _

self = <sqlalchemy.engine.base.Connection object at 0x000002416785C6B0>
elem = <sqlalchemy.sql.selectable.Select object at 0x000002416785D760>
distilled_parameters = [{}]
execution_options = immutabledict({'prebuffer_rows': True, '_result_disable_adapt_to_context': True})

    def _execute_clauseelement(
        self,
        elem: Executable,
        distilled_parameters: _CoreMultiExecuteParams,
        execution_options: CoreExecuteOptionsParameter,
    ) -> CursorResult[Any]:
        """Execute a sql.ClauseElement object."""
    
        execution_options = elem._execution_options.merge_with(
            self._execution_options, execution_options
        )
    
        has_events = self._has_events or self.engine._has_events
        if has_events:
            (
                elem,
                distilled_parameters,
                event_multiparams,
                event_params,
            ) = self._invoke_before_exec_event(
                elem, distilled_parameters, execution_options
            )
    
        if distilled_parameters:
            # ensure we don't retain a link to the view object for keys()
            # which links to the values, which we don't want to cache
            keys = sorted(distilled_parameters[0])
            for_executemany = len(distilled_parameters) > 1
        else:
            keys = []
            for_executemany = False
    
        dialect = self.dialect
    
        schema_translate_map = execution_options.get(
            "schema_translate_map", None
        )
    
        compiled_cache: Optional[CompiledCacheType] = execution_options.get(
            "compiled_cache", self.engine._compiled_cache
        )
    
        compiled_sql, extracted_params, cache_hit = elem._compile_w_cache(
            dialect=dialect,
            compiled_cache=compiled_cache,
            column_keys=keys,
            for_executemany=for_executemany,
            schema_translate_map=schema_translate_map,
            linting=self.dialect.compiler_linting | compiler.WARN_LINTING,
        )
>       ret = self._execute_context(
            dialect,
            dialect.execution_ctx_cls._init_compiled,
            compiled_sql,
            distilled_parameters,
            execution_options,
            compiled_sql,
            distilled_parameters,
            elem,
            extracted_params,
            cache_hit=cache_hit,
        )

C:\Users\Dmitriy\AppData\Local\Programs\Python\Python312\Lib\site-packages\sqlalchemy\engine\base.py:1641: 
_ _ _ _ _ _ _ _ _ _ _ _ _ _ _ _ _ _ _ _ _ _ _ _ _ _ _ _ _ _ _ _ _ _ _ _ _ _ _ _

self = <sqlalchemy.engine.base.Connection object at 0x000002416785C6B0>
dialect = <sqlalchemy.dialects.sqlite.aiosqlite.SQLiteDialect_aiosqlite object at 0x0000024165077FB0>
constructor = <bound method DefaultExecutionContext._init_compiled of <class 'sqlalchemy.dialects.sqlite.aiosqlite.SQLiteExecutionContext_aiosqlite'>>
statement = <sqlalchemy.dialects.sqlite.base.SQLiteCompiler object at 0x0000024166416330>
parameters = [{}]
execution_options = immutabledict({'prebuffer_rows': True, '_result_disable_adapt_to_context': True})
args = (<sqlalchemy.dialects.sqlite.base.SQLiteCompiler object at 0x0000024166416330>, [{}], <sqlalchemy.sql.selectable.Select object at 0x000002416785D760>, [BindParameter('%(2479932951344 telegram_id)s', 222223, type_=BigInteger())])
kw = {'cache_hit': <CacheStats.CACHE_HIT: 0>}, yp = None
conn = <sqlalchemy.pool.base._ConnectionFairy object at 0x0000024167EDD6D0>
context = <sqlalchemy.dialects.sqlite.aiosqlite.SQLiteExecutionContext_aiosqlite object at 0x000002416785FFE0>

    def _execute_context(
        self,
        dialect: Dialect,
        constructor: Callable[..., ExecutionContext],
        statement: Union[str, Compiled],
        parameters: Optional[_AnyMultiExecuteParams],
        execution_options: _ExecuteOptions,
        *args: Any,
        **kw: Any,
    ) -> CursorResult[Any]:
        """Create an :class:`.ExecutionContext` and execute, returning
        a :class:`_engine.CursorResult`."""
    
        if execution_options:
            yp = execution_options.get("yield_per", None)
            if yp:
                execution_options = execution_options.union(
                    {"stream_results": True, "max_row_buffer": yp}
                )
        try:
            conn = self._dbapi_connection
            if conn is None:
                conn = self._revalidate_connection()
    
            context = constructor(
                dialect, self, conn, execution_options, *args, **kw
            )
        except (exc.PendingRollbackError, exc.ResourceClosedError):
            raise
        except BaseException as e:
            self._handle_dbapi_exception(
                e, str(statement), parameters, None, None
            )
    
        if (
            self._transaction
            and not self._transaction.is_active
            or (
                self._nested_transaction
                and not self._nested_transaction.is_active
            )
        ):
            self._invalid_transaction()
    
        elif self._trans_context_manager:
            TransactionalContext._trans_ctx_check(self)
    
        if self._transaction is None:
            self._autobegin()
    
        context.pre_exec()
    
        if context.execute_style is ExecuteStyle.INSERTMANYVALUES:
            return self._exec_insertmany_context(dialect, context)
        else:
>           return self._exec_single_context(
                dialect, context, statement, parameters
            )

C:\Users\Dmitriy\AppData\Local\Programs\Python\Python312\Lib\site-packages\sqlalchemy\engine\base.py:1846: 
_ _ _ _ _ _ _ _ _ _ _ _ _ _ _ _ _ _ _ _ _ _ _ _ _ _ _ _ _ _ _ _ _ _ _ _ _ _ _ _

self = <sqlalchemy.engine.base.Connection object at 0x000002416785C6B0>
dialect = <sqlalchemy.dialects.sqlite.aiosqlite.SQLiteDialect_aiosqlite object at 0x0000024165077FB0>
context = <sqlalchemy.dialects.sqlite.aiosqlite.SQLiteExecutionContext_aiosqlite object at 0x000002416785FFE0>
statement = <sqlalchemy.dialects.sqlite.base.SQLiteCompiler object at 0x0000024166416330>
parameters = [(222223,)]

    def _exec_single_context(
        self,
        dialect: Dialect,
        context: ExecutionContext,
        statement: Union[str, Compiled],
        parameters: Optional[_AnyMultiExecuteParams],
    ) -> CursorResult[Any]:
        """continue the _execute_context() method for a single DBAPI
        cursor.execute() or cursor.executemany() call.
    
        """
        if dialect.bind_typing is BindTyping.SETINPUTSIZES:
            generic_setinputsizes = context._prepare_set_input_sizes()
    
            if generic_setinputsizes:
                try:
                    dialect.do_set_input_sizes(
                        context.cursor, generic_setinputsizes, context
                    )
                except BaseException as e:
                    self._handle_dbapi_exception(
                        e, str(statement), parameters, None, context
                    )
    
        cursor, str_statement, parameters = (
            context.cursor,
            context.statement,
            context.parameters,
        )
    
        effective_parameters: Optional[_AnyExecuteParams]
    
        if not context.executemany:
            effective_parameters = parameters[0]
        else:
            effective_parameters = parameters
    
        if self._has_events or self.engine._has_events:
            for fn in self.dispatch.before_cursor_execute:
                str_statement, effective_parameters = fn(
                    self,
                    cursor,
                    str_statement,
                    effective_parameters,
                    context,
                    context.executemany,
                )
    
        if self._echo:
            self._log_info(str_statement)
    
            stats = context._get_cache_stats()
    
            if not self.engine.hide_parameters:
                self._log_info(
                    "[%s] %r",
                    stats,
                    sql_util._repr_params(
                        effective_parameters,
                        batches=10,
                        ismulti=context.executemany,
                    ),
                )
            else:
                self._log_info(
                    "[%s] [SQL parameters hidden due to hide_parameters=True]",
                    stats,
                )
    
        evt_handled: bool = False
        try:
            if context.execute_style is ExecuteStyle.EXECUTEMANY:
                effective_parameters = cast(
                    "_CoreMultiExecuteParams", effective_parameters
                )
                if self.dialect._has_events:
                    for fn in self.dialect.dispatch.do_executemany:
                        if fn(
                            cursor,
                            str_statement,
                            effective_parameters,
                            context,
                        ):
                            evt_handled = True
                            break
                if not evt_handled:
                    self.dialect.do_executemany(
                        cursor,
                        str_statement,
                        effective_parameters,
                        context,
                    )
            elif not effective_parameters and context.no_parameters:
                if self.dialect._has_events:
                    for fn in self.dialect.dispatch.do_execute_no_params:
                        if fn(cursor, str_statement, context):
                            evt_handled = True
                            break
                if not evt_handled:
                    self.dialect.do_execute_no_params(
                        cursor, str_statement, context
                    )
            else:
                effective_parameters = cast(
                    "_CoreSingleExecuteParams", effective_parameters
                )
                if self.dialect._has_events:
                    for fn in self.dialect.dispatch.do_execute:
                        if fn(
                            cursor,
                            str_statement,
                            effective_parameters,
                            context,
                        ):
                            evt_handled = True
                            break
                if not evt_handled:
                    self.dialect.do_execute(
                        cursor, str_statement, effective_parameters, context
                    )
    
            if self._has_events or self.engine._has_events:
                self.dispatch.after_cursor_execute(
                    self,
                    cursor,
                    str_statement,
                    effective_parameters,
                    context,
                    context.executemany,
                )
    
            context.post_exec()
    
            result = context._setup_result_proxy()
    
        except BaseException as e:
>           self._handle_dbapi_exception(
                e, str_statement, effective_parameters, cursor, context
            )

C:\Users\Dmitriy\AppData\Local\Programs\Python\Python312\Lib\site-packages\sqlalchemy\engine\base.py:1986: 
_ _ _ _ _ _ _ _ _ _ _ _ _ _ _ _ _ _ _ _ _ _ _ _ _ _ _ _ _ _ _ _ _ _ _ _ _ _ _ _

self = <sqlalchemy.engine.base.Connection object at 0x000002416785C6B0>
e = OperationalError('no such table: users')
statement = 'SELECT users.id, users.telegram_id, users.username, users.first_name, users.last_name, users.display_name, users.is_premium, users.gender, users.created_at \nFROM users \nWHERE users.telegram_id = ?'
parameters = (222223,)
cursor = <sqlalchemy.dialects.sqlite.aiosqlite.AsyncAdapt_aiosqlite_cursor object at 0x0000024167EDDBA0>
context = <sqlalchemy.dialects.sqlite.aiosqlite.SQLiteExecutionContext_aiosqlite object at 0x000002416785FFE0>
is_sub_exec = False

    def _handle_dbapi_exception(
        self,
        e: BaseException,
        statement: Optional[str],
        parameters: Optional[_AnyExecuteParams],
        cursor: Optional[DBAPICursor],
        context: Optional[ExecutionContext],
        is_sub_exec: bool = False,
    ) -> NoReturn:
        exc_info = sys.exc_info()
    
        is_exit_exception = util.is_exit_exception(e)
    
        if not self._is_disconnect:
            self._is_disconnect = (
                isinstance(e, self.dialect.loaded_dbapi.Error)
                and not self.closed
                and self.dialect.is_disconnect(
                    e,
                    self._dbapi_connection if not self.invalidated else None,
                    cursor,
                )
            ) or (is_exit_exception and not self.closed)
    
        invalidate_pool_on_disconnect = not is_exit_exception
    
        ismulti: bool = (
            not is_sub_exec and context.executemany
            if context is not None
            else False
        )
        if self._reentrant_error:
            raise exc.DBAPIError.instance(
                statement,
                parameters,
                e,
                self.dialect.loaded_dbapi.Error,
                hide_parameters=self.engine.hide_parameters,
                dialect=self.dialect,
                ismulti=ismulti,
            ).with_traceback(exc_info[2]) from e
        self._reentrant_error = True
        try:
            # non-DBAPI error - if we already got a context,
            # or there's no string statement, don't wrap it
            should_wrap = isinstance(e, self.dialect.loaded_dbapi.Error) or (
                statement is not None
                and context is None
                and not is_exit_exception
            )
    
            if should_wrap:
                sqlalchemy_exception = exc.DBAPIError.instance(
                    statement,
                    parameters,
                    cast(Exception, e),
                    self.dialect.loaded_dbapi.Error,
                    hide_parameters=self.engine.hide_parameters,
                    connection_invalidated=self._is_disconnect,
                    dialect=self.dialect,
                    ismulti=ismulti,
                )
            else:
                sqlalchemy_exception = None
    
            newraise = None
    
            if (self.dialect._has_events) and not self._execution_options.get(
                "skip_user_error_events", False
            ):
                ctx = ExceptionContextImpl(
                    e,
                    sqlalchemy_exception,
                    self.engine,
                    self.dialect,
                    self,
                    cursor,
                    statement,
                    parameters,
                    context,
                    self._is_disconnect,
                    invalidate_pool_on_disconnect,
                    False,
                )
    
                for fn in self.dialect.dispatch.handle_error:
                    try:
                        # handler returns an exception;
                        # call next handler in a chain
                        per_fn = fn(ctx)
                        if per_fn is not None:
                            ctx.chained_exception = newraise = per_fn
                    except Exception as _raised:
                        # handler raises an exception - stop processing
                        newraise = _raised
                        break
    
                if self._is_disconnect != ctx.is_disconnect:
                    self._is_disconnect = ctx.is_disconnect
                    if sqlalchemy_exception:
                        sqlalchemy_exception.connection_invalidated = (
                            ctx.is_disconnect
                        )
    
                # set up potentially user-defined value for
                # invalidate pool.
                invalidate_pool_on_disconnect = (
                    ctx.invalidate_pool_on_disconnect
                )
    
            if should_wrap and context:
                context.handle_dbapi_exception(e)
    
            if not self._is_disconnect:
                if cursor:
                    self._safe_close_cursor(cursor)
                # "autorollback" was mostly relevant in 1.x series.
                # It's very unlikely to reach here, as the connection
                # does autobegin so when we are here, we are usually
                # in an explicit / semi-explicit transaction.
                # however we have a test which manufactures this
                # scenario in any case using an event handler.
                # test/engine/test_execute.py-> test_actual_autorollback
                if not self.in_transaction():
                    self._rollback_impl()
    
            if newraise:
                raise newraise.with_traceback(exc_info[2]) from e
            elif should_wrap:
                assert sqlalchemy_exception is not None
>               raise sqlalchemy_exception.with_traceback(exc_info[2]) from e

C:\Users\Dmitriy\AppData\Local\Programs\Python\Python312\Lib\site-packages\sqlalchemy\engine\base.py:2363: 
_ _ _ _ _ _ _ _ _ _ _ _ _ _ _ _ _ _ _ _ _ _ _ _ _ _ _ _ _ _ _ _ _ _ _ _ _ _ _ _

self = <sqlalchemy.engine.base.Connection object at 0x000002416785C6B0>
dialect = <sqlalchemy.dialects.sqlite.aiosqlite.SQLiteDialect_aiosqlite object at 0x0000024165077FB0>
context = <sqlalchemy.dialects.sqlite.aiosqlite.SQLiteExecutionContext_aiosqlite object at 0x000002416785FFE0>
statement = <sqlalchemy.dialects.sqlite.base.SQLiteCompiler object at 0x0000024166416330>
parameters = [(222223,)]

    def _exec_single_context(
        self,
        dialect: Dialect,
        context: ExecutionContext,
        statement: Union[str, Compiled],
        parameters: Optional[_AnyMultiExecuteParams],
    ) -> CursorResult[Any]:
        """continue the _execute_context() method for a single DBAPI
        cursor.execute() or cursor.executemany() call.
    
        """
        if dialect.bind_typing is BindTyping.SETINPUTSIZES:
            generic_setinputsizes = context._prepare_set_input_sizes()
    
            if generic_setinputsizes:
                try:
                    dialect.do_set_input_sizes(
                        context.cursor, generic_setinputsizes, context
                    )
                except BaseException as e:
                    self._handle_dbapi_exception(
                        e, str(statement), parameters, None, context
                    )
    
        cursor, str_statement, parameters = (
            context.cursor,
            context.statement,
            context.parameters,
        )
    
        effective_parameters: Optional[_AnyExecuteParams]
    
        if not context.executemany:
            effective_parameters = parameters[0]
        else:
            effective_parameters = parameters
    
        if self._has_events or self.engine._has_events:
            for fn in self.dispatch.before_cursor_execute:
                str_statement, effective_parameters = fn(
                    self,
                    cursor,
                    str_statement,
                    effective_parameters,
                    context,
                    context.executemany,
                )
    
        if self._echo:
            self._log_info(str_statement)
    
            stats = context._get_cache_stats()
    
            if not self.engine.hide_parameters:
                self._log_info(
                    "[%s] %r",
                    stats,
                    sql_util._repr_params(
                        effective_parameters,
                        batches=10,
                        ismulti=context.executemany,
                    ),
                )
            else:
                self._log_info(
                    "[%s] [SQL parameters hidden due to hide_parameters=True]",
                    stats,
                )
    
        evt_handled: bool = False
        try:
            if context.execute_style is ExecuteStyle.EXECUTEMANY:
                effective_parameters = cast(
                    "_CoreMultiExecuteParams", effective_parameters
                )
                if self.dialect._has_events:
                    for fn in self.dialect.dispatch.do_executemany:
                        if fn(
                            cursor,
                            str_statement,
                            effective_parameters,
                            context,
                        ):
                            evt_handled = True
                            break
                if not evt_handled:
                    self.dialect.do_executemany(
                        cursor,
                        str_statement,
                        effective_parameters,
                        context,
                    )
            elif not effective_parameters and context.no_parameters:
                if self.dialect._has_events:
                    for fn in self.dialect.dispatch.do_execute_no_params:
                        if fn(cursor, str_statement, context):
                            evt_handled = True
                            break
                if not evt_handled:
                    self.dialect.do_execute_no_params(
                        cursor, str_statement, context
                    )
            else:
                effective_parameters = cast(
                    "_CoreSingleExecuteParams", effective_parameters
                )
                if self.dialect._has_events:
                    for fn in self.dialect.dispatch.do_execute:
                        if fn(
                            cursor,
                            str_statement,
                            effective_parameters,
                            context,
                        ):
                            evt_handled = True
                            break
                if not evt_handled:
>                   self.dialect.do_execute(
                        cursor, str_statement, effective_parameters, context
                    )

C:\Users\Dmitriy\AppData\Local\Programs\Python\Python312\Lib\site-packages\sqlalchemy\engine\base.py:1967: 
_ _ _ _ _ _ _ _ _ _ _ _ _ _ _ _ _ _ _ _ _ _ _ _ _ _ _ _ _ _ _ _ _ _ _ _ _ _ _ _

self = <sqlalchemy.dialects.sqlite.aiosqlite.SQLiteDialect_aiosqlite object at 0x0000024165077FB0>
cursor = <sqlalchemy.dialects.sqlite.aiosqlite.AsyncAdapt_aiosqlite_cursor object at 0x0000024167EDDBA0>
statement = 'SELECT users.id, users.telegram_id, users.username, users.first_name, users.last_name, users.display_name, users.is_premium, users.gender, users.created_at \nFROM users \nWHERE users.telegram_id = ?'
parameters = (222223,)
context = <sqlalchemy.dialects.sqlite.aiosqlite.SQLiteExecutionContext_aiosqlite object at 0x000002416785FFE0>

    def do_execute(self, cursor, statement, parameters, context=None):
>       cursor.execute(statement, parameters)

C:\Users\Dmitriy\AppData\Local\Programs\Python\Python312\Lib\site-packages\sqlalchemy\engine\default.py:952: 
_ _ _ _ _ _ _ _ _ _ _ _ _ _ _ _ _ _ _ _ _ _ _ _ _ _ _ _ _ _ _ _ _ _ _ _ _ _ _ _

self = <sqlalchemy.dialects.sqlite.aiosqlite.AsyncAdapt_aiosqlite_cursor object at 0x0000024167EDDBA0>
operation = 'SELECT users.id, users.telegram_id, users.username, users.first_name, users.last_name, users.display_name, users.is_premium, users.gender, users.created_at \nFROM users \nWHERE users.telegram_id = ?'
parameters = (222223,)

    def execute(
        self,
        operation: Any,
        parameters: Optional[_DBAPISingleExecuteParams] = None,
    ) -> Any:
    
        try:
            _cursor: AsyncIODBAPICursor = self.await_(self._connection.cursor())  # type: ignore[arg-type] # noqa: E501
    
            if parameters is None:
                self.await_(_cursor.execute(operation))
            else:
                self.await_(_cursor.execute(operation, parameters))
    
            if _cursor.description:
                self.description = _cursor.description
                self.lastrowid = self.rowcount = -1
    
                if not self.server_side:
                    self._rows = deque(self.await_(_cursor.fetchall()))
            else:
                self.description = None
                self.lastrowid = _cursor.lastrowid
                self.rowcount = _cursor.rowcount
    
            if not self.server_side:
                self.await_(_cursor.close())
            else:
                self._cursor = _cursor  # type: ignore[misc]
        except Exception as error:
>           self._adapt_connection._handle_exception(error)

C:\Users\Dmitriy\AppData\Local\Programs\Python\Python312\Lib\site-packages\sqlalchemy\dialects\sqlite\aiosqlite.py:182: 
_ _ _ _ _ _ _ _ _ _ _ _ _ _ _ _ _ _ _ _ _ _ _ _ _ _ _ _ _ _ _ _ _ _ _ _ _ _ _ _

self = <AdaptedConnection <aiosqlite.core.Connection object at 0x0000024166416D80>>
error = OperationalError('no such table: users')

    def _handle_exception(self, error: Exception) -> NoReturn:
        if (
            isinstance(error, ValueError)
            and error.args[0] == "no active connection"
        ):
            raise self.dbapi.sqlite.OperationalError(
                "no active connection"
            ) from error
        else:
>           raise error

C:\Users\Dmitriy\AppData\Local\Programs\Python\Python312\Lib\site-packages\sqlalchemy\dialects\sqlite\aiosqlite.py:342: 
_ _ _ _ _ _ _ _ _ _ _ _ _ _ _ _ _ _ _ _ _ _ _ _ _ _ _ _ _ _ _ _ _ _ _ _ _ _ _ _

self = <sqlalchemy.dialects.sqlite.aiosqlite.AsyncAdapt_aiosqlite_cursor object at 0x0000024167EDDBA0>
operation = 'SELECT users.id, users.telegram_id, users.username, users.first_name, users.last_name, users.display_name, users.is_premium, users.gender, users.created_at \nFROM users \nWHERE users.telegram_id = ?'
parameters = (222223,)

    def execute(
        self,
        operation: Any,
        parameters: Optional[_DBAPISingleExecuteParams] = None,
    ) -> Any:
    
        try:
            _cursor: AsyncIODBAPICursor = self.await_(self._connection.cursor())  # type: ignore[arg-type] # noqa: E501
    
            if parameters is None:
                self.await_(_cursor.execute(operation))
            else:
>               self.await_(_cursor.execute(operation, parameters))

C:\Users\Dmitriy\AppData\Local\Programs\Python\Python312\Lib\site-packages\sqlalchemy\dialects\sqlite\aiosqlite.py:164: 
_ _ _ _ _ _ _ _ _ _ _ _ _ _ _ _ _ _ _ _ _ _ _ _ _ _ _ _ _ _ _ _ _ _ _ _ _ _ _ _

awaitable = <coroutine object Cursor.execute at 0x000002416655B3E0>

    def await_only(awaitable: Awaitable[_T]) -> _T:
        """Awaits an async function in a sync method.
    
        The sync method must be inside a :func:`greenlet_spawn` context.
        :func:`await_only` calls cannot be nested.
    
        :param awaitable: The coroutine to call.
    
        """
        # this is called in the context greenlet while running fn
        current = getcurrent()
        if not getattr(current, "__sqlalchemy_greenlet_provider__", False):
            _safe_cancel_awaitable(awaitable)
    
            raise exc.MissingGreenlet(
                "greenlet_spawn has not been called; can't call await_only() "
                "here. Was IO attempted in an unexpected place?"
            )
    
        # returns the control to the driver greenlet passing it
        # a coroutine to run. Once the awaitable is done, the driver greenlet
        # switches back to this greenlet with the result of awaitable that is
        # then returned to the caller (or raised as error)
>       return current.parent.switch(awaitable)  # type: ignore[no-any-return,attr-defined] # noqa: E501
               ^^^^^^^^^^^^^^^^^^^^^^^^^^^^^^^^

C:\Users\Dmitriy\AppData\Local\Programs\Python\Python312\Lib\site-packages\sqlalchemy\util\_concurrency_py3k.py:132: 
_ _ _ _ _ _ _ _ _ _ _ _ _ _ _ _ _ _ _ _ _ _ _ _ _ _ _ _ _ _ _ _ _ _ _ _ _ _ _ _

fn = <bound method Session.execute of <sqlalchemy.orm.session.Session object at 0x00000241665871D0>>
_require_await = False
args = (<sqlalchemy.sql.selectable.Select object at 0x000002416785D760>,)
kwargs = {'bind_arguments': None, 'execution_options': immutabledict({'prebuffer_rows': True}), 'params': None}
context = <_AsyncIoGreenlet object at 0x000002416888B480 (otid=0x0000024164FE5D70) dead>
switch_occurred = True
result = <coroutine object Cursor.execute at 0x000002416655B3E0>
value = <aiosqlite.cursor.Cursor object at 0x000002416785D970>

    async def greenlet_spawn(
        fn: Callable[..., _T],
        *args: Any,
        _require_await: bool = False,
        **kwargs: Any,
    ) -> _T:
        """Runs a sync function ``fn`` in a new greenlet.
    
        The sync function can then use :func:`await_only` to wait for async
        functions.
    
        :param fn: The sync callable to call.
        :param \\*args: Positional arguments to pass to the ``fn`` callable.
        :param \\*\\*kwargs: Keyword arguments to pass to the ``fn`` callable.
        """
    
        result: Any
        context = _AsyncIoGreenlet(fn, getcurrent())
        # runs the function synchronously in gl greenlet. If the execution
        # is interrupted by await_only, context is not dead and result is a
        # coroutine to wait. If the context is dead the function has
        # returned, and its result can be returned.
        switch_occurred = False
        result = context.switch(*args, **kwargs)
        while not context.dead:
            switch_occurred = True
            try:
                # wait for a coroutine from await_only and then return its
                # result back to it.
>               value = await result
                        ^^^^^^^^^^^^

C:\Users\Dmitriy\AppData\Local\Programs\Python\Python312\Lib\site-packages\sqlalchemy\util\_concurrency_py3k.py:196: 
_ _ _ _ _ _ _ _ _ _ _ _ _ _ _ _ _ _ _ _ _ _ _ _ _ _ _ _ _ _ _ _ _ _ _ _ _ _ _ _

self = <aiosqlite.cursor.Cursor object at 0x000002416785D970>
sql = 'SELECT users.id, users.telegram_id, users.username, users.first_name, users.last_name, users.display_name, users.is_premium, users.gender, users.created_at \nFROM users \nWHERE users.telegram_id = ?'
parameters = (222223,)

    async def execute(
        self, sql: str, parameters: Optional[Iterable[Any]] = None
    ) -> "Cursor":
        """Execute the given query."""
        if parameters is None:
            parameters = []
>       await self._execute(self._cursor.execute, sql, parameters)

C:\Users\Dmitriy\AppData\Local\Programs\Python\Python312\Lib\site-packages\aiosqlite\cursor.py:40: 
_ _ _ _ _ _ _ _ _ _ _ _ _ _ _ _ _ _ _ _ _ _ _ _ _ _ _ _ _ _ _ _ _ _ _ _ _ _ _ _

self = <aiosqlite.cursor.Cursor object at 0x000002416785D970>
fn = <built-in method execute of sqlite3.Cursor object at 0x00000241689D7F40>
args = ('SELECT users.id, users.telegram_id, users.username, users.first_name, users.last_name, users.display_name, users.is_premium, users.gender, users.created_at \nFROM users \nWHERE users.telegram_id = ?', (222223,))
kwargs = {}

    async def _execute(self, fn, *args, **kwargs):
        """Execute the given function on the shared connection's thread."""
>       return await self._conn._execute(fn, *args, **kwargs)
               ^^^^^^^^^^^^^^^^^^^^^^^^^^^^^^^^^^^^^^^^^^^^^^

C:\Users\Dmitriy\AppData\Local\Programs\Python\Python312\Lib\site-packages\aiosqlite\cursor.py:32: 
_ _ _ _ _ _ _ _ _ _ _ _ _ _ _ _ _ _ _ _ _ _ _ _ _ _ _ _ _ _ _ _ _ _ _ _ _ _ _ _

self = <aiosqlite.core.Connection object at 0x0000024166416D80>
fn = <built-in method execute of sqlite3.Cursor object at 0x00000241689D7F40>
args = ('SELECT users.id, users.telegram_id, users.username, users.first_name, users.last_name, users.display_name, users.is_premium, users.gender, users.created_at \nFROM users \nWHERE users.telegram_id = ?', (222223,))
kwargs = {}
function = functools.partial(<built-in method execute of sqlite3.Cursor object at 0x00000241689D7F40>, 'SELECT users.id, users.te....display_name, users.is_premium, users.gender, users.created_at \nFROM users \nWHERE users.telegram_id = ?', (222223,))
future = <Future finished exception=OperationalError('no such table: users')>

    async def _execute(self, fn, *args, **kwargs):
        """Queue a function with the given arguments for execution."""
        if not self._running or not self._connection:
            raise ValueError("Connection closed")
    
        function = partial(fn, *args, **kwargs)
        future = asyncio.get_event_loop().create_future()
    
        self._tx.put_nowait((future, function))
    
>       return await future
               ^^^^^^^^^^^^

C:\Users\Dmitriy\AppData\Local\Programs\Python\Python312\Lib\site-packages\aiosqlite\core.py:160: 
_ _ _ _ _ _ _ _ _ _ _ _ _ _ _ _ _ _ _ _ _ _ _ _ _ _ _ _ _ _ _ _ _ _ _ _ _ _ _ _

tx = <_queue.SimpleQueue object at 0x0000024166440770>

    def _connection_worker_thread(tx: _TxQueue):
        """
        Execute function calls on a separate thread.
    
        :meta private:
        """
        while True:
            # Continues running until all queue items are processed,
            # even after connection is closed (so we can finalize all
            # futures)
    
            future, function = tx.get()
    
            try:
                LOG.debug("executing %s", function)
>               result = function()
                         ^^^^^^^^^^
E               sqlalchemy.exc.OperationalError: (sqlite3.OperationalError) no such table: users
E               [SQL: SELECT users.id, users.telegram_id, users.username, users.first_name, users.last_name, users.display_name, users.is_premium, users.gender, users.created_at 
E               FROM users 
E               WHERE users.telegram_id = ?]
E               [parameters: (222223,)]
E               (Background on this error at: https://sqlalche.me/e/20/e3q8)

C:\Users\Dmitriy\AppData\Local\Programs\Python\Python312\Lib\site-packages\aiosqlite\core.py:63: OperationalError
______________________ TestGroupService.test_join_group _______________________

self = <sqlalchemy.engine.base.Connection object at 0x000002416658C080>
dialect = <sqlalchemy.dialects.sqlite.aiosqlite.SQLiteDialect_aiosqlite object at 0x0000024165077FB0>
context = <sqlalchemy.dialects.sqlite.aiosqlite.SQLiteExecutionContext_aiosqlite object at 0x000002416658F860>
statement = <sqlalchemy.dialects.sqlite.base.SQLiteCompiler object at 0x0000024166416330>
parameters = [(222224,)]

    def _exec_single_context(
        self,
        dialect: Dialect,
        context: ExecutionContext,
        statement: Union[str, Compiled],
        parameters: Optional[_AnyMultiExecuteParams],
    ) -> CursorResult[Any]:
        """continue the _execute_context() method for a single DBAPI
        cursor.execute() or cursor.executemany() call.
    
        """
        if dialect.bind_typing is BindTyping.SETINPUTSIZES:
            generic_setinputsizes = context._prepare_set_input_sizes()
    
            if generic_setinputsizes:
                try:
                    dialect.do_set_input_sizes(
                        context.cursor, generic_setinputsizes, context
                    )
                except BaseException as e:
                    self._handle_dbapi_exception(
                        e, str(statement), parameters, None, context
                    )
    
        cursor, str_statement, parameters = (
            context.cursor,
            context.statement,
            context.parameters,
        )
    
        effective_parameters: Optional[_AnyExecuteParams]
    
        if not context.executemany:
            effective_parameters = parameters[0]
        else:
            effective_parameters = parameters
    
        if self._has_events or self.engine._has_events:
            for fn in self.dispatch.before_cursor_execute:
                str_statement, effective_parameters = fn(
                    self,
                    cursor,
                    str_statement,
                    effective_parameters,
                    context,
                    context.executemany,
                )
    
        if self._echo:
            self._log_info(str_statement)
    
            stats = context._get_cache_stats()
    
            if not self.engine.hide_parameters:
                self._log_info(
                    "[%s] %r",
                    stats,
                    sql_util._repr_params(
                        effective_parameters,
                        batches=10,
                        ismulti=context.executemany,
                    ),
                )
            else:
                self._log_info(
                    "[%s] [SQL parameters hidden due to hide_parameters=True]",
                    stats,
                )
    
        evt_handled: bool = False
        try:
            if context.execute_style is ExecuteStyle.EXECUTEMANY:
                effective_parameters = cast(
                    "_CoreMultiExecuteParams", effective_parameters
                )
                if self.dialect._has_events:
                    for fn in self.dialect.dispatch.do_executemany:
                        if fn(
                            cursor,
                            str_statement,
                            effective_parameters,
                            context,
                        ):
                            evt_handled = True
                            break
                if not evt_handled:
                    self.dialect.do_executemany(
                        cursor,
                        str_statement,
                        effective_parameters,
                        context,
                    )
            elif not effective_parameters and context.no_parameters:
                if self.dialect._has_events:
                    for fn in self.dialect.dispatch.do_execute_no_params:
                        if fn(cursor, str_statement, context):
                            evt_handled = True
                            break
                if not evt_handled:
                    self.dialect.do_execute_no_params(
                        cursor, str_statement, context
                    )
            else:
                effective_parameters = cast(
                    "_CoreSingleExecuteParams", effective_parameters
                )
                if self.dialect._has_events:
                    for fn in self.dialect.dispatch.do_execute:
                        if fn(
                            cursor,
                            str_statement,
                            effective_parameters,
                            context,
                        ):
                            evt_handled = True
                            break
                if not evt_handled:
>                   self.dialect.do_execute(
                        cursor, str_statement, effective_parameters, context
                    )

C:\Users\Dmitriy\AppData\Local\Programs\Python\Python312\Lib\site-packages\sqlalchemy\engine\base.py:1967: 
_ _ _ _ _ _ _ _ _ _ _ _ _ _ _ _ _ _ _ _ _ _ _ _ _ _ _ _ _ _ _ _ _ _ _ _ _ _ _ _

self = <sqlalchemy.dialects.sqlite.aiosqlite.SQLiteDialect_aiosqlite object at 0x0000024165077FB0>
cursor = <sqlalchemy.dialects.sqlite.aiosqlite.AsyncAdapt_aiosqlite_cursor object at 0x0000024167845720>
statement = 'SELECT users.id, users.telegram_id, users.username, users.first_name, users.last_name, users.display_name, users.is_premium, users.gender, users.created_at \nFROM users \nWHERE users.telegram_id = ?'
parameters = (222224,)
context = <sqlalchemy.dialects.sqlite.aiosqlite.SQLiteExecutionContext_aiosqlite object at 0x000002416658F860>

    def do_execute(self, cursor, statement, parameters, context=None):
>       cursor.execute(statement, parameters)

C:\Users\Dmitriy\AppData\Local\Programs\Python\Python312\Lib\site-packages\sqlalchemy\engine\default.py:952: 
_ _ _ _ _ _ _ _ _ _ _ _ _ _ _ _ _ _ _ _ _ _ _ _ _ _ _ _ _ _ _ _ _ _ _ _ _ _ _ _

self = <sqlalchemy.dialects.sqlite.aiosqlite.AsyncAdapt_aiosqlite_cursor object at 0x0000024167845720>
operation = 'SELECT users.id, users.telegram_id, users.username, users.first_name, users.last_name, users.display_name, users.is_premium, users.gender, users.created_at \nFROM users \nWHERE users.telegram_id = ?'
parameters = (222224,)

    def execute(
        self,
        operation: Any,
        parameters: Optional[_DBAPISingleExecuteParams] = None,
    ) -> Any:
    
        try:
            _cursor: AsyncIODBAPICursor = self.await_(self._connection.cursor())  # type: ignore[arg-type] # noqa: E501
    
            if parameters is None:
                self.await_(_cursor.execute(operation))
            else:
                self.await_(_cursor.execute(operation, parameters))
    
            if _cursor.description:
                self.description = _cursor.description
                self.lastrowid = self.rowcount = -1
    
                if not self.server_side:
                    self._rows = deque(self.await_(_cursor.fetchall()))
            else:
                self.description = None
                self.lastrowid = _cursor.lastrowid
                self.rowcount = _cursor.rowcount
    
            if not self.server_side:
                self.await_(_cursor.close())
            else:
                self._cursor = _cursor  # type: ignore[misc]
        except Exception as error:
>           self._adapt_connection._handle_exception(error)

C:\Users\Dmitriy\AppData\Local\Programs\Python\Python312\Lib\site-packages\sqlalchemy\dialects\sqlite\aiosqlite.py:182: 
_ _ _ _ _ _ _ _ _ _ _ _ _ _ _ _ _ _ _ _ _ _ _ _ _ _ _ _ _ _ _ _ _ _ _ _ _ _ _ _

self = <AdaptedConnection <aiosqlite.core.Connection object at 0x0000024166416D80>>
error = OperationalError('no such table: users')

    def _handle_exception(self, error: Exception) -> NoReturn:
        if (
            isinstance(error, ValueError)
            and error.args[0] == "no active connection"
        ):
            raise self.dbapi.sqlite.OperationalError(
                "no active connection"
            ) from error
        else:
>           raise error

C:\Users\Dmitriy\AppData\Local\Programs\Python\Python312\Lib\site-packages\sqlalchemy\dialects\sqlite\aiosqlite.py:342: 
_ _ _ _ _ _ _ _ _ _ _ _ _ _ _ _ _ _ _ _ _ _ _ _ _ _ _ _ _ _ _ _ _ _ _ _ _ _ _ _

self = <sqlalchemy.dialects.sqlite.aiosqlite.AsyncAdapt_aiosqlite_cursor object at 0x0000024167845720>
operation = 'SELECT users.id, users.telegram_id, users.username, users.first_name, users.last_name, users.display_name, users.is_premium, users.gender, users.created_at \nFROM users \nWHERE users.telegram_id = ?'
parameters = (222224,)

    def execute(
        self,
        operation: Any,
        parameters: Optional[_DBAPISingleExecuteParams] = None,
    ) -> Any:
    
        try:
            _cursor: AsyncIODBAPICursor = self.await_(self._connection.cursor())  # type: ignore[arg-type] # noqa: E501
    
            if parameters is None:
                self.await_(_cursor.execute(operation))
            else:
>               self.await_(_cursor.execute(operation, parameters))

C:\Users\Dmitriy\AppData\Local\Programs\Python\Python312\Lib\site-packages\sqlalchemy\dialects\sqlite\aiosqlite.py:164: 
_ _ _ _ _ _ _ _ _ _ _ _ _ _ _ _ _ _ _ _ _ _ _ _ _ _ _ _ _ _ _ _ _ _ _ _ _ _ _ _

awaitable = <coroutine object Cursor.execute at 0x0000024167868120>

    def await_only(awaitable: Awaitable[_T]) -> _T:
        """Awaits an async function in a sync method.
    
        The sync method must be inside a :func:`greenlet_spawn` context.
        :func:`await_only` calls cannot be nested.
    
        :param awaitable: The coroutine to call.
    
        """
        # this is called in the context greenlet while running fn
        current = getcurrent()
        if not getattr(current, "__sqlalchemy_greenlet_provider__", False):
            _safe_cancel_awaitable(awaitable)
    
            raise exc.MissingGreenlet(
                "greenlet_spawn has not been called; can't call await_only() "
                "here. Was IO attempted in an unexpected place?"
            )
    
        # returns the control to the driver greenlet passing it
        # a coroutine to run. Once the awaitable is done, the driver greenlet
        # switches back to this greenlet with the result of awaitable that is
        # then returned to the caller (or raised as error)
>       return current.parent.switch(awaitable)  # type: ignore[no-any-return,attr-defined] # noqa: E501
               ^^^^^^^^^^^^^^^^^^^^^^^^^^^^^^^^

C:\Users\Dmitriy\AppData\Local\Programs\Python\Python312\Lib\site-packages\sqlalchemy\util\_concurrency_py3k.py:132: 
_ _ _ _ _ _ _ _ _ _ _ _ _ _ _ _ _ _ _ _ _ _ _ _ _ _ _ _ _ _ _ _ _ _ _ _ _ _ _ _

fn = <bound method Session.execute of <sqlalchemy.orm.session.Session object at 0x000002416785E0C0>>
_require_await = False
args = (<sqlalchemy.sql.selectable.Select object at 0x000002416785E0F0>,)
kwargs = {'bind_arguments': None, 'execution_options': immutabledict({'prebuffer_rows': True}), 'params': None}
context = <_AsyncIoGreenlet object at 0x0000024167D9A840 (otid=0x0000024164FE5D70) dead>
switch_occurred = True
result = <coroutine object Cursor.execute at 0x0000024167868120>
value = <aiosqlite.cursor.Cursor object at 0x000002416658EF30>

    async def greenlet_spawn(
        fn: Callable[..., _T],
        *args: Any,
        _require_await: bool = False,
        **kwargs: Any,
    ) -> _T:
        """Runs a sync function ``fn`` in a new greenlet.
    
        The sync function can then use :func:`await_only` to wait for async
        functions.
    
        :param fn: The sync callable to call.
        :param \\*args: Positional arguments to pass to the ``fn`` callable.
        :param \\*\\*kwargs: Keyword arguments to pass to the ``fn`` callable.
        """
    
        result: Any
        context = _AsyncIoGreenlet(fn, getcurrent())
        # runs the function synchronously in gl greenlet. If the execution
        # is interrupted by await_only, context is not dead and result is a
        # coroutine to wait. If the context is dead the function has
        # returned, and its result can be returned.
        switch_occurred = False
        result = context.switch(*args, **kwargs)
        while not context.dead:
            switch_occurred = True
            try:
                # wait for a coroutine from await_only and then return its
                # result back to it.
>               value = await result
                        ^^^^^^^^^^^^

C:\Users\Dmitriy\AppData\Local\Programs\Python\Python312\Lib\site-packages\sqlalchemy\util\_concurrency_py3k.py:196: 
_ _ _ _ _ _ _ _ _ _ _ _ _ _ _ _ _ _ _ _ _ _ _ _ _ _ _ _ _ _ _ _ _ _ _ _ _ _ _ _

self = <aiosqlite.cursor.Cursor object at 0x000002416658EF30>
sql = 'SELECT users.id, users.telegram_id, users.username, users.first_name, users.last_name, users.display_name, users.is_premium, users.gender, users.created_at \nFROM users \nWHERE users.telegram_id = ?'
parameters = (222224,)

    async def execute(
        self, sql: str, parameters: Optional[Iterable[Any]] = None
    ) -> "Cursor":
        """Execute the given query."""
        if parameters is None:
            parameters = []
>       await self._execute(self._cursor.execute, sql, parameters)

C:\Users\Dmitriy\AppData\Local\Programs\Python\Python312\Lib\site-packages\aiosqlite\cursor.py:40: 
_ _ _ _ _ _ _ _ _ _ _ _ _ _ _ _ _ _ _ _ _ _ _ _ _ _ _ _ _ _ _ _ _ _ _ _ _ _ _ _

self = <aiosqlite.cursor.Cursor object at 0x000002416658EF30>
fn = <built-in method execute of sqlite3.Cursor object at 0x0000024167B1DDC0>
args = ('SELECT users.id, users.telegram_id, users.username, users.first_name, users.last_name, users.display_name, users.is_premium, users.gender, users.created_at \nFROM users \nWHERE users.telegram_id = ?', (222224,))
kwargs = {}

    async def _execute(self, fn, *args, **kwargs):
        """Execute the given function on the shared connection's thread."""
>       return await self._conn._execute(fn, *args, **kwargs)
               ^^^^^^^^^^^^^^^^^^^^^^^^^^^^^^^^^^^^^^^^^^^^^^

C:\Users\Dmitriy\AppData\Local\Programs\Python\Python312\Lib\site-packages\aiosqlite\cursor.py:32: 
_ _ _ _ _ _ _ _ _ _ _ _ _ _ _ _ _ _ _ _ _ _ _ _ _ _ _ _ _ _ _ _ _ _ _ _ _ _ _ _

self = <aiosqlite.core.Connection object at 0x0000024166416D80>
fn = <built-in method execute of sqlite3.Cursor object at 0x0000024167B1DDC0>
args = ('SELECT users.id, users.telegram_id, users.username, users.first_name, users.last_name, users.display_name, users.is_premium, users.gender, users.created_at \nFROM users \nWHERE users.telegram_id = ?', (222224,))
kwargs = {}
function = functools.partial(<built-in method execute of sqlite3.Cursor object at 0x0000024167B1DDC0>, 'SELECT users.id, users.te....display_name, users.is_premium, users.gender, users.created_at \nFROM users \nWHERE users.telegram_id = ?', (222224,))
future = <Future finished exception=OperationalError('no such table: users')>

    async def _execute(self, fn, *args, **kwargs):
        """Queue a function with the given arguments for execution."""
        if not self._running or not self._connection:
            raise ValueError("Connection closed")
    
        function = partial(fn, *args, **kwargs)
        future = asyncio.get_event_loop().create_future()
    
        self._tx.put_nowait((future, function))
    
>       return await future
               ^^^^^^^^^^^^

C:\Users\Dmitriy\AppData\Local\Programs\Python\Python312\Lib\site-packages\aiosqlite\core.py:160: 
_ _ _ _ _ _ _ _ _ _ _ _ _ _ _ _ _ _ _ _ _ _ _ _ _ _ _ _ _ _ _ _ _ _ _ _ _ _ _ _

tx = <_queue.SimpleQueue object at 0x0000024166440770>

    def _connection_worker_thread(tx: _TxQueue):
        """
        Execute function calls on a separate thread.
    
        :meta private:
        """
        while True:
            # Continues running until all queue items are processed,
            # even after connection is closed (so we can finalize all
            # futures)
    
            future, function = tx.get()
    
            try:
                LOG.debug("executing %s", function)
>               result = function()
                         ^^^^^^^^^^
E               sqlite3.OperationalError: no such table: users

C:\Users\Dmitriy\AppData\Local\Programs\Python\Python312\Lib\site-packages\aiosqlite\core.py:63: OperationalError

The above exception was the direct cause of the following exception:

self = <test_services.TestGroupService object at 0x0000024166416BD0>

    async def test_join_group(self):
>       user1 = await get_or_create_user(MockUser(222224, "owner3"))
                ^^^^^^^^^^^^^^^^^^^^^^^^^^^^^^^^^^^^^^^^^^^^^^^^^^^^

tests\test_services.py:51: 
_ _ _ _ _ _ _ _ _ _ _ _ _ _ _ _ _ _ _ _ _ _ _ _ _ _ _ _ _ _ _ _ _ _ _ _ _ _ _ _

tg_user = <test_services.MockUser object at 0x000002416785E000>

    async def get_or_create_user(tg_user):
        async with SessionLocal() as session:
>           result = await session.execute(select(User).where(User.telegram_id == tg_user.id))
                     ^^^^^^^^^^^^^^^^^^^^^^^^^^^^^^^^^^^^^^^^^^^^^^^^^^^^^^^^^^^^^^^^^^^^^^^^^

services\user_service.py:7: 
_ _ _ _ _ _ _ _ _ _ _ _ _ _ _ _ _ _ _ _ _ _ _ _ _ _ _ _ _ _ _ _ _ _ _ _ _ _ _ _

self = <sqlalchemy.ext.asyncio.session.AsyncSession object at 0x000002416785E060>
statement = <sqlalchemy.sql.selectable.Select object at 0x000002416785E0F0>
params = None, execution_options = immutabledict({'prebuffer_rows': True})
bind_arguments = None, kw = {}

    async def execute(
        self,
        statement: Executable,
        params: Optional[_CoreAnyExecuteParams] = None,
        *,
        execution_options: OrmExecuteOptionsParameter = util.EMPTY_DICT,
        bind_arguments: Optional[_BindArguments] = None,
        **kw: Any,
    ) -> Result[Any]:
        """Execute a statement and return a buffered
        :class:`_engine.Result` object.
    
        .. seealso::
    
            :meth:`_orm.Session.execute` - main documentation for execute
    
        """
    
        if execution_options:
            execution_options = util.immutabledict(execution_options).union(
                _EXECUTE_OPTIONS
            )
        else:
            execution_options = _EXECUTE_OPTIONS
    
>       result = await greenlet_spawn(
            self.sync_session.execute,
            statement,
            params=params,
            execution_options=execution_options,
            bind_arguments=bind_arguments,
            **kw,
        )

C:\Users\Dmitriy\AppData\Local\Programs\Python\Python312\Lib\site-packages\sqlalchemy\ext\asyncio\session.py:449: 
_ _ _ _ _ _ _ _ _ _ _ _ _ _ _ _ _ _ _ _ _ _ _ _ _ _ _ _ _ _ _ _ _ _ _ _ _ _ _ _

fn = <bound method Session.execute of <sqlalchemy.orm.session.Session object at 0x000002416785E0C0>>
_require_await = False
args = (<sqlalchemy.sql.selectable.Select object at 0x000002416785E0F0>,)
kwargs = {'bind_arguments': None, 'execution_options': immutabledict({'prebuffer_rows': True}), 'params': None}
context = <_AsyncIoGreenlet object at 0x0000024167D9A840 (otid=0x0000024164FE5D70) dead>
switch_occurred = True
result = <coroutine object Cursor.execute at 0x0000024167868120>
value = <aiosqlite.cursor.Cursor object at 0x000002416658EF30>

    async def greenlet_spawn(
        fn: Callable[..., _T],
        *args: Any,
        _require_await: bool = False,
        **kwargs: Any,
    ) -> _T:
        """Runs a sync function ``fn`` in a new greenlet.
    
        The sync function can then use :func:`await_only` to wait for async
        functions.
    
        :param fn: The sync callable to call.
        :param \\*args: Positional arguments to pass to the ``fn`` callable.
        :param \\*\\*kwargs: Keyword arguments to pass to the ``fn`` callable.
        """
    
        result: Any
        context = _AsyncIoGreenlet(fn, getcurrent())
        # runs the function synchronously in gl greenlet. If the execution
        # is interrupted by await_only, context is not dead and result is a
        # coroutine to wait. If the context is dead the function has
        # returned, and its result can be returned.
        switch_occurred = False
        result = context.switch(*args, **kwargs)
        while not context.dead:
            switch_occurred = True
            try:
                # wait for a coroutine from await_only and then return its
                # result back to it.
                value = await result
            except BaseException:
                # this allows an exception to be raised within
                # the moderated greenlet so that it can continue
                # its expected flow.
>               result = context.throw(*sys.exc_info())
                         ^^^^^^^^^^^^^^^^^^^^^^^^^^^^^^

C:\Users\Dmitriy\AppData\Local\Programs\Python\Python312\Lib\site-packages\sqlalchemy\util\_concurrency_py3k.py:201: 
_ _ _ _ _ _ _ _ _ _ _ _ _ _ _ _ _ _ _ _ _ _ _ _ _ _ _ _ _ _ _ _ _ _ _ _ _ _ _ _

self = <sqlalchemy.orm.session.Session object at 0x000002416785E0C0>
statement = <sqlalchemy.sql.selectable.Select object at 0x000002416785E0F0>
params = None

    def execute(
        self,
        statement: Executable,
        params: Optional[_CoreAnyExecuteParams] = None,
        *,
        execution_options: OrmExecuteOptionsParameter = util.EMPTY_DICT,
        bind_arguments: Optional[_BindArguments] = None,
        _parent_execute_state: Optional[Any] = None,
        _add_event: Optional[Any] = None,
    ) -> Result[Any]:
        r"""Execute a SQL expression construct.
    
        Returns a :class:`_engine.Result` object representing
        results of the statement execution.
    
        E.g.::
    
            from sqlalchemy import select
    
            result = session.execute(select(User).where(User.id == 5))
    
        The API contract of :meth:`_orm.Session.execute` is similar to that
        of :meth:`_engine.Connection.execute`, the :term:`2.0 style` version
        of :class:`_engine.Connection`.
    
        .. versionchanged:: 1.4 the :meth:`_orm.Session.execute` method is
           now the primary point of ORM statement execution when using
           :term:`2.0 style` ORM usage.
    
        :param statement:
            An executable statement (i.e. an :class:`.Executable` expression
            such as :func:`_expression.select`).
    
        :param params:
            Optional dictionary, or list of dictionaries, containing
            bound parameter values.   If a single dictionary, single-row
            execution occurs; if a list of dictionaries, an
            "executemany" will be invoked.  The keys in each dictionary
            must correspond to parameter names present in the statement.
    
        :param execution_options: optional dictionary of execution options,
         which will be associated with the statement execution.  This
         dictionary can provide a subset of the options that are accepted
         by :meth:`_engine.Connection.execution_options`, and may also
         provide additional options understood only in an ORM context.
    
         .. seealso::
    
            :ref:`orm_queryguide_execution_options` - ORM-specific execution
            options
    
        :param bind_arguments: dictionary of additional arguments to determine
         the bind.  May include "mapper", "bind", or other custom arguments.
         Contents of this dictionary are passed to the
         :meth:`.Session.get_bind` method.
    
        :return: a :class:`_engine.Result` object.
    
    
        """
>       return self._execute_internal(
            statement,
            params,
            execution_options=execution_options,
            bind_arguments=bind_arguments,
            _parent_execute_state=_parent_execute_state,
            _add_event=_add_event,
        )

C:\Users\Dmitriy\AppData\Local\Programs\Python\Python312\Lib\site-packages\sqlalchemy\orm\session.py:2351: 
_ _ _ _ _ _ _ _ _ _ _ _ _ _ _ _ _ _ _ _ _ _ _ _ _ _ _ _ _ _ _ _ _ _ _ _ _ _ _ _

self = <sqlalchemy.orm.session.Session object at 0x000002416785E0C0>
statement = <sqlalchemy.sql.selectable.Select object at 0x000002416785E0F0>
params = None

    def _execute_internal(
        self,
        statement: Executable,
        params: Optional[_CoreAnyExecuteParams] = None,
        *,
        execution_options: OrmExecuteOptionsParameter = util.EMPTY_DICT,
        bind_arguments: Optional[_BindArguments] = None,
        _parent_execute_state: Optional[Any] = None,
        _add_event: Optional[Any] = None,
        _scalar_result: bool = False,
    ) -> Any:
        statement = coercions.expect(roles.StatementRole, statement)
    
        if not bind_arguments:
            bind_arguments = {}
        else:
            bind_arguments = dict(bind_arguments)
    
        if (
            statement._propagate_attrs.get("compile_state_plugin", None)
            == "orm"
        ):
            compile_state_cls = CompileState._get_plugin_class_for_plugin(
                statement, "orm"
            )
            if TYPE_CHECKING:
                assert isinstance(
                    compile_state_cls, context.AbstractORMCompileState
                )
        else:
            compile_state_cls = None
            bind_arguments.setdefault("clause", statement)
    
        execution_options = util.coerce_to_immutabledict(execution_options)
    
        if _parent_execute_state:
            events_todo = _parent_execute_state._remaining_events()
        else:
            events_todo = self.dispatch.do_orm_execute
            if _add_event:
                events_todo = list(events_todo) + [_add_event]
    
        if events_todo:
            if compile_state_cls is not None:
                # for event handlers, do the orm_pre_session_exec
                # pass ahead of the event handlers, so that things like
                # .load_options, .update_delete_options etc. are populated.
                # is_pre_event=True allows the hook to hold off on things
                # it doesn't want to do twice, including autoflush as well
                # as "pre fetch" for DML, etc.
                (
                    statement,
                    execution_options,
                ) = compile_state_cls.orm_pre_session_exec(
                    self,
                    statement,
                    params,
                    execution_options,
                    bind_arguments,
                    True,
                )
    
            orm_exec_state = ORMExecuteState(
                self,
                statement,
                params,
                execution_options,
                bind_arguments,
                compile_state_cls,
                events_todo,
            )
            for idx, fn in enumerate(events_todo):
                orm_exec_state._starting_event_idx = idx
                fn_result: Optional[Result[Any]] = fn(orm_exec_state)
                if fn_result:
                    if _scalar_result:
                        return fn_result.scalar()
                    else:
                        return fn_result
    
            statement = orm_exec_state.statement
            execution_options = orm_exec_state.local_execution_options
    
        if compile_state_cls is not None:
            # now run orm_pre_session_exec() "for real".   if there were
            # event hooks, this will re-run the steps that interpret
            # new execution_options into load_options / update_delete_options,
            # which we assume the event hook might have updated.
            # autoflush will also be invoked in this step if enabled.
            (
                statement,
                execution_options,
            ) = compile_state_cls.orm_pre_session_exec(
                self,
                statement,
                params,
                execution_options,
                bind_arguments,
                False,
            )
    
        bind = self.get_bind(**bind_arguments)
    
        conn = self._connection_for_bind(bind)
    
        if _scalar_result and not compile_state_cls:
            if TYPE_CHECKING:
                params = cast(_CoreSingleExecuteParams, params)
            return conn.scalar(
                statement, params or {}, execution_options=execution_options
            )
    
        if compile_state_cls:
>           result: Result[Any] = compile_state_cls.orm_execute_statement(
                self,
                statement,
                params or {},
                execution_options,
                bind_arguments,
                conn,
            )

C:\Users\Dmitriy\AppData\Local\Programs\Python\Python312\Lib\site-packages\sqlalchemy\orm\session.py:2249: 
_ _ _ _ _ _ _ _ _ _ _ _ _ _ _ _ _ _ _ _ _ _ _ _ _ _ _ _ _ _ _ _ _ _ _ _ _ _ _ _

cls = <class 'sqlalchemy.orm.context.ORMSelectCompileState'>
session = <sqlalchemy.orm.session.Session object at 0x000002416785E0C0>
statement = <sqlalchemy.sql.selectable.Select object at 0x000002416785E0F0>
params = {}
execution_options = immutabledict({'prebuffer_rows': True, '_result_disable_adapt_to_context': True})
bind_arguments = {'clause': <sqlalchemy.sql.selectable.Select object at 0x000002416785E0F0>, 'mapper': <Mapper at 0x2416627b620; User>}
conn = <sqlalchemy.engine.base.Connection object at 0x000002416658C080>

    @classmethod
    def orm_execute_statement(
        cls,
        session,
        statement,
        params,
        execution_options,
        bind_arguments,
        conn,
    ) -> Result:
>       result = conn.execute(
            statement, params or {}, execution_options=execution_options
        )

C:\Users\Dmitriy\AppData\Local\Programs\Python\Python312\Lib\site-packages\sqlalchemy\orm\context.py:306: 
_ _ _ _ _ _ _ _ _ _ _ _ _ _ _ _ _ _ _ _ _ _ _ _ _ _ _ _ _ _ _ _ _ _ _ _ _ _ _ _

self = <sqlalchemy.engine.base.Connection object at 0x000002416658C080>
statement = <sqlalchemy.sql.selectable.Select object at 0x000002416785E0F0>
parameters = {}

    def execute(
        self,
        statement: Executable,
        parameters: Optional[_CoreAnyExecuteParams] = None,
        *,
        execution_options: Optional[CoreExecuteOptionsParameter] = None,
    ) -> CursorResult[Any]:
        r"""Executes a SQL statement construct and returns a
        :class:`_engine.CursorResult`.
    
        :param statement: The statement to be executed.  This is always
         an object that is in both the :class:`_expression.ClauseElement` and
         :class:`_expression.Executable` hierarchies, including:
    
         * :class:`_expression.Select`
         * :class:`_expression.Insert`, :class:`_expression.Update`,
           :class:`_expression.Delete`
         * :class:`_expression.TextClause` and
           :class:`_expression.TextualSelect`
         * :class:`_schema.DDL` and objects which inherit from
           :class:`_schema.ExecutableDDLElement`
    
        :param parameters: parameters which will be bound into the statement.
         This may be either a dictionary of parameter names to values,
         or a mutable sequence (e.g. a list) of dictionaries.  When a
         list of dictionaries is passed, the underlying statement execution
         will make use of the DBAPI ``cursor.executemany()`` method.
         When a single dictionary is passed, the DBAPI ``cursor.execute()``
         method will be used.
    
        :param execution_options: optional dictionary of execution options,
         which will be associated with the statement execution.  This
         dictionary can provide a subset of the options that are accepted
         by :meth:`_engine.Connection.execution_options`.
    
        :return: a :class:`_engine.Result` object.
    
        """
        distilled_parameters = _distill_params_20(parameters)
        try:
            meth = statement._execute_on_connection
        except AttributeError as err:
            raise exc.ObjectNotExecutableError(statement) from err
        else:
>           return meth(
                self,
                distilled_parameters,
                execution_options or NO_OPTIONS,
            )

C:\Users\Dmitriy\AppData\Local\Programs\Python\Python312\Lib\site-packages\sqlalchemy\engine\base.py:1419: 
_ _ _ _ _ _ _ _ _ _ _ _ _ _ _ _ _ _ _ _ _ _ _ _ _ _ _ _ _ _ _ _ _ _ _ _ _ _ _ _

self = <sqlalchemy.sql.selectable.Select object at 0x000002416785E0F0>
connection = <sqlalchemy.engine.base.Connection object at 0x000002416658C080>
distilled_params = [{}]
execution_options = immutabledict({'prebuffer_rows': True, '_result_disable_adapt_to_context': True})

    def _execute_on_connection(
        self,
        connection: Connection,
        distilled_params: _CoreMultiExecuteParams,
        execution_options: CoreExecuteOptionsParameter,
    ) -> Result[Any]:
        if self.supports_execution:
            if TYPE_CHECKING:
                assert isinstance(self, Executable)
>           return connection._execute_clauseelement(
                self, distilled_params, execution_options
            )

C:\Users\Dmitriy\AppData\Local\Programs\Python\Python312\Lib\site-packages\sqlalchemy\sql\elements.py:527: 
_ _ _ _ _ _ _ _ _ _ _ _ _ _ _ _ _ _ _ _ _ _ _ _ _ _ _ _ _ _ _ _ _ _ _ _ _ _ _ _

self = <sqlalchemy.engine.base.Connection object at 0x000002416658C080>
elem = <sqlalchemy.sql.selectable.Select object at 0x000002416785E0F0>
distilled_parameters = [{}]
execution_options = immutabledict({'prebuffer_rows': True, '_result_disable_adapt_to_context': True})

    def _execute_clauseelement(
        self,
        elem: Executable,
        distilled_parameters: _CoreMultiExecuteParams,
        execution_options: CoreExecuteOptionsParameter,
    ) -> CursorResult[Any]:
        """Execute a sql.ClauseElement object."""
    
        execution_options = elem._execution_options.merge_with(
            self._execution_options, execution_options
        )
    
        has_events = self._has_events or self.engine._has_events
        if has_events:
            (
                elem,
                distilled_parameters,
                event_multiparams,
                event_params,
            ) = self._invoke_before_exec_event(
                elem, distilled_parameters, execution_options
            )
    
        if distilled_parameters:
            # ensure we don't retain a link to the view object for keys()
            # which links to the values, which we don't want to cache
            keys = sorted(distilled_parameters[0])
            for_executemany = len(distilled_parameters) > 1
        else:
            keys = []
            for_executemany = False
    
        dialect = self.dialect
    
        schema_translate_map = execution_options.get(
            "schema_translate_map", None
        )
    
        compiled_cache: Optional[CompiledCacheType] = execution_options.get(
            "compiled_cache", self.engine._compiled_cache
        )
    
        compiled_sql, extracted_params, cache_hit = elem._compile_w_cache(
            dialect=dialect,
            compiled_cache=compiled_cache,
            column_keys=keys,
            for_executemany=for_executemany,
            schema_translate_map=schema_translate_map,
            linting=self.dialect.compiler_linting | compiler.WARN_LINTING,
        )
>       ret = self._execute_context(
            dialect,
            dialect.execution_ctx_cls._init_compiled,
            compiled_sql,
            distilled_parameters,
            execution_options,
            compiled_sql,
            distilled_parameters,
            elem,
            extracted_params,
            cache_hit=cache_hit,
        )

C:\Users\Dmitriy\AppData\Local\Programs\Python\Python312\Lib\site-packages\sqlalchemy\engine\base.py:1641: 
_ _ _ _ _ _ _ _ _ _ _ _ _ _ _ _ _ _ _ _ _ _ _ _ _ _ _ _ _ _ _ _ _ _ _ _ _ _ _ _

self = <sqlalchemy.engine.base.Connection object at 0x000002416658C080>
dialect = <sqlalchemy.dialects.sqlite.aiosqlite.SQLiteDialect_aiosqlite object at 0x0000024165077FB0>
constructor = <bound method DefaultExecutionContext._init_compiled of <class 'sqlalchemy.dialects.sqlite.aiosqlite.SQLiteExecutionContext_aiosqlite'>>
statement = <sqlalchemy.dialects.sqlite.base.SQLiteCompiler object at 0x0000024166416330>
parameters = [{}]
execution_options = immutabledict({'prebuffer_rows': True, '_result_disable_adapt_to_context': True})
args = (<sqlalchemy.dialects.sqlite.base.SQLiteCompiler object at 0x0000024166416330>, [{}], <sqlalchemy.sql.selectable.Select object at 0x000002416785E0F0>, [BindParameter('%(2479932956384 telegram_id)s', 222224, type_=BigInteger())])
kw = {'cache_hit': <CacheStats.CACHE_HIT: 0>}, yp = None
conn = <sqlalchemy.pool.base._ConnectionFairy object at 0x00000241678454F0>
context = <sqlalchemy.dialects.sqlite.aiosqlite.SQLiteExecutionContext_aiosqlite object at 0x000002416658F860>

    def _execute_context(
        self,
        dialect: Dialect,
        constructor: Callable[..., ExecutionContext],
        statement: Union[str, Compiled],
        parameters: Optional[_AnyMultiExecuteParams],
        execution_options: _ExecuteOptions,
        *args: Any,
        **kw: Any,
    ) -> CursorResult[Any]:
        """Create an :class:`.ExecutionContext` and execute, returning
        a :class:`_engine.CursorResult`."""
    
        if execution_options:
            yp = execution_options.get("yield_per", None)
            if yp:
                execution_options = execution_options.union(
                    {"stream_results": True, "max_row_buffer": yp}
                )
        try:
            conn = self._dbapi_connection
            if conn is None:
                conn = self._revalidate_connection()
    
            context = constructor(
                dialect, self, conn, execution_options, *args, **kw
            )
        except (exc.PendingRollbackError, exc.ResourceClosedError):
            raise
        except BaseException as e:
            self._handle_dbapi_exception(
                e, str(statement), parameters, None, None
            )
    
        if (
            self._transaction
            and not self._transaction.is_active
            or (
                self._nested_transaction
                and not self._nested_transaction.is_active
            )
        ):
            self._invalid_transaction()
    
        elif self._trans_context_manager:
            TransactionalContext._trans_ctx_check(self)
    
        if self._transaction is None:
            self._autobegin()
    
        context.pre_exec()
    
        if context.execute_style is ExecuteStyle.INSERTMANYVALUES:
            return self._exec_insertmany_context(dialect, context)
        else:
>           return self._exec_single_context(
                dialect, context, statement, parameters
            )

C:\Users\Dmitriy\AppData\Local\Programs\Python\Python312\Lib\site-packages\sqlalchemy\engine\base.py:1846: 
_ _ _ _ _ _ _ _ _ _ _ _ _ _ _ _ _ _ _ _ _ _ _ _ _ _ _ _ _ _ _ _ _ _ _ _ _ _ _ _

self = <sqlalchemy.engine.base.Connection object at 0x000002416658C080>
dialect = <sqlalchemy.dialects.sqlite.aiosqlite.SQLiteDialect_aiosqlite object at 0x0000024165077FB0>
context = <sqlalchemy.dialects.sqlite.aiosqlite.SQLiteExecutionContext_aiosqlite object at 0x000002416658F860>
statement = <sqlalchemy.dialects.sqlite.base.SQLiteCompiler object at 0x0000024166416330>
parameters = [(222224,)]

    def _exec_single_context(
        self,
        dialect: Dialect,
        context: ExecutionContext,
        statement: Union[str, Compiled],
        parameters: Optional[_AnyMultiExecuteParams],
    ) -> CursorResult[Any]:
        """continue the _execute_context() method for a single DBAPI
        cursor.execute() or cursor.executemany() call.
    
        """
        if dialect.bind_typing is BindTyping.SETINPUTSIZES:
            generic_setinputsizes = context._prepare_set_input_sizes()
    
            if generic_setinputsizes:
                try:
                    dialect.do_set_input_sizes(
                        context.cursor, generic_setinputsizes, context
                    )
                except BaseException as e:
                    self._handle_dbapi_exception(
                        e, str(statement), parameters, None, context
                    )
    
        cursor, str_statement, parameters = (
            context.cursor,
            context.statement,
            context.parameters,
        )
    
        effective_parameters: Optional[_AnyExecuteParams]
    
        if not context.executemany:
            effective_parameters = parameters[0]
        else:
            effective_parameters = parameters
    
        if self._has_events or self.engine._has_events:
            for fn in self.dispatch.before_cursor_execute:
                str_statement, effective_parameters = fn(
                    self,
                    cursor,
                    str_statement,
                    effective_parameters,
                    context,
                    context.executemany,
                )
    
        if self._echo:
            self._log_info(str_statement)
    
            stats = context._get_cache_stats()
    
            if not self.engine.hide_parameters:
                self._log_info(
                    "[%s] %r",
                    stats,
                    sql_util._repr_params(
                        effective_parameters,
                        batches=10,
                        ismulti=context.executemany,
                    ),
                )
            else:
                self._log_info(
                    "[%s] [SQL parameters hidden due to hide_parameters=True]",
                    stats,
                )
    
        evt_handled: bool = False
        try:
            if context.execute_style is ExecuteStyle.EXECUTEMANY:
                effective_parameters = cast(
                    "_CoreMultiExecuteParams", effective_parameters
                )
                if self.dialect._has_events:
                    for fn in self.dialect.dispatch.do_executemany:
                        if fn(
                            cursor,
                            str_statement,
                            effective_parameters,
                            context,
                        ):
                            evt_handled = True
                            break
                if not evt_handled:
                    self.dialect.do_executemany(
                        cursor,
                        str_statement,
                        effective_parameters,
                        context,
                    )
            elif not effective_parameters and context.no_parameters:
                if self.dialect._has_events:
                    for fn in self.dialect.dispatch.do_execute_no_params:
                        if fn(cursor, str_statement, context):
                            evt_handled = True
                            break
                if not evt_handled:
                    self.dialect.do_execute_no_params(
                        cursor, str_statement, context
                    )
            else:
                effective_parameters = cast(
                    "_CoreSingleExecuteParams", effective_parameters
                )
                if self.dialect._has_events:
                    for fn in self.dialect.dispatch.do_execute:
                        if fn(
                            cursor,
                            str_statement,
                            effective_parameters,
                            context,
                        ):
                            evt_handled = True
                            break
                if not evt_handled:
                    self.dialect.do_execute(
                        cursor, str_statement, effective_parameters, context
                    )
    
            if self._has_events or self.engine._has_events:
                self.dispatch.after_cursor_execute(
                    self,
                    cursor,
                    str_statement,
                    effective_parameters,
                    context,
                    context.executemany,
                )
    
            context.post_exec()
    
            result = context._setup_result_proxy()
    
        except BaseException as e:
>           self._handle_dbapi_exception(
                e, str_statement, effective_parameters, cursor, context
            )

C:\Users\Dmitriy\AppData\Local\Programs\Python\Python312\Lib\site-packages\sqlalchemy\engine\base.py:1986: 
_ _ _ _ _ _ _ _ _ _ _ _ _ _ _ _ _ _ _ _ _ _ _ _ _ _ _ _ _ _ _ _ _ _ _ _ _ _ _ _

self = <sqlalchemy.engine.base.Connection object at 0x000002416658C080>
e = OperationalError('no such table: users')
statement = 'SELECT users.id, users.telegram_id, users.username, users.first_name, users.last_name, users.display_name, users.is_premium, users.gender, users.created_at \nFROM users \nWHERE users.telegram_id = ?'
parameters = (222224,)
cursor = <sqlalchemy.dialects.sqlite.aiosqlite.AsyncAdapt_aiosqlite_cursor object at 0x0000024167845720>
context = <sqlalchemy.dialects.sqlite.aiosqlite.SQLiteExecutionContext_aiosqlite object at 0x000002416658F860>
is_sub_exec = False

    def _handle_dbapi_exception(
        self,
        e: BaseException,
        statement: Optional[str],
        parameters: Optional[_AnyExecuteParams],
        cursor: Optional[DBAPICursor],
        context: Optional[ExecutionContext],
        is_sub_exec: bool = False,
    ) -> NoReturn:
        exc_info = sys.exc_info()
    
        is_exit_exception = util.is_exit_exception(e)
    
        if not self._is_disconnect:
            self._is_disconnect = (
                isinstance(e, self.dialect.loaded_dbapi.Error)
                and not self.closed
                and self.dialect.is_disconnect(
                    e,
                    self._dbapi_connection if not self.invalidated else None,
                    cursor,
                )
            ) or (is_exit_exception and not self.closed)
    
        invalidate_pool_on_disconnect = not is_exit_exception
    
        ismulti: bool = (
            not is_sub_exec and context.executemany
            if context is not None
            else False
        )
        if self._reentrant_error:
            raise exc.DBAPIError.instance(
                statement,
                parameters,
                e,
                self.dialect.loaded_dbapi.Error,
                hide_parameters=self.engine.hide_parameters,
                dialect=self.dialect,
                ismulti=ismulti,
            ).with_traceback(exc_info[2]) from e
        self._reentrant_error = True
        try:
            # non-DBAPI error - if we already got a context,
            # or there's no string statement, don't wrap it
            should_wrap = isinstance(e, self.dialect.loaded_dbapi.Error) or (
                statement is not None
                and context is None
                and not is_exit_exception
            )
    
            if should_wrap:
                sqlalchemy_exception = exc.DBAPIError.instance(
                    statement,
                    parameters,
                    cast(Exception, e),
                    self.dialect.loaded_dbapi.Error,
                    hide_parameters=self.engine.hide_parameters,
                    connection_invalidated=self._is_disconnect,
                    dialect=self.dialect,
                    ismulti=ismulti,
                )
            else:
                sqlalchemy_exception = None
    
            newraise = None
    
            if (self.dialect._has_events) and not self._execution_options.get(
                "skip_user_error_events", False
            ):
                ctx = ExceptionContextImpl(
                    e,
                    sqlalchemy_exception,
                    self.engine,
                    self.dialect,
                    self,
                    cursor,
                    statement,
                    parameters,
                    context,
                    self._is_disconnect,
                    invalidate_pool_on_disconnect,
                    False,
                )
    
                for fn in self.dialect.dispatch.handle_error:
                    try:
                        # handler returns an exception;
                        # call next handler in a chain
                        per_fn = fn(ctx)
                        if per_fn is not None:
                            ctx.chained_exception = newraise = per_fn
                    except Exception as _raised:
                        # handler raises an exception - stop processing
                        newraise = _raised
                        break
    
                if self._is_disconnect != ctx.is_disconnect:
                    self._is_disconnect = ctx.is_disconnect
                    if sqlalchemy_exception:
                        sqlalchemy_exception.connection_invalidated = (
                            ctx.is_disconnect
                        )
    
                # set up potentially user-defined value for
                # invalidate pool.
                invalidate_pool_on_disconnect = (
                    ctx.invalidate_pool_on_disconnect
                )
    
            if should_wrap and context:
                context.handle_dbapi_exception(e)
    
            if not self._is_disconnect:
                if cursor:
                    self._safe_close_cursor(cursor)
                # "autorollback" was mostly relevant in 1.x series.
                # It's very unlikely to reach here, as the connection
                # does autobegin so when we are here, we are usually
                # in an explicit / semi-explicit transaction.
                # however we have a test which manufactures this
                # scenario in any case using an event handler.
                # test/engine/test_execute.py-> test_actual_autorollback
                if not self.in_transaction():
                    self._rollback_impl()
    
            if newraise:
                raise newraise.with_traceback(exc_info[2]) from e
            elif should_wrap:
                assert sqlalchemy_exception is not None
>               raise sqlalchemy_exception.with_traceback(exc_info[2]) from e

C:\Users\Dmitriy\AppData\Local\Programs\Python\Python312\Lib\site-packages\sqlalchemy\engine\base.py:2363: 
_ _ _ _ _ _ _ _ _ _ _ _ _ _ _ _ _ _ _ _ _ _ _ _ _ _ _ _ _ _ _ _ _ _ _ _ _ _ _ _

self = <sqlalchemy.engine.base.Connection object at 0x000002416658C080>
dialect = <sqlalchemy.dialects.sqlite.aiosqlite.SQLiteDialect_aiosqlite object at 0x0000024165077FB0>
context = <sqlalchemy.dialects.sqlite.aiosqlite.SQLiteExecutionContext_aiosqlite object at 0x000002416658F860>
statement = <sqlalchemy.dialects.sqlite.base.SQLiteCompiler object at 0x0000024166416330>
parameters = [(222224,)]

    def _exec_single_context(
        self,
        dialect: Dialect,
        context: ExecutionContext,
        statement: Union[str, Compiled],
        parameters: Optional[_AnyMultiExecuteParams],
    ) -> CursorResult[Any]:
        """continue the _execute_context() method for a single DBAPI
        cursor.execute() or cursor.executemany() call.
    
        """
        if dialect.bind_typing is BindTyping.SETINPUTSIZES:
            generic_setinputsizes = context._prepare_set_input_sizes()
    
            if generic_setinputsizes:
                try:
                    dialect.do_set_input_sizes(
                        context.cursor, generic_setinputsizes, context
                    )
                except BaseException as e:
                    self._handle_dbapi_exception(
                        e, str(statement), parameters, None, context
                    )
    
        cursor, str_statement, parameters = (
            context.cursor,
            context.statement,
            context.parameters,
        )
    
        effective_parameters: Optional[_AnyExecuteParams]
    
        if not context.executemany:
            effective_parameters = parameters[0]
        else:
            effective_parameters = parameters
    
        if self._has_events or self.engine._has_events:
            for fn in self.dispatch.before_cursor_execute:
                str_statement, effective_parameters = fn(
                    self,
                    cursor,
                    str_statement,
                    effective_parameters,
                    context,
                    context.executemany,
                )
    
        if self._echo:
            self._log_info(str_statement)
    
            stats = context._get_cache_stats()
    
            if not self.engine.hide_parameters:
                self._log_info(
                    "[%s] %r",
                    stats,
                    sql_util._repr_params(
                        effective_parameters,
                        batches=10,
                        ismulti=context.executemany,
                    ),
                )
            else:
                self._log_info(
                    "[%s] [SQL parameters hidden due to hide_parameters=True]",
                    stats,
                )
    
        evt_handled: bool = False
        try:
            if context.execute_style is ExecuteStyle.EXECUTEMANY:
                effective_parameters = cast(
                    "_CoreMultiExecuteParams", effective_parameters
                )
                if self.dialect._has_events:
                    for fn in self.dialect.dispatch.do_executemany:
                        if fn(
                            cursor,
                            str_statement,
                            effective_parameters,
                            context,
                        ):
                            evt_handled = True
                            break
                if not evt_handled:
                    self.dialect.do_executemany(
                        cursor,
                        str_statement,
                        effective_parameters,
                        context,
                    )
            elif not effective_parameters and context.no_parameters:
                if self.dialect._has_events:
                    for fn in self.dialect.dispatch.do_execute_no_params:
                        if fn(cursor, str_statement, context):
                            evt_handled = True
                            break
                if not evt_handled:
                    self.dialect.do_execute_no_params(
                        cursor, str_statement, context
                    )
            else:
                effective_parameters = cast(
                    "_CoreSingleExecuteParams", effective_parameters
                )
                if self.dialect._has_events:
                    for fn in self.dialect.dispatch.do_execute:
                        if fn(
                            cursor,
                            str_statement,
                            effective_parameters,
                            context,
                        ):
                            evt_handled = True
                            break
                if not evt_handled:
>                   self.dialect.do_execute(
                        cursor, str_statement, effective_parameters, context
                    )

C:\Users\Dmitriy\AppData\Local\Programs\Python\Python312\Lib\site-packages\sqlalchemy\engine\base.py:1967: 
_ _ _ _ _ _ _ _ _ _ _ _ _ _ _ _ _ _ _ _ _ _ _ _ _ _ _ _ _ _ _ _ _ _ _ _ _ _ _ _

self = <sqlalchemy.dialects.sqlite.aiosqlite.SQLiteDialect_aiosqlite object at 0x0000024165077FB0>
cursor = <sqlalchemy.dialects.sqlite.aiosqlite.AsyncAdapt_aiosqlite_cursor object at 0x0000024167845720>
statement = 'SELECT users.id, users.telegram_id, users.username, users.first_name, users.last_name, users.display_name, users.is_premium, users.gender, users.created_at \nFROM users \nWHERE users.telegram_id = ?'
parameters = (222224,)
context = <sqlalchemy.dialects.sqlite.aiosqlite.SQLiteExecutionContext_aiosqlite object at 0x000002416658F860>

    def do_execute(self, cursor, statement, parameters, context=None):
>       cursor.execute(statement, parameters)

C:\Users\Dmitriy\AppData\Local\Programs\Python\Python312\Lib\site-packages\sqlalchemy\engine\default.py:952: 
_ _ _ _ _ _ _ _ _ _ _ _ _ _ _ _ _ _ _ _ _ _ _ _ _ _ _ _ _ _ _ _ _ _ _ _ _ _ _ _

self = <sqlalchemy.dialects.sqlite.aiosqlite.AsyncAdapt_aiosqlite_cursor object at 0x0000024167845720>
operation = 'SELECT users.id, users.telegram_id, users.username, users.first_name, users.last_name, users.display_name, users.is_premium, users.gender, users.created_at \nFROM users \nWHERE users.telegram_id = ?'
parameters = (222224,)

    def execute(
        self,
        operation: Any,
        parameters: Optional[_DBAPISingleExecuteParams] = None,
    ) -> Any:
    
        try:
            _cursor: AsyncIODBAPICursor = self.await_(self._connection.cursor())  # type: ignore[arg-type] # noqa: E501
    
            if parameters is None:
                self.await_(_cursor.execute(operation))
            else:
                self.await_(_cursor.execute(operation, parameters))
    
            if _cursor.description:
                self.description = _cursor.description
                self.lastrowid = self.rowcount = -1
    
                if not self.server_side:
                    self._rows = deque(self.await_(_cursor.fetchall()))
            else:
                self.description = None
                self.lastrowid = _cursor.lastrowid
                self.rowcount = _cursor.rowcount
    
            if not self.server_side:
                self.await_(_cursor.close())
            else:
                self._cursor = _cursor  # type: ignore[misc]
        except Exception as error:
>           self._adapt_connection._handle_exception(error)

C:\Users\Dmitriy\AppData\Local\Programs\Python\Python312\Lib\site-packages\sqlalchemy\dialects\sqlite\aiosqlite.py:182: 
_ _ _ _ _ _ _ _ _ _ _ _ _ _ _ _ _ _ _ _ _ _ _ _ _ _ _ _ _ _ _ _ _ _ _ _ _ _ _ _

self = <AdaptedConnection <aiosqlite.core.Connection object at 0x0000024166416D80>>
error = OperationalError('no such table: users')

    def _handle_exception(self, error: Exception) -> NoReturn:
        if (
            isinstance(error, ValueError)
            and error.args[0] == "no active connection"
        ):
            raise self.dbapi.sqlite.OperationalError(
                "no active connection"
            ) from error
        else:
>           raise error

C:\Users\Dmitriy\AppData\Local\Programs\Python\Python312\Lib\site-packages\sqlalchemy\dialects\sqlite\aiosqlite.py:342: 
_ _ _ _ _ _ _ _ _ _ _ _ _ _ _ _ _ _ _ _ _ _ _ _ _ _ _ _ _ _ _ _ _ _ _ _ _ _ _ _

self = <sqlalchemy.dialects.sqlite.aiosqlite.AsyncAdapt_aiosqlite_cursor object at 0x0000024167845720>
operation = 'SELECT users.id, users.telegram_id, users.username, users.first_name, users.last_name, users.display_name, users.is_premium, users.gender, users.created_at \nFROM users \nWHERE users.telegram_id = ?'
parameters = (222224,)

    def execute(
        self,
        operation: Any,
        parameters: Optional[_DBAPISingleExecuteParams] = None,
    ) -> Any:
    
        try:
            _cursor: AsyncIODBAPICursor = self.await_(self._connection.cursor())  # type: ignore[arg-type] # noqa: E501
    
            if parameters is None:
                self.await_(_cursor.execute(operation))
            else:
>               self.await_(_cursor.execute(operation, parameters))

C:\Users\Dmitriy\AppData\Local\Programs\Python\Python312\Lib\site-packages\sqlalchemy\dialects\sqlite\aiosqlite.py:164: 
_ _ _ _ _ _ _ _ _ _ _ _ _ _ _ _ _ _ _ _ _ _ _ _ _ _ _ _ _ _ _ _ _ _ _ _ _ _ _ _

awaitable = <coroutine object Cursor.execute at 0x0000024167868120>

    def await_only(awaitable: Awaitable[_T]) -> _T:
        """Awaits an async function in a sync method.
    
        The sync method must be inside a :func:`greenlet_spawn` context.
        :func:`await_only` calls cannot be nested.
    
        :param awaitable: The coroutine to call.
    
        """
        # this is called in the context greenlet while running fn
        current = getcurrent()
        if not getattr(current, "__sqlalchemy_greenlet_provider__", False):
            _safe_cancel_awaitable(awaitable)
    
            raise exc.MissingGreenlet(
                "greenlet_spawn has not been called; can't call await_only() "
                "here. Was IO attempted in an unexpected place?"
            )
    
        # returns the control to the driver greenlet passing it
        # a coroutine to run. Once the awaitable is done, the driver greenlet
        # switches back to this greenlet with the result of awaitable that is
        # then returned to the caller (or raised as error)
>       return current.parent.switch(awaitable)  # type: ignore[no-any-return,attr-defined] # noqa: E501
               ^^^^^^^^^^^^^^^^^^^^^^^^^^^^^^^^

C:\Users\Dmitriy\AppData\Local\Programs\Python\Python312\Lib\site-packages\sqlalchemy\util\_concurrency_py3k.py:132: 
_ _ _ _ _ _ _ _ _ _ _ _ _ _ _ _ _ _ _ _ _ _ _ _ _ _ _ _ _ _ _ _ _ _ _ _ _ _ _ _

fn = <bound method Session.execute of <sqlalchemy.orm.session.Session object at 0x000002416785E0C0>>
_require_await = False
args = (<sqlalchemy.sql.selectable.Select object at 0x000002416785E0F0>,)
kwargs = {'bind_arguments': None, 'execution_options': immutabledict({'prebuffer_rows': True}), 'params': None}
context = <_AsyncIoGreenlet object at 0x0000024167D9A840 (otid=0x0000024164FE5D70) dead>
switch_occurred = True
result = <coroutine object Cursor.execute at 0x0000024167868120>
value = <aiosqlite.cursor.Cursor object at 0x000002416658EF30>

    async def greenlet_spawn(
        fn: Callable[..., _T],
        *args: Any,
        _require_await: bool = False,
        **kwargs: Any,
    ) -> _T:
        """Runs a sync function ``fn`` in a new greenlet.
    
        The sync function can then use :func:`await_only` to wait for async
        functions.
    
        :param fn: The sync callable to call.
        :param \\*args: Positional arguments to pass to the ``fn`` callable.
        :param \\*\\*kwargs: Keyword arguments to pass to the ``fn`` callable.
        """
    
        result: Any
        context = _AsyncIoGreenlet(fn, getcurrent())
        # runs the function synchronously in gl greenlet. If the execution
        # is interrupted by await_only, context is not dead and result is a
        # coroutine to wait. If the context is dead the function has
        # returned, and its result can be returned.
        switch_occurred = False
        result = context.switch(*args, **kwargs)
        while not context.dead:
            switch_occurred = True
            try:
                # wait for a coroutine from await_only and then return its
                # result back to it.
>               value = await result
                        ^^^^^^^^^^^^

C:\Users\Dmitriy\AppData\Local\Programs\Python\Python312\Lib\site-packages\sqlalchemy\util\_concurrency_py3k.py:196: 
_ _ _ _ _ _ _ _ _ _ _ _ _ _ _ _ _ _ _ _ _ _ _ _ _ _ _ _ _ _ _ _ _ _ _ _ _ _ _ _

self = <aiosqlite.cursor.Cursor object at 0x000002416658EF30>
sql = 'SELECT users.id, users.telegram_id, users.username, users.first_name, users.last_name, users.display_name, users.is_premium, users.gender, users.created_at \nFROM users \nWHERE users.telegram_id = ?'
parameters = (222224,)

    async def execute(
        self, sql: str, parameters: Optional[Iterable[Any]] = None
    ) -> "Cursor":
        """Execute the given query."""
        if parameters is None:
            parameters = []
>       await self._execute(self._cursor.execute, sql, parameters)

C:\Users\Dmitriy\AppData\Local\Programs\Python\Python312\Lib\site-packages\aiosqlite\cursor.py:40: 
_ _ _ _ _ _ _ _ _ _ _ _ _ _ _ _ _ _ _ _ _ _ _ _ _ _ _ _ _ _ _ _ _ _ _ _ _ _ _ _

self = <aiosqlite.cursor.Cursor object at 0x000002416658EF30>
fn = <built-in method execute of sqlite3.Cursor object at 0x0000024167B1DDC0>
args = ('SELECT users.id, users.telegram_id, users.username, users.first_name, users.last_name, users.display_name, users.is_premium, users.gender, users.created_at \nFROM users \nWHERE users.telegram_id = ?', (222224,))
kwargs = {}

    async def _execute(self, fn, *args, **kwargs):
        """Execute the given function on the shared connection's thread."""
>       return await self._conn._execute(fn, *args, **kwargs)
               ^^^^^^^^^^^^^^^^^^^^^^^^^^^^^^^^^^^^^^^^^^^^^^

C:\Users\Dmitriy\AppData\Local\Programs\Python\Python312\Lib\site-packages\aiosqlite\cursor.py:32: 
_ _ _ _ _ _ _ _ _ _ _ _ _ _ _ _ _ _ _ _ _ _ _ _ _ _ _ _ _ _ _ _ _ _ _ _ _ _ _ _

self = <aiosqlite.core.Connection object at 0x0000024166416D80>
fn = <built-in method execute of sqlite3.Cursor object at 0x0000024167B1DDC0>
args = ('SELECT users.id, users.telegram_id, users.username, users.first_name, users.last_name, users.display_name, users.is_premium, users.gender, users.created_at \nFROM users \nWHERE users.telegram_id = ?', (222224,))
kwargs = {}
function = functools.partial(<built-in method execute of sqlite3.Cursor object at 0x0000024167B1DDC0>, 'SELECT users.id, users.te....display_name, users.is_premium, users.gender, users.created_at \nFROM users \nWHERE users.telegram_id = ?', (222224,))
future = <Future finished exception=OperationalError('no such table: users')>

    async def _execute(self, fn, *args, **kwargs):
        """Queue a function with the given arguments for execution."""
        if not self._running or not self._connection:
            raise ValueError("Connection closed")
    
        function = partial(fn, *args, **kwargs)
        future = asyncio.get_event_loop().create_future()
    
        self._tx.put_nowait((future, function))
    
>       return await future
               ^^^^^^^^^^^^

C:\Users\Dmitriy\AppData\Local\Programs\Python\Python312\Lib\site-packages\aiosqlite\core.py:160: 
_ _ _ _ _ _ _ _ _ _ _ _ _ _ _ _ _ _ _ _ _ _ _ _ _ _ _ _ _ _ _ _ _ _ _ _ _ _ _ _

tx = <_queue.SimpleQueue object at 0x0000024166440770>

    def _connection_worker_thread(tx: _TxQueue):
        """
        Execute function calls on a separate thread.
    
        :meta private:
        """
        while True:
            # Continues running until all queue items are processed,
            # even after connection is closed (so we can finalize all
            # futures)
    
            future, function = tx.get()
    
            try:
                LOG.debug("executing %s", function)
>               result = function()
                         ^^^^^^^^^^
E               sqlalchemy.exc.OperationalError: (sqlite3.OperationalError) no such table: users
E               [SQL: SELECT users.id, users.telegram_id, users.username, users.first_name, users.last_name, users.display_name, users.is_premium, users.gender, users.created_at 
E               FROM users 
E               WHERE users.telegram_id = ?]
E               [parameters: (222224,)]
E               (Background on this error at: https://sqlalche.me/e/20/e3q8)

C:\Users\Dmitriy\AppData\Local\Programs\Python\Python312\Lib\site-packages\aiosqlite\core.py:63: OperationalError
_____________________ TestSubjectService.test_add_subject _____________________

self = <sqlalchemy.engine.base.Connection object at 0x000002416658C500>
dialect = <sqlalchemy.dialects.sqlite.aiosqlite.SQLiteDialect_aiosqlite object at 0x0000024165077FB0>
context = <sqlalchemy.dialects.sqlite.aiosqlite.SQLiteExecutionContext_aiosqlite object at 0x000002416658F470>
statement = <sqlalchemy.dialects.sqlite.base.SQLiteCompiler object at 0x0000024166416330>
parameters = [(333333,)]

    def _exec_single_context(
        self,
        dialect: Dialect,
        context: ExecutionContext,
        statement: Union[str, Compiled],
        parameters: Optional[_AnyMultiExecuteParams],
    ) -> CursorResult[Any]:
        """continue the _execute_context() method for a single DBAPI
        cursor.execute() or cursor.executemany() call.
    
        """
        if dialect.bind_typing is BindTyping.SETINPUTSIZES:
            generic_setinputsizes = context._prepare_set_input_sizes()
    
            if generic_setinputsizes:
                try:
                    dialect.do_set_input_sizes(
                        context.cursor, generic_setinputsizes, context
                    )
                except BaseException as e:
                    self._handle_dbapi_exception(
                        e, str(statement), parameters, None, context
                    )
    
        cursor, str_statement, parameters = (
            context.cursor,
            context.statement,
            context.parameters,
        )
    
        effective_parameters: Optional[_AnyExecuteParams]
    
        if not context.executemany:
            effective_parameters = parameters[0]
        else:
            effective_parameters = parameters
    
        if self._has_events or self.engine._has_events:
            for fn in self.dispatch.before_cursor_execute:
                str_statement, effective_parameters = fn(
                    self,
                    cursor,
                    str_statement,
                    effective_parameters,
                    context,
                    context.executemany,
                )
    
        if self._echo:
            self._log_info(str_statement)
    
            stats = context._get_cache_stats()
    
            if not self.engine.hide_parameters:
                self._log_info(
                    "[%s] %r",
                    stats,
                    sql_util._repr_params(
                        effective_parameters,
                        batches=10,
                        ismulti=context.executemany,
                    ),
                )
            else:
                self._log_info(
                    "[%s] [SQL parameters hidden due to hide_parameters=True]",
                    stats,
                )
    
        evt_handled: bool = False
        try:
            if context.execute_style is ExecuteStyle.EXECUTEMANY:
                effective_parameters = cast(
                    "_CoreMultiExecuteParams", effective_parameters
                )
                if self.dialect._has_events:
                    for fn in self.dialect.dispatch.do_executemany:
                        if fn(
                            cursor,
                            str_statement,
                            effective_parameters,
                            context,
                        ):
                            evt_handled = True
                            break
                if not evt_handled:
                    self.dialect.do_executemany(
                        cursor,
                        str_statement,
                        effective_parameters,
                        context,
                    )
            elif not effective_parameters and context.no_parameters:
                if self.dialect._has_events:
                    for fn in self.dialect.dispatch.do_execute_no_params:
                        if fn(cursor, str_statement, context):
                            evt_handled = True
                            break
                if not evt_handled:
                    self.dialect.do_execute_no_params(
                        cursor, str_statement, context
                    )
            else:
                effective_parameters = cast(
                    "_CoreSingleExecuteParams", effective_parameters
                )
                if self.dialect._has_events:
                    for fn in self.dialect.dispatch.do_execute:
                        if fn(
                            cursor,
                            str_statement,
                            effective_parameters,
                            context,
                        ):
                            evt_handled = True
                            break
                if not evt_handled:
>                   self.dialect.do_execute(
                        cursor, str_statement, effective_parameters, context
                    )

C:\Users\Dmitriy\AppData\Local\Programs\Python\Python312\Lib\site-packages\sqlalchemy\engine\base.py:1967: 
_ _ _ _ _ _ _ _ _ _ _ _ _ _ _ _ _ _ _ _ _ _ _ _ _ _ _ _ _ _ _ _ _ _ _ _ _ _ _ _

self = <sqlalchemy.dialects.sqlite.aiosqlite.SQLiteDialect_aiosqlite object at 0x0000024165077FB0>
cursor = <sqlalchemy.dialects.sqlite.aiosqlite.AsyncAdapt_aiosqlite_cursor object at 0x000002416781CCA0>
statement = 'SELECT users.id, users.telegram_id, users.username, users.first_name, users.last_name, users.display_name, users.is_premium, users.gender, users.created_at \nFROM users \nWHERE users.telegram_id = ?'
parameters = (333333,)
context = <sqlalchemy.dialects.sqlite.aiosqlite.SQLiteExecutionContext_aiosqlite object at 0x000002416658F470>

    def do_execute(self, cursor, statement, parameters, context=None):
>       cursor.execute(statement, parameters)

C:\Users\Dmitriy\AppData\Local\Programs\Python\Python312\Lib\site-packages\sqlalchemy\engine\default.py:952: 
_ _ _ _ _ _ _ _ _ _ _ _ _ _ _ _ _ _ _ _ _ _ _ _ _ _ _ _ _ _ _ _ _ _ _ _ _ _ _ _

self = <sqlalchemy.dialects.sqlite.aiosqlite.AsyncAdapt_aiosqlite_cursor object at 0x000002416781CCA0>
operation = 'SELECT users.id, users.telegram_id, users.username, users.first_name, users.last_name, users.display_name, users.is_premium, users.gender, users.created_at \nFROM users \nWHERE users.telegram_id = ?'
parameters = (333333,)

    def execute(
        self,
        operation: Any,
        parameters: Optional[_DBAPISingleExecuteParams] = None,
    ) -> Any:
    
        try:
            _cursor: AsyncIODBAPICursor = self.await_(self._connection.cursor())  # type: ignore[arg-type] # noqa: E501
    
            if parameters is None:
                self.await_(_cursor.execute(operation))
            else:
                self.await_(_cursor.execute(operation, parameters))
    
            if _cursor.description:
                self.description = _cursor.description
                self.lastrowid = self.rowcount = -1
    
                if not self.server_side:
                    self._rows = deque(self.await_(_cursor.fetchall()))
            else:
                self.description = None
                self.lastrowid = _cursor.lastrowid
                self.rowcount = _cursor.rowcount
    
            if not self.server_side:
                self.await_(_cursor.close())
            else:
                self._cursor = _cursor  # type: ignore[misc]
        except Exception as error:
>           self._adapt_connection._handle_exception(error)

C:\Users\Dmitriy\AppData\Local\Programs\Python\Python312\Lib\site-packages\sqlalchemy\dialects\sqlite\aiosqlite.py:182: 
_ _ _ _ _ _ _ _ _ _ _ _ _ _ _ _ _ _ _ _ _ _ _ _ _ _ _ _ _ _ _ _ _ _ _ _ _ _ _ _

self = <AdaptedConnection <aiosqlite.core.Connection object at 0x0000024166416D80>>
error = OperationalError('no such table: users')

    def _handle_exception(self, error: Exception) -> NoReturn:
        if (
            isinstance(error, ValueError)
            and error.args[0] == "no active connection"
        ):
            raise self.dbapi.sqlite.OperationalError(
                "no active connection"
            ) from error
        else:
>           raise error

C:\Users\Dmitriy\AppData\Local\Programs\Python\Python312\Lib\site-packages\sqlalchemy\dialects\sqlite\aiosqlite.py:342: 
_ _ _ _ _ _ _ _ _ _ _ _ _ _ _ _ _ _ _ _ _ _ _ _ _ _ _ _ _ _ _ _ _ _ _ _ _ _ _ _

self = <sqlalchemy.dialects.sqlite.aiosqlite.AsyncAdapt_aiosqlite_cursor object at 0x000002416781CCA0>
operation = 'SELECT users.id, users.telegram_id, users.username, users.first_name, users.last_name, users.display_name, users.is_premium, users.gender, users.created_at \nFROM users \nWHERE users.telegram_id = ?'
parameters = (333333,)

    def execute(
        self,
        operation: Any,
        parameters: Optional[_DBAPISingleExecuteParams] = None,
    ) -> Any:
    
        try:
            _cursor: AsyncIODBAPICursor = self.await_(self._connection.cursor())  # type: ignore[arg-type] # noqa: E501
    
            if parameters is None:
                self.await_(_cursor.execute(operation))
            else:
>               self.await_(_cursor.execute(operation, parameters))

C:\Users\Dmitriy\AppData\Local\Programs\Python\Python312\Lib\site-packages\sqlalchemy\dialects\sqlite\aiosqlite.py:164: 
_ _ _ _ _ _ _ _ _ _ _ _ _ _ _ _ _ _ _ _ _ _ _ _ _ _ _ _ _ _ _ _ _ _ _ _ _ _ _ _

awaitable = <coroutine object Cursor.execute at 0x0000024167869D20>

    def await_only(awaitable: Awaitable[_T]) -> _T:
        """Awaits an async function in a sync method.
    
        The sync method must be inside a :func:`greenlet_spawn` context.
        :func:`await_only` calls cannot be nested.
    
        :param awaitable: The coroutine to call.
    
        """
        # this is called in the context greenlet while running fn
        current = getcurrent()
        if not getattr(current, "__sqlalchemy_greenlet_provider__", False):
            _safe_cancel_awaitable(awaitable)
    
            raise exc.MissingGreenlet(
                "greenlet_spawn has not been called; can't call await_only() "
                "here. Was IO attempted in an unexpected place?"
            )
    
        # returns the control to the driver greenlet passing it
        # a coroutine to run. Once the awaitable is done, the driver greenlet
        # switches back to this greenlet with the result of awaitable that is
        # then returned to the caller (or raised as error)
>       return current.parent.switch(awaitable)  # type: ignore[no-any-return,attr-defined] # noqa: E501
               ^^^^^^^^^^^^^^^^^^^^^^^^^^^^^^^^

C:\Users\Dmitriy\AppData\Local\Programs\Python\Python312\Lib\site-packages\sqlalchemy\util\_concurrency_py3k.py:132: 
_ _ _ _ _ _ _ _ _ _ _ _ _ _ _ _ _ _ _ _ _ _ _ _ _ _ _ _ _ _ _ _ _ _ _ _ _ _ _ _

fn = <bound method Session.execute of <sqlalchemy.orm.session.Session object at 0x000002416658FA70>>
_require_await = False
args = (<sqlalchemy.sql.selectable.Select object at 0x000002416658CCE0>,)
kwargs = {'bind_arguments': None, 'execution_options': immutabledict({'prebuffer_rows': True}), 'params': None}
context = <_AsyncIoGreenlet object at 0x00000241685079C0 (otid=0x0000024164FE5D70) dead>
switch_occurred = True
result = <coroutine object Cursor.execute at 0x0000024167869D20>
value = <aiosqlite.cursor.Cursor object at 0x000002416658F620>

    async def greenlet_spawn(
        fn: Callable[..., _T],
        *args: Any,
        _require_await: bool = False,
        **kwargs: Any,
    ) -> _T:
        """Runs a sync function ``fn`` in a new greenlet.
    
        The sync function can then use :func:`await_only` to wait for async
        functions.
    
        :param fn: The sync callable to call.
        :param \\*args: Positional arguments to pass to the ``fn`` callable.
        :param \\*\\*kwargs: Keyword arguments to pass to the ``fn`` callable.
        """
    
        result: Any
        context = _AsyncIoGreenlet(fn, getcurrent())
        # runs the function synchronously in gl greenlet. If the execution
        # is interrupted by await_only, context is not dead and result is a
        # coroutine to wait. If the context is dead the function has
        # returned, and its result can be returned.
        switch_occurred = False
        result = context.switch(*args, **kwargs)
        while not context.dead:
            switch_occurred = True
            try:
                # wait for a coroutine from await_only and then return its
                # result back to it.
>               value = await result
                        ^^^^^^^^^^^^

C:\Users\Dmitriy\AppData\Local\Programs\Python\Python312\Lib\site-packages\sqlalchemy\util\_concurrency_py3k.py:196: 
_ _ _ _ _ _ _ _ _ _ _ _ _ _ _ _ _ _ _ _ _ _ _ _ _ _ _ _ _ _ _ _ _ _ _ _ _ _ _ _

self = <aiosqlite.cursor.Cursor object at 0x000002416658F620>
sql = 'SELECT users.id, users.telegram_id, users.username, users.first_name, users.last_name, users.display_name, users.is_premium, users.gender, users.created_at \nFROM users \nWHERE users.telegram_id = ?'
parameters = (333333,)

    async def execute(
        self, sql: str, parameters: Optional[Iterable[Any]] = None
    ) -> "Cursor":
        """Execute the given query."""
        if parameters is None:
            parameters = []
>       await self._execute(self._cursor.execute, sql, parameters)

C:\Users\Dmitriy\AppData\Local\Programs\Python\Python312\Lib\site-packages\aiosqlite\cursor.py:40: 
_ _ _ _ _ _ _ _ _ _ _ _ _ _ _ _ _ _ _ _ _ _ _ _ _ _ _ _ _ _ _ _ _ _ _ _ _ _ _ _

self = <aiosqlite.cursor.Cursor object at 0x000002416658F620>
fn = <built-in method execute of sqlite3.Cursor object at 0x00000241689D69C0>
args = ('SELECT users.id, users.telegram_id, users.username, users.first_name, users.last_name, users.display_name, users.is_premium, users.gender, users.created_at \nFROM users \nWHERE users.telegram_id = ?', (333333,))
kwargs = {}

    async def _execute(self, fn, *args, **kwargs):
        """Execute the given function on the shared connection's thread."""
>       return await self._conn._execute(fn, *args, **kwargs)
               ^^^^^^^^^^^^^^^^^^^^^^^^^^^^^^^^^^^^^^^^^^^^^^

C:\Users\Dmitriy\AppData\Local\Programs\Python\Python312\Lib\site-packages\aiosqlite\cursor.py:32: 
_ _ _ _ _ _ _ _ _ _ _ _ _ _ _ _ _ _ _ _ _ _ _ _ _ _ _ _ _ _ _ _ _ _ _ _ _ _ _ _

self = <aiosqlite.core.Connection object at 0x0000024166416D80>
fn = <built-in method execute of sqlite3.Cursor object at 0x00000241689D69C0>
args = ('SELECT users.id, users.telegram_id, users.username, users.first_name, users.last_name, users.display_name, users.is_premium, users.gender, users.created_at \nFROM users \nWHERE users.telegram_id = ?', (333333,))
kwargs = {}
function = functools.partial(<built-in method execute of sqlite3.Cursor object at 0x00000241689D69C0>, 'SELECT users.id, users.te....display_name, users.is_premium, users.gender, users.created_at \nFROM users \nWHERE users.telegram_id = ?', (333333,))
future = <Future finished exception=OperationalError('no such table: users')>

    async def _execute(self, fn, *args, **kwargs):
        """Queue a function with the given arguments for execution."""
        if not self._running or not self._connection:
            raise ValueError("Connection closed")
    
        function = partial(fn, *args, **kwargs)
        future = asyncio.get_event_loop().create_future()
    
        self._tx.put_nowait((future, function))
    
>       return await future
               ^^^^^^^^^^^^

C:\Users\Dmitriy\AppData\Local\Programs\Python\Python312\Lib\site-packages\aiosqlite\core.py:160: 
_ _ _ _ _ _ _ _ _ _ _ _ _ _ _ _ _ _ _ _ _ _ _ _ _ _ _ _ _ _ _ _ _ _ _ _ _ _ _ _

tx = <_queue.SimpleQueue object at 0x0000024166440770>

    def _connection_worker_thread(tx: _TxQueue):
        """
        Execute function calls on a separate thread.
    
        :meta private:
        """
        while True:
            # Continues running until all queue items are processed,
            # even after connection is closed (so we can finalize all
            # futures)
    
            future, function = tx.get()
    
            try:
                LOG.debug("executing %s", function)
>               result = function()
                         ^^^^^^^^^^
E               sqlite3.OperationalError: no such table: users

C:\Users\Dmitriy\AppData\Local\Programs\Python\Python312\Lib\site-packages\aiosqlite\core.py:63: OperationalError

The above exception was the direct cause of the following exception:

self = <test_services.TestSubjectService object at 0x0000024166416F30>

    async def test_add_subject(self):
>       user = await get_or_create_user(MockUser(333333, "owner4"))
               ^^^^^^^^^^^^^^^^^^^^^^^^^^^^^^^^^^^^^^^^^^^^^^^^^^^^

tests\test_services.py:62: 
_ _ _ _ _ _ _ _ _ _ _ _ _ _ _ _ _ _ _ _ _ _ _ _ _ _ _ _ _ _ _ _ _ _ _ _ _ _ _ _

tg_user = <test_services.MockUser object at 0x000002416658CC20>

    async def get_or_create_user(tg_user):
        async with SessionLocal() as session:
>           result = await session.execute(select(User).where(User.telegram_id == tg_user.id))
                     ^^^^^^^^^^^^^^^^^^^^^^^^^^^^^^^^^^^^^^^^^^^^^^^^^^^^^^^^^^^^^^^^^^^^^^^^^

services\user_service.py:7: 
_ _ _ _ _ _ _ _ _ _ _ _ _ _ _ _ _ _ _ _ _ _ _ _ _ _ _ _ _ _ _ _ _ _ _ _ _ _ _ _

self = <sqlalchemy.ext.asyncio.session.AsyncSession object at 0x000002416658F8F0>
statement = <sqlalchemy.sql.selectable.Select object at 0x000002416658CCE0>
params = None, execution_options = immutabledict({'prebuffer_rows': True})
bind_arguments = None, kw = {}

    async def execute(
        self,
        statement: Executable,
        params: Optional[_CoreAnyExecuteParams] = None,
        *,
        execution_options: OrmExecuteOptionsParameter = util.EMPTY_DICT,
        bind_arguments: Optional[_BindArguments] = None,
        **kw: Any,
    ) -> Result[Any]:
        """Execute a statement and return a buffered
        :class:`_engine.Result` object.
    
        .. seealso::
    
            :meth:`_orm.Session.execute` - main documentation for execute
    
        """
    
        if execution_options:
            execution_options = util.immutabledict(execution_options).union(
                _EXECUTE_OPTIONS
            )
        else:
            execution_options = _EXECUTE_OPTIONS
    
>       result = await greenlet_spawn(
            self.sync_session.execute,
            statement,
            params=params,
            execution_options=execution_options,
            bind_arguments=bind_arguments,
            **kw,
        )

C:\Users\Dmitriy\AppData\Local\Programs\Python\Python312\Lib\site-packages\sqlalchemy\ext\asyncio\session.py:449: 
_ _ _ _ _ _ _ _ _ _ _ _ _ _ _ _ _ _ _ _ _ _ _ _ _ _ _ _ _ _ _ _ _ _ _ _ _ _ _ _

fn = <bound method Session.execute of <sqlalchemy.orm.session.Session object at 0x000002416658FA70>>
_require_await = False
args = (<sqlalchemy.sql.selectable.Select object at 0x000002416658CCE0>,)
kwargs = {'bind_arguments': None, 'execution_options': immutabledict({'prebuffer_rows': True}), 'params': None}
context = <_AsyncIoGreenlet object at 0x00000241685079C0 (otid=0x0000024164FE5D70) dead>
switch_occurred = True
result = <coroutine object Cursor.execute at 0x0000024167869D20>
value = <aiosqlite.cursor.Cursor object at 0x000002416658F620>

    async def greenlet_spawn(
        fn: Callable[..., _T],
        *args: Any,
        _require_await: bool = False,
        **kwargs: Any,
    ) -> _T:
        """Runs a sync function ``fn`` in a new greenlet.
    
        The sync function can then use :func:`await_only` to wait for async
        functions.
    
        :param fn: The sync callable to call.
        :param \\*args: Positional arguments to pass to the ``fn`` callable.
        :param \\*\\*kwargs: Keyword arguments to pass to the ``fn`` callable.
        """
    
        result: Any
        context = _AsyncIoGreenlet(fn, getcurrent())
        # runs the function synchronously in gl greenlet. If the execution
        # is interrupted by await_only, context is not dead and result is a
        # coroutine to wait. If the context is dead the function has
        # returned, and its result can be returned.
        switch_occurred = False
        result = context.switch(*args, **kwargs)
        while not context.dead:
            switch_occurred = True
            try:
                # wait for a coroutine from await_only and then return its
                # result back to it.
                value = await result
            except BaseException:
                # this allows an exception to be raised within
                # the moderated greenlet so that it can continue
                # its expected flow.
>               result = context.throw(*sys.exc_info())
                         ^^^^^^^^^^^^^^^^^^^^^^^^^^^^^^

C:\Users\Dmitriy\AppData\Local\Programs\Python\Python312\Lib\site-packages\sqlalchemy\util\_concurrency_py3k.py:201: 
_ _ _ _ _ _ _ _ _ _ _ _ _ _ _ _ _ _ _ _ _ _ _ _ _ _ _ _ _ _ _ _ _ _ _ _ _ _ _ _

self = <sqlalchemy.orm.session.Session object at 0x000002416658FA70>
statement = <sqlalchemy.sql.selectable.Select object at 0x000002416658CCE0>
params = None

    def execute(
        self,
        statement: Executable,
        params: Optional[_CoreAnyExecuteParams] = None,
        *,
        execution_options: OrmExecuteOptionsParameter = util.EMPTY_DICT,
        bind_arguments: Optional[_BindArguments] = None,
        _parent_execute_state: Optional[Any] = None,
        _add_event: Optional[Any] = None,
    ) -> Result[Any]:
        r"""Execute a SQL expression construct.
    
        Returns a :class:`_engine.Result` object representing
        results of the statement execution.
    
        E.g.::
    
            from sqlalchemy import select
    
            result = session.execute(select(User).where(User.id == 5))
    
        The API contract of :meth:`_orm.Session.execute` is similar to that
        of :meth:`_engine.Connection.execute`, the :term:`2.0 style` version
        of :class:`_engine.Connection`.
    
        .. versionchanged:: 1.4 the :meth:`_orm.Session.execute` method is
           now the primary point of ORM statement execution when using
           :term:`2.0 style` ORM usage.
    
        :param statement:
            An executable statement (i.e. an :class:`.Executable` expression
            such as :func:`_expression.select`).
    
        :param params:
            Optional dictionary, or list of dictionaries, containing
            bound parameter values.   If a single dictionary, single-row
            execution occurs; if a list of dictionaries, an
            "executemany" will be invoked.  The keys in each dictionary
            must correspond to parameter names present in the statement.
    
        :param execution_options: optional dictionary of execution options,
         which will be associated with the statement execution.  This
         dictionary can provide a subset of the options that are accepted
         by :meth:`_engine.Connection.execution_options`, and may also
         provide additional options understood only in an ORM context.
    
         .. seealso::
    
            :ref:`orm_queryguide_execution_options` - ORM-specific execution
            options
    
        :param bind_arguments: dictionary of additional arguments to determine
         the bind.  May include "mapper", "bind", or other custom arguments.
         Contents of this dictionary are passed to the
         :meth:`.Session.get_bind` method.
    
        :return: a :class:`_engine.Result` object.
    
    
        """
>       return self._execute_internal(
            statement,
            params,
            execution_options=execution_options,
            bind_arguments=bind_arguments,
            _parent_execute_state=_parent_execute_state,
            _add_event=_add_event,
        )

C:\Users\Dmitriy\AppData\Local\Programs\Python\Python312\Lib\site-packages\sqlalchemy\orm\session.py:2351: 
_ _ _ _ _ _ _ _ _ _ _ _ _ _ _ _ _ _ _ _ _ _ _ _ _ _ _ _ _ _ _ _ _ _ _ _ _ _ _ _

self = <sqlalchemy.orm.session.Session object at 0x000002416658FA70>
statement = <sqlalchemy.sql.selectable.Select object at 0x000002416658CCE0>
params = None

    def _execute_internal(
        self,
        statement: Executable,
        params: Optional[_CoreAnyExecuteParams] = None,
        *,
        execution_options: OrmExecuteOptionsParameter = util.EMPTY_DICT,
        bind_arguments: Optional[_BindArguments] = None,
        _parent_execute_state: Optional[Any] = None,
        _add_event: Optional[Any] = None,
        _scalar_result: bool = False,
    ) -> Any:
        statement = coercions.expect(roles.StatementRole, statement)
    
        if not bind_arguments:
            bind_arguments = {}
        else:
            bind_arguments = dict(bind_arguments)
    
        if (
            statement._propagate_attrs.get("compile_state_plugin", None)
            == "orm"
        ):
            compile_state_cls = CompileState._get_plugin_class_for_plugin(
                statement, "orm"
            )
            if TYPE_CHECKING:
                assert isinstance(
                    compile_state_cls, context.AbstractORMCompileState
                )
        else:
            compile_state_cls = None
            bind_arguments.setdefault("clause", statement)
    
        execution_options = util.coerce_to_immutabledict(execution_options)
    
        if _parent_execute_state:
            events_todo = _parent_execute_state._remaining_events()
        else:
            events_todo = self.dispatch.do_orm_execute
            if _add_event:
                events_todo = list(events_todo) + [_add_event]
    
        if events_todo:
            if compile_state_cls is not None:
                # for event handlers, do the orm_pre_session_exec
                # pass ahead of the event handlers, so that things like
                # .load_options, .update_delete_options etc. are populated.
                # is_pre_event=True allows the hook to hold off on things
                # it doesn't want to do twice, including autoflush as well
                # as "pre fetch" for DML, etc.
                (
                    statement,
                    execution_options,
                ) = compile_state_cls.orm_pre_session_exec(
                    self,
                    statement,
                    params,
                    execution_options,
                    bind_arguments,
                    True,
                )
    
            orm_exec_state = ORMExecuteState(
                self,
                statement,
                params,
                execution_options,
                bind_arguments,
                compile_state_cls,
                events_todo,
            )
            for idx, fn in enumerate(events_todo):
                orm_exec_state._starting_event_idx = idx
                fn_result: Optional[Result[Any]] = fn(orm_exec_state)
                if fn_result:
                    if _scalar_result:
                        return fn_result.scalar()
                    else:
                        return fn_result
    
            statement = orm_exec_state.statement
            execution_options = orm_exec_state.local_execution_options
    
        if compile_state_cls is not None:
            # now run orm_pre_session_exec() "for real".   if there were
            # event hooks, this will re-run the steps that interpret
            # new execution_options into load_options / update_delete_options,
            # which we assume the event hook might have updated.
            # autoflush will also be invoked in this step if enabled.
            (
                statement,
                execution_options,
            ) = compile_state_cls.orm_pre_session_exec(
                self,
                statement,
                params,
                execution_options,
                bind_arguments,
                False,
            )
    
        bind = self.get_bind(**bind_arguments)
    
        conn = self._connection_for_bind(bind)
    
        if _scalar_result and not compile_state_cls:
            if TYPE_CHECKING:
                params = cast(_CoreSingleExecuteParams, params)
            return conn.scalar(
                statement, params or {}, execution_options=execution_options
            )
    
        if compile_state_cls:
>           result: Result[Any] = compile_state_cls.orm_execute_statement(
                self,
                statement,
                params or {},
                execution_options,
                bind_arguments,
                conn,
            )

C:\Users\Dmitriy\AppData\Local\Programs\Python\Python312\Lib\site-packages\sqlalchemy\orm\session.py:2249: 
_ _ _ _ _ _ _ _ _ _ _ _ _ _ _ _ _ _ _ _ _ _ _ _ _ _ _ _ _ _ _ _ _ _ _ _ _ _ _ _

cls = <class 'sqlalchemy.orm.context.ORMSelectCompileState'>
session = <sqlalchemy.orm.session.Session object at 0x000002416658FA70>
statement = <sqlalchemy.sql.selectable.Select object at 0x000002416658CCE0>
params = {}
execution_options = immutabledict({'prebuffer_rows': True, '_result_disable_adapt_to_context': True})
bind_arguments = {'clause': <sqlalchemy.sql.selectable.Select object at 0x000002416658CCE0>, 'mapper': <Mapper at 0x2416627b620; User>}
conn = <sqlalchemy.engine.base.Connection object at 0x000002416658C500>

    @classmethod
    def orm_execute_statement(
        cls,
        session,
        statement,
        params,
        execution_options,
        bind_arguments,
        conn,
    ) -> Result:
>       result = conn.execute(
            statement, params or {}, execution_options=execution_options
        )

C:\Users\Dmitriy\AppData\Local\Programs\Python\Python312\Lib\site-packages\sqlalchemy\orm\context.py:306: 
_ _ _ _ _ _ _ _ _ _ _ _ _ _ _ _ _ _ _ _ _ _ _ _ _ _ _ _ _ _ _ _ _ _ _ _ _ _ _ _

self = <sqlalchemy.engine.base.Connection object at 0x000002416658C500>
statement = <sqlalchemy.sql.selectable.Select object at 0x000002416658CCE0>
parameters = {}

    def execute(
        self,
        statement: Executable,
        parameters: Optional[_CoreAnyExecuteParams] = None,
        *,
        execution_options: Optional[CoreExecuteOptionsParameter] = None,
    ) -> CursorResult[Any]:
        r"""Executes a SQL statement construct and returns a
        :class:`_engine.CursorResult`.
    
        :param statement: The statement to be executed.  This is always
         an object that is in both the :class:`_expression.ClauseElement` and
         :class:`_expression.Executable` hierarchies, including:
    
         * :class:`_expression.Select`
         * :class:`_expression.Insert`, :class:`_expression.Update`,
           :class:`_expression.Delete`
         * :class:`_expression.TextClause` and
           :class:`_expression.TextualSelect`
         * :class:`_schema.DDL` and objects which inherit from
           :class:`_schema.ExecutableDDLElement`
    
        :param parameters: parameters which will be bound into the statement.
         This may be either a dictionary of parameter names to values,
         or a mutable sequence (e.g. a list) of dictionaries.  When a
         list of dictionaries is passed, the underlying statement execution
         will make use of the DBAPI ``cursor.executemany()`` method.
         When a single dictionary is passed, the DBAPI ``cursor.execute()``
         method will be used.
    
        :param execution_options: optional dictionary of execution options,
         which will be associated with the statement execution.  This
         dictionary can provide a subset of the options that are accepted
         by :meth:`_engine.Connection.execution_options`.
    
        :return: a :class:`_engine.Result` object.
    
        """
        distilled_parameters = _distill_params_20(parameters)
        try:
            meth = statement._execute_on_connection
        except AttributeError as err:
            raise exc.ObjectNotExecutableError(statement) from err
        else:
>           return meth(
                self,
                distilled_parameters,
                execution_options or NO_OPTIONS,
            )

C:\Users\Dmitriy\AppData\Local\Programs\Python\Python312\Lib\site-packages\sqlalchemy\engine\base.py:1419: 
_ _ _ _ _ _ _ _ _ _ _ _ _ _ _ _ _ _ _ _ _ _ _ _ _ _ _ _ _ _ _ _ _ _ _ _ _ _ _ _

self = <sqlalchemy.sql.selectable.Select object at 0x000002416658CCE0>
connection = <sqlalchemy.engine.base.Connection object at 0x000002416658C500>
distilled_params = [{}]
execution_options = immutabledict({'prebuffer_rows': True, '_result_disable_adapt_to_context': True})

    def _execute_on_connection(
        self,
        connection: Connection,
        distilled_params: _CoreMultiExecuteParams,
        execution_options: CoreExecuteOptionsParameter,
    ) -> Result[Any]:
        if self.supports_execution:
            if TYPE_CHECKING:
                assert isinstance(self, Executable)
>           return connection._execute_clauseelement(
                self, distilled_params, execution_options
            )

C:\Users\Dmitriy\AppData\Local\Programs\Python\Python312\Lib\site-packages\sqlalchemy\sql\elements.py:527: 
_ _ _ _ _ _ _ _ _ _ _ _ _ _ _ _ _ _ _ _ _ _ _ _ _ _ _ _ _ _ _ _ _ _ _ _ _ _ _ _

self = <sqlalchemy.engine.base.Connection object at 0x000002416658C500>
elem = <sqlalchemy.sql.selectable.Select object at 0x000002416658CCE0>
distilled_parameters = [{}]
execution_options = immutabledict({'prebuffer_rows': True, '_result_disable_adapt_to_context': True})

    def _execute_clauseelement(
        self,
        elem: Executable,
        distilled_parameters: _CoreMultiExecuteParams,
        execution_options: CoreExecuteOptionsParameter,
    ) -> CursorResult[Any]:
        """Execute a sql.ClauseElement object."""
    
        execution_options = elem._execution_options.merge_with(
            self._execution_options, execution_options
        )
    
        has_events = self._has_events or self.engine._has_events
        if has_events:
            (
                elem,
                distilled_parameters,
                event_multiparams,
                event_params,
            ) = self._invoke_before_exec_event(
                elem, distilled_parameters, execution_options
            )
    
        if distilled_parameters:
            # ensure we don't retain a link to the view object for keys()
            # which links to the values, which we don't want to cache
            keys = sorted(distilled_parameters[0])
            for_executemany = len(distilled_parameters) > 1
        else:
            keys = []
            for_executemany = False
    
        dialect = self.dialect
    
        schema_translate_map = execution_options.get(
            "schema_translate_map", None
        )
    
        compiled_cache: Optional[CompiledCacheType] = execution_options.get(
            "compiled_cache", self.engine._compiled_cache
        )
    
        compiled_sql, extracted_params, cache_hit = elem._compile_w_cache(
            dialect=dialect,
            compiled_cache=compiled_cache,
            column_keys=keys,
            for_executemany=for_executemany,
            schema_translate_map=schema_translate_map,
            linting=self.dialect.compiler_linting | compiler.WARN_LINTING,
        )
>       ret = self._execute_context(
            dialect,
            dialect.execution_ctx_cls._init_compiled,
            compiled_sql,
            distilled_parameters,
            execution_options,
            compiled_sql,
            distilled_parameters,
            elem,
            extracted_params,
            cache_hit=cache_hit,
        )

C:\Users\Dmitriy\AppData\Local\Programs\Python\Python312\Lib\site-packages\sqlalchemy\engine\base.py:1641: 
_ _ _ _ _ _ _ _ _ _ _ _ _ _ _ _ _ _ _ _ _ _ _ _ _ _ _ _ _ _ _ _ _ _ _ _ _ _ _ _

self = <sqlalchemy.engine.base.Connection object at 0x000002416658C500>
dialect = <sqlalchemy.dialects.sqlite.aiosqlite.SQLiteDialect_aiosqlite object at 0x0000024165077FB0>
constructor = <bound method DefaultExecutionContext._init_compiled of <class 'sqlalchemy.dialects.sqlite.aiosqlite.SQLiteExecutionContext_aiosqlite'>>
statement = <sqlalchemy.dialects.sqlite.base.SQLiteCompiler object at 0x0000024166416330>
parameters = [{}]
execution_options = immutabledict({'prebuffer_rows': True, '_result_disable_adapt_to_context': True})
args = (<sqlalchemy.dialects.sqlite.base.SQLiteCompiler object at 0x0000024166416330>, [{}], <sqlalchemy.sql.selectable.Select object at 0x000002416658CCE0>, [BindParameter('%(2479913235328 telegram_id)s', 333333, type_=BigInteger())])
kw = {'cache_hit': <CacheStats.CACHE_HIT: 0>}, yp = None
conn = <sqlalchemy.pool.base._ConnectionFairy object at 0x000002416781CA70>
context = <sqlalchemy.dialects.sqlite.aiosqlite.SQLiteExecutionContext_aiosqlite object at 0x000002416658F470>

    def _execute_context(
        self,
        dialect: Dialect,
        constructor: Callable[..., ExecutionContext],
        statement: Union[str, Compiled],
        parameters: Optional[_AnyMultiExecuteParams],
        execution_options: _ExecuteOptions,
        *args: Any,
        **kw: Any,
    ) -> CursorResult[Any]:
        """Create an :class:`.ExecutionContext` and execute, returning
        a :class:`_engine.CursorResult`."""
    
        if execution_options:
            yp = execution_options.get("yield_per", None)
            if yp:
                execution_options = execution_options.union(
                    {"stream_results": True, "max_row_buffer": yp}
                )
        try:
            conn = self._dbapi_connection
            if conn is None:
                conn = self._revalidate_connection()
    
            context = constructor(
                dialect, self, conn, execution_options, *args, **kw
            )
        except (exc.PendingRollbackError, exc.ResourceClosedError):
            raise
        except BaseException as e:
            self._handle_dbapi_exception(
                e, str(statement), parameters, None, None
            )
    
        if (
            self._transaction
            and not self._transaction.is_active
            or (
                self._nested_transaction
                and not self._nested_transaction.is_active
            )
        ):
            self._invalid_transaction()
    
        elif self._trans_context_manager:
            TransactionalContext._trans_ctx_check(self)
    
        if self._transaction is None:
            self._autobegin()
    
        context.pre_exec()
    
        if context.execute_style is ExecuteStyle.INSERTMANYVALUES:
            return self._exec_insertmany_context(dialect, context)
        else:
>           return self._exec_single_context(
                dialect, context, statement, parameters
            )

C:\Users\Dmitriy\AppData\Local\Programs\Python\Python312\Lib\site-packages\sqlalchemy\engine\base.py:1846: 
_ _ _ _ _ _ _ _ _ _ _ _ _ _ _ _ _ _ _ _ _ _ _ _ _ _ _ _ _ _ _ _ _ _ _ _ _ _ _ _

self = <sqlalchemy.engine.base.Connection object at 0x000002416658C500>
dialect = <sqlalchemy.dialects.sqlite.aiosqlite.SQLiteDialect_aiosqlite object at 0x0000024165077FB0>
context = <sqlalchemy.dialects.sqlite.aiosqlite.SQLiteExecutionContext_aiosqlite object at 0x000002416658F470>
statement = <sqlalchemy.dialects.sqlite.base.SQLiteCompiler object at 0x0000024166416330>
parameters = [(333333,)]

    def _exec_single_context(
        self,
        dialect: Dialect,
        context: ExecutionContext,
        statement: Union[str, Compiled],
        parameters: Optional[_AnyMultiExecuteParams],
    ) -> CursorResult[Any]:
        """continue the _execute_context() method for a single DBAPI
        cursor.execute() or cursor.executemany() call.
    
        """
        if dialect.bind_typing is BindTyping.SETINPUTSIZES:
            generic_setinputsizes = context._prepare_set_input_sizes()
    
            if generic_setinputsizes:
                try:
                    dialect.do_set_input_sizes(
                        context.cursor, generic_setinputsizes, context
                    )
                except BaseException as e:
                    self._handle_dbapi_exception(
                        e, str(statement), parameters, None, context
                    )
    
        cursor, str_statement, parameters = (
            context.cursor,
            context.statement,
            context.parameters,
        )
    
        effective_parameters: Optional[_AnyExecuteParams]
    
        if not context.executemany:
            effective_parameters = parameters[0]
        else:
            effective_parameters = parameters
    
        if self._has_events or self.engine._has_events:
            for fn in self.dispatch.before_cursor_execute:
                str_statement, effective_parameters = fn(
                    self,
                    cursor,
                    str_statement,
                    effective_parameters,
                    context,
                    context.executemany,
                )
    
        if self._echo:
            self._log_info(str_statement)
    
            stats = context._get_cache_stats()
    
            if not self.engine.hide_parameters:
                self._log_info(
                    "[%s] %r",
                    stats,
                    sql_util._repr_params(
                        effective_parameters,
                        batches=10,
                        ismulti=context.executemany,
                    ),
                )
            else:
                self._log_info(
                    "[%s] [SQL parameters hidden due to hide_parameters=True]",
                    stats,
                )
    
        evt_handled: bool = False
        try:
            if context.execute_style is ExecuteStyle.EXECUTEMANY:
                effective_parameters = cast(
                    "_CoreMultiExecuteParams", effective_parameters
                )
                if self.dialect._has_events:
                    for fn in self.dialect.dispatch.do_executemany:
                        if fn(
                            cursor,
                            str_statement,
                            effective_parameters,
                            context,
                        ):
                            evt_handled = True
                            break
                if not evt_handled:
                    self.dialect.do_executemany(
                        cursor,
                        str_statement,
                        effective_parameters,
                        context,
                    )
            elif not effective_parameters and context.no_parameters:
                if self.dialect._has_events:
                    for fn in self.dialect.dispatch.do_execute_no_params:
                        if fn(cursor, str_statement, context):
                            evt_handled = True
                            break
                if not evt_handled:
                    self.dialect.do_execute_no_params(
                        cursor, str_statement, context
                    )
            else:
                effective_parameters = cast(
                    "_CoreSingleExecuteParams", effective_parameters
                )
                if self.dialect._has_events:
                    for fn in self.dialect.dispatch.do_execute:
                        if fn(
                            cursor,
                            str_statement,
                            effective_parameters,
                            context,
                        ):
                            evt_handled = True
                            break
                if not evt_handled:
                    self.dialect.do_execute(
                        cursor, str_statement, effective_parameters, context
                    )
    
            if self._has_events or self.engine._has_events:
                self.dispatch.after_cursor_execute(
                    self,
                    cursor,
                    str_statement,
                    effective_parameters,
                    context,
                    context.executemany,
                )
    
            context.post_exec()
    
            result = context._setup_result_proxy()
    
        except BaseException as e:
>           self._handle_dbapi_exception(
                e, str_statement, effective_parameters, cursor, context
            )

C:\Users\Dmitriy\AppData\Local\Programs\Python\Python312\Lib\site-packages\sqlalchemy\engine\base.py:1986: 
_ _ _ _ _ _ _ _ _ _ _ _ _ _ _ _ _ _ _ _ _ _ _ _ _ _ _ _ _ _ _ _ _ _ _ _ _ _ _ _

self = <sqlalchemy.engine.base.Connection object at 0x000002416658C500>
e = OperationalError('no such table: users')
statement = 'SELECT users.id, users.telegram_id, users.username, users.first_name, users.last_name, users.display_name, users.is_premium, users.gender, users.created_at \nFROM users \nWHERE users.telegram_id = ?'
parameters = (333333,)
cursor = <sqlalchemy.dialects.sqlite.aiosqlite.AsyncAdapt_aiosqlite_cursor object at 0x000002416781CCA0>
context = <sqlalchemy.dialects.sqlite.aiosqlite.SQLiteExecutionContext_aiosqlite object at 0x000002416658F470>
is_sub_exec = False

    def _handle_dbapi_exception(
        self,
        e: BaseException,
        statement: Optional[str],
        parameters: Optional[_AnyExecuteParams],
        cursor: Optional[DBAPICursor],
        context: Optional[ExecutionContext],
        is_sub_exec: bool = False,
    ) -> NoReturn:
        exc_info = sys.exc_info()
    
        is_exit_exception = util.is_exit_exception(e)
    
        if not self._is_disconnect:
            self._is_disconnect = (
                isinstance(e, self.dialect.loaded_dbapi.Error)
                and not self.closed
                and self.dialect.is_disconnect(
                    e,
                    self._dbapi_connection if not self.invalidated else None,
                    cursor,
                )
            ) or (is_exit_exception and not self.closed)
    
        invalidate_pool_on_disconnect = not is_exit_exception
    
        ismulti: bool = (
            not is_sub_exec and context.executemany
            if context is not None
            else False
        )
        if self._reentrant_error:
            raise exc.DBAPIError.instance(
                statement,
                parameters,
                e,
                self.dialect.loaded_dbapi.Error,
                hide_parameters=self.engine.hide_parameters,
                dialect=self.dialect,
                ismulti=ismulti,
            ).with_traceback(exc_info[2]) from e
        self._reentrant_error = True
        try:
            # non-DBAPI error - if we already got a context,
            # or there's no string statement, don't wrap it
            should_wrap = isinstance(e, self.dialect.loaded_dbapi.Error) or (
                statement is not None
                and context is None
                and not is_exit_exception
            )
    
            if should_wrap:
                sqlalchemy_exception = exc.DBAPIError.instance(
                    statement,
                    parameters,
                    cast(Exception, e),
                    self.dialect.loaded_dbapi.Error,
                    hide_parameters=self.engine.hide_parameters,
                    connection_invalidated=self._is_disconnect,
                    dialect=self.dialect,
                    ismulti=ismulti,
                )
            else:
                sqlalchemy_exception = None
    
            newraise = None
    
            if (self.dialect._has_events) and not self._execution_options.get(
                "skip_user_error_events", False
            ):
                ctx = ExceptionContextImpl(
                    e,
                    sqlalchemy_exception,
                    self.engine,
                    self.dialect,
                    self,
                    cursor,
                    statement,
                    parameters,
                    context,
                    self._is_disconnect,
                    invalidate_pool_on_disconnect,
                    False,
                )
    
                for fn in self.dialect.dispatch.handle_error:
                    try:
                        # handler returns an exception;
                        # call next handler in a chain
                        per_fn = fn(ctx)
                        if per_fn is not None:
                            ctx.chained_exception = newraise = per_fn
                    except Exception as _raised:
                        # handler raises an exception - stop processing
                        newraise = _raised
                        break
    
                if self._is_disconnect != ctx.is_disconnect:
                    self._is_disconnect = ctx.is_disconnect
                    if sqlalchemy_exception:
                        sqlalchemy_exception.connection_invalidated = (
                            ctx.is_disconnect
                        )
    
                # set up potentially user-defined value for
                # invalidate pool.
                invalidate_pool_on_disconnect = (
                    ctx.invalidate_pool_on_disconnect
                )
    
            if should_wrap and context:
                context.handle_dbapi_exception(e)
    
            if not self._is_disconnect:
                if cursor:
                    self._safe_close_cursor(cursor)
                # "autorollback" was mostly relevant in 1.x series.
                # It's very unlikely to reach here, as the connection
                # does autobegin so when we are here, we are usually
                # in an explicit / semi-explicit transaction.
                # however we have a test which manufactures this
                # scenario in any case using an event handler.
                # test/engine/test_execute.py-> test_actual_autorollback
                if not self.in_transaction():
                    self._rollback_impl()
    
            if newraise:
                raise newraise.with_traceback(exc_info[2]) from e
            elif should_wrap:
                assert sqlalchemy_exception is not None
>               raise sqlalchemy_exception.with_traceback(exc_info[2]) from e

C:\Users\Dmitriy\AppData\Local\Programs\Python\Python312\Lib\site-packages\sqlalchemy\engine\base.py:2363: 
_ _ _ _ _ _ _ _ _ _ _ _ _ _ _ _ _ _ _ _ _ _ _ _ _ _ _ _ _ _ _ _ _ _ _ _ _ _ _ _

self = <sqlalchemy.engine.base.Connection object at 0x000002416658C500>
dialect = <sqlalchemy.dialects.sqlite.aiosqlite.SQLiteDialect_aiosqlite object at 0x0000024165077FB0>
context = <sqlalchemy.dialects.sqlite.aiosqlite.SQLiteExecutionContext_aiosqlite object at 0x000002416658F470>
statement = <sqlalchemy.dialects.sqlite.base.SQLiteCompiler object at 0x0000024166416330>
parameters = [(333333,)]

    def _exec_single_context(
        self,
        dialect: Dialect,
        context: ExecutionContext,
        statement: Union[str, Compiled],
        parameters: Optional[_AnyMultiExecuteParams],
    ) -> CursorResult[Any]:
        """continue the _execute_context() method for a single DBAPI
        cursor.execute() or cursor.executemany() call.
    
        """
        if dialect.bind_typing is BindTyping.SETINPUTSIZES:
            generic_setinputsizes = context._prepare_set_input_sizes()
    
            if generic_setinputsizes:
                try:
                    dialect.do_set_input_sizes(
                        context.cursor, generic_setinputsizes, context
                    )
                except BaseException as e:
                    self._handle_dbapi_exception(
                        e, str(statement), parameters, None, context
                    )
    
        cursor, str_statement, parameters = (
            context.cursor,
            context.statement,
            context.parameters,
        )
    
        effective_parameters: Optional[_AnyExecuteParams]
    
        if not context.executemany:
            effective_parameters = parameters[0]
        else:
            effective_parameters = parameters
    
        if self._has_events or self.engine._has_events:
            for fn in self.dispatch.before_cursor_execute:
                str_statement, effective_parameters = fn(
                    self,
                    cursor,
                    str_statement,
                    effective_parameters,
                    context,
                    context.executemany,
                )
    
        if self._echo:
            self._log_info(str_statement)
    
            stats = context._get_cache_stats()
    
            if not self.engine.hide_parameters:
                self._log_info(
                    "[%s] %r",
                    stats,
                    sql_util._repr_params(
                        effective_parameters,
                        batches=10,
                        ismulti=context.executemany,
                    ),
                )
            else:
                self._log_info(
                    "[%s] [SQL parameters hidden due to hide_parameters=True]",
                    stats,
                )
    
        evt_handled: bool = False
        try:
            if context.execute_style is ExecuteStyle.EXECUTEMANY:
                effective_parameters = cast(
                    "_CoreMultiExecuteParams", effective_parameters
                )
                if self.dialect._has_events:
                    for fn in self.dialect.dispatch.do_executemany:
                        if fn(
                            cursor,
                            str_statement,
                            effective_parameters,
                            context,
                        ):
                            evt_handled = True
                            break
                if not evt_handled:
                    self.dialect.do_executemany(
                        cursor,
                        str_statement,
                        effective_parameters,
                        context,
                    )
            elif not effective_parameters and context.no_parameters:
                if self.dialect._has_events:
                    for fn in self.dialect.dispatch.do_execute_no_params:
                        if fn(cursor, str_statement, context):
                            evt_handled = True
                            break
                if not evt_handled:
                    self.dialect.do_execute_no_params(
                        cursor, str_statement, context
                    )
            else:
                effective_parameters = cast(
                    "_CoreSingleExecuteParams", effective_parameters
                )
                if self.dialect._has_events:
                    for fn in self.dialect.dispatch.do_execute:
                        if fn(
                            cursor,
                            str_statement,
                            effective_parameters,
                            context,
                        ):
                            evt_handled = True
                            break
                if not evt_handled:
>                   self.dialect.do_execute(
                        cursor, str_statement, effective_parameters, context
                    )

C:\Users\Dmitriy\AppData\Local\Programs\Python\Python312\Lib\site-packages\sqlalchemy\engine\base.py:1967: 
_ _ _ _ _ _ _ _ _ _ _ _ _ _ _ _ _ _ _ _ _ _ _ _ _ _ _ _ _ _ _ _ _ _ _ _ _ _ _ _

self = <sqlalchemy.dialects.sqlite.aiosqlite.SQLiteDialect_aiosqlite object at 0x0000024165077FB0>
cursor = <sqlalchemy.dialects.sqlite.aiosqlite.AsyncAdapt_aiosqlite_cursor object at 0x000002416781CCA0>
statement = 'SELECT users.id, users.telegram_id, users.username, users.first_name, users.last_name, users.display_name, users.is_premium, users.gender, users.created_at \nFROM users \nWHERE users.telegram_id = ?'
parameters = (333333,)
context = <sqlalchemy.dialects.sqlite.aiosqlite.SQLiteExecutionContext_aiosqlite object at 0x000002416658F470>

    def do_execute(self, cursor, statement, parameters, context=None):
>       cursor.execute(statement, parameters)

C:\Users\Dmitriy\AppData\Local\Programs\Python\Python312\Lib\site-packages\sqlalchemy\engine\default.py:952: 
_ _ _ _ _ _ _ _ _ _ _ _ _ _ _ _ _ _ _ _ _ _ _ _ _ _ _ _ _ _ _ _ _ _ _ _ _ _ _ _

self = <sqlalchemy.dialects.sqlite.aiosqlite.AsyncAdapt_aiosqlite_cursor object at 0x000002416781CCA0>
operation = 'SELECT users.id, users.telegram_id, users.username, users.first_name, users.last_name, users.display_name, users.is_premium, users.gender, users.created_at \nFROM users \nWHERE users.telegram_id = ?'
parameters = (333333,)

    def execute(
        self,
        operation: Any,
        parameters: Optional[_DBAPISingleExecuteParams] = None,
    ) -> Any:
    
        try:
            _cursor: AsyncIODBAPICursor = self.await_(self._connection.cursor())  # type: ignore[arg-type] # noqa: E501
    
            if parameters is None:
                self.await_(_cursor.execute(operation))
            else:
                self.await_(_cursor.execute(operation, parameters))
    
            if _cursor.description:
                self.description = _cursor.description
                self.lastrowid = self.rowcount = -1
    
                if not self.server_side:
                    self._rows = deque(self.await_(_cursor.fetchall()))
            else:
                self.description = None
                self.lastrowid = _cursor.lastrowid
                self.rowcount = _cursor.rowcount
    
            if not self.server_side:
                self.await_(_cursor.close())
            else:
                self._cursor = _cursor  # type: ignore[misc]
        except Exception as error:
>           self._adapt_connection._handle_exception(error)

C:\Users\Dmitriy\AppData\Local\Programs\Python\Python312\Lib\site-packages\sqlalchemy\dialects\sqlite\aiosqlite.py:182: 
_ _ _ _ _ _ _ _ _ _ _ _ _ _ _ _ _ _ _ _ _ _ _ _ _ _ _ _ _ _ _ _ _ _ _ _ _ _ _ _

self = <AdaptedConnection <aiosqlite.core.Connection object at 0x0000024166416D80>>
error = OperationalError('no such table: users')

    def _handle_exception(self, error: Exception) -> NoReturn:
        if (
            isinstance(error, ValueError)
            and error.args[0] == "no active connection"
        ):
            raise self.dbapi.sqlite.OperationalError(
                "no active connection"
            ) from error
        else:
>           raise error

C:\Users\Dmitriy\AppData\Local\Programs\Python\Python312\Lib\site-packages\sqlalchemy\dialects\sqlite\aiosqlite.py:342: 
_ _ _ _ _ _ _ _ _ _ _ _ _ _ _ _ _ _ _ _ _ _ _ _ _ _ _ _ _ _ _ _ _ _ _ _ _ _ _ _

self = <sqlalchemy.dialects.sqlite.aiosqlite.AsyncAdapt_aiosqlite_cursor object at 0x000002416781CCA0>
operation = 'SELECT users.id, users.telegram_id, users.username, users.first_name, users.last_name, users.display_name, users.is_premium, users.gender, users.created_at \nFROM users \nWHERE users.telegram_id = ?'
parameters = (333333,)

    def execute(
        self,
        operation: Any,
        parameters: Optional[_DBAPISingleExecuteParams] = None,
    ) -> Any:
    
        try:
            _cursor: AsyncIODBAPICursor = self.await_(self._connection.cursor())  # type: ignore[arg-type] # noqa: E501
    
            if parameters is None:
                self.await_(_cursor.execute(operation))
            else:
>               self.await_(_cursor.execute(operation, parameters))

C:\Users\Dmitriy\AppData\Local\Programs\Python\Python312\Lib\site-packages\sqlalchemy\dialects\sqlite\aiosqlite.py:164: 
_ _ _ _ _ _ _ _ _ _ _ _ _ _ _ _ _ _ _ _ _ _ _ _ _ _ _ _ _ _ _ _ _ _ _ _ _ _ _ _

awaitable = <coroutine object Cursor.execute at 0x0000024167869D20>

    def await_only(awaitable: Awaitable[_T]) -> _T:
        """Awaits an async function in a sync method.
    
        The sync method must be inside a :func:`greenlet_spawn` context.
        :func:`await_only` calls cannot be nested.
    
        :param awaitable: The coroutine to call.
    
        """
        # this is called in the context greenlet while running fn
        current = getcurrent()
        if not getattr(current, "__sqlalchemy_greenlet_provider__", False):
            _safe_cancel_awaitable(awaitable)
    
            raise exc.MissingGreenlet(
                "greenlet_spawn has not been called; can't call await_only() "
                "here. Was IO attempted in an unexpected place?"
            )
    
        # returns the control to the driver greenlet passing it
        # a coroutine to run. Once the awaitable is done, the driver greenlet
        # switches back to this greenlet with the result of awaitable that is
        # then returned to the caller (or raised as error)
>       return current.parent.switch(awaitable)  # type: ignore[no-any-return,attr-defined] # noqa: E501
               ^^^^^^^^^^^^^^^^^^^^^^^^^^^^^^^^

C:\Users\Dmitriy\AppData\Local\Programs\Python\Python312\Lib\site-packages\sqlalchemy\util\_concurrency_py3k.py:132: 
_ _ _ _ _ _ _ _ _ _ _ _ _ _ _ _ _ _ _ _ _ _ _ _ _ _ _ _ _ _ _ _ _ _ _ _ _ _ _ _

fn = <bound method Session.execute of <sqlalchemy.orm.session.Session object at 0x000002416658FA70>>
_require_await = False
args = (<sqlalchemy.sql.selectable.Select object at 0x000002416658CCE0>,)
kwargs = {'bind_arguments': None, 'execution_options': immutabledict({'prebuffer_rows': True}), 'params': None}
context = <_AsyncIoGreenlet object at 0x00000241685079C0 (otid=0x0000024164FE5D70) dead>
switch_occurred = True
result = <coroutine object Cursor.execute at 0x0000024167869D20>
value = <aiosqlite.cursor.Cursor object at 0x000002416658F620>

    async def greenlet_spawn(
        fn: Callable[..., _T],
        *args: Any,
        _require_await: bool = False,
        **kwargs: Any,
    ) -> _T:
        """Runs a sync function ``fn`` in a new greenlet.
    
        The sync function can then use :func:`await_only` to wait for async
        functions.
    
        :param fn: The sync callable to call.
        :param \\*args: Positional arguments to pass to the ``fn`` callable.
        :param \\*\\*kwargs: Keyword arguments to pass to the ``fn`` callable.
        """
    
        result: Any
        context = _AsyncIoGreenlet(fn, getcurrent())
        # runs the function synchronously in gl greenlet. If the execution
        # is interrupted by await_only, context is not dead and result is a
        # coroutine to wait. If the context is dead the function has
        # returned, and its result can be returned.
        switch_occurred = False
        result = context.switch(*args, **kwargs)
        while not context.dead:
            switch_occurred = True
            try:
                # wait for a coroutine from await_only and then return its
                # result back to it.
>               value = await result
                        ^^^^^^^^^^^^

C:\Users\Dmitriy\AppData\Local\Programs\Python\Python312\Lib\site-packages\sqlalchemy\util\_concurrency_py3k.py:196: 
_ _ _ _ _ _ _ _ _ _ _ _ _ _ _ _ _ _ _ _ _ _ _ _ _ _ _ _ _ _ _ _ _ _ _ _ _ _ _ _

self = <aiosqlite.cursor.Cursor object at 0x000002416658F620>
sql = 'SELECT users.id, users.telegram_id, users.username, users.first_name, users.last_name, users.display_name, users.is_premium, users.gender, users.created_at \nFROM users \nWHERE users.telegram_id = ?'
parameters = (333333,)

    async def execute(
        self, sql: str, parameters: Optional[Iterable[Any]] = None
    ) -> "Cursor":
        """Execute the given query."""
        if parameters is None:
            parameters = []
>       await self._execute(self._cursor.execute, sql, parameters)

C:\Users\Dmitriy\AppData\Local\Programs\Python\Python312\Lib\site-packages\aiosqlite\cursor.py:40: 
_ _ _ _ _ _ _ _ _ _ _ _ _ _ _ _ _ _ _ _ _ _ _ _ _ _ _ _ _ _ _ _ _ _ _ _ _ _ _ _

self = <aiosqlite.cursor.Cursor object at 0x000002416658F620>
fn = <built-in method execute of sqlite3.Cursor object at 0x00000241689D69C0>
args = ('SELECT users.id, users.telegram_id, users.username, users.first_name, users.last_name, users.display_name, users.is_premium, users.gender, users.created_at \nFROM users \nWHERE users.telegram_id = ?', (333333,))
kwargs = {}

    async def _execute(self, fn, *args, **kwargs):
        """Execute the given function on the shared connection's thread."""
>       return await self._conn._execute(fn, *args, **kwargs)
               ^^^^^^^^^^^^^^^^^^^^^^^^^^^^^^^^^^^^^^^^^^^^^^

C:\Users\Dmitriy\AppData\Local\Programs\Python\Python312\Lib\site-packages\aiosqlite\cursor.py:32: 
_ _ _ _ _ _ _ _ _ _ _ _ _ _ _ _ _ _ _ _ _ _ _ _ _ _ _ _ _ _ _ _ _ _ _ _ _ _ _ _

self = <aiosqlite.core.Connection object at 0x0000024166416D80>
fn = <built-in method execute of sqlite3.Cursor object at 0x00000241689D69C0>
args = ('SELECT users.id, users.telegram_id, users.username, users.first_name, users.last_name, users.display_name, users.is_premium, users.gender, users.created_at \nFROM users \nWHERE users.telegram_id = ?', (333333,))
kwargs = {}
function = functools.partial(<built-in method execute of sqlite3.Cursor object at 0x00000241689D69C0>, 'SELECT users.id, users.te....display_name, users.is_premium, users.gender, users.created_at \nFROM users \nWHERE users.telegram_id = ?', (333333,))
future = <Future finished exception=OperationalError('no such table: users')>

    async def _execute(self, fn, *args, **kwargs):
        """Queue a function with the given arguments for execution."""
        if not self._running or not self._connection:
            raise ValueError("Connection closed")
    
        function = partial(fn, *args, **kwargs)
        future = asyncio.get_event_loop().create_future()
    
        self._tx.put_nowait((future, function))
    
>       return await future
               ^^^^^^^^^^^^

C:\Users\Dmitriy\AppData\Local\Programs\Python\Python312\Lib\site-packages\aiosqlite\core.py:160: 
_ _ _ _ _ _ _ _ _ _ _ _ _ _ _ _ _ _ _ _ _ _ _ _ _ _ _ _ _ _ _ _ _ _ _ _ _ _ _ _

tx = <_queue.SimpleQueue object at 0x0000024166440770>

    def _connection_worker_thread(tx: _TxQueue):
        """
        Execute function calls on a separate thread.
    
        :meta private:
        """
        while True:
            # Continues running until all queue items are processed,
            # even after connection is closed (so we can finalize all
            # futures)
    
            future, function = tx.get()
    
            try:
                LOG.debug("executing %s", function)
>               result = function()
                         ^^^^^^^^^^
E               sqlalchemy.exc.OperationalError: (sqlite3.OperationalError) no such table: users
E               [SQL: SELECT users.id, users.telegram_id, users.username, users.first_name, users.last_name, users.display_name, users.is_premium, users.gender, users.created_at 
E               FROM users 
E               WHERE users.telegram_id = ?]
E               [parameters: (333333,)]
E               (Background on this error at: https://sqlalche.me/e/20/e3q8)

C:\Users\Dmitriy\AppData\Local\Programs\Python\Python312\Lib\site-packages\aiosqlite\core.py:63: OperationalError
_________________ TestSubjectService.test_get_group_subjects __________________

self = <sqlalchemy.engine.base.Connection object at 0x00000241677F3110>
dialect = <sqlalchemy.dialects.sqlite.aiosqlite.SQLiteDialect_aiosqlite object at 0x0000024165077FB0>
context = <sqlalchemy.dialects.sqlite.aiosqlite.SQLiteExecutionContext_aiosqlite object at 0x00000241677F0110>
statement = <sqlalchemy.dialects.sqlite.base.SQLiteCompiler object at 0x0000024166416330>
parameters = [(333334,)]

    def _exec_single_context(
        self,
        dialect: Dialect,
        context: ExecutionContext,
        statement: Union[str, Compiled],
        parameters: Optional[_AnyMultiExecuteParams],
    ) -> CursorResult[Any]:
        """continue the _execute_context() method for a single DBAPI
        cursor.execute() or cursor.executemany() call.
    
        """
        if dialect.bind_typing is BindTyping.SETINPUTSIZES:
            generic_setinputsizes = context._prepare_set_input_sizes()
    
            if generic_setinputsizes:
                try:
                    dialect.do_set_input_sizes(
                        context.cursor, generic_setinputsizes, context
                    )
                except BaseException as e:
                    self._handle_dbapi_exception(
                        e, str(statement), parameters, None, context
                    )
    
        cursor, str_statement, parameters = (
            context.cursor,
            context.statement,
            context.parameters,
        )
    
        effective_parameters: Optional[_AnyExecuteParams]
    
        if not context.executemany:
            effective_parameters = parameters[0]
        else:
            effective_parameters = parameters
    
        if self._has_events or self.engine._has_events:
            for fn in self.dispatch.before_cursor_execute:
                str_statement, effective_parameters = fn(
                    self,
                    cursor,
                    str_statement,
                    effective_parameters,
                    context,
                    context.executemany,
                )
    
        if self._echo:
            self._log_info(str_statement)
    
            stats = context._get_cache_stats()
    
            if not self.engine.hide_parameters:
                self._log_info(
                    "[%s] %r",
                    stats,
                    sql_util._repr_params(
                        effective_parameters,
                        batches=10,
                        ismulti=context.executemany,
                    ),
                )
            else:
                self._log_info(
                    "[%s] [SQL parameters hidden due to hide_parameters=True]",
                    stats,
                )
    
        evt_handled: bool = False
        try:
            if context.execute_style is ExecuteStyle.EXECUTEMANY:
                effective_parameters = cast(
                    "_CoreMultiExecuteParams", effective_parameters
                )
                if self.dialect._has_events:
                    for fn in self.dialect.dispatch.do_executemany:
                        if fn(
                            cursor,
                            str_statement,
                            effective_parameters,
                            context,
                        ):
                            evt_handled = True
                            break
                if not evt_handled:
                    self.dialect.do_executemany(
                        cursor,
                        str_statement,
                        effective_parameters,
                        context,
                    )
            elif not effective_parameters and context.no_parameters:
                if self.dialect._has_events:
                    for fn in self.dialect.dispatch.do_execute_no_params:
                        if fn(cursor, str_statement, context):
                            evt_handled = True
                            break
                if not evt_handled:
                    self.dialect.do_execute_no_params(
                        cursor, str_statement, context
                    )
            else:
                effective_parameters = cast(
                    "_CoreSingleExecuteParams", effective_parameters
                )
                if self.dialect._has_events:
                    for fn in self.dialect.dispatch.do_execute:
                        if fn(
                            cursor,
                            str_statement,
                            effective_parameters,
                            context,
                        ):
                            evt_handled = True
                            break
                if not evt_handled:
>                   self.dialect.do_execute(
                        cursor, str_statement, effective_parameters, context
                    )

C:\Users\Dmitriy\AppData\Local\Programs\Python\Python312\Lib\site-packages\sqlalchemy\engine\base.py:1967: 
_ _ _ _ _ _ _ _ _ _ _ _ _ _ _ _ _ _ _ _ _ _ _ _ _ _ _ _ _ _ _ _ _ _ _ _ _ _ _ _

self = <sqlalchemy.dialects.sqlite.aiosqlite.SQLiteDialect_aiosqlite object at 0x0000024165077FB0>
cursor = <sqlalchemy.dialects.sqlite.aiosqlite.AsyncAdapt_aiosqlite_cursor object at 0x00000241676DB160>
statement = 'SELECT users.id, users.telegram_id, users.username, users.first_name, users.last_name, users.display_name, users.is_premium, users.gender, users.created_at \nFROM users \nWHERE users.telegram_id = ?'
parameters = (333334,)
context = <sqlalchemy.dialects.sqlite.aiosqlite.SQLiteExecutionContext_aiosqlite object at 0x00000241677F0110>

    def do_execute(self, cursor, statement, parameters, context=None):
>       cursor.execute(statement, parameters)

C:\Users\Dmitriy\AppData\Local\Programs\Python\Python312\Lib\site-packages\sqlalchemy\engine\default.py:952: 
_ _ _ _ _ _ _ _ _ _ _ _ _ _ _ _ _ _ _ _ _ _ _ _ _ _ _ _ _ _ _ _ _ _ _ _ _ _ _ _

self = <sqlalchemy.dialects.sqlite.aiosqlite.AsyncAdapt_aiosqlite_cursor object at 0x00000241676DB160>
operation = 'SELECT users.id, users.telegram_id, users.username, users.first_name, users.last_name, users.display_name, users.is_premium, users.gender, users.created_at \nFROM users \nWHERE users.telegram_id = ?'
parameters = (333334,)

    def execute(
        self,
        operation: Any,
        parameters: Optional[_DBAPISingleExecuteParams] = None,
    ) -> Any:
    
        try:
            _cursor: AsyncIODBAPICursor = self.await_(self._connection.cursor())  # type: ignore[arg-type] # noqa: E501
    
            if parameters is None:
                self.await_(_cursor.execute(operation))
            else:
                self.await_(_cursor.execute(operation, parameters))
    
            if _cursor.description:
                self.description = _cursor.description
                self.lastrowid = self.rowcount = -1
    
                if not self.server_side:
                    self._rows = deque(self.await_(_cursor.fetchall()))
            else:
                self.description = None
                self.lastrowid = _cursor.lastrowid
                self.rowcount = _cursor.rowcount
    
            if not self.server_side:
                self.await_(_cursor.close())
            else:
                self._cursor = _cursor  # type: ignore[misc]
        except Exception as error:
>           self._adapt_connection._handle_exception(error)

C:\Users\Dmitriy\AppData\Local\Programs\Python\Python312\Lib\site-packages\sqlalchemy\dialects\sqlite\aiosqlite.py:182: 
_ _ _ _ _ _ _ _ _ _ _ _ _ _ _ _ _ _ _ _ _ _ _ _ _ _ _ _ _ _ _ _ _ _ _ _ _ _ _ _

self = <AdaptedConnection <aiosqlite.core.Connection object at 0x0000024166416D80>>
error = OperationalError('no such table: users')

    def _handle_exception(self, error: Exception) -> NoReturn:
        if (
            isinstance(error, ValueError)
            and error.args[0] == "no active connection"
        ):
            raise self.dbapi.sqlite.OperationalError(
                "no active connection"
            ) from error
        else:
>           raise error

C:\Users\Dmitriy\AppData\Local\Programs\Python\Python312\Lib\site-packages\sqlalchemy\dialects\sqlite\aiosqlite.py:342: 
_ _ _ _ _ _ _ _ _ _ _ _ _ _ _ _ _ _ _ _ _ _ _ _ _ _ _ _ _ _ _ _ _ _ _ _ _ _ _ _

self = <sqlalchemy.dialects.sqlite.aiosqlite.AsyncAdapt_aiosqlite_cursor object at 0x00000241676DB160>
operation = 'SELECT users.id, users.telegram_id, users.username, users.first_name, users.last_name, users.display_name, users.is_premium, users.gender, users.created_at \nFROM users \nWHERE users.telegram_id = ?'
parameters = (333334,)

    def execute(
        self,
        operation: Any,
        parameters: Optional[_DBAPISingleExecuteParams] = None,
    ) -> Any:
    
        try:
            _cursor: AsyncIODBAPICursor = self.await_(self._connection.cursor())  # type: ignore[arg-type] # noqa: E501
    
            if parameters is None:
                self.await_(_cursor.execute(operation))
            else:
>               self.await_(_cursor.execute(operation, parameters))

C:\Users\Dmitriy\AppData\Local\Programs\Python\Python312\Lib\site-packages\sqlalchemy\dialects\sqlite\aiosqlite.py:164: 
_ _ _ _ _ _ _ _ _ _ _ _ _ _ _ _ _ _ _ _ _ _ _ _ _ _ _ _ _ _ _ _ _ _ _ _ _ _ _ _

awaitable = <coroutine object Cursor.execute at 0x000002416786B4C0>

    def await_only(awaitable: Awaitable[_T]) -> _T:
        """Awaits an async function in a sync method.
    
        The sync method must be inside a :func:`greenlet_spawn` context.
        :func:`await_only` calls cannot be nested.
    
        :param awaitable: The coroutine to call.
    
        """
        # this is called in the context greenlet while running fn
        current = getcurrent()
        if not getattr(current, "__sqlalchemy_greenlet_provider__", False):
            _safe_cancel_awaitable(awaitable)
    
            raise exc.MissingGreenlet(
                "greenlet_spawn has not been called; can't call await_only() "
                "here. Was IO attempted in an unexpected place?"
            )
    
        # returns the control to the driver greenlet passing it
        # a coroutine to run. Once the awaitable is done, the driver greenlet
        # switches back to this greenlet with the result of awaitable that is
        # then returned to the caller (or raised as error)
>       return current.parent.switch(awaitable)  # type: ignore[no-any-return,attr-defined] # noqa: E501
               ^^^^^^^^^^^^^^^^^^^^^^^^^^^^^^^^

C:\Users\Dmitriy\AppData\Local\Programs\Python\Python312\Lib\site-packages\sqlalchemy\util\_concurrency_py3k.py:132: 
_ _ _ _ _ _ _ _ _ _ _ _ _ _ _ _ _ _ _ _ _ _ _ _ _ _ _ _ _ _ _ _ _ _ _ _ _ _ _ _

fn = <bound method Session.execute of <sqlalchemy.orm.session.Session object at 0x00000241677F20F0>>
_require_await = False
args = (<sqlalchemy.sql.selectable.Select object at 0x00000241677F06E0>,)
kwargs = {'bind_arguments': None, 'execution_options': immutabledict({'prebuffer_rows': True}), 'params': None}
context = <_AsyncIoGreenlet object at 0x000002416882F400 (otid=0x0000024164FE5D70) dead>
switch_occurred = True
result = <coroutine object Cursor.execute at 0x000002416786B4C0>
value = <aiosqlite.cursor.Cursor object at 0x00000241677F24E0>

    async def greenlet_spawn(
        fn: Callable[..., _T],
        *args: Any,
        _require_await: bool = False,
        **kwargs: Any,
    ) -> _T:
        """Runs a sync function ``fn`` in a new greenlet.
    
        The sync function can then use :func:`await_only` to wait for async
        functions.
    
        :param fn: The sync callable to call.
        :param \\*args: Positional arguments to pass to the ``fn`` callable.
        :param \\*\\*kwargs: Keyword arguments to pass to the ``fn`` callable.
        """
    
        result: Any
        context = _AsyncIoGreenlet(fn, getcurrent())
        # runs the function synchronously in gl greenlet. If the execution
        # is interrupted by await_only, context is not dead and result is a
        # coroutine to wait. If the context is dead the function has
        # returned, and its result can be returned.
        switch_occurred = False
        result = context.switch(*args, **kwargs)
        while not context.dead:
            switch_occurred = True
            try:
                # wait for a coroutine from await_only and then return its
                # result back to it.
>               value = await result
                        ^^^^^^^^^^^^

C:\Users\Dmitriy\AppData\Local\Programs\Python\Python312\Lib\site-packages\sqlalchemy\util\_concurrency_py3k.py:196: 
_ _ _ _ _ _ _ _ _ _ _ _ _ _ _ _ _ _ _ _ _ _ _ _ _ _ _ _ _ _ _ _ _ _ _ _ _ _ _ _

self = <aiosqlite.cursor.Cursor object at 0x00000241677F24E0>
sql = 'SELECT users.id, users.telegram_id, users.username, users.first_name, users.last_name, users.display_name, users.is_premium, users.gender, users.created_at \nFROM users \nWHERE users.telegram_id = ?'
parameters = (333334,)

    async def execute(
        self, sql: str, parameters: Optional[Iterable[Any]] = None
    ) -> "Cursor":
        """Execute the given query."""
        if parameters is None:
            parameters = []
>       await self._execute(self._cursor.execute, sql, parameters)

C:\Users\Dmitriy\AppData\Local\Programs\Python\Python312\Lib\site-packages\aiosqlite\cursor.py:40: 
_ _ _ _ _ _ _ _ _ _ _ _ _ _ _ _ _ _ _ _ _ _ _ _ _ _ _ _ _ _ _ _ _ _ _ _ _ _ _ _

self = <aiosqlite.cursor.Cursor object at 0x00000241677F24E0>
fn = <built-in method execute of sqlite3.Cursor object at 0x0000024167B1DEC0>
args = ('SELECT users.id, users.telegram_id, users.username, users.first_name, users.last_name, users.display_name, users.is_premium, users.gender, users.created_at \nFROM users \nWHERE users.telegram_id = ?', (333334,))
kwargs = {}

    async def _execute(self, fn, *args, **kwargs):
        """Execute the given function on the shared connection's thread."""
>       return await self._conn._execute(fn, *args, **kwargs)
               ^^^^^^^^^^^^^^^^^^^^^^^^^^^^^^^^^^^^^^^^^^^^^^

C:\Users\Dmitriy\AppData\Local\Programs\Python\Python312\Lib\site-packages\aiosqlite\cursor.py:32: 
_ _ _ _ _ _ _ _ _ _ _ _ _ _ _ _ _ _ _ _ _ _ _ _ _ _ _ _ _ _ _ _ _ _ _ _ _ _ _ _

self = <aiosqlite.core.Connection object at 0x0000024166416D80>
fn = <built-in method execute of sqlite3.Cursor object at 0x0000024167B1DEC0>
args = ('SELECT users.id, users.telegram_id, users.username, users.first_name, users.last_name, users.display_name, users.is_premium, users.gender, users.created_at \nFROM users \nWHERE users.telegram_id = ?', (333334,))
kwargs = {}
function = functools.partial(<built-in method execute of sqlite3.Cursor object at 0x0000024167B1DEC0>, 'SELECT users.id, users.te....display_name, users.is_premium, users.gender, users.created_at \nFROM users \nWHERE users.telegram_id = ?', (333334,))
future = <Future finished exception=OperationalError('no such table: users')>

    async def _execute(self, fn, *args, **kwargs):
        """Queue a function with the given arguments for execution."""
        if not self._running or not self._connection:
            raise ValueError("Connection closed")
    
        function = partial(fn, *args, **kwargs)
        future = asyncio.get_event_loop().create_future()
    
        self._tx.put_nowait((future, function))
    
>       return await future
               ^^^^^^^^^^^^

C:\Users\Dmitriy\AppData\Local\Programs\Python\Python312\Lib\site-packages\aiosqlite\core.py:160: 
_ _ _ _ _ _ _ _ _ _ _ _ _ _ _ _ _ _ _ _ _ _ _ _ _ _ _ _ _ _ _ _ _ _ _ _ _ _ _ _

tx = <_queue.SimpleQueue object at 0x0000024166440770>

    def _connection_worker_thread(tx: _TxQueue):
        """
        Execute function calls on a separate thread.
    
        :meta private:
        """
        while True:
            # Continues running until all queue items are processed,
            # even after connection is closed (so we can finalize all
            # futures)
    
            future, function = tx.get()
    
            try:
                LOG.debug("executing %s", function)
>               result = function()
                         ^^^^^^^^^^
E               sqlite3.OperationalError: no such table: users

C:\Users\Dmitriy\AppData\Local\Programs\Python\Python312\Lib\site-packages\aiosqlite\core.py:63: OperationalError

The above exception was the direct cause of the following exception:

self = <test_services.TestSubjectService object at 0x0000024166417230>

    async def test_get_group_subjects(self):
>       user = await get_or_create_user(MockUser(333334, "owner5"))
               ^^^^^^^^^^^^^^^^^^^^^^^^^^^^^^^^^^^^^^^^^^^^^^^^^^^^

tests\test_services.py:69: 
_ _ _ _ _ _ _ _ _ _ _ _ _ _ _ _ _ _ _ _ _ _ _ _ _ _ _ _ _ _ _ _ _ _ _ _ _ _ _ _

tg_user = <test_services.MockUser object at 0x00000241677F19A0>

    async def get_or_create_user(tg_user):
        async with SessionLocal() as session:
>           result = await session.execute(select(User).where(User.telegram_id == tg_user.id))
                     ^^^^^^^^^^^^^^^^^^^^^^^^^^^^^^^^^^^^^^^^^^^^^^^^^^^^^^^^^^^^^^^^^^^^^^^^^

services\user_service.py:7: 
_ _ _ _ _ _ _ _ _ _ _ _ _ _ _ _ _ _ _ _ _ _ _ _ _ _ _ _ _ _ _ _ _ _ _ _ _ _ _ _

self = <sqlalchemy.ext.asyncio.session.AsyncSession object at 0x00000241677F0680>
statement = <sqlalchemy.sql.selectable.Select object at 0x00000241677F06E0>
params = None, execution_options = immutabledict({'prebuffer_rows': True})
bind_arguments = None, kw = {}

    async def execute(
        self,
        statement: Executable,
        params: Optional[_CoreAnyExecuteParams] = None,
        *,
        execution_options: OrmExecuteOptionsParameter = util.EMPTY_DICT,
        bind_arguments: Optional[_BindArguments] = None,
        **kw: Any,
    ) -> Result[Any]:
        """Execute a statement and return a buffered
        :class:`_engine.Result` object.
    
        .. seealso::
    
            :meth:`_orm.Session.execute` - main documentation for execute
    
        """
    
        if execution_options:
            execution_options = util.immutabledict(execution_options).union(
                _EXECUTE_OPTIONS
            )
        else:
            execution_options = _EXECUTE_OPTIONS
    
>       result = await greenlet_spawn(
            self.sync_session.execute,
            statement,
            params=params,
            execution_options=execution_options,
            bind_arguments=bind_arguments,
            **kw,
        )

C:\Users\Dmitriy\AppData\Local\Programs\Python\Python312\Lib\site-packages\sqlalchemy\ext\asyncio\session.py:449: 
_ _ _ _ _ _ _ _ _ _ _ _ _ _ _ _ _ _ _ _ _ _ _ _ _ _ _ _ _ _ _ _ _ _ _ _ _ _ _ _

fn = <bound method Session.execute of <sqlalchemy.orm.session.Session object at 0x00000241677F20F0>>
_require_await = False
args = (<sqlalchemy.sql.selectable.Select object at 0x00000241677F06E0>,)
kwargs = {'bind_arguments': None, 'execution_options': immutabledict({'prebuffer_rows': True}), 'params': None}
context = <_AsyncIoGreenlet object at 0x000002416882F400 (otid=0x0000024164FE5D70) dead>
switch_occurred = True
result = <coroutine object Cursor.execute at 0x000002416786B4C0>
value = <aiosqlite.cursor.Cursor object at 0x00000241677F24E0>

    async def greenlet_spawn(
        fn: Callable[..., _T],
        *args: Any,
        _require_await: bool = False,
        **kwargs: Any,
    ) -> _T:
        """Runs a sync function ``fn`` in a new greenlet.
    
        The sync function can then use :func:`await_only` to wait for async
        functions.
    
        :param fn: The sync callable to call.
        :param \\*args: Positional arguments to pass to the ``fn`` callable.
        :param \\*\\*kwargs: Keyword arguments to pass to the ``fn`` callable.
        """
    
        result: Any
        context = _AsyncIoGreenlet(fn, getcurrent())
        # runs the function synchronously in gl greenlet. If the execution
        # is interrupted by await_only, context is not dead and result is a
        # coroutine to wait. If the context is dead the function has
        # returned, and its result can be returned.
        switch_occurred = False
        result = context.switch(*args, **kwargs)
        while not context.dead:
            switch_occurred = True
            try:
                # wait for a coroutine from await_only and then return its
                # result back to it.
                value = await result
            except BaseException:
                # this allows an exception to be raised within
                # the moderated greenlet so that it can continue
                # its expected flow.
>               result = context.throw(*sys.exc_info())
                         ^^^^^^^^^^^^^^^^^^^^^^^^^^^^^^

C:\Users\Dmitriy\AppData\Local\Programs\Python\Python312\Lib\site-packages\sqlalchemy\util\_concurrency_py3k.py:201: 
_ _ _ _ _ _ _ _ _ _ _ _ _ _ _ _ _ _ _ _ _ _ _ _ _ _ _ _ _ _ _ _ _ _ _ _ _ _ _ _

self = <sqlalchemy.orm.session.Session object at 0x00000241677F20F0>
statement = <sqlalchemy.sql.selectable.Select object at 0x00000241677F06E0>
params = None

    def execute(
        self,
        statement: Executable,
        params: Optional[_CoreAnyExecuteParams] = None,
        *,
        execution_options: OrmExecuteOptionsParameter = util.EMPTY_DICT,
        bind_arguments: Optional[_BindArguments] = None,
        _parent_execute_state: Optional[Any] = None,
        _add_event: Optional[Any] = None,
    ) -> Result[Any]:
        r"""Execute a SQL expression construct.
    
        Returns a :class:`_engine.Result` object representing
        results of the statement execution.
    
        E.g.::
    
            from sqlalchemy import select
    
            result = session.execute(select(User).where(User.id == 5))
    
        The API contract of :meth:`_orm.Session.execute` is similar to that
        of :meth:`_engine.Connection.execute`, the :term:`2.0 style` version
        of :class:`_engine.Connection`.
    
        .. versionchanged:: 1.4 the :meth:`_orm.Session.execute` method is
           now the primary point of ORM statement execution when using
           :term:`2.0 style` ORM usage.
    
        :param statement:
            An executable statement (i.e. an :class:`.Executable` expression
            such as :func:`_expression.select`).
    
        :param params:
            Optional dictionary, or list of dictionaries, containing
            bound parameter values.   If a single dictionary, single-row
            execution occurs; if a list of dictionaries, an
            "executemany" will be invoked.  The keys in each dictionary
            must correspond to parameter names present in the statement.
    
        :param execution_options: optional dictionary of execution options,
         which will be associated with the statement execution.  This
         dictionary can provide a subset of the options that are accepted
         by :meth:`_engine.Connection.execution_options`, and may also
         provide additional options understood only in an ORM context.
    
         .. seealso::
    
            :ref:`orm_queryguide_execution_options` - ORM-specific execution
            options
    
        :param bind_arguments: dictionary of additional arguments to determine
         the bind.  May include "mapper", "bind", or other custom arguments.
         Contents of this dictionary are passed to the
         :meth:`.Session.get_bind` method.
    
        :return: a :class:`_engine.Result` object.
    
    
        """
>       return self._execute_internal(
            statement,
            params,
            execution_options=execution_options,
            bind_arguments=bind_arguments,
            _parent_execute_state=_parent_execute_state,
            _add_event=_add_event,
        )

C:\Users\Dmitriy\AppData\Local\Programs\Python\Python312\Lib\site-packages\sqlalchemy\orm\session.py:2351: 
_ _ _ _ _ _ _ _ _ _ _ _ _ _ _ _ _ _ _ _ _ _ _ _ _ _ _ _ _ _ _ _ _ _ _ _ _ _ _ _

self = <sqlalchemy.orm.session.Session object at 0x00000241677F20F0>
statement = <sqlalchemy.sql.selectable.Select object at 0x00000241677F06E0>
params = None

    def _execute_internal(
        self,
        statement: Executable,
        params: Optional[_CoreAnyExecuteParams] = None,
        *,
        execution_options: OrmExecuteOptionsParameter = util.EMPTY_DICT,
        bind_arguments: Optional[_BindArguments] = None,
        _parent_execute_state: Optional[Any] = None,
        _add_event: Optional[Any] = None,
        _scalar_result: bool = False,
    ) -> Any:
        statement = coercions.expect(roles.StatementRole, statement)
    
        if not bind_arguments:
            bind_arguments = {}
        else:
            bind_arguments = dict(bind_arguments)
    
        if (
            statement._propagate_attrs.get("compile_state_plugin", None)
            == "orm"
        ):
            compile_state_cls = CompileState._get_plugin_class_for_plugin(
                statement, "orm"
            )
            if TYPE_CHECKING:
                assert isinstance(
                    compile_state_cls, context.AbstractORMCompileState
                )
        else:
            compile_state_cls = None
            bind_arguments.setdefault("clause", statement)
    
        execution_options = util.coerce_to_immutabledict(execution_options)
    
        if _parent_execute_state:
            events_todo = _parent_execute_state._remaining_events()
        else:
            events_todo = self.dispatch.do_orm_execute
            if _add_event:
                events_todo = list(events_todo) + [_add_event]
    
        if events_todo:
            if compile_state_cls is not None:
                # for event handlers, do the orm_pre_session_exec
                # pass ahead of the event handlers, so that things like
                # .load_options, .update_delete_options etc. are populated.
                # is_pre_event=True allows the hook to hold off on things
                # it doesn't want to do twice, including autoflush as well
                # as "pre fetch" for DML, etc.
                (
                    statement,
                    execution_options,
                ) = compile_state_cls.orm_pre_session_exec(
                    self,
                    statement,
                    params,
                    execution_options,
                    bind_arguments,
                    True,
                )
    
            orm_exec_state = ORMExecuteState(
                self,
                statement,
                params,
                execution_options,
                bind_arguments,
                compile_state_cls,
                events_todo,
            )
            for idx, fn in enumerate(events_todo):
                orm_exec_state._starting_event_idx = idx
                fn_result: Optional[Result[Any]] = fn(orm_exec_state)
                if fn_result:
                    if _scalar_result:
                        return fn_result.scalar()
                    else:
                        return fn_result
    
            statement = orm_exec_state.statement
            execution_options = orm_exec_state.local_execution_options
    
        if compile_state_cls is not None:
            # now run orm_pre_session_exec() "for real".   if there were
            # event hooks, this will re-run the steps that interpret
            # new execution_options into load_options / update_delete_options,
            # which we assume the event hook might have updated.
            # autoflush will also be invoked in this step if enabled.
            (
                statement,
                execution_options,
            ) = compile_state_cls.orm_pre_session_exec(
                self,
                statement,
                params,
                execution_options,
                bind_arguments,
                False,
            )
    
        bind = self.get_bind(**bind_arguments)
    
        conn = self._connection_for_bind(bind)
    
        if _scalar_result and not compile_state_cls:
            if TYPE_CHECKING:
                params = cast(_CoreSingleExecuteParams, params)
            return conn.scalar(
                statement, params or {}, execution_options=execution_options
            )
    
        if compile_state_cls:
>           result: Result[Any] = compile_state_cls.orm_execute_statement(
                self,
                statement,
                params or {},
                execution_options,
                bind_arguments,
                conn,
            )

C:\Users\Dmitriy\AppData\Local\Programs\Python\Python312\Lib\site-packages\sqlalchemy\orm\session.py:2249: 
_ _ _ _ _ _ _ _ _ _ _ _ _ _ _ _ _ _ _ _ _ _ _ _ _ _ _ _ _ _ _ _ _ _ _ _ _ _ _ _

cls = <class 'sqlalchemy.orm.context.ORMSelectCompileState'>
session = <sqlalchemy.orm.session.Session object at 0x00000241677F20F0>
statement = <sqlalchemy.sql.selectable.Select object at 0x00000241677F06E0>
params = {}
execution_options = immutabledict({'prebuffer_rows': True, '_result_disable_adapt_to_context': True})
bind_arguments = {'clause': <sqlalchemy.sql.selectable.Select object at 0x00000241677F06E0>, 'mapper': <Mapper at 0x2416627b620; User>}
conn = <sqlalchemy.engine.base.Connection object at 0x00000241677F3110>

    @classmethod
    def orm_execute_statement(
        cls,
        session,
        statement,
        params,
        execution_options,
        bind_arguments,
        conn,
    ) -> Result:
>       result = conn.execute(
            statement, params or {}, execution_options=execution_options
        )

C:\Users\Dmitriy\AppData\Local\Programs\Python\Python312\Lib\site-packages\sqlalchemy\orm\context.py:306: 
_ _ _ _ _ _ _ _ _ _ _ _ _ _ _ _ _ _ _ _ _ _ _ _ _ _ _ _ _ _ _ _ _ _ _ _ _ _ _ _

self = <sqlalchemy.engine.base.Connection object at 0x00000241677F3110>
statement = <sqlalchemy.sql.selectable.Select object at 0x00000241677F06E0>
parameters = {}

    def execute(
        self,
        statement: Executable,
        parameters: Optional[_CoreAnyExecuteParams] = None,
        *,
        execution_options: Optional[CoreExecuteOptionsParameter] = None,
    ) -> CursorResult[Any]:
        r"""Executes a SQL statement construct and returns a
        :class:`_engine.CursorResult`.
    
        :param statement: The statement to be executed.  This is always
         an object that is in both the :class:`_expression.ClauseElement` and
         :class:`_expression.Executable` hierarchies, including:
    
         * :class:`_expression.Select`
         * :class:`_expression.Insert`, :class:`_expression.Update`,
           :class:`_expression.Delete`
         * :class:`_expression.TextClause` and
           :class:`_expression.TextualSelect`
         * :class:`_schema.DDL` and objects which inherit from
           :class:`_schema.ExecutableDDLElement`
    
        :param parameters: parameters which will be bound into the statement.
         This may be either a dictionary of parameter names to values,
         or a mutable sequence (e.g. a list) of dictionaries.  When a
         list of dictionaries is passed, the underlying statement execution
         will make use of the DBAPI ``cursor.executemany()`` method.
         When a single dictionary is passed, the DBAPI ``cursor.execute()``
         method will be used.
    
        :param execution_options: optional dictionary of execution options,
         which will be associated with the statement execution.  This
         dictionary can provide a subset of the options that are accepted
         by :meth:`_engine.Connection.execution_options`.
    
        :return: a :class:`_engine.Result` object.
    
        """
        distilled_parameters = _distill_params_20(parameters)
        try:
            meth = statement._execute_on_connection
        except AttributeError as err:
            raise exc.ObjectNotExecutableError(statement) from err
        else:
>           return meth(
                self,
                distilled_parameters,
                execution_options or NO_OPTIONS,
            )

C:\Users\Dmitriy\AppData\Local\Programs\Python\Python312\Lib\site-packages\sqlalchemy\engine\base.py:1419: 
_ _ _ _ _ _ _ _ _ _ _ _ _ _ _ _ _ _ _ _ _ _ _ _ _ _ _ _ _ _ _ _ _ _ _ _ _ _ _ _

self = <sqlalchemy.sql.selectable.Select object at 0x00000241677F06E0>
connection = <sqlalchemy.engine.base.Connection object at 0x00000241677F3110>
distilled_params = [{}]
execution_options = immutabledict({'prebuffer_rows': True, '_result_disable_adapt_to_context': True})

    def _execute_on_connection(
        self,
        connection: Connection,
        distilled_params: _CoreMultiExecuteParams,
        execution_options: CoreExecuteOptionsParameter,
    ) -> Result[Any]:
        if self.supports_execution:
            if TYPE_CHECKING:
                assert isinstance(self, Executable)
>           return connection._execute_clauseelement(
                self, distilled_params, execution_options
            )

C:\Users\Dmitriy\AppData\Local\Programs\Python\Python312\Lib\site-packages\sqlalchemy\sql\elements.py:527: 
_ _ _ _ _ _ _ _ _ _ _ _ _ _ _ _ _ _ _ _ _ _ _ _ _ _ _ _ _ _ _ _ _ _ _ _ _ _ _ _

self = <sqlalchemy.engine.base.Connection object at 0x00000241677F3110>
elem = <sqlalchemy.sql.selectable.Select object at 0x00000241677F06E0>
distilled_parameters = [{}]
execution_options = immutabledict({'prebuffer_rows': True, '_result_disable_adapt_to_context': True})

    def _execute_clauseelement(
        self,
        elem: Executable,
        distilled_parameters: _CoreMultiExecuteParams,
        execution_options: CoreExecuteOptionsParameter,
    ) -> CursorResult[Any]:
        """Execute a sql.ClauseElement object."""
    
        execution_options = elem._execution_options.merge_with(
            self._execution_options, execution_options
        )
    
        has_events = self._has_events or self.engine._has_events
        if has_events:
            (
                elem,
                distilled_parameters,
                event_multiparams,
                event_params,
            ) = self._invoke_before_exec_event(
                elem, distilled_parameters, execution_options
            )
    
        if distilled_parameters:
            # ensure we don't retain a link to the view object for keys()
            # which links to the values, which we don't want to cache
            keys = sorted(distilled_parameters[0])
            for_executemany = len(distilled_parameters) > 1
        else:
            keys = []
            for_executemany = False
    
        dialect = self.dialect
    
        schema_translate_map = execution_options.get(
            "schema_translate_map", None
        )
    
        compiled_cache: Optional[CompiledCacheType] = execution_options.get(
            "compiled_cache", self.engine._compiled_cache
        )
    
        compiled_sql, extracted_params, cache_hit = elem._compile_w_cache(
            dialect=dialect,
            compiled_cache=compiled_cache,
            column_keys=keys,
            for_executemany=for_executemany,
            schema_translate_map=schema_translate_map,
            linting=self.dialect.compiler_linting | compiler.WARN_LINTING,
        )
>       ret = self._execute_context(
            dialect,
            dialect.execution_ctx_cls._init_compiled,
            compiled_sql,
            distilled_parameters,
            execution_options,
            compiled_sql,
            distilled_parameters,
            elem,
            extracted_params,
            cache_hit=cache_hit,
        )

C:\Users\Dmitriy\AppData\Local\Programs\Python\Python312\Lib\site-packages\sqlalchemy\engine\base.py:1641: 
_ _ _ _ _ _ _ _ _ _ _ _ _ _ _ _ _ _ _ _ _ _ _ _ _ _ _ _ _ _ _ _ _ _ _ _ _ _ _ _

self = <sqlalchemy.engine.base.Connection object at 0x00000241677F3110>
dialect = <sqlalchemy.dialects.sqlite.aiosqlite.SQLiteDialect_aiosqlite object at 0x0000024165077FB0>
constructor = <bound method DefaultExecutionContext._init_compiled of <class 'sqlalchemy.dialects.sqlite.aiosqlite.SQLiteExecutionContext_aiosqlite'>>
statement = <sqlalchemy.dialects.sqlite.base.SQLiteCompiler object at 0x0000024166416330>
parameters = [{}]
execution_options = immutabledict({'prebuffer_rows': True, '_result_disable_adapt_to_context': True})
args = (<sqlalchemy.dialects.sqlite.base.SQLiteCompiler object at 0x0000024166416330>, [{}], <sqlalchemy.sql.selectable.Select object at 0x00000241677F06E0>, [BindParameter('%(2479932508016 telegram_id)s', 333334, type_=BigInteger())])
kw = {'cache_hit': <CacheStats.CACHE_HIT: 0>}, yp = None
conn = <sqlalchemy.pool.base._ConnectionFairy object at 0x00000241676DAA50>
context = <sqlalchemy.dialects.sqlite.aiosqlite.SQLiteExecutionContext_aiosqlite object at 0x00000241677F0110>

    def _execute_context(
        self,
        dialect: Dialect,
        constructor: Callable[..., ExecutionContext],
        statement: Union[str, Compiled],
        parameters: Optional[_AnyMultiExecuteParams],
        execution_options: _ExecuteOptions,
        *args: Any,
        **kw: Any,
    ) -> CursorResult[Any]:
        """Create an :class:`.ExecutionContext` and execute, returning
        a :class:`_engine.CursorResult`."""
    
        if execution_options:
            yp = execution_options.get("yield_per", None)
            if yp:
                execution_options = execution_options.union(
                    {"stream_results": True, "max_row_buffer": yp}
                )
        try:
            conn = self._dbapi_connection
            if conn is None:
                conn = self._revalidate_connection()
    
            context = constructor(
                dialect, self, conn, execution_options, *args, **kw
            )
        except (exc.PendingRollbackError, exc.ResourceClosedError):
            raise
        except BaseException as e:
            self._handle_dbapi_exception(
                e, str(statement), parameters, None, None
            )
    
        if (
            self._transaction
            and not self._transaction.is_active
            or (
                self._nested_transaction
                and not self._nested_transaction.is_active
            )
        ):
            self._invalid_transaction()
    
        elif self._trans_context_manager:
            TransactionalContext._trans_ctx_check(self)
    
        if self._transaction is None:
            self._autobegin()
    
        context.pre_exec()
    
        if context.execute_style is ExecuteStyle.INSERTMANYVALUES:
            return self._exec_insertmany_context(dialect, context)
        else:
>           return self._exec_single_context(
                dialect, context, statement, parameters
            )

C:\Users\Dmitriy\AppData\Local\Programs\Python\Python312\Lib\site-packages\sqlalchemy\engine\base.py:1846: 
_ _ _ _ _ _ _ _ _ _ _ _ _ _ _ _ _ _ _ _ _ _ _ _ _ _ _ _ _ _ _ _ _ _ _ _ _ _ _ _

self = <sqlalchemy.engine.base.Connection object at 0x00000241677F3110>
dialect = <sqlalchemy.dialects.sqlite.aiosqlite.SQLiteDialect_aiosqlite object at 0x0000024165077FB0>
context = <sqlalchemy.dialects.sqlite.aiosqlite.SQLiteExecutionContext_aiosqlite object at 0x00000241677F0110>
statement = <sqlalchemy.dialects.sqlite.base.SQLiteCompiler object at 0x0000024166416330>
parameters = [(333334,)]

    def _exec_single_context(
        self,
        dialect: Dialect,
        context: ExecutionContext,
        statement: Union[str, Compiled],
        parameters: Optional[_AnyMultiExecuteParams],
    ) -> CursorResult[Any]:
        """continue the _execute_context() method for a single DBAPI
        cursor.execute() or cursor.executemany() call.
    
        """
        if dialect.bind_typing is BindTyping.SETINPUTSIZES:
            generic_setinputsizes = context._prepare_set_input_sizes()
    
            if generic_setinputsizes:
                try:
                    dialect.do_set_input_sizes(
                        context.cursor, generic_setinputsizes, context
                    )
                except BaseException as e:
                    self._handle_dbapi_exception(
                        e, str(statement), parameters, None, context
                    )
    
        cursor, str_statement, parameters = (
            context.cursor,
            context.statement,
            context.parameters,
        )
    
        effective_parameters: Optional[_AnyExecuteParams]
    
        if not context.executemany:
            effective_parameters = parameters[0]
        else:
            effective_parameters = parameters
    
        if self._has_events or self.engine._has_events:
            for fn in self.dispatch.before_cursor_execute:
                str_statement, effective_parameters = fn(
                    self,
                    cursor,
                    str_statement,
                    effective_parameters,
                    context,
                    context.executemany,
                )
    
        if self._echo:
            self._log_info(str_statement)
    
            stats = context._get_cache_stats()
    
            if not self.engine.hide_parameters:
                self._log_info(
                    "[%s] %r",
                    stats,
                    sql_util._repr_params(
                        effective_parameters,
                        batches=10,
                        ismulti=context.executemany,
                    ),
                )
            else:
                self._log_info(
                    "[%s] [SQL parameters hidden due to hide_parameters=True]",
                    stats,
                )
    
        evt_handled: bool = False
        try:
            if context.execute_style is ExecuteStyle.EXECUTEMANY:
                effective_parameters = cast(
                    "_CoreMultiExecuteParams", effective_parameters
                )
                if self.dialect._has_events:
                    for fn in self.dialect.dispatch.do_executemany:
                        if fn(
                            cursor,
                            str_statement,
                            effective_parameters,
                            context,
                        ):
                            evt_handled = True
                            break
                if not evt_handled:
                    self.dialect.do_executemany(
                        cursor,
                        str_statement,
                        effective_parameters,
                        context,
                    )
            elif not effective_parameters and context.no_parameters:
                if self.dialect._has_events:
                    for fn in self.dialect.dispatch.do_execute_no_params:
                        if fn(cursor, str_statement, context):
                            evt_handled = True
                            break
                if not evt_handled:
                    self.dialect.do_execute_no_params(
                        cursor, str_statement, context
                    )
            else:
                effective_parameters = cast(
                    "_CoreSingleExecuteParams", effective_parameters
                )
                if self.dialect._has_events:
                    for fn in self.dialect.dispatch.do_execute:
                        if fn(
                            cursor,
                            str_statement,
                            effective_parameters,
                            context,
                        ):
                            evt_handled = True
                            break
                if not evt_handled:
                    self.dialect.do_execute(
                        cursor, str_statement, effective_parameters, context
                    )
    
            if self._has_events or self.engine._has_events:
                self.dispatch.after_cursor_execute(
                    self,
                    cursor,
                    str_statement,
                    effective_parameters,
                    context,
                    context.executemany,
                )
    
            context.post_exec()
    
            result = context._setup_result_proxy()
    
        except BaseException as e:
>           self._handle_dbapi_exception(
                e, str_statement, effective_parameters, cursor, context
            )

C:\Users\Dmitriy\AppData\Local\Programs\Python\Python312\Lib\site-packages\sqlalchemy\engine\base.py:1986: 
_ _ _ _ _ _ _ _ _ _ _ _ _ _ _ _ _ _ _ _ _ _ _ _ _ _ _ _ _ _ _ _ _ _ _ _ _ _ _ _

self = <sqlalchemy.engine.base.Connection object at 0x00000241677F3110>
e = OperationalError('no such table: users')
statement = 'SELECT users.id, users.telegram_id, users.username, users.first_name, users.last_name, users.display_name, users.is_premium, users.gender, users.created_at \nFROM users \nWHERE users.telegram_id = ?'
parameters = (333334,)
cursor = <sqlalchemy.dialects.sqlite.aiosqlite.AsyncAdapt_aiosqlite_cursor object at 0x00000241676DB160>
context = <sqlalchemy.dialects.sqlite.aiosqlite.SQLiteExecutionContext_aiosqlite object at 0x00000241677F0110>
is_sub_exec = False

    def _handle_dbapi_exception(
        self,
        e: BaseException,
        statement: Optional[str],
        parameters: Optional[_AnyExecuteParams],
        cursor: Optional[DBAPICursor],
        context: Optional[ExecutionContext],
        is_sub_exec: bool = False,
    ) -> NoReturn:
        exc_info = sys.exc_info()
    
        is_exit_exception = util.is_exit_exception(e)
    
        if not self._is_disconnect:
            self._is_disconnect = (
                isinstance(e, self.dialect.loaded_dbapi.Error)
                and not self.closed
                and self.dialect.is_disconnect(
                    e,
                    self._dbapi_connection if not self.invalidated else None,
                    cursor,
                )
            ) or (is_exit_exception and not self.closed)
    
        invalidate_pool_on_disconnect = not is_exit_exception
    
        ismulti: bool = (
            not is_sub_exec and context.executemany
            if context is not None
            else False
        )
        if self._reentrant_error:
            raise exc.DBAPIError.instance(
                statement,
                parameters,
                e,
                self.dialect.loaded_dbapi.Error,
                hide_parameters=self.engine.hide_parameters,
                dialect=self.dialect,
                ismulti=ismulti,
            ).with_traceback(exc_info[2]) from e
        self._reentrant_error = True
        try:
            # non-DBAPI error - if we already got a context,
            # or there's no string statement, don't wrap it
            should_wrap = isinstance(e, self.dialect.loaded_dbapi.Error) or (
                statement is not None
                and context is None
                and not is_exit_exception
            )
    
            if should_wrap:
                sqlalchemy_exception = exc.DBAPIError.instance(
                    statement,
                    parameters,
                    cast(Exception, e),
                    self.dialect.loaded_dbapi.Error,
                    hide_parameters=self.engine.hide_parameters,
                    connection_invalidated=self._is_disconnect,
                    dialect=self.dialect,
                    ismulti=ismulti,
                )
            else:
                sqlalchemy_exception = None
    
            newraise = None
    
            if (self.dialect._has_events) and not self._execution_options.get(
                "skip_user_error_events", False
            ):
                ctx = ExceptionContextImpl(
                    e,
                    sqlalchemy_exception,
                    self.engine,
                    self.dialect,
                    self,
                    cursor,
                    statement,
                    parameters,
                    context,
                    self._is_disconnect,
                    invalidate_pool_on_disconnect,
                    False,
                )
    
                for fn in self.dialect.dispatch.handle_error:
                    try:
                        # handler returns an exception;
                        # call next handler in a chain
                        per_fn = fn(ctx)
                        if per_fn is not None:
                            ctx.chained_exception = newraise = per_fn
                    except Exception as _raised:
                        # handler raises an exception - stop processing
                        newraise = _raised
                        break
    
                if self._is_disconnect != ctx.is_disconnect:
                    self._is_disconnect = ctx.is_disconnect
                    if sqlalchemy_exception:
                        sqlalchemy_exception.connection_invalidated = (
                            ctx.is_disconnect
                        )
    
                # set up potentially user-defined value for
                # invalidate pool.
                invalidate_pool_on_disconnect = (
                    ctx.invalidate_pool_on_disconnect
                )
    
            if should_wrap and context:
                context.handle_dbapi_exception(e)
    
            if not self._is_disconnect:
                if cursor:
                    self._safe_close_cursor(cursor)
                # "autorollback" was mostly relevant in 1.x series.
                # It's very unlikely to reach here, as the connection
                # does autobegin so when we are here, we are usually
                # in an explicit / semi-explicit transaction.
                # however we have a test which manufactures this
                # scenario in any case using an event handler.
                # test/engine/test_execute.py-> test_actual_autorollback
                if not self.in_transaction():
                    self._rollback_impl()
    
            if newraise:
                raise newraise.with_traceback(exc_info[2]) from e
            elif should_wrap:
                assert sqlalchemy_exception is not None
>               raise sqlalchemy_exception.with_traceback(exc_info[2]) from e

C:\Users\Dmitriy\AppData\Local\Programs\Python\Python312\Lib\site-packages\sqlalchemy\engine\base.py:2363: 
_ _ _ _ _ _ _ _ _ _ _ _ _ _ _ _ _ _ _ _ _ _ _ _ _ _ _ _ _ _ _ _ _ _ _ _ _ _ _ _

self = <sqlalchemy.engine.base.Connection object at 0x00000241677F3110>
dialect = <sqlalchemy.dialects.sqlite.aiosqlite.SQLiteDialect_aiosqlite object at 0x0000024165077FB0>
context = <sqlalchemy.dialects.sqlite.aiosqlite.SQLiteExecutionContext_aiosqlite object at 0x00000241677F0110>
statement = <sqlalchemy.dialects.sqlite.base.SQLiteCompiler object at 0x0000024166416330>
parameters = [(333334,)]

    def _exec_single_context(
        self,
        dialect: Dialect,
        context: ExecutionContext,
        statement: Union[str, Compiled],
        parameters: Optional[_AnyMultiExecuteParams],
    ) -> CursorResult[Any]:
        """continue the _execute_context() method for a single DBAPI
        cursor.execute() or cursor.executemany() call.
    
        """
        if dialect.bind_typing is BindTyping.SETINPUTSIZES:
            generic_setinputsizes = context._prepare_set_input_sizes()
    
            if generic_setinputsizes:
                try:
                    dialect.do_set_input_sizes(
                        context.cursor, generic_setinputsizes, context
                    )
                except BaseException as e:
                    self._handle_dbapi_exception(
                        e, str(statement), parameters, None, context
                    )
    
        cursor, str_statement, parameters = (
            context.cursor,
            context.statement,
            context.parameters,
        )
    
        effective_parameters: Optional[_AnyExecuteParams]
    
        if not context.executemany:
            effective_parameters = parameters[0]
        else:
            effective_parameters = parameters
    
        if self._has_events or self.engine._has_events:
            for fn in self.dispatch.before_cursor_execute:
                str_statement, effective_parameters = fn(
                    self,
                    cursor,
                    str_statement,
                    effective_parameters,
                    context,
                    context.executemany,
                )
    
        if self._echo:
            self._log_info(str_statement)
    
            stats = context._get_cache_stats()
    
            if not self.engine.hide_parameters:
                self._log_info(
                    "[%s] %r",
                    stats,
                    sql_util._repr_params(
                        effective_parameters,
                        batches=10,
                        ismulti=context.executemany,
                    ),
                )
            else:
                self._log_info(
                    "[%s] [SQL parameters hidden due to hide_parameters=True]",
                    stats,
                )
    
        evt_handled: bool = False
        try:
            if context.execute_style is ExecuteStyle.EXECUTEMANY:
                effective_parameters = cast(
                    "_CoreMultiExecuteParams", effective_parameters
                )
                if self.dialect._has_events:
                    for fn in self.dialect.dispatch.do_executemany:
                        if fn(
                            cursor,
                            str_statement,
                            effective_parameters,
                            context,
                        ):
                            evt_handled = True
                            break
                if not evt_handled:
                    self.dialect.do_executemany(
                        cursor,
                        str_statement,
                        effective_parameters,
                        context,
                    )
            elif not effective_parameters and context.no_parameters:
                if self.dialect._has_events:
                    for fn in self.dialect.dispatch.do_execute_no_params:
                        if fn(cursor, str_statement, context):
                            evt_handled = True
                            break
                if not evt_handled:
                    self.dialect.do_execute_no_params(
                        cursor, str_statement, context
                    )
            else:
                effective_parameters = cast(
                    "_CoreSingleExecuteParams", effective_parameters
                )
                if self.dialect._has_events:
                    for fn in self.dialect.dispatch.do_execute:
                        if fn(
                            cursor,
                            str_statement,
                            effective_parameters,
                            context,
                        ):
                            evt_handled = True
                            break
                if not evt_handled:
>                   self.dialect.do_execute(
                        cursor, str_statement, effective_parameters, context
                    )

C:\Users\Dmitriy\AppData\Local\Programs\Python\Python312\Lib\site-packages\sqlalchemy\engine\base.py:1967: 
_ _ _ _ _ _ _ _ _ _ _ _ _ _ _ _ _ _ _ _ _ _ _ _ _ _ _ _ _ _ _ _ _ _ _ _ _ _ _ _

self = <sqlalchemy.dialects.sqlite.aiosqlite.SQLiteDialect_aiosqlite object at 0x0000024165077FB0>
cursor = <sqlalchemy.dialects.sqlite.aiosqlite.AsyncAdapt_aiosqlite_cursor object at 0x00000241676DB160>
statement = 'SELECT users.id, users.telegram_id, users.username, users.first_name, users.last_name, users.display_name, users.is_premium, users.gender, users.created_at \nFROM users \nWHERE users.telegram_id = ?'
parameters = (333334,)
context = <sqlalchemy.dialects.sqlite.aiosqlite.SQLiteExecutionContext_aiosqlite object at 0x00000241677F0110>

    def do_execute(self, cursor, statement, parameters, context=None):
>       cursor.execute(statement, parameters)

C:\Users\Dmitriy\AppData\Local\Programs\Python\Python312\Lib\site-packages\sqlalchemy\engine\default.py:952: 
_ _ _ _ _ _ _ _ _ _ _ _ _ _ _ _ _ _ _ _ _ _ _ _ _ _ _ _ _ _ _ _ _ _ _ _ _ _ _ _

self = <sqlalchemy.dialects.sqlite.aiosqlite.AsyncAdapt_aiosqlite_cursor object at 0x00000241676DB160>
operation = 'SELECT users.id, users.telegram_id, users.username, users.first_name, users.last_name, users.display_name, users.is_premium, users.gender, users.created_at \nFROM users \nWHERE users.telegram_id = ?'
parameters = (333334,)

    def execute(
        self,
        operation: Any,
        parameters: Optional[_DBAPISingleExecuteParams] = None,
    ) -> Any:
    
        try:
            _cursor: AsyncIODBAPICursor = self.await_(self._connection.cursor())  # type: ignore[arg-type] # noqa: E501
    
            if parameters is None:
                self.await_(_cursor.execute(operation))
            else:
                self.await_(_cursor.execute(operation, parameters))
    
            if _cursor.description:
                self.description = _cursor.description
                self.lastrowid = self.rowcount = -1
    
                if not self.server_side:
                    self._rows = deque(self.await_(_cursor.fetchall()))
            else:
                self.description = None
                self.lastrowid = _cursor.lastrowid
                self.rowcount = _cursor.rowcount
    
            if not self.server_side:
                self.await_(_cursor.close())
            else:
                self._cursor = _cursor  # type: ignore[misc]
        except Exception as error:
>           self._adapt_connection._handle_exception(error)

C:\Users\Dmitriy\AppData\Local\Programs\Python\Python312\Lib\site-packages\sqlalchemy\dialects\sqlite\aiosqlite.py:182: 
_ _ _ _ _ _ _ _ _ _ _ _ _ _ _ _ _ _ _ _ _ _ _ _ _ _ _ _ _ _ _ _ _ _ _ _ _ _ _ _

self = <AdaptedConnection <aiosqlite.core.Connection object at 0x0000024166416D80>>
error = OperationalError('no such table: users')

    def _handle_exception(self, error: Exception) -> NoReturn:
        if (
            isinstance(error, ValueError)
            and error.args[0] == "no active connection"
        ):
            raise self.dbapi.sqlite.OperationalError(
                "no active connection"
            ) from error
        else:
>           raise error

C:\Users\Dmitriy\AppData\Local\Programs\Python\Python312\Lib\site-packages\sqlalchemy\dialects\sqlite\aiosqlite.py:342: 
_ _ _ _ _ _ _ _ _ _ _ _ _ _ _ _ _ _ _ _ _ _ _ _ _ _ _ _ _ _ _ _ _ _ _ _ _ _ _ _

self = <sqlalchemy.dialects.sqlite.aiosqlite.AsyncAdapt_aiosqlite_cursor object at 0x00000241676DB160>
operation = 'SELECT users.id, users.telegram_id, users.username, users.first_name, users.last_name, users.display_name, users.is_premium, users.gender, users.created_at \nFROM users \nWHERE users.telegram_id = ?'
parameters = (333334,)

    def execute(
        self,
        operation: Any,
        parameters: Optional[_DBAPISingleExecuteParams] = None,
    ) -> Any:
    
        try:
            _cursor: AsyncIODBAPICursor = self.await_(self._connection.cursor())  # type: ignore[arg-type] # noqa: E501
    
            if parameters is None:
                self.await_(_cursor.execute(operation))
            else:
>               self.await_(_cursor.execute(operation, parameters))

C:\Users\Dmitriy\AppData\Local\Programs\Python\Python312\Lib\site-packages\sqlalchemy\dialects\sqlite\aiosqlite.py:164: 
_ _ _ _ _ _ _ _ _ _ _ _ _ _ _ _ _ _ _ _ _ _ _ _ _ _ _ _ _ _ _ _ _ _ _ _ _ _ _ _

awaitable = <coroutine object Cursor.execute at 0x000002416786B4C0>

    def await_only(awaitable: Awaitable[_T]) -> _T:
        """Awaits an async function in a sync method.
    
        The sync method must be inside a :func:`greenlet_spawn` context.
        :func:`await_only` calls cannot be nested.
    
        :param awaitable: The coroutine to call.
    
        """
        # this is called in the context greenlet while running fn
        current = getcurrent()
        if not getattr(current, "__sqlalchemy_greenlet_provider__", False):
            _safe_cancel_awaitable(awaitable)
    
            raise exc.MissingGreenlet(
                "greenlet_spawn has not been called; can't call await_only() "
                "here. Was IO attempted in an unexpected place?"
            )
    
        # returns the control to the driver greenlet passing it
        # a coroutine to run. Once the awaitable is done, the driver greenlet
        # switches back to this greenlet with the result of awaitable that is
        # then returned to the caller (or raised as error)
>       return current.parent.switch(awaitable)  # type: ignore[no-any-return,attr-defined] # noqa: E501
               ^^^^^^^^^^^^^^^^^^^^^^^^^^^^^^^^

C:\Users\Dmitriy\AppData\Local\Programs\Python\Python312\Lib\site-packages\sqlalchemy\util\_concurrency_py3k.py:132: 
_ _ _ _ _ _ _ _ _ _ _ _ _ _ _ _ _ _ _ _ _ _ _ _ _ _ _ _ _ _ _ _ _ _ _ _ _ _ _ _

fn = <bound method Session.execute of <sqlalchemy.orm.session.Session object at 0x00000241677F20F0>>
_require_await = False
args = (<sqlalchemy.sql.selectable.Select object at 0x00000241677F06E0>,)
kwargs = {'bind_arguments': None, 'execution_options': immutabledict({'prebuffer_rows': True}), 'params': None}
context = <_AsyncIoGreenlet object at 0x000002416882F400 (otid=0x0000024164FE5D70) dead>
switch_occurred = True
result = <coroutine object Cursor.execute at 0x000002416786B4C0>
value = <aiosqlite.cursor.Cursor object at 0x00000241677F24E0>

    async def greenlet_spawn(
        fn: Callable[..., _T],
        *args: Any,
        _require_await: bool = False,
        **kwargs: Any,
    ) -> _T:
        """Runs a sync function ``fn`` in a new greenlet.
    
        The sync function can then use :func:`await_only` to wait for async
        functions.
    
        :param fn: The sync callable to call.
        :param \\*args: Positional arguments to pass to the ``fn`` callable.
        :param \\*\\*kwargs: Keyword arguments to pass to the ``fn`` callable.
        """
    
        result: Any
        context = _AsyncIoGreenlet(fn, getcurrent())
        # runs the function synchronously in gl greenlet. If the execution
        # is interrupted by await_only, context is not dead and result is a
        # coroutine to wait. If the context is dead the function has
        # returned, and its result can be returned.
        switch_occurred = False
        result = context.switch(*args, **kwargs)
        while not context.dead:
            switch_occurred = True
            try:
                # wait for a coroutine from await_only and then return its
                # result back to it.
>               value = await result
                        ^^^^^^^^^^^^

C:\Users\Dmitriy\AppData\Local\Programs\Python\Python312\Lib\site-packages\sqlalchemy\util\_concurrency_py3k.py:196: 
_ _ _ _ _ _ _ _ _ _ _ _ _ _ _ _ _ _ _ _ _ _ _ _ _ _ _ _ _ _ _ _ _ _ _ _ _ _ _ _

self = <aiosqlite.cursor.Cursor object at 0x00000241677F24E0>
sql = 'SELECT users.id, users.telegram_id, users.username, users.first_name, users.last_name, users.display_name, users.is_premium, users.gender, users.created_at \nFROM users \nWHERE users.telegram_id = ?'
parameters = (333334,)

    async def execute(
        self, sql: str, parameters: Optional[Iterable[Any]] = None
    ) -> "Cursor":
        """Execute the given query."""
        if parameters is None:
            parameters = []
>       await self._execute(self._cursor.execute, sql, parameters)

C:\Users\Dmitriy\AppData\Local\Programs\Python\Python312\Lib\site-packages\aiosqlite\cursor.py:40: 
_ _ _ _ _ _ _ _ _ _ _ _ _ _ _ _ _ _ _ _ _ _ _ _ _ _ _ _ _ _ _ _ _ _ _ _ _ _ _ _

self = <aiosqlite.cursor.Cursor object at 0x00000241677F24E0>
fn = <built-in method execute of sqlite3.Cursor object at 0x0000024167B1DEC0>
args = ('SELECT users.id, users.telegram_id, users.username, users.first_name, users.last_name, users.display_name, users.is_premium, users.gender, users.created_at \nFROM users \nWHERE users.telegram_id = ?', (333334,))
kwargs = {}

    async def _execute(self, fn, *args, **kwargs):
        """Execute the given function on the shared connection's thread."""
>       return await self._conn._execute(fn, *args, **kwargs)
               ^^^^^^^^^^^^^^^^^^^^^^^^^^^^^^^^^^^^^^^^^^^^^^

C:\Users\Dmitriy\AppData\Local\Programs\Python\Python312\Lib\site-packages\aiosqlite\cursor.py:32: 
_ _ _ _ _ _ _ _ _ _ _ _ _ _ _ _ _ _ _ _ _ _ _ _ _ _ _ _ _ _ _ _ _ _ _ _ _ _ _ _

self = <aiosqlite.core.Connection object at 0x0000024166416D80>
fn = <built-in method execute of sqlite3.Cursor object at 0x0000024167B1DEC0>
args = ('SELECT users.id, users.telegram_id, users.username, users.first_name, users.last_name, users.display_name, users.is_premium, users.gender, users.created_at \nFROM users \nWHERE users.telegram_id = ?', (333334,))
kwargs = {}
function = functools.partial(<built-in method execute of sqlite3.Cursor object at 0x0000024167B1DEC0>, 'SELECT users.id, users.te....display_name, users.is_premium, users.gender, users.created_at \nFROM users \nWHERE users.telegram_id = ?', (333334,))
future = <Future finished exception=OperationalError('no such table: users')>

    async def _execute(self, fn, *args, **kwargs):
        """Queue a function with the given arguments for execution."""
        if not self._running or not self._connection:
            raise ValueError("Connection closed")
    
        function = partial(fn, *args, **kwargs)
        future = asyncio.get_event_loop().create_future()
    
        self._tx.put_nowait((future, function))
    
>       return await future
               ^^^^^^^^^^^^

C:\Users\Dmitriy\AppData\Local\Programs\Python\Python312\Lib\site-packages\aiosqlite\core.py:160: 
_ _ _ _ _ _ _ _ _ _ _ _ _ _ _ _ _ _ _ _ _ _ _ _ _ _ _ _ _ _ _ _ _ _ _ _ _ _ _ _

tx = <_queue.SimpleQueue object at 0x0000024166440770>

    def _connection_worker_thread(tx: _TxQueue):
        """
        Execute function calls on a separate thread.
    
        :meta private:
        """
        while True:
            # Continues running until all queue items are processed,
            # even after connection is closed (so we can finalize all
            # futures)
    
            future, function = tx.get()
    
            try:
                LOG.debug("executing %s", function)
>               result = function()
                         ^^^^^^^^^^
E               sqlalchemy.exc.OperationalError: (sqlite3.OperationalError) no such table: users
E               [SQL: SELECT users.id, users.telegram_id, users.username, users.first_name, users.last_name, users.display_name, users.is_premium, users.gender, users.created_at 
E               FROM users 
E               WHERE users.telegram_id = ?]
E               [parameters: (333334,)]
E               (Background on this error at: https://sqlalche.me/e/20/e3q8)

C:\Users\Dmitriy\AppData\Local\Programs\Python\Python312\Lib\site-packages\aiosqlite\core.py:63: OperationalError
_______________________ TestLabService.test_create_lab ________________________

self = <sqlalchemy.engine.base.Connection object at 0x00000241677F58E0>
dialect = <sqlalchemy.dialects.sqlite.aiosqlite.SQLiteDialect_aiosqlite object at 0x0000024165077FB0>
context = <sqlalchemy.dialects.sqlite.aiosqlite.SQLiteExecutionContext_aiosqlite object at 0x00000241677F4650>
statement = <sqlalchemy.dialects.sqlite.base.SQLiteCompiler object at 0x0000024166416330>
parameters = [(444444,)]

    def _exec_single_context(
        self,
        dialect: Dialect,
        context: ExecutionContext,
        statement: Union[str, Compiled],
        parameters: Optional[_AnyMultiExecuteParams],
    ) -> CursorResult[Any]:
        """continue the _execute_context() method for a single DBAPI
        cursor.execute() or cursor.executemany() call.
    
        """
        if dialect.bind_typing is BindTyping.SETINPUTSIZES:
            generic_setinputsizes = context._prepare_set_input_sizes()
    
            if generic_setinputsizes:
                try:
                    dialect.do_set_input_sizes(
                        context.cursor, generic_setinputsizes, context
                    )
                except BaseException as e:
                    self._handle_dbapi_exception(
                        e, str(statement), parameters, None, context
                    )
    
        cursor, str_statement, parameters = (
            context.cursor,
            context.statement,
            context.parameters,
        )
    
        effective_parameters: Optional[_AnyExecuteParams]
    
        if not context.executemany:
            effective_parameters = parameters[0]
        else:
            effective_parameters = parameters
    
        if self._has_events or self.engine._has_events:
            for fn in self.dispatch.before_cursor_execute:
                str_statement, effective_parameters = fn(
                    self,
                    cursor,
                    str_statement,
                    effective_parameters,
                    context,
                    context.executemany,
                )
    
        if self._echo:
            self._log_info(str_statement)
    
            stats = context._get_cache_stats()
    
            if not self.engine.hide_parameters:
                self._log_info(
                    "[%s] %r",
                    stats,
                    sql_util._repr_params(
                        effective_parameters,
                        batches=10,
                        ismulti=context.executemany,
                    ),
                )
            else:
                self._log_info(
                    "[%s] [SQL parameters hidden due to hide_parameters=True]",
                    stats,
                )
    
        evt_handled: bool = False
        try:
            if context.execute_style is ExecuteStyle.EXECUTEMANY:
                effective_parameters = cast(
                    "_CoreMultiExecuteParams", effective_parameters
                )
                if self.dialect._has_events:
                    for fn in self.dialect.dispatch.do_executemany:
                        if fn(
                            cursor,
                            str_statement,
                            effective_parameters,
                            context,
                        ):
                            evt_handled = True
                            break
                if not evt_handled:
                    self.dialect.do_executemany(
                        cursor,
                        str_statement,
                        effective_parameters,
                        context,
                    )
            elif not effective_parameters and context.no_parameters:
                if self.dialect._has_events:
                    for fn in self.dialect.dispatch.do_execute_no_params:
                        if fn(cursor, str_statement, context):
                            evt_handled = True
                            break
                if not evt_handled:
                    self.dialect.do_execute_no_params(
                        cursor, str_statement, context
                    )
            else:
                effective_parameters = cast(
                    "_CoreSingleExecuteParams", effective_parameters
                )
                if self.dialect._has_events:
                    for fn in self.dialect.dispatch.do_execute:
                        if fn(
                            cursor,
                            str_statement,
                            effective_parameters,
                            context,
                        ):
                            evt_handled = True
                            break
                if not evt_handled:
>                   self.dialect.do_execute(
                        cursor, str_statement, effective_parameters, context
                    )

C:\Users\Dmitriy\AppData\Local\Programs\Python\Python312\Lib\site-packages\sqlalchemy\engine\base.py:1967: 
_ _ _ _ _ _ _ _ _ _ _ _ _ _ _ _ _ _ _ _ _ _ _ _ _ _ _ _ _ _ _ _ _ _ _ _ _ _ _ _

self = <sqlalchemy.dialects.sqlite.aiosqlite.SQLiteDialect_aiosqlite object at 0x0000024165077FB0>
cursor = <sqlalchemy.dialects.sqlite.aiosqlite.AsyncAdapt_aiosqlite_cursor object at 0x0000024167F5E740>
statement = 'SELECT users.id, users.telegram_id, users.username, users.first_name, users.last_name, users.display_name, users.is_premium, users.gender, users.created_at \nFROM users \nWHERE users.telegram_id = ?'
parameters = (444444,)
context = <sqlalchemy.dialects.sqlite.aiosqlite.SQLiteExecutionContext_aiosqlite object at 0x00000241677F4650>

    def do_execute(self, cursor, statement, parameters, context=None):
>       cursor.execute(statement, parameters)

C:\Users\Dmitriy\AppData\Local\Programs\Python\Python312\Lib\site-packages\sqlalchemy\engine\default.py:952: 
_ _ _ _ _ _ _ _ _ _ _ _ _ _ _ _ _ _ _ _ _ _ _ _ _ _ _ _ _ _ _ _ _ _ _ _ _ _ _ _

self = <sqlalchemy.dialects.sqlite.aiosqlite.AsyncAdapt_aiosqlite_cursor object at 0x0000024167F5E740>
operation = 'SELECT users.id, users.telegram_id, users.username, users.first_name, users.last_name, users.display_name, users.is_premium, users.gender, users.created_at \nFROM users \nWHERE users.telegram_id = ?'
parameters = (444444,)

    def execute(
        self,
        operation: Any,
        parameters: Optional[_DBAPISingleExecuteParams] = None,
    ) -> Any:
    
        try:
            _cursor: AsyncIODBAPICursor = self.await_(self._connection.cursor())  # type: ignore[arg-type] # noqa: E501
    
            if parameters is None:
                self.await_(_cursor.execute(operation))
            else:
                self.await_(_cursor.execute(operation, parameters))
    
            if _cursor.description:
                self.description = _cursor.description
                self.lastrowid = self.rowcount = -1
    
                if not self.server_side:
                    self._rows = deque(self.await_(_cursor.fetchall()))
            else:
                self.description = None
                self.lastrowid = _cursor.lastrowid
                self.rowcount = _cursor.rowcount
    
            if not self.server_side:
                self.await_(_cursor.close())
            else:
                self._cursor = _cursor  # type: ignore[misc]
        except Exception as error:
>           self._adapt_connection._handle_exception(error)

C:\Users\Dmitriy\AppData\Local\Programs\Python\Python312\Lib\site-packages\sqlalchemy\dialects\sqlite\aiosqlite.py:182: 
_ _ _ _ _ _ _ _ _ _ _ _ _ _ _ _ _ _ _ _ _ _ _ _ _ _ _ _ _ _ _ _ _ _ _ _ _ _ _ _

self = <AdaptedConnection <aiosqlite.core.Connection object at 0x0000024166416D80>>
error = OperationalError('no such table: users')

    def _handle_exception(self, error: Exception) -> NoReturn:
        if (
            isinstance(error, ValueError)
            and error.args[0] == "no active connection"
        ):
            raise self.dbapi.sqlite.OperationalError(
                "no active connection"
            ) from error
        else:
>           raise error

C:\Users\Dmitriy\AppData\Local\Programs\Python\Python312\Lib\site-packages\sqlalchemy\dialects\sqlite\aiosqlite.py:342: 
_ _ _ _ _ _ _ _ _ _ _ _ _ _ _ _ _ _ _ _ _ _ _ _ _ _ _ _ _ _ _ _ _ _ _ _ _ _ _ _

self = <sqlalchemy.dialects.sqlite.aiosqlite.AsyncAdapt_aiosqlite_cursor object at 0x0000024167F5E740>
operation = 'SELECT users.id, users.telegram_id, users.username, users.first_name, users.last_name, users.display_name, users.is_premium, users.gender, users.created_at \nFROM users \nWHERE users.telegram_id = ?'
parameters = (444444,)

    def execute(
        self,
        operation: Any,
        parameters: Optional[_DBAPISingleExecuteParams] = None,
    ) -> Any:
    
        try:
            _cursor: AsyncIODBAPICursor = self.await_(self._connection.cursor())  # type: ignore[arg-type] # noqa: E501
    
            if parameters is None:
                self.await_(_cursor.execute(operation))
            else:
>               self.await_(_cursor.execute(operation, parameters))

C:\Users\Dmitriy\AppData\Local\Programs\Python\Python312\Lib\site-packages\sqlalchemy\dialects\sqlite\aiosqlite.py:164: 
_ _ _ _ _ _ _ _ _ _ _ _ _ _ _ _ _ _ _ _ _ _ _ _ _ _ _ _ _ _ _ _ _ _ _ _ _ _ _ _

awaitable = <coroutine object Cursor.execute at 0x000002416868C9E0>

    def await_only(awaitable: Awaitable[_T]) -> _T:
        """Awaits an async function in a sync method.
    
        The sync method must be inside a :func:`greenlet_spawn` context.
        :func:`await_only` calls cannot be nested.
    
        :param awaitable: The coroutine to call.
    
        """
        # this is called in the context greenlet while running fn
        current = getcurrent()
        if not getattr(current, "__sqlalchemy_greenlet_provider__", False):
            _safe_cancel_awaitable(awaitable)
    
            raise exc.MissingGreenlet(
                "greenlet_spawn has not been called; can't call await_only() "
                "here. Was IO attempted in an unexpected place?"
            )
    
        # returns the control to the driver greenlet passing it
        # a coroutine to run. Once the awaitable is done, the driver greenlet
        # switches back to this greenlet with the result of awaitable that is
        # then returned to the caller (or raised as error)
>       return current.parent.switch(awaitable)  # type: ignore[no-any-return,attr-defined] # noqa: E501
               ^^^^^^^^^^^^^^^^^^^^^^^^^^^^^^^^

C:\Users\Dmitriy\AppData\Local\Programs\Python\Python312\Lib\site-packages\sqlalchemy\util\_concurrency_py3k.py:132: 
_ _ _ _ _ _ _ _ _ _ _ _ _ _ _ _ _ _ _ _ _ _ _ _ _ _ _ _ _ _ _ _ _ _ _ _ _ _ _ _

fn = <bound method Session.execute of <sqlalchemy.orm.session.Session object at 0x00000241677F69C0>>
_require_await = False
args = (<sqlalchemy.sql.selectable.Select object at 0x00000241677F4EC0>,)
kwargs = {'bind_arguments': None, 'execution_options': immutabledict({'prebuffer_rows': True}), 'params': None}
context = <_AsyncIoGreenlet object at 0x000002416796E8C0 (otid=0x0000024164FE5D70) dead>
switch_occurred = True
result = <coroutine object Cursor.execute at 0x000002416868C9E0>
value = <aiosqlite.cursor.Cursor object at 0x00000241677F75C0>

    async def greenlet_spawn(
        fn: Callable[..., _T],
        *args: Any,
        _require_await: bool = False,
        **kwargs: Any,
    ) -> _T:
        """Runs a sync function ``fn`` in a new greenlet.
    
        The sync function can then use :func:`await_only` to wait for async
        functions.
    
        :param fn: The sync callable to call.
        :param \\*args: Positional arguments to pass to the ``fn`` callable.
        :param \\*\\*kwargs: Keyword arguments to pass to the ``fn`` callable.
        """
    
        result: Any
        context = _AsyncIoGreenlet(fn, getcurrent())
        # runs the function synchronously in gl greenlet. If the execution
        # is interrupted by await_only, context is not dead and result is a
        # coroutine to wait. If the context is dead the function has
        # returned, and its result can be returned.
        switch_occurred = False
        result = context.switch(*args, **kwargs)
        while not context.dead:
            switch_occurred = True
            try:
                # wait for a coroutine from await_only and then return its
                # result back to it.
>               value = await result
                        ^^^^^^^^^^^^

C:\Users\Dmitriy\AppData\Local\Programs\Python\Python312\Lib\site-packages\sqlalchemy\util\_concurrency_py3k.py:196: 
_ _ _ _ _ _ _ _ _ _ _ _ _ _ _ _ _ _ _ _ _ _ _ _ _ _ _ _ _ _ _ _ _ _ _ _ _ _ _ _

self = <aiosqlite.cursor.Cursor object at 0x00000241677F75C0>
sql = 'SELECT users.id, users.telegram_id, users.username, users.first_name, users.last_name, users.display_name, users.is_premium, users.gender, users.created_at \nFROM users \nWHERE users.telegram_id = ?'
parameters = (444444,)

    async def execute(
        self, sql: str, parameters: Optional[Iterable[Any]] = None
    ) -> "Cursor":
        """Execute the given query."""
        if parameters is None:
            parameters = []
>       await self._execute(self._cursor.execute, sql, parameters)

C:\Users\Dmitriy\AppData\Local\Programs\Python\Python312\Lib\site-packages\aiosqlite\cursor.py:40: 
_ _ _ _ _ _ _ _ _ _ _ _ _ _ _ _ _ _ _ _ _ _ _ _ _ _ _ _ _ _ _ _ _ _ _ _ _ _ _ _

self = <aiosqlite.cursor.Cursor object at 0x00000241677F75C0>
fn = <built-in method execute of sqlite3.Cursor object at 0x0000024167EDBF40>
args = ('SELECT users.id, users.telegram_id, users.username, users.first_name, users.last_name, users.display_name, users.is_premium, users.gender, users.created_at \nFROM users \nWHERE users.telegram_id = ?', (444444,))
kwargs = {}

    async def _execute(self, fn, *args, **kwargs):
        """Execute the given function on the shared connection's thread."""
>       return await self._conn._execute(fn, *args, **kwargs)
               ^^^^^^^^^^^^^^^^^^^^^^^^^^^^^^^^^^^^^^^^^^^^^^

C:\Users\Dmitriy\AppData\Local\Programs\Python\Python312\Lib\site-packages\aiosqlite\cursor.py:32: 
_ _ _ _ _ _ _ _ _ _ _ _ _ _ _ _ _ _ _ _ _ _ _ _ _ _ _ _ _ _ _ _ _ _ _ _ _ _ _ _

self = <aiosqlite.core.Connection object at 0x0000024166416D80>
fn = <built-in method execute of sqlite3.Cursor object at 0x0000024167EDBF40>
args = ('SELECT users.id, users.telegram_id, users.username, users.first_name, users.last_name, users.display_name, users.is_premium, users.gender, users.created_at \nFROM users \nWHERE users.telegram_id = ?', (444444,))
kwargs = {}
function = functools.partial(<built-in method execute of sqlite3.Cursor object at 0x0000024167EDBF40>, 'SELECT users.id, users.te....display_name, users.is_premium, users.gender, users.created_at \nFROM users \nWHERE users.telegram_id = ?', (444444,))
future = <Future finished exception=OperationalError('no such table: users')>

    async def _execute(self, fn, *args, **kwargs):
        """Queue a function with the given arguments for execution."""
        if not self._running or not self._connection:
            raise ValueError("Connection closed")
    
        function = partial(fn, *args, **kwargs)
        future = asyncio.get_event_loop().create_future()
    
        self._tx.put_nowait((future, function))
    
>       return await future
               ^^^^^^^^^^^^

C:\Users\Dmitriy\AppData\Local\Programs\Python\Python312\Lib\site-packages\aiosqlite\core.py:160: 
_ _ _ _ _ _ _ _ _ _ _ _ _ _ _ _ _ _ _ _ _ _ _ _ _ _ _ _ _ _ _ _ _ _ _ _ _ _ _ _

tx = <_queue.SimpleQueue object at 0x0000024166440770>

    def _connection_worker_thread(tx: _TxQueue):
        """
        Execute function calls on a separate thread.
    
        :meta private:
        """
        while True:
            # Continues running until all queue items are processed,
            # even after connection is closed (so we can finalize all
            # futures)
    
            future, function = tx.get()
    
            try:
                LOG.debug("executing %s", function)
>               result = function()
                         ^^^^^^^^^^
E               sqlite3.OperationalError: no such table: users

C:\Users\Dmitriy\AppData\Local\Programs\Python\Python312\Lib\site-packages\aiosqlite\core.py:63: OperationalError

The above exception was the direct cause of the following exception:

self = <test_services.TestLabService object at 0x0000024166417590>

    async def test_create_lab(self):
>       user = await get_or_create_user(MockUser(444444, "owner6"))
               ^^^^^^^^^^^^^^^^^^^^^^^^^^^^^^^^^^^^^^^^^^^^^^^^^^^^

tests\test_services.py:80: 
_ _ _ _ _ _ _ _ _ _ _ _ _ _ _ _ _ _ _ _ _ _ _ _ _ _ _ _ _ _ _ _ _ _ _ _ _ _ _ _

tg_user = <test_services.MockUser object at 0x00000241677F4F80>

    async def get_or_create_user(tg_user):
        async with SessionLocal() as session:
>           result = await session.execute(select(User).where(User.telegram_id == tg_user.id))
                     ^^^^^^^^^^^^^^^^^^^^^^^^^^^^^^^^^^^^^^^^^^^^^^^^^^^^^^^^^^^^^^^^^^^^^^^^^

services\user_service.py:7: 
_ _ _ _ _ _ _ _ _ _ _ _ _ _ _ _ _ _ _ _ _ _ _ _ _ _ _ _ _ _ _ _ _ _ _ _ _ _ _ _

self = <sqlalchemy.ext.asyncio.session.AsyncSession object at 0x00000241677F63F0>
statement = <sqlalchemy.sql.selectable.Select object at 0x00000241677F4EC0>
params = None, execution_options = immutabledict({'prebuffer_rows': True})
bind_arguments = None, kw = {}

    async def execute(
        self,
        statement: Executable,
        params: Optional[_CoreAnyExecuteParams] = None,
        *,
        execution_options: OrmExecuteOptionsParameter = util.EMPTY_DICT,
        bind_arguments: Optional[_BindArguments] = None,
        **kw: Any,
    ) -> Result[Any]:
        """Execute a statement and return a buffered
        :class:`_engine.Result` object.
    
        .. seealso::
    
            :meth:`_orm.Session.execute` - main documentation for execute
    
        """
    
        if execution_options:
            execution_options = util.immutabledict(execution_options).union(
                _EXECUTE_OPTIONS
            )
        else:
            execution_options = _EXECUTE_OPTIONS
    
>       result = await greenlet_spawn(
            self.sync_session.execute,
            statement,
            params=params,
            execution_options=execution_options,
            bind_arguments=bind_arguments,
            **kw,
        )

C:\Users\Dmitriy\AppData\Local\Programs\Python\Python312\Lib\site-packages\sqlalchemy\ext\asyncio\session.py:449: 
_ _ _ _ _ _ _ _ _ _ _ _ _ _ _ _ _ _ _ _ _ _ _ _ _ _ _ _ _ _ _ _ _ _ _ _ _ _ _ _

fn = <bound method Session.execute of <sqlalchemy.orm.session.Session object at 0x00000241677F69C0>>
_require_await = False
args = (<sqlalchemy.sql.selectable.Select object at 0x00000241677F4EC0>,)
kwargs = {'bind_arguments': None, 'execution_options': immutabledict({'prebuffer_rows': True}), 'params': None}
context = <_AsyncIoGreenlet object at 0x000002416796E8C0 (otid=0x0000024164FE5D70) dead>
switch_occurred = True
result = <coroutine object Cursor.execute at 0x000002416868C9E0>
value = <aiosqlite.cursor.Cursor object at 0x00000241677F75C0>

    async def greenlet_spawn(
        fn: Callable[..., _T],
        *args: Any,
        _require_await: bool = False,
        **kwargs: Any,
    ) -> _T:
        """Runs a sync function ``fn`` in a new greenlet.
    
        The sync function can then use :func:`await_only` to wait for async
        functions.
    
        :param fn: The sync callable to call.
        :param \\*args: Positional arguments to pass to the ``fn`` callable.
        :param \\*\\*kwargs: Keyword arguments to pass to the ``fn`` callable.
        """
    
        result: Any
        context = _AsyncIoGreenlet(fn, getcurrent())
        # runs the function synchronously in gl greenlet. If the execution
        # is interrupted by await_only, context is not dead and result is a
        # coroutine to wait. If the context is dead the function has
        # returned, and its result can be returned.
        switch_occurred = False
        result = context.switch(*args, **kwargs)
        while not context.dead:
            switch_occurred = True
            try:
                # wait for a coroutine from await_only and then return its
                # result back to it.
                value = await result
            except BaseException:
                # this allows an exception to be raised within
                # the moderated greenlet so that it can continue
                # its expected flow.
>               result = context.throw(*sys.exc_info())
                         ^^^^^^^^^^^^^^^^^^^^^^^^^^^^^^

C:\Users\Dmitriy\AppData\Local\Programs\Python\Python312\Lib\site-packages\sqlalchemy\util\_concurrency_py3k.py:201: 
_ _ _ _ _ _ _ _ _ _ _ _ _ _ _ _ _ _ _ _ _ _ _ _ _ _ _ _ _ _ _ _ _ _ _ _ _ _ _ _

self = <sqlalchemy.orm.session.Session object at 0x00000241677F69C0>
statement = <sqlalchemy.sql.selectable.Select object at 0x00000241677F4EC0>
params = None

    def execute(
        self,
        statement: Executable,
        params: Optional[_CoreAnyExecuteParams] = None,
        *,
        execution_options: OrmExecuteOptionsParameter = util.EMPTY_DICT,
        bind_arguments: Optional[_BindArguments] = None,
        _parent_execute_state: Optional[Any] = None,
        _add_event: Optional[Any] = None,
    ) -> Result[Any]:
        r"""Execute a SQL expression construct.
    
        Returns a :class:`_engine.Result` object representing
        results of the statement execution.
    
        E.g.::
    
            from sqlalchemy import select
    
            result = session.execute(select(User).where(User.id == 5))
    
        The API contract of :meth:`_orm.Session.execute` is similar to that
        of :meth:`_engine.Connection.execute`, the :term:`2.0 style` version
        of :class:`_engine.Connection`.
    
        .. versionchanged:: 1.4 the :meth:`_orm.Session.execute` method is
           now the primary point of ORM statement execution when using
           :term:`2.0 style` ORM usage.
    
        :param statement:
            An executable statement (i.e. an :class:`.Executable` expression
            such as :func:`_expression.select`).
    
        :param params:
            Optional dictionary, or list of dictionaries, containing
            bound parameter values.   If a single dictionary, single-row
            execution occurs; if a list of dictionaries, an
            "executemany" will be invoked.  The keys in each dictionary
            must correspond to parameter names present in the statement.
    
        :param execution_options: optional dictionary of execution options,
         which will be associated with the statement execution.  This
         dictionary can provide a subset of the options that are accepted
         by :meth:`_engine.Connection.execution_options`, and may also
         provide additional options understood only in an ORM context.
    
         .. seealso::
    
            :ref:`orm_queryguide_execution_options` - ORM-specific execution
            options
    
        :param bind_arguments: dictionary of additional arguments to determine
         the bind.  May include "mapper", "bind", or other custom arguments.
         Contents of this dictionary are passed to the
         :meth:`.Session.get_bind` method.
    
        :return: a :class:`_engine.Result` object.
    
    
        """
>       return self._execute_internal(
            statement,
            params,
            execution_options=execution_options,
            bind_arguments=bind_arguments,
            _parent_execute_state=_parent_execute_state,
            _add_event=_add_event,
        )

C:\Users\Dmitriy\AppData\Local\Programs\Python\Python312\Lib\site-packages\sqlalchemy\orm\session.py:2351: 
_ _ _ _ _ _ _ _ _ _ _ _ _ _ _ _ _ _ _ _ _ _ _ _ _ _ _ _ _ _ _ _ _ _ _ _ _ _ _ _

self = <sqlalchemy.orm.session.Session object at 0x00000241677F69C0>
statement = <sqlalchemy.sql.selectable.Select object at 0x00000241677F4EC0>
params = None

    def _execute_internal(
        self,
        statement: Executable,
        params: Optional[_CoreAnyExecuteParams] = None,
        *,
        execution_options: OrmExecuteOptionsParameter = util.EMPTY_DICT,
        bind_arguments: Optional[_BindArguments] = None,
        _parent_execute_state: Optional[Any] = None,
        _add_event: Optional[Any] = None,
        _scalar_result: bool = False,
    ) -> Any:
        statement = coercions.expect(roles.StatementRole, statement)
    
        if not bind_arguments:
            bind_arguments = {}
        else:
            bind_arguments = dict(bind_arguments)
    
        if (
            statement._propagate_attrs.get("compile_state_plugin", None)
            == "orm"
        ):
            compile_state_cls = CompileState._get_plugin_class_for_plugin(
                statement, "orm"
            )
            if TYPE_CHECKING:
                assert isinstance(
                    compile_state_cls, context.AbstractORMCompileState
                )
        else:
            compile_state_cls = None
            bind_arguments.setdefault("clause", statement)
    
        execution_options = util.coerce_to_immutabledict(execution_options)
    
        if _parent_execute_state:
            events_todo = _parent_execute_state._remaining_events()
        else:
            events_todo = self.dispatch.do_orm_execute
            if _add_event:
                events_todo = list(events_todo) + [_add_event]
    
        if events_todo:
            if compile_state_cls is not None:
                # for event handlers, do the orm_pre_session_exec
                # pass ahead of the event handlers, so that things like
                # .load_options, .update_delete_options etc. are populated.
                # is_pre_event=True allows the hook to hold off on things
                # it doesn't want to do twice, including autoflush as well
                # as "pre fetch" for DML, etc.
                (
                    statement,
                    execution_options,
                ) = compile_state_cls.orm_pre_session_exec(
                    self,
                    statement,
                    params,
                    execution_options,
                    bind_arguments,
                    True,
                )
    
            orm_exec_state = ORMExecuteState(
                self,
                statement,
                params,
                execution_options,
                bind_arguments,
                compile_state_cls,
                events_todo,
            )
            for idx, fn in enumerate(events_todo):
                orm_exec_state._starting_event_idx = idx
                fn_result: Optional[Result[Any]] = fn(orm_exec_state)
                if fn_result:
                    if _scalar_result:
                        return fn_result.scalar()
                    else:
                        return fn_result
    
            statement = orm_exec_state.statement
            execution_options = orm_exec_state.local_execution_options
    
        if compile_state_cls is not None:
            # now run orm_pre_session_exec() "for real".   if there were
            # event hooks, this will re-run the steps that interpret
            # new execution_options into load_options / update_delete_options,
            # which we assume the event hook might have updated.
            # autoflush will also be invoked in this step if enabled.
            (
                statement,
                execution_options,
            ) = compile_state_cls.orm_pre_session_exec(
                self,
                statement,
                params,
                execution_options,
                bind_arguments,
                False,
            )
    
        bind = self.get_bind(**bind_arguments)
    
        conn = self._connection_for_bind(bind)
    
        if _scalar_result and not compile_state_cls:
            if TYPE_CHECKING:
                params = cast(_CoreSingleExecuteParams, params)
            return conn.scalar(
                statement, params or {}, execution_options=execution_options
            )
    
        if compile_state_cls:
>           result: Result[Any] = compile_state_cls.orm_execute_statement(
                self,
                statement,
                params or {},
                execution_options,
                bind_arguments,
                conn,
            )

C:\Users\Dmitriy\AppData\Local\Programs\Python\Python312\Lib\site-packages\sqlalchemy\orm\session.py:2249: 
_ _ _ _ _ _ _ _ _ _ _ _ _ _ _ _ _ _ _ _ _ _ _ _ _ _ _ _ _ _ _ _ _ _ _ _ _ _ _ _

cls = <class 'sqlalchemy.orm.context.ORMSelectCompileState'>
session = <sqlalchemy.orm.session.Session object at 0x00000241677F69C0>
statement = <sqlalchemy.sql.selectable.Select object at 0x00000241677F4EC0>
params = {}
execution_options = immutabledict({'prebuffer_rows': True, '_result_disable_adapt_to_context': True})
bind_arguments = {'clause': <sqlalchemy.sql.selectable.Select object at 0x00000241677F4EC0>, 'mapper': <Mapper at 0x2416627b620; User>}
conn = <sqlalchemy.engine.base.Connection object at 0x00000241677F58E0>

    @classmethod
    def orm_execute_statement(
        cls,
        session,
        statement,
        params,
        execution_options,
        bind_arguments,
        conn,
    ) -> Result:
>       result = conn.execute(
            statement, params or {}, execution_options=execution_options
        )

C:\Users\Dmitriy\AppData\Local\Programs\Python\Python312\Lib\site-packages\sqlalchemy\orm\context.py:306: 
_ _ _ _ _ _ _ _ _ _ _ _ _ _ _ _ _ _ _ _ _ _ _ _ _ _ _ _ _ _ _ _ _ _ _ _ _ _ _ _

self = <sqlalchemy.engine.base.Connection object at 0x00000241677F58E0>
statement = <sqlalchemy.sql.selectable.Select object at 0x00000241677F4EC0>
parameters = {}

    def execute(
        self,
        statement: Executable,
        parameters: Optional[_CoreAnyExecuteParams] = None,
        *,
        execution_options: Optional[CoreExecuteOptionsParameter] = None,
    ) -> CursorResult[Any]:
        r"""Executes a SQL statement construct and returns a
        :class:`_engine.CursorResult`.
    
        :param statement: The statement to be executed.  This is always
         an object that is in both the :class:`_expression.ClauseElement` and
         :class:`_expression.Executable` hierarchies, including:
    
         * :class:`_expression.Select`
         * :class:`_expression.Insert`, :class:`_expression.Update`,
           :class:`_expression.Delete`
         * :class:`_expression.TextClause` and
           :class:`_expression.TextualSelect`
         * :class:`_schema.DDL` and objects which inherit from
           :class:`_schema.ExecutableDDLElement`
    
        :param parameters: parameters which will be bound into the statement.
         This may be either a dictionary of parameter names to values,
         or a mutable sequence (e.g. a list) of dictionaries.  When a
         list of dictionaries is passed, the underlying statement execution
         will make use of the DBAPI ``cursor.executemany()`` method.
         When a single dictionary is passed, the DBAPI ``cursor.execute()``
         method will be used.
    
        :param execution_options: optional dictionary of execution options,
         which will be associated with the statement execution.  This
         dictionary can provide a subset of the options that are accepted
         by :meth:`_engine.Connection.execution_options`.
    
        :return: a :class:`_engine.Result` object.
    
        """
        distilled_parameters = _distill_params_20(parameters)
        try:
            meth = statement._execute_on_connection
        except AttributeError as err:
            raise exc.ObjectNotExecutableError(statement) from err
        else:
>           return meth(
                self,
                distilled_parameters,
                execution_options or NO_OPTIONS,
            )

C:\Users\Dmitriy\AppData\Local\Programs\Python\Python312\Lib\site-packages\sqlalchemy\engine\base.py:1419: 
_ _ _ _ _ _ _ _ _ _ _ _ _ _ _ _ _ _ _ _ _ _ _ _ _ _ _ _ _ _ _ _ _ _ _ _ _ _ _ _

self = <sqlalchemy.sql.selectable.Select object at 0x00000241677F4EC0>
connection = <sqlalchemy.engine.base.Connection object at 0x00000241677F58E0>
distilled_params = [{}]
execution_options = immutabledict({'prebuffer_rows': True, '_result_disable_adapt_to_context': True})

    def _execute_on_connection(
        self,
        connection: Connection,
        distilled_params: _CoreMultiExecuteParams,
        execution_options: CoreExecuteOptionsParameter,
    ) -> Result[Any]:
        if self.supports_execution:
            if TYPE_CHECKING:
                assert isinstance(self, Executable)
>           return connection._execute_clauseelement(
                self, distilled_params, execution_options
            )

C:\Users\Dmitriy\AppData\Local\Programs\Python\Python312\Lib\site-packages\sqlalchemy\sql\elements.py:527: 
_ _ _ _ _ _ _ _ _ _ _ _ _ _ _ _ _ _ _ _ _ _ _ _ _ _ _ _ _ _ _ _ _ _ _ _ _ _ _ _

self = <sqlalchemy.engine.base.Connection object at 0x00000241677F58E0>
elem = <sqlalchemy.sql.selectable.Select object at 0x00000241677F4EC0>
distilled_parameters = [{}]
execution_options = immutabledict({'prebuffer_rows': True, '_result_disable_adapt_to_context': True})

    def _execute_clauseelement(
        self,
        elem: Executable,
        distilled_parameters: _CoreMultiExecuteParams,
        execution_options: CoreExecuteOptionsParameter,
    ) -> CursorResult[Any]:
        """Execute a sql.ClauseElement object."""
    
        execution_options = elem._execution_options.merge_with(
            self._execution_options, execution_options
        )
    
        has_events = self._has_events or self.engine._has_events
        if has_events:
            (
                elem,
                distilled_parameters,
                event_multiparams,
                event_params,
            ) = self._invoke_before_exec_event(
                elem, distilled_parameters, execution_options
            )
    
        if distilled_parameters:
            # ensure we don't retain a link to the view object for keys()
            # which links to the values, which we don't want to cache
            keys = sorted(distilled_parameters[0])
            for_executemany = len(distilled_parameters) > 1
        else:
            keys = []
            for_executemany = False
    
        dialect = self.dialect
    
        schema_translate_map = execution_options.get(
            "schema_translate_map", None
        )
    
        compiled_cache: Optional[CompiledCacheType] = execution_options.get(
            "compiled_cache", self.engine._compiled_cache
        )
    
        compiled_sql, extracted_params, cache_hit = elem._compile_w_cache(
            dialect=dialect,
            compiled_cache=compiled_cache,
            column_keys=keys,
            for_executemany=for_executemany,
            schema_translate_map=schema_translate_map,
            linting=self.dialect.compiler_linting | compiler.WARN_LINTING,
        )
>       ret = self._execute_context(
            dialect,
            dialect.execution_ctx_cls._init_compiled,
            compiled_sql,
            distilled_parameters,
            execution_options,
            compiled_sql,
            distilled_parameters,
            elem,
            extracted_params,
            cache_hit=cache_hit,
        )

C:\Users\Dmitriy\AppData\Local\Programs\Python\Python312\Lib\site-packages\sqlalchemy\engine\base.py:1641: 
_ _ _ _ _ _ _ _ _ _ _ _ _ _ _ _ _ _ _ _ _ _ _ _ _ _ _ _ _ _ _ _ _ _ _ _ _ _ _ _

self = <sqlalchemy.engine.base.Connection object at 0x00000241677F58E0>
dialect = <sqlalchemy.dialects.sqlite.aiosqlite.SQLiteDialect_aiosqlite object at 0x0000024165077FB0>
constructor = <bound method DefaultExecutionContext._init_compiled of <class 'sqlalchemy.dialects.sqlite.aiosqlite.SQLiteExecutionContext_aiosqlite'>>
statement = <sqlalchemy.dialects.sqlite.base.SQLiteCompiler object at 0x0000024166416330>
parameters = [{}]
execution_options = immutabledict({'prebuffer_rows': True, '_result_disable_adapt_to_context': True})
args = (<sqlalchemy.dialects.sqlite.base.SQLiteCompiler object at 0x0000024166416330>, [{}], <sqlalchemy.sql.selectable.Select object at 0x00000241677F4EC0>, [BindParameter('%(2479932530496 telegram_id)s', 444444, type_=BigInteger())])
kw = {'cache_hit': <CacheStats.CACHE_HIT: 0>}, yp = None
conn = <sqlalchemy.pool.base._ConnectionFairy object at 0x0000024167F5E030>
context = <sqlalchemy.dialects.sqlite.aiosqlite.SQLiteExecutionContext_aiosqlite object at 0x00000241677F4650>

    def _execute_context(
        self,
        dialect: Dialect,
        constructor: Callable[..., ExecutionContext],
        statement: Union[str, Compiled],
        parameters: Optional[_AnyMultiExecuteParams],
        execution_options: _ExecuteOptions,
        *args: Any,
        **kw: Any,
    ) -> CursorResult[Any]:
        """Create an :class:`.ExecutionContext` and execute, returning
        a :class:`_engine.CursorResult`."""
    
        if execution_options:
            yp = execution_options.get("yield_per", None)
            if yp:
                execution_options = execution_options.union(
                    {"stream_results": True, "max_row_buffer": yp}
                )
        try:
            conn = self._dbapi_connection
            if conn is None:
                conn = self._revalidate_connection()
    
            context = constructor(
                dialect, self, conn, execution_options, *args, **kw
            )
        except (exc.PendingRollbackError, exc.ResourceClosedError):
            raise
        except BaseException as e:
            self._handle_dbapi_exception(
                e, str(statement), parameters, None, None
            )
    
        if (
            self._transaction
            and not self._transaction.is_active
            or (
                self._nested_transaction
                and not self._nested_transaction.is_active
            )
        ):
            self._invalid_transaction()
    
        elif self._trans_context_manager:
            TransactionalContext._trans_ctx_check(self)
    
        if self._transaction is None:
            self._autobegin()
    
        context.pre_exec()
    
        if context.execute_style is ExecuteStyle.INSERTMANYVALUES:
            return self._exec_insertmany_context(dialect, context)
        else:
>           return self._exec_single_context(
                dialect, context, statement, parameters
            )

C:\Users\Dmitriy\AppData\Local\Programs\Python\Python312\Lib\site-packages\sqlalchemy\engine\base.py:1846: 
_ _ _ _ _ _ _ _ _ _ _ _ _ _ _ _ _ _ _ _ _ _ _ _ _ _ _ _ _ _ _ _ _ _ _ _ _ _ _ _

self = <sqlalchemy.engine.base.Connection object at 0x00000241677F58E0>
dialect = <sqlalchemy.dialects.sqlite.aiosqlite.SQLiteDialect_aiosqlite object at 0x0000024165077FB0>
context = <sqlalchemy.dialects.sqlite.aiosqlite.SQLiteExecutionContext_aiosqlite object at 0x00000241677F4650>
statement = <sqlalchemy.dialects.sqlite.base.SQLiteCompiler object at 0x0000024166416330>
parameters = [(444444,)]

    def _exec_single_context(
        self,
        dialect: Dialect,
        context: ExecutionContext,
        statement: Union[str, Compiled],
        parameters: Optional[_AnyMultiExecuteParams],
    ) -> CursorResult[Any]:
        """continue the _execute_context() method for a single DBAPI
        cursor.execute() or cursor.executemany() call.
    
        """
        if dialect.bind_typing is BindTyping.SETINPUTSIZES:
            generic_setinputsizes = context._prepare_set_input_sizes()
    
            if generic_setinputsizes:
                try:
                    dialect.do_set_input_sizes(
                        context.cursor, generic_setinputsizes, context
                    )
                except BaseException as e:
                    self._handle_dbapi_exception(
                        e, str(statement), parameters, None, context
                    )
    
        cursor, str_statement, parameters = (
            context.cursor,
            context.statement,
            context.parameters,
        )
    
        effective_parameters: Optional[_AnyExecuteParams]
    
        if not context.executemany:
            effective_parameters = parameters[0]
        else:
            effective_parameters = parameters
    
        if self._has_events or self.engine._has_events:
            for fn in self.dispatch.before_cursor_execute:
                str_statement, effective_parameters = fn(
                    self,
                    cursor,
                    str_statement,
                    effective_parameters,
                    context,
                    context.executemany,
                )
    
        if self._echo:
            self._log_info(str_statement)
    
            stats = context._get_cache_stats()
    
            if not self.engine.hide_parameters:
                self._log_info(
                    "[%s] %r",
                    stats,
                    sql_util._repr_params(
                        effective_parameters,
                        batches=10,
                        ismulti=context.executemany,
                    ),
                )
            else:
                self._log_info(
                    "[%s] [SQL parameters hidden due to hide_parameters=True]",
                    stats,
                )
    
        evt_handled: bool = False
        try:
            if context.execute_style is ExecuteStyle.EXECUTEMANY:
                effective_parameters = cast(
                    "_CoreMultiExecuteParams", effective_parameters
                )
                if self.dialect._has_events:
                    for fn in self.dialect.dispatch.do_executemany:
                        if fn(
                            cursor,
                            str_statement,
                            effective_parameters,
                            context,
                        ):
                            evt_handled = True
                            break
                if not evt_handled:
                    self.dialect.do_executemany(
                        cursor,
                        str_statement,
                        effective_parameters,
                        context,
                    )
            elif not effective_parameters and context.no_parameters:
                if self.dialect._has_events:
                    for fn in self.dialect.dispatch.do_execute_no_params:
                        if fn(cursor, str_statement, context):
                            evt_handled = True
                            break
                if not evt_handled:
                    self.dialect.do_execute_no_params(
                        cursor, str_statement, context
                    )
            else:
                effective_parameters = cast(
                    "_CoreSingleExecuteParams", effective_parameters
                )
                if self.dialect._has_events:
                    for fn in self.dialect.dispatch.do_execute:
                        if fn(
                            cursor,
                            str_statement,
                            effective_parameters,
                            context,
                        ):
                            evt_handled = True
                            break
                if not evt_handled:
                    self.dialect.do_execute(
                        cursor, str_statement, effective_parameters, context
                    )
    
            if self._has_events or self.engine._has_events:
                self.dispatch.after_cursor_execute(
                    self,
                    cursor,
                    str_statement,
                    effective_parameters,
                    context,
                    context.executemany,
                )
    
            context.post_exec()
    
            result = context._setup_result_proxy()
    
        except BaseException as e:
>           self._handle_dbapi_exception(
                e, str_statement, effective_parameters, cursor, context
            )

C:\Users\Dmitriy\AppData\Local\Programs\Python\Python312\Lib\site-packages\sqlalchemy\engine\base.py:1986: 
_ _ _ _ _ _ _ _ _ _ _ _ _ _ _ _ _ _ _ _ _ _ _ _ _ _ _ _ _ _ _ _ _ _ _ _ _ _ _ _

self = <sqlalchemy.engine.base.Connection object at 0x00000241677F58E0>
e = OperationalError('no such table: users')
statement = 'SELECT users.id, users.telegram_id, users.username, users.first_name, users.last_name, users.display_name, users.is_premium, users.gender, users.created_at \nFROM users \nWHERE users.telegram_id = ?'
parameters = (444444,)
cursor = <sqlalchemy.dialects.sqlite.aiosqlite.AsyncAdapt_aiosqlite_cursor object at 0x0000024167F5E740>
context = <sqlalchemy.dialects.sqlite.aiosqlite.SQLiteExecutionContext_aiosqlite object at 0x00000241677F4650>
is_sub_exec = False

    def _handle_dbapi_exception(
        self,
        e: BaseException,
        statement: Optional[str],
        parameters: Optional[_AnyExecuteParams],
        cursor: Optional[DBAPICursor],
        context: Optional[ExecutionContext],
        is_sub_exec: bool = False,
    ) -> NoReturn:
        exc_info = sys.exc_info()
    
        is_exit_exception = util.is_exit_exception(e)
    
        if not self._is_disconnect:
            self._is_disconnect = (
                isinstance(e, self.dialect.loaded_dbapi.Error)
                and not self.closed
                and self.dialect.is_disconnect(
                    e,
                    self._dbapi_connection if not self.invalidated else None,
                    cursor,
                )
            ) or (is_exit_exception and not self.closed)
    
        invalidate_pool_on_disconnect = not is_exit_exception
    
        ismulti: bool = (
            not is_sub_exec and context.executemany
            if context is not None
            else False
        )
        if self._reentrant_error:
            raise exc.DBAPIError.instance(
                statement,
                parameters,
                e,
                self.dialect.loaded_dbapi.Error,
                hide_parameters=self.engine.hide_parameters,
                dialect=self.dialect,
                ismulti=ismulti,
            ).with_traceback(exc_info[2]) from e
        self._reentrant_error = True
        try:
            # non-DBAPI error - if we already got a context,
            # or there's no string statement, don't wrap it
            should_wrap = isinstance(e, self.dialect.loaded_dbapi.Error) or (
                statement is not None
                and context is None
                and not is_exit_exception
            )
    
            if should_wrap:
                sqlalchemy_exception = exc.DBAPIError.instance(
                    statement,
                    parameters,
                    cast(Exception, e),
                    self.dialect.loaded_dbapi.Error,
                    hide_parameters=self.engine.hide_parameters,
                    connection_invalidated=self._is_disconnect,
                    dialect=self.dialect,
                    ismulti=ismulti,
                )
            else:
                sqlalchemy_exception = None
    
            newraise = None
    
            if (self.dialect._has_events) and not self._execution_options.get(
                "skip_user_error_events", False
            ):
                ctx = ExceptionContextImpl(
                    e,
                    sqlalchemy_exception,
                    self.engine,
                    self.dialect,
                    self,
                    cursor,
                    statement,
                    parameters,
                    context,
                    self._is_disconnect,
                    invalidate_pool_on_disconnect,
                    False,
                )
    
                for fn in self.dialect.dispatch.handle_error:
                    try:
                        # handler returns an exception;
                        # call next handler in a chain
                        per_fn = fn(ctx)
                        if per_fn is not None:
                            ctx.chained_exception = newraise = per_fn
                    except Exception as _raised:
                        # handler raises an exception - stop processing
                        newraise = _raised
                        break
    
                if self._is_disconnect != ctx.is_disconnect:
                    self._is_disconnect = ctx.is_disconnect
                    if sqlalchemy_exception:
                        sqlalchemy_exception.connection_invalidated = (
                            ctx.is_disconnect
                        )
    
                # set up potentially user-defined value for
                # invalidate pool.
                invalidate_pool_on_disconnect = (
                    ctx.invalidate_pool_on_disconnect
                )
    
            if should_wrap and context:
                context.handle_dbapi_exception(e)
    
            if not self._is_disconnect:
                if cursor:
                    self._safe_close_cursor(cursor)
                # "autorollback" was mostly relevant in 1.x series.
                # It's very unlikely to reach here, as the connection
                # does autobegin so when we are here, we are usually
                # in an explicit / semi-explicit transaction.
                # however we have a test which manufactures this
                # scenario in any case using an event handler.
                # test/engine/test_execute.py-> test_actual_autorollback
                if not self.in_transaction():
                    self._rollback_impl()
    
            if newraise:
                raise newraise.with_traceback(exc_info[2]) from e
            elif should_wrap:
                assert sqlalchemy_exception is not None
>               raise sqlalchemy_exception.with_traceback(exc_info[2]) from e

C:\Users\Dmitriy\AppData\Local\Programs\Python\Python312\Lib\site-packages\sqlalchemy\engine\base.py:2363: 
_ _ _ _ _ _ _ _ _ _ _ _ _ _ _ _ _ _ _ _ _ _ _ _ _ _ _ _ _ _ _ _ _ _ _ _ _ _ _ _

self = <sqlalchemy.engine.base.Connection object at 0x00000241677F58E0>
dialect = <sqlalchemy.dialects.sqlite.aiosqlite.SQLiteDialect_aiosqlite object at 0x0000024165077FB0>
context = <sqlalchemy.dialects.sqlite.aiosqlite.SQLiteExecutionContext_aiosqlite object at 0x00000241677F4650>
statement = <sqlalchemy.dialects.sqlite.base.SQLiteCompiler object at 0x0000024166416330>
parameters = [(444444,)]

    def _exec_single_context(
        self,
        dialect: Dialect,
        context: ExecutionContext,
        statement: Union[str, Compiled],
        parameters: Optional[_AnyMultiExecuteParams],
    ) -> CursorResult[Any]:
        """continue the _execute_context() method for a single DBAPI
        cursor.execute() or cursor.executemany() call.
    
        """
        if dialect.bind_typing is BindTyping.SETINPUTSIZES:
            generic_setinputsizes = context._prepare_set_input_sizes()
    
            if generic_setinputsizes:
                try:
                    dialect.do_set_input_sizes(
                        context.cursor, generic_setinputsizes, context
                    )
                except BaseException as e:
                    self._handle_dbapi_exception(
                        e, str(statement), parameters, None, context
                    )
    
        cursor, str_statement, parameters = (
            context.cursor,
            context.statement,
            context.parameters,
        )
    
        effective_parameters: Optional[_AnyExecuteParams]
    
        if not context.executemany:
            effective_parameters = parameters[0]
        else:
            effective_parameters = parameters
    
        if self._has_events or self.engine._has_events:
            for fn in self.dispatch.before_cursor_execute:
                str_statement, effective_parameters = fn(
                    self,
                    cursor,
                    str_statement,
                    effective_parameters,
                    context,
                    context.executemany,
                )
    
        if self._echo:
            self._log_info(str_statement)
    
            stats = context._get_cache_stats()
    
            if not self.engine.hide_parameters:
                self._log_info(
                    "[%s] %r",
                    stats,
                    sql_util._repr_params(
                        effective_parameters,
                        batches=10,
                        ismulti=context.executemany,
                    ),
                )
            else:
                self._log_info(
                    "[%s] [SQL parameters hidden due to hide_parameters=True]",
                    stats,
                )
    
        evt_handled: bool = False
        try:
            if context.execute_style is ExecuteStyle.EXECUTEMANY:
                effective_parameters = cast(
                    "_CoreMultiExecuteParams", effective_parameters
                )
                if self.dialect._has_events:
                    for fn in self.dialect.dispatch.do_executemany:
                        if fn(
                            cursor,
                            str_statement,
                            effective_parameters,
                            context,
                        ):
                            evt_handled = True
                            break
                if not evt_handled:
                    self.dialect.do_executemany(
                        cursor,
                        str_statement,
                        effective_parameters,
                        context,
                    )
            elif not effective_parameters and context.no_parameters:
                if self.dialect._has_events:
                    for fn in self.dialect.dispatch.do_execute_no_params:
                        if fn(cursor, str_statement, context):
                            evt_handled = True
                            break
                if not evt_handled:
                    self.dialect.do_execute_no_params(
                        cursor, str_statement, context
                    )
            else:
                effective_parameters = cast(
                    "_CoreSingleExecuteParams", effective_parameters
                )
                if self.dialect._has_events:
                    for fn in self.dialect.dispatch.do_execute:
                        if fn(
                            cursor,
                            str_statement,
                            effective_parameters,
                            context,
                        ):
                            evt_handled = True
                            break
                if not evt_handled:
>                   self.dialect.do_execute(
                        cursor, str_statement, effective_parameters, context
                    )

C:\Users\Dmitriy\AppData\Local\Programs\Python\Python312\Lib\site-packages\sqlalchemy\engine\base.py:1967: 
_ _ _ _ _ _ _ _ _ _ _ _ _ _ _ _ _ _ _ _ _ _ _ _ _ _ _ _ _ _ _ _ _ _ _ _ _ _ _ _

self = <sqlalchemy.dialects.sqlite.aiosqlite.SQLiteDialect_aiosqlite object at 0x0000024165077FB0>
cursor = <sqlalchemy.dialects.sqlite.aiosqlite.AsyncAdapt_aiosqlite_cursor object at 0x0000024167F5E740>
statement = 'SELECT users.id, users.telegram_id, users.username, users.first_name, users.last_name, users.display_name, users.is_premium, users.gender, users.created_at \nFROM users \nWHERE users.telegram_id = ?'
parameters = (444444,)
context = <sqlalchemy.dialects.sqlite.aiosqlite.SQLiteExecutionContext_aiosqlite object at 0x00000241677F4650>

    def do_execute(self, cursor, statement, parameters, context=None):
>       cursor.execute(statement, parameters)

C:\Users\Dmitriy\AppData\Local\Programs\Python\Python312\Lib\site-packages\sqlalchemy\engine\default.py:952: 
_ _ _ _ _ _ _ _ _ _ _ _ _ _ _ _ _ _ _ _ _ _ _ _ _ _ _ _ _ _ _ _ _ _ _ _ _ _ _ _

self = <sqlalchemy.dialects.sqlite.aiosqlite.AsyncAdapt_aiosqlite_cursor object at 0x0000024167F5E740>
operation = 'SELECT users.id, users.telegram_id, users.username, users.first_name, users.last_name, users.display_name, users.is_premium, users.gender, users.created_at \nFROM users \nWHERE users.telegram_id = ?'
parameters = (444444,)

    def execute(
        self,
        operation: Any,
        parameters: Optional[_DBAPISingleExecuteParams] = None,
    ) -> Any:
    
        try:
            _cursor: AsyncIODBAPICursor = self.await_(self._connection.cursor())  # type: ignore[arg-type] # noqa: E501
    
            if parameters is None:
                self.await_(_cursor.execute(operation))
            else:
                self.await_(_cursor.execute(operation, parameters))
    
            if _cursor.description:
                self.description = _cursor.description
                self.lastrowid = self.rowcount = -1
    
                if not self.server_side:
                    self._rows = deque(self.await_(_cursor.fetchall()))
            else:
                self.description = None
                self.lastrowid = _cursor.lastrowid
                self.rowcount = _cursor.rowcount
    
            if not self.server_side:
                self.await_(_cursor.close())
            else:
                self._cursor = _cursor  # type: ignore[misc]
        except Exception as error:
>           self._adapt_connection._handle_exception(error)

C:\Users\Dmitriy\AppData\Local\Programs\Python\Python312\Lib\site-packages\sqlalchemy\dialects\sqlite\aiosqlite.py:182: 
_ _ _ _ _ _ _ _ _ _ _ _ _ _ _ _ _ _ _ _ _ _ _ _ _ _ _ _ _ _ _ _ _ _ _ _ _ _ _ _

self = <AdaptedConnection <aiosqlite.core.Connection object at 0x0000024166416D80>>
error = OperationalError('no such table: users')

    def _handle_exception(self, error: Exception) -> NoReturn:
        if (
            isinstance(error, ValueError)
            and error.args[0] == "no active connection"
        ):
            raise self.dbapi.sqlite.OperationalError(
                "no active connection"
            ) from error
        else:
>           raise error

C:\Users\Dmitriy\AppData\Local\Programs\Python\Python312\Lib\site-packages\sqlalchemy\dialects\sqlite\aiosqlite.py:342: 
_ _ _ _ _ _ _ _ _ _ _ _ _ _ _ _ _ _ _ _ _ _ _ _ _ _ _ _ _ _ _ _ _ _ _ _ _ _ _ _

self = <sqlalchemy.dialects.sqlite.aiosqlite.AsyncAdapt_aiosqlite_cursor object at 0x0000024167F5E740>
operation = 'SELECT users.id, users.telegram_id, users.username, users.first_name, users.last_name, users.display_name, users.is_premium, users.gender, users.created_at \nFROM users \nWHERE users.telegram_id = ?'
parameters = (444444,)

    def execute(
        self,
        operation: Any,
        parameters: Optional[_DBAPISingleExecuteParams] = None,
    ) -> Any:
    
        try:
            _cursor: AsyncIODBAPICursor = self.await_(self._connection.cursor())  # type: ignore[arg-type] # noqa: E501
    
            if parameters is None:
                self.await_(_cursor.execute(operation))
            else:
>               self.await_(_cursor.execute(operation, parameters))

C:\Users\Dmitriy\AppData\Local\Programs\Python\Python312\Lib\site-packages\sqlalchemy\dialects\sqlite\aiosqlite.py:164: 
_ _ _ _ _ _ _ _ _ _ _ _ _ _ _ _ _ _ _ _ _ _ _ _ _ _ _ _ _ _ _ _ _ _ _ _ _ _ _ _

awaitable = <coroutine object Cursor.execute at 0x000002416868C9E0>

    def await_only(awaitable: Awaitable[_T]) -> _T:
        """Awaits an async function in a sync method.
    
        The sync method must be inside a :func:`greenlet_spawn` context.
        :func:`await_only` calls cannot be nested.
    
        :param awaitable: The coroutine to call.
    
        """
        # this is called in the context greenlet while running fn
        current = getcurrent()
        if not getattr(current, "__sqlalchemy_greenlet_provider__", False):
            _safe_cancel_awaitable(awaitable)
    
            raise exc.MissingGreenlet(
                "greenlet_spawn has not been called; can't call await_only() "
                "here. Was IO attempted in an unexpected place?"
            )
    
        # returns the control to the driver greenlet passing it
        # a coroutine to run. Once the awaitable is done, the driver greenlet
        # switches back to this greenlet with the result of awaitable that is
        # then returned to the caller (or raised as error)
>       return current.parent.switch(awaitable)  # type: ignore[no-any-return,attr-defined] # noqa: E501
               ^^^^^^^^^^^^^^^^^^^^^^^^^^^^^^^^

C:\Users\Dmitriy\AppData\Local\Programs\Python\Python312\Lib\site-packages\sqlalchemy\util\_concurrency_py3k.py:132: 
_ _ _ _ _ _ _ _ _ _ _ _ _ _ _ _ _ _ _ _ _ _ _ _ _ _ _ _ _ _ _ _ _ _ _ _ _ _ _ _

fn = <bound method Session.execute of <sqlalchemy.orm.session.Session object at 0x00000241677F69C0>>
_require_await = False
args = (<sqlalchemy.sql.selectable.Select object at 0x00000241677F4EC0>,)
kwargs = {'bind_arguments': None, 'execution_options': immutabledict({'prebuffer_rows': True}), 'params': None}
context = <_AsyncIoGreenlet object at 0x000002416796E8C0 (otid=0x0000024164FE5D70) dead>
switch_occurred = True
result = <coroutine object Cursor.execute at 0x000002416868C9E0>
value = <aiosqlite.cursor.Cursor object at 0x00000241677F75C0>

    async def greenlet_spawn(
        fn: Callable[..., _T],
        *args: Any,
        _require_await: bool = False,
        **kwargs: Any,
    ) -> _T:
        """Runs a sync function ``fn`` in a new greenlet.
    
        The sync function can then use :func:`await_only` to wait for async
        functions.
    
        :param fn: The sync callable to call.
        :param \\*args: Positional arguments to pass to the ``fn`` callable.
        :param \\*\\*kwargs: Keyword arguments to pass to the ``fn`` callable.
        """
    
        result: Any
        context = _AsyncIoGreenlet(fn, getcurrent())
        # runs the function synchronously in gl greenlet. If the execution
        # is interrupted by await_only, context is not dead and result is a
        # coroutine to wait. If the context is dead the function has
        # returned, and its result can be returned.
        switch_occurred = False
        result = context.switch(*args, **kwargs)
        while not context.dead:
            switch_occurred = True
            try:
                # wait for a coroutine from await_only and then return its
                # result back to it.
>               value = await result
                        ^^^^^^^^^^^^

C:\Users\Dmitriy\AppData\Local\Programs\Python\Python312\Lib\site-packages\sqlalchemy\util\_concurrency_py3k.py:196: 
_ _ _ _ _ _ _ _ _ _ _ _ _ _ _ _ _ _ _ _ _ _ _ _ _ _ _ _ _ _ _ _ _ _ _ _ _ _ _ _

self = <aiosqlite.cursor.Cursor object at 0x00000241677F75C0>
sql = 'SELECT users.id, users.telegram_id, users.username, users.first_name, users.last_name, users.display_name, users.is_premium, users.gender, users.created_at \nFROM users \nWHERE users.telegram_id = ?'
parameters = (444444,)

    async def execute(
        self, sql: str, parameters: Optional[Iterable[Any]] = None
    ) -> "Cursor":
        """Execute the given query."""
        if parameters is None:
            parameters = []
>       await self._execute(self._cursor.execute, sql, parameters)

C:\Users\Dmitriy\AppData\Local\Programs\Python\Python312\Lib\site-packages\aiosqlite\cursor.py:40: 
_ _ _ _ _ _ _ _ _ _ _ _ _ _ _ _ _ _ _ _ _ _ _ _ _ _ _ _ _ _ _ _ _ _ _ _ _ _ _ _

self = <aiosqlite.cursor.Cursor object at 0x00000241677F75C0>
fn = <built-in method execute of sqlite3.Cursor object at 0x0000024167EDBF40>
args = ('SELECT users.id, users.telegram_id, users.username, users.first_name, users.last_name, users.display_name, users.is_premium, users.gender, users.created_at \nFROM users \nWHERE users.telegram_id = ?', (444444,))
kwargs = {}

    async def _execute(self, fn, *args, **kwargs):
        """Execute the given function on the shared connection's thread."""
>       return await self._conn._execute(fn, *args, **kwargs)
               ^^^^^^^^^^^^^^^^^^^^^^^^^^^^^^^^^^^^^^^^^^^^^^

C:\Users\Dmitriy\AppData\Local\Programs\Python\Python312\Lib\site-packages\aiosqlite\cursor.py:32: 
_ _ _ _ _ _ _ _ _ _ _ _ _ _ _ _ _ _ _ _ _ _ _ _ _ _ _ _ _ _ _ _ _ _ _ _ _ _ _ _

self = <aiosqlite.core.Connection object at 0x0000024166416D80>
fn = <built-in method execute of sqlite3.Cursor object at 0x0000024167EDBF40>
args = ('SELECT users.id, users.telegram_id, users.username, users.first_name, users.last_name, users.display_name, users.is_premium, users.gender, users.created_at \nFROM users \nWHERE users.telegram_id = ?', (444444,))
kwargs = {}
function = functools.partial(<built-in method execute of sqlite3.Cursor object at 0x0000024167EDBF40>, 'SELECT users.id, users.te....display_name, users.is_premium, users.gender, users.created_at \nFROM users \nWHERE users.telegram_id = ?', (444444,))
future = <Future finished exception=OperationalError('no such table: users')>

    async def _execute(self, fn, *args, **kwargs):
        """Queue a function with the given arguments for execution."""
        if not self._running or not self._connection:
            raise ValueError("Connection closed")
    
        function = partial(fn, *args, **kwargs)
        future = asyncio.get_event_loop().create_future()
    
        self._tx.put_nowait((future, function))
    
>       return await future
               ^^^^^^^^^^^^

C:\Users\Dmitriy\AppData\Local\Programs\Python\Python312\Lib\site-packages\aiosqlite\core.py:160: 
_ _ _ _ _ _ _ _ _ _ _ _ _ _ _ _ _ _ _ _ _ _ _ _ _ _ _ _ _ _ _ _ _ _ _ _ _ _ _ _

tx = <_queue.SimpleQueue object at 0x0000024166440770>

    def _connection_worker_thread(tx: _TxQueue):
        """
        Execute function calls on a separate thread.
    
        :meta private:
        """
        while True:
            # Continues running until all queue items are processed,
            # even after connection is closed (so we can finalize all
            # futures)
    
            future, function = tx.get()
    
            try:
                LOG.debug("executing %s", function)
>               result = function()
                         ^^^^^^^^^^
E               sqlalchemy.exc.OperationalError: (sqlite3.OperationalError) no such table: users
E               [SQL: SELECT users.id, users.telegram_id, users.username, users.first_name, users.last_name, users.display_name, users.is_premium, users.gender, users.created_at 
E               FROM users 
E               WHERE users.telegram_id = ?]
E               [parameters: (444444,)]
E               (Background on this error at: https://sqlalche.me/e/20/e3q8)

C:\Users\Dmitriy\AppData\Local\Programs\Python\Python312\Lib\site-packages\aiosqlite\core.py:63: OperationalError
_____________________ TestLabService.test_get_group_labs ______________________

self = <sqlalchemy.engine.base.Connection object at 0x0000024167808800>
dialect = <sqlalchemy.dialects.sqlite.aiosqlite.SQLiteDialect_aiosqlite object at 0x0000024165077FB0>
context = <sqlalchemy.dialects.sqlite.aiosqlite.SQLiteExecutionContext_aiosqlite object at 0x000002416780A630>
statement = <sqlalchemy.dialects.sqlite.base.SQLiteCompiler object at 0x0000024166416330>
parameters = [(444445,)]

    def _exec_single_context(
        self,
        dialect: Dialect,
        context: ExecutionContext,
        statement: Union[str, Compiled],
        parameters: Optional[_AnyMultiExecuteParams],
    ) -> CursorResult[Any]:
        """continue the _execute_context() method for a single DBAPI
        cursor.execute() or cursor.executemany() call.
    
        """
        if dialect.bind_typing is BindTyping.SETINPUTSIZES:
            generic_setinputsizes = context._prepare_set_input_sizes()
    
            if generic_setinputsizes:
                try:
                    dialect.do_set_input_sizes(
                        context.cursor, generic_setinputsizes, context
                    )
                except BaseException as e:
                    self._handle_dbapi_exception(
                        e, str(statement), parameters, None, context
                    )
    
        cursor, str_statement, parameters = (
            context.cursor,
            context.statement,
            context.parameters,
        )
    
        effective_parameters: Optional[_AnyExecuteParams]
    
        if not context.executemany:
            effective_parameters = parameters[0]
        else:
            effective_parameters = parameters
    
        if self._has_events or self.engine._has_events:
            for fn in self.dispatch.before_cursor_execute:
                str_statement, effective_parameters = fn(
                    self,
                    cursor,
                    str_statement,
                    effective_parameters,
                    context,
                    context.executemany,
                )
    
        if self._echo:
            self._log_info(str_statement)
    
            stats = context._get_cache_stats()
    
            if not self.engine.hide_parameters:
                self._log_info(
                    "[%s] %r",
                    stats,
                    sql_util._repr_params(
                        effective_parameters,
                        batches=10,
                        ismulti=context.executemany,
                    ),
                )
            else:
                self._log_info(
                    "[%s] [SQL parameters hidden due to hide_parameters=True]",
                    stats,
                )
    
        evt_handled: bool = False
        try:
            if context.execute_style is ExecuteStyle.EXECUTEMANY:
                effective_parameters = cast(
                    "_CoreMultiExecuteParams", effective_parameters
                )
                if self.dialect._has_events:
                    for fn in self.dialect.dispatch.do_executemany:
                        if fn(
                            cursor,
                            str_statement,
                            effective_parameters,
                            context,
                        ):
                            evt_handled = True
                            break
                if not evt_handled:
                    self.dialect.do_executemany(
                        cursor,
                        str_statement,
                        effective_parameters,
                        context,
                    )
            elif not effective_parameters and context.no_parameters:
                if self.dialect._has_events:
                    for fn in self.dialect.dispatch.do_execute_no_params:
                        if fn(cursor, str_statement, context):
                            evt_handled = True
                            break
                if not evt_handled:
                    self.dialect.do_execute_no_params(
                        cursor, str_statement, context
                    )
            else:
                effective_parameters = cast(
                    "_CoreSingleExecuteParams", effective_parameters
                )
                if self.dialect._has_events:
                    for fn in self.dialect.dispatch.do_execute:
                        if fn(
                            cursor,
                            str_statement,
                            effective_parameters,
                            context,
                        ):
                            evt_handled = True
                            break
                if not evt_handled:
>                   self.dialect.do_execute(
                        cursor, str_statement, effective_parameters, context
                    )

C:\Users\Dmitriy\AppData\Local\Programs\Python\Python312\Lib\site-packages\sqlalchemy\engine\base.py:1967: 
_ _ _ _ _ _ _ _ _ _ _ _ _ _ _ _ _ _ _ _ _ _ _ _ _ _ _ _ _ _ _ _ _ _ _ _ _ _ _ _

self = <sqlalchemy.dialects.sqlite.aiosqlite.SQLiteDialect_aiosqlite object at 0x0000024165077FB0>
cursor = <sqlalchemy.dialects.sqlite.aiosqlite.AsyncAdapt_aiosqlite_cursor object at 0x0000024167F53B80>
statement = 'SELECT users.id, users.telegram_id, users.username, users.first_name, users.last_name, users.display_name, users.is_premium, users.gender, users.created_at \nFROM users \nWHERE users.telegram_id = ?'
parameters = (444445,)
context = <sqlalchemy.dialects.sqlite.aiosqlite.SQLiteExecutionContext_aiosqlite object at 0x000002416780A630>

    def do_execute(self, cursor, statement, parameters, context=None):
>       cursor.execute(statement, parameters)

C:\Users\Dmitriy\AppData\Local\Programs\Python\Python312\Lib\site-packages\sqlalchemy\engine\default.py:952: 
_ _ _ _ _ _ _ _ _ _ _ _ _ _ _ _ _ _ _ _ _ _ _ _ _ _ _ _ _ _ _ _ _ _ _ _ _ _ _ _

self = <sqlalchemy.dialects.sqlite.aiosqlite.AsyncAdapt_aiosqlite_cursor object at 0x0000024167F53B80>
operation = 'SELECT users.id, users.telegram_id, users.username, users.first_name, users.last_name, users.display_name, users.is_premium, users.gender, users.created_at \nFROM users \nWHERE users.telegram_id = ?'
parameters = (444445,)

    def execute(
        self,
        operation: Any,
        parameters: Optional[_DBAPISingleExecuteParams] = None,
    ) -> Any:
    
        try:
            _cursor: AsyncIODBAPICursor = self.await_(self._connection.cursor())  # type: ignore[arg-type] # noqa: E501
    
            if parameters is None:
                self.await_(_cursor.execute(operation))
            else:
                self.await_(_cursor.execute(operation, parameters))
    
            if _cursor.description:
                self.description = _cursor.description
                self.lastrowid = self.rowcount = -1
    
                if not self.server_side:
                    self._rows = deque(self.await_(_cursor.fetchall()))
            else:
                self.description = None
                self.lastrowid = _cursor.lastrowid
                self.rowcount = _cursor.rowcount
    
            if not self.server_side:
                self.await_(_cursor.close())
            else:
                self._cursor = _cursor  # type: ignore[misc]
        except Exception as error:
>           self._adapt_connection._handle_exception(error)

C:\Users\Dmitriy\AppData\Local\Programs\Python\Python312\Lib\site-packages\sqlalchemy\dialects\sqlite\aiosqlite.py:182: 
_ _ _ _ _ _ _ _ _ _ _ _ _ _ _ _ _ _ _ _ _ _ _ _ _ _ _ _ _ _ _ _ _ _ _ _ _ _ _ _

self = <AdaptedConnection <aiosqlite.core.Connection object at 0x0000024166416D80>>
error = OperationalError('no such table: users')

    def _handle_exception(self, error: Exception) -> NoReturn:
        if (
            isinstance(error, ValueError)
            and error.args[0] == "no active connection"
        ):
            raise self.dbapi.sqlite.OperationalError(
                "no active connection"
            ) from error
        else:
>           raise error

C:\Users\Dmitriy\AppData\Local\Programs\Python\Python312\Lib\site-packages\sqlalchemy\dialects\sqlite\aiosqlite.py:342: 
_ _ _ _ _ _ _ _ _ _ _ _ _ _ _ _ _ _ _ _ _ _ _ _ _ _ _ _ _ _ _ _ _ _ _ _ _ _ _ _

self = <sqlalchemy.dialects.sqlite.aiosqlite.AsyncAdapt_aiosqlite_cursor object at 0x0000024167F53B80>
operation = 'SELECT users.id, users.telegram_id, users.username, users.first_name, users.last_name, users.display_name, users.is_premium, users.gender, users.created_at \nFROM users \nWHERE users.telegram_id = ?'
parameters = (444445,)

    def execute(
        self,
        operation: Any,
        parameters: Optional[_DBAPISingleExecuteParams] = None,
    ) -> Any:
    
        try:
            _cursor: AsyncIODBAPICursor = self.await_(self._connection.cursor())  # type: ignore[arg-type] # noqa: E501
    
            if parameters is None:
                self.await_(_cursor.execute(operation))
            else:
>               self.await_(_cursor.execute(operation, parameters))

C:\Users\Dmitriy\AppData\Local\Programs\Python\Python312\Lib\site-packages\sqlalchemy\dialects\sqlite\aiosqlite.py:164: 
_ _ _ _ _ _ _ _ _ _ _ _ _ _ _ _ _ _ _ _ _ _ _ _ _ _ _ _ _ _ _ _ _ _ _ _ _ _ _ _

awaitable = <coroutine object Cursor.execute at 0x000002416868D0E0>

    def await_only(awaitable: Awaitable[_T]) -> _T:
        """Awaits an async function in a sync method.
    
        The sync method must be inside a :func:`greenlet_spawn` context.
        :func:`await_only` calls cannot be nested.
    
        :param awaitable: The coroutine to call.
    
        """
        # this is called in the context greenlet while running fn
        current = getcurrent()
        if not getattr(current, "__sqlalchemy_greenlet_provider__", False):
            _safe_cancel_awaitable(awaitable)
    
            raise exc.MissingGreenlet(
                "greenlet_spawn has not been called; can't call await_only() "
                "here. Was IO attempted in an unexpected place?"
            )
    
        # returns the control to the driver greenlet passing it
        # a coroutine to run. Once the awaitable is done, the driver greenlet
        # switches back to this greenlet with the result of awaitable that is
        # then returned to the caller (or raised as error)
>       return current.parent.switch(awaitable)  # type: ignore[no-any-return,attr-defined] # noqa: E501
               ^^^^^^^^^^^^^^^^^^^^^^^^^^^^^^^^

C:\Users\Dmitriy\AppData\Local\Programs\Python\Python312\Lib\site-packages\sqlalchemy\util\_concurrency_py3k.py:132: 
_ _ _ _ _ _ _ _ _ _ _ _ _ _ _ _ _ _ _ _ _ _ _ _ _ _ _ _ _ _ _ _ _ _ _ _ _ _ _ _

fn = <bound method Session.execute of <sqlalchemy.orm.session.Session object at 0x00000241677F5D90>>
_require_await = False
args = (<sqlalchemy.sql.selectable.Select object at 0x00000241677F5A90>,)
kwargs = {'bind_arguments': None, 'execution_options': immutabledict({'prebuffer_rows': True}), 'params': None}
context = <_AsyncIoGreenlet object at 0x0000024168C526C0 (otid=0x0000024164FE5D70) dead>
switch_occurred = True
result = <coroutine object Cursor.execute at 0x000002416868D0E0>
value = <aiosqlite.cursor.Cursor object at 0x000002416780B380>

    async def greenlet_spawn(
        fn: Callable[..., _T],
        *args: Any,
        _require_await: bool = False,
        **kwargs: Any,
    ) -> _T:
        """Runs a sync function ``fn`` in a new greenlet.
    
        The sync function can then use :func:`await_only` to wait for async
        functions.
    
        :param fn: The sync callable to call.
        :param \\*args: Positional arguments to pass to the ``fn`` callable.
        :param \\*\\*kwargs: Keyword arguments to pass to the ``fn`` callable.
        """
    
        result: Any
        context = _AsyncIoGreenlet(fn, getcurrent())
        # runs the function synchronously in gl greenlet. If the execution
        # is interrupted by await_only, context is not dead and result is a
        # coroutine to wait. If the context is dead the function has
        # returned, and its result can be returned.
        switch_occurred = False
        result = context.switch(*args, **kwargs)
        while not context.dead:
            switch_occurred = True
            try:
                # wait for a coroutine from await_only and then return its
                # result back to it.
>               value = await result
                        ^^^^^^^^^^^^

C:\Users\Dmitriy\AppData\Local\Programs\Python\Python312\Lib\site-packages\sqlalchemy\util\_concurrency_py3k.py:196: 
_ _ _ _ _ _ _ _ _ _ _ _ _ _ _ _ _ _ _ _ _ _ _ _ _ _ _ _ _ _ _ _ _ _ _ _ _ _ _ _

self = <aiosqlite.cursor.Cursor object at 0x000002416780B380>
sql = 'SELECT users.id, users.telegram_id, users.username, users.first_name, users.last_name, users.display_name, users.is_premium, users.gender, users.created_at \nFROM users \nWHERE users.telegram_id = ?'
parameters = (444445,)

    async def execute(
        self, sql: str, parameters: Optional[Iterable[Any]] = None
    ) -> "Cursor":
        """Execute the given query."""
        if parameters is None:
            parameters = []
>       await self._execute(self._cursor.execute, sql, parameters)

C:\Users\Dmitriy\AppData\Local\Programs\Python\Python312\Lib\site-packages\aiosqlite\cursor.py:40: 
_ _ _ _ _ _ _ _ _ _ _ _ _ _ _ _ _ _ _ _ _ _ _ _ _ _ _ _ _ _ _ _ _ _ _ _ _ _ _ _

self = <aiosqlite.cursor.Cursor object at 0x000002416780B380>
fn = <built-in method execute of sqlite3.Cursor object at 0x0000024168749F40>
args = ('SELECT users.id, users.telegram_id, users.username, users.first_name, users.last_name, users.display_name, users.is_premium, users.gender, users.created_at \nFROM users \nWHERE users.telegram_id = ?', (444445,))
kwargs = {}

    async def _execute(self, fn, *args, **kwargs):
        """Execute the given function on the shared connection's thread."""
>       return await self._conn._execute(fn, *args, **kwargs)
               ^^^^^^^^^^^^^^^^^^^^^^^^^^^^^^^^^^^^^^^^^^^^^^

C:\Users\Dmitriy\AppData\Local\Programs\Python\Python312\Lib\site-packages\aiosqlite\cursor.py:32: 
_ _ _ _ _ _ _ _ _ _ _ _ _ _ _ _ _ _ _ _ _ _ _ _ _ _ _ _ _ _ _ _ _ _ _ _ _ _ _ _

self = <aiosqlite.core.Connection object at 0x0000024166416D80>
fn = <built-in method execute of sqlite3.Cursor object at 0x0000024168749F40>
args = ('SELECT users.id, users.telegram_id, users.username, users.first_name, users.last_name, users.display_name, users.is_premium, users.gender, users.created_at \nFROM users \nWHERE users.telegram_id = ?', (444445,))
kwargs = {}
function = functools.partial(<built-in method execute of sqlite3.Cursor object at 0x0000024168749F40>, 'SELECT users.id, users.te....display_name, users.is_premium, users.gender, users.created_at \nFROM users \nWHERE users.telegram_id = ?', (444445,))
future = <Future finished exception=OperationalError('no such table: users')>

    async def _execute(self, fn, *args, **kwargs):
        """Queue a function with the given arguments for execution."""
        if not self._running or not self._connection:
            raise ValueError("Connection closed")
    
        function = partial(fn, *args, **kwargs)
        future = asyncio.get_event_loop().create_future()
    
        self._tx.put_nowait((future, function))
    
>       return await future
               ^^^^^^^^^^^^

C:\Users\Dmitriy\AppData\Local\Programs\Python\Python312\Lib\site-packages\aiosqlite\core.py:160: 
_ _ _ _ _ _ _ _ _ _ _ _ _ _ _ _ _ _ _ _ _ _ _ _ _ _ _ _ _ _ _ _ _ _ _ _ _ _ _ _

tx = <_queue.SimpleQueue object at 0x0000024166440770>

    def _connection_worker_thread(tx: _TxQueue):
        """
        Execute function calls on a separate thread.
    
        :meta private:
        """
        while True:
            # Continues running until all queue items are processed,
            # even after connection is closed (so we can finalize all
            # futures)
    
            future, function = tx.get()
    
            try:
                LOG.debug("executing %s", function)
>               result = function()
                         ^^^^^^^^^^
E               sqlite3.OperationalError: no such table: users

C:\Users\Dmitriy\AppData\Local\Programs\Python\Python312\Lib\site-packages\aiosqlite\core.py:63: OperationalError

The above exception was the direct cause of the following exception:

self = <test_services.TestLabService object at 0x0000024166417890>

    async def test_get_group_labs(self):
>       user = await get_or_create_user(MockUser(444445, "owner7"))
               ^^^^^^^^^^^^^^^^^^^^^^^^^^^^^^^^^^^^^^^^^^^^^^^^^^^^

tests\test_services.py:89: 
_ _ _ _ _ _ _ _ _ _ _ _ _ _ _ _ _ _ _ _ _ _ _ _ _ _ _ _ _ _ _ _ _ _ _ _ _ _ _ _

tg_user = <test_services.MockUser object at 0x00000241677F5D60>

    async def get_or_create_user(tg_user):
        async with SessionLocal() as session:
>           result = await session.execute(select(User).where(User.telegram_id == tg_user.id))
                     ^^^^^^^^^^^^^^^^^^^^^^^^^^^^^^^^^^^^^^^^^^^^^^^^^^^^^^^^^^^^^^^^^^^^^^^^^

services\user_service.py:7: 
_ _ _ _ _ _ _ _ _ _ _ _ _ _ _ _ _ _ _ _ _ _ _ _ _ _ _ _ _ _ _ _ _ _ _ _ _ _ _ _

self = <sqlalchemy.ext.asyncio.session.AsyncSession object at 0x00000241677F5CD0>
statement = <sqlalchemy.sql.selectable.Select object at 0x00000241677F5A90>
params = None, execution_options = immutabledict({'prebuffer_rows': True})
bind_arguments = None, kw = {}

    async def execute(
        self,
        statement: Executable,
        params: Optional[_CoreAnyExecuteParams] = None,
        *,
        execution_options: OrmExecuteOptionsParameter = util.EMPTY_DICT,
        bind_arguments: Optional[_BindArguments] = None,
        **kw: Any,
    ) -> Result[Any]:
        """Execute a statement and return a buffered
        :class:`_engine.Result` object.
    
        .. seealso::
    
            :meth:`_orm.Session.execute` - main documentation for execute
    
        """
    
        if execution_options:
            execution_options = util.immutabledict(execution_options).union(
                _EXECUTE_OPTIONS
            )
        else:
            execution_options = _EXECUTE_OPTIONS
    
>       result = await greenlet_spawn(
            self.sync_session.execute,
            statement,
            params=params,
            execution_options=execution_options,
            bind_arguments=bind_arguments,
            **kw,
        )

C:\Users\Dmitriy\AppData\Local\Programs\Python\Python312\Lib\site-packages\sqlalchemy\ext\asyncio\session.py:449: 
_ _ _ _ _ _ _ _ _ _ _ _ _ _ _ _ _ _ _ _ _ _ _ _ _ _ _ _ _ _ _ _ _ _ _ _ _ _ _ _

fn = <bound method Session.execute of <sqlalchemy.orm.session.Session object at 0x00000241677F5D90>>
_require_await = False
args = (<sqlalchemy.sql.selectable.Select object at 0x00000241677F5A90>,)
kwargs = {'bind_arguments': None, 'execution_options': immutabledict({'prebuffer_rows': True}), 'params': None}
context = <_AsyncIoGreenlet object at 0x0000024168C526C0 (otid=0x0000024164FE5D70) dead>
switch_occurred = True
result = <coroutine object Cursor.execute at 0x000002416868D0E0>
value = <aiosqlite.cursor.Cursor object at 0x000002416780B380>

    async def greenlet_spawn(
        fn: Callable[..., _T],
        *args: Any,
        _require_await: bool = False,
        **kwargs: Any,
    ) -> _T:
        """Runs a sync function ``fn`` in a new greenlet.
    
        The sync function can then use :func:`await_only` to wait for async
        functions.
    
        :param fn: The sync callable to call.
        :param \\*args: Positional arguments to pass to the ``fn`` callable.
        :param \\*\\*kwargs: Keyword arguments to pass to the ``fn`` callable.
        """
    
        result: Any
        context = _AsyncIoGreenlet(fn, getcurrent())
        # runs the function synchronously in gl greenlet. If the execution
        # is interrupted by await_only, context is not dead and result is a
        # coroutine to wait. If the context is dead the function has
        # returned, and its result can be returned.
        switch_occurred = False
        result = context.switch(*args, **kwargs)
        while not context.dead:
            switch_occurred = True
            try:
                # wait for a coroutine from await_only and then return its
                # result back to it.
                value = await result
            except BaseException:
                # this allows an exception to be raised within
                # the moderated greenlet so that it can continue
                # its expected flow.
>               result = context.throw(*sys.exc_info())
                         ^^^^^^^^^^^^^^^^^^^^^^^^^^^^^^

C:\Users\Dmitriy\AppData\Local\Programs\Python\Python312\Lib\site-packages\sqlalchemy\util\_concurrency_py3k.py:201: 
_ _ _ _ _ _ _ _ _ _ _ _ _ _ _ _ _ _ _ _ _ _ _ _ _ _ _ _ _ _ _ _ _ _ _ _ _ _ _ _

self = <sqlalchemy.orm.session.Session object at 0x00000241677F5D90>
statement = <sqlalchemy.sql.selectable.Select object at 0x00000241677F5A90>
params = None

    def execute(
        self,
        statement: Executable,
        params: Optional[_CoreAnyExecuteParams] = None,
        *,
        execution_options: OrmExecuteOptionsParameter = util.EMPTY_DICT,
        bind_arguments: Optional[_BindArguments] = None,
        _parent_execute_state: Optional[Any] = None,
        _add_event: Optional[Any] = None,
    ) -> Result[Any]:
        r"""Execute a SQL expression construct.
    
        Returns a :class:`_engine.Result` object representing
        results of the statement execution.
    
        E.g.::
    
            from sqlalchemy import select
    
            result = session.execute(select(User).where(User.id == 5))
    
        The API contract of :meth:`_orm.Session.execute` is similar to that
        of :meth:`_engine.Connection.execute`, the :term:`2.0 style` version
        of :class:`_engine.Connection`.
    
        .. versionchanged:: 1.4 the :meth:`_orm.Session.execute` method is
           now the primary point of ORM statement execution when using
           :term:`2.0 style` ORM usage.
    
        :param statement:
            An executable statement (i.e. an :class:`.Executable` expression
            such as :func:`_expression.select`).
    
        :param params:
            Optional dictionary, or list of dictionaries, containing
            bound parameter values.   If a single dictionary, single-row
            execution occurs; if a list of dictionaries, an
            "executemany" will be invoked.  The keys in each dictionary
            must correspond to parameter names present in the statement.
    
        :param execution_options: optional dictionary of execution options,
         which will be associated with the statement execution.  This
         dictionary can provide a subset of the options that are accepted
         by :meth:`_engine.Connection.execution_options`, and may also
         provide additional options understood only in an ORM context.
    
         .. seealso::
    
            :ref:`orm_queryguide_execution_options` - ORM-specific execution
            options
    
        :param bind_arguments: dictionary of additional arguments to determine
         the bind.  May include "mapper", "bind", or other custom arguments.
         Contents of this dictionary are passed to the
         :meth:`.Session.get_bind` method.
    
        :return: a :class:`_engine.Result` object.
    
    
        """
>       return self._execute_internal(
            statement,
            params,
            execution_options=execution_options,
            bind_arguments=bind_arguments,
            _parent_execute_state=_parent_execute_state,
            _add_event=_add_event,
        )

C:\Users\Dmitriy\AppData\Local\Programs\Python\Python312\Lib\site-packages\sqlalchemy\orm\session.py:2351: 
_ _ _ _ _ _ _ _ _ _ _ _ _ _ _ _ _ _ _ _ _ _ _ _ _ _ _ _ _ _ _ _ _ _ _ _ _ _ _ _

self = <sqlalchemy.orm.session.Session object at 0x00000241677F5D90>
statement = <sqlalchemy.sql.selectable.Select object at 0x00000241677F5A90>
params = None

    def _execute_internal(
        self,
        statement: Executable,
        params: Optional[_CoreAnyExecuteParams] = None,
        *,
        execution_options: OrmExecuteOptionsParameter = util.EMPTY_DICT,
        bind_arguments: Optional[_BindArguments] = None,
        _parent_execute_state: Optional[Any] = None,
        _add_event: Optional[Any] = None,
        _scalar_result: bool = False,
    ) -> Any:
        statement = coercions.expect(roles.StatementRole, statement)
    
        if not bind_arguments:
            bind_arguments = {}
        else:
            bind_arguments = dict(bind_arguments)
    
        if (
            statement._propagate_attrs.get("compile_state_plugin", None)
            == "orm"
        ):
            compile_state_cls = CompileState._get_plugin_class_for_plugin(
                statement, "orm"
            )
            if TYPE_CHECKING:
                assert isinstance(
                    compile_state_cls, context.AbstractORMCompileState
                )
        else:
            compile_state_cls = None
            bind_arguments.setdefault("clause", statement)
    
        execution_options = util.coerce_to_immutabledict(execution_options)
    
        if _parent_execute_state:
            events_todo = _parent_execute_state._remaining_events()
        else:
            events_todo = self.dispatch.do_orm_execute
            if _add_event:
                events_todo = list(events_todo) + [_add_event]
    
        if events_todo:
            if compile_state_cls is not None:
                # for event handlers, do the orm_pre_session_exec
                # pass ahead of the event handlers, so that things like
                # .load_options, .update_delete_options etc. are populated.
                # is_pre_event=True allows the hook to hold off on things
                # it doesn't want to do twice, including autoflush as well
                # as "pre fetch" for DML, etc.
                (
                    statement,
                    execution_options,
                ) = compile_state_cls.orm_pre_session_exec(
                    self,
                    statement,
                    params,
                    execution_options,
                    bind_arguments,
                    True,
                )
    
            orm_exec_state = ORMExecuteState(
                self,
                statement,
                params,
                execution_options,
                bind_arguments,
                compile_state_cls,
                events_todo,
            )
            for idx, fn in enumerate(events_todo):
                orm_exec_state._starting_event_idx = idx
                fn_result: Optional[Result[Any]] = fn(orm_exec_state)
                if fn_result:
                    if _scalar_result:
                        return fn_result.scalar()
                    else:
                        return fn_result
    
            statement = orm_exec_state.statement
            execution_options = orm_exec_state.local_execution_options
    
        if compile_state_cls is not None:
            # now run orm_pre_session_exec() "for real".   if there were
            # event hooks, this will re-run the steps that interpret
            # new execution_options into load_options / update_delete_options,
            # which we assume the event hook might have updated.
            # autoflush will also be invoked in this step if enabled.
            (
                statement,
                execution_options,
            ) = compile_state_cls.orm_pre_session_exec(
                self,
                statement,
                params,
                execution_options,
                bind_arguments,
                False,
            )
    
        bind = self.get_bind(**bind_arguments)
    
        conn = self._connection_for_bind(bind)
    
        if _scalar_result and not compile_state_cls:
            if TYPE_CHECKING:
                params = cast(_CoreSingleExecuteParams, params)
            return conn.scalar(
                statement, params or {}, execution_options=execution_options
            )
    
        if compile_state_cls:
>           result: Result[Any] = compile_state_cls.orm_execute_statement(
                self,
                statement,
                params or {},
                execution_options,
                bind_arguments,
                conn,
            )

C:\Users\Dmitriy\AppData\Local\Programs\Python\Python312\Lib\site-packages\sqlalchemy\orm\session.py:2249: 
_ _ _ _ _ _ _ _ _ _ _ _ _ _ _ _ _ _ _ _ _ _ _ _ _ _ _ _ _ _ _ _ _ _ _ _ _ _ _ _

cls = <class 'sqlalchemy.orm.context.ORMSelectCompileState'>
session = <sqlalchemy.orm.session.Session object at 0x00000241677F5D90>
statement = <sqlalchemy.sql.selectable.Select object at 0x00000241677F5A90>
params = {}
execution_options = immutabledict({'prebuffer_rows': True, '_result_disable_adapt_to_context': True})
bind_arguments = {'clause': <sqlalchemy.sql.selectable.Select object at 0x00000241677F5A90>, 'mapper': <Mapper at 0x2416627b620; User>}
conn = <sqlalchemy.engine.base.Connection object at 0x0000024167808800>

    @classmethod
    def orm_execute_statement(
        cls,
        session,
        statement,
        params,
        execution_options,
        bind_arguments,
        conn,
    ) -> Result:
>       result = conn.execute(
            statement, params or {}, execution_options=execution_options
        )

C:\Users\Dmitriy\AppData\Local\Programs\Python\Python312\Lib\site-packages\sqlalchemy\orm\context.py:306: 
_ _ _ _ _ _ _ _ _ _ _ _ _ _ _ _ _ _ _ _ _ _ _ _ _ _ _ _ _ _ _ _ _ _ _ _ _ _ _ _

self = <sqlalchemy.engine.base.Connection object at 0x0000024167808800>
statement = <sqlalchemy.sql.selectable.Select object at 0x00000241677F5A90>
parameters = {}

    def execute(
        self,
        statement: Executable,
        parameters: Optional[_CoreAnyExecuteParams] = None,
        *,
        execution_options: Optional[CoreExecuteOptionsParameter] = None,
    ) -> CursorResult[Any]:
        r"""Executes a SQL statement construct and returns a
        :class:`_engine.CursorResult`.
    
        :param statement: The statement to be executed.  This is always
         an object that is in both the :class:`_expression.ClauseElement` and
         :class:`_expression.Executable` hierarchies, including:
    
         * :class:`_expression.Select`
         * :class:`_expression.Insert`, :class:`_expression.Update`,
           :class:`_expression.Delete`
         * :class:`_expression.TextClause` and
           :class:`_expression.TextualSelect`
         * :class:`_schema.DDL` and objects which inherit from
           :class:`_schema.ExecutableDDLElement`
    
        :param parameters: parameters which will be bound into the statement.
         This may be either a dictionary of parameter names to values,
         or a mutable sequence (e.g. a list) of dictionaries.  When a
         list of dictionaries is passed, the underlying statement execution
         will make use of the DBAPI ``cursor.executemany()`` method.
         When a single dictionary is passed, the DBAPI ``cursor.execute()``
         method will be used.
    
        :param execution_options: optional dictionary of execution options,
         which will be associated with the statement execution.  This
         dictionary can provide a subset of the options that are accepted
         by :meth:`_engine.Connection.execution_options`.
    
        :return: a :class:`_engine.Result` object.
    
        """
        distilled_parameters = _distill_params_20(parameters)
        try:
            meth = statement._execute_on_connection
        except AttributeError as err:
            raise exc.ObjectNotExecutableError(statement) from err
        else:
>           return meth(
                self,
                distilled_parameters,
                execution_options or NO_OPTIONS,
            )

C:\Users\Dmitriy\AppData\Local\Programs\Python\Python312\Lib\site-packages\sqlalchemy\engine\base.py:1419: 
_ _ _ _ _ _ _ _ _ _ _ _ _ _ _ _ _ _ _ _ _ _ _ _ _ _ _ _ _ _ _ _ _ _ _ _ _ _ _ _

self = <sqlalchemy.sql.selectable.Select object at 0x00000241677F5A90>
connection = <sqlalchemy.engine.base.Connection object at 0x0000024167808800>
distilled_params = [{}]
execution_options = immutabledict({'prebuffer_rows': True, '_result_disable_adapt_to_context': True})

    def _execute_on_connection(
        self,
        connection: Connection,
        distilled_params: _CoreMultiExecuteParams,
        execution_options: CoreExecuteOptionsParameter,
    ) -> Result[Any]:
        if self.supports_execution:
            if TYPE_CHECKING:
                assert isinstance(self, Executable)
>           return connection._execute_clauseelement(
                self, distilled_params, execution_options
            )

C:\Users\Dmitriy\AppData\Local\Programs\Python\Python312\Lib\site-packages\sqlalchemy\sql\elements.py:527: 
_ _ _ _ _ _ _ _ _ _ _ _ _ _ _ _ _ _ _ _ _ _ _ _ _ _ _ _ _ _ _ _ _ _ _ _ _ _ _ _

self = <sqlalchemy.engine.base.Connection object at 0x0000024167808800>
elem = <sqlalchemy.sql.selectable.Select object at 0x00000241677F5A90>
distilled_parameters = [{}]
execution_options = immutabledict({'prebuffer_rows': True, '_result_disable_adapt_to_context': True})

    def _execute_clauseelement(
        self,
        elem: Executable,
        distilled_parameters: _CoreMultiExecuteParams,
        execution_options: CoreExecuteOptionsParameter,
    ) -> CursorResult[Any]:
        """Execute a sql.ClauseElement object."""
    
        execution_options = elem._execution_options.merge_with(
            self._execution_options, execution_options
        )
    
        has_events = self._has_events or self.engine._has_events
        if has_events:
            (
                elem,
                distilled_parameters,
                event_multiparams,
                event_params,
            ) = self._invoke_before_exec_event(
                elem, distilled_parameters, execution_options
            )
    
        if distilled_parameters:
            # ensure we don't retain a link to the view object for keys()
            # which links to the values, which we don't want to cache
            keys = sorted(distilled_parameters[0])
            for_executemany = len(distilled_parameters) > 1
        else:
            keys = []
            for_executemany = False
    
        dialect = self.dialect
    
        schema_translate_map = execution_options.get(
            "schema_translate_map", None
        )
    
        compiled_cache: Optional[CompiledCacheType] = execution_options.get(
            "compiled_cache", self.engine._compiled_cache
        )
    
        compiled_sql, extracted_params, cache_hit = elem._compile_w_cache(
            dialect=dialect,
            compiled_cache=compiled_cache,
            column_keys=keys,
            for_executemany=for_executemany,
            schema_translate_map=schema_translate_map,
            linting=self.dialect.compiler_linting | compiler.WARN_LINTING,
        )
>       ret = self._execute_context(
            dialect,
            dialect.execution_ctx_cls._init_compiled,
            compiled_sql,
            distilled_parameters,
            execution_options,
            compiled_sql,
            distilled_parameters,
            elem,
            extracted_params,
            cache_hit=cache_hit,
        )

C:\Users\Dmitriy\AppData\Local\Programs\Python\Python312\Lib\site-packages\sqlalchemy\engine\base.py:1641: 
_ _ _ _ _ _ _ _ _ _ _ _ _ _ _ _ _ _ _ _ _ _ _ _ _ _ _ _ _ _ _ _ _ _ _ _ _ _ _ _

self = <sqlalchemy.engine.base.Connection object at 0x0000024167808800>
dialect = <sqlalchemy.dialects.sqlite.aiosqlite.SQLiteDialect_aiosqlite object at 0x0000024165077FB0>
constructor = <bound method DefaultExecutionContext._init_compiled of <class 'sqlalchemy.dialects.sqlite.aiosqlite.SQLiteExecutionContext_aiosqlite'>>
statement = <sqlalchemy.dialects.sqlite.base.SQLiteCompiler object at 0x0000024166416330>
parameters = [{}]
execution_options = immutabledict({'prebuffer_rows': True, '_result_disable_adapt_to_context': True})
args = (<sqlalchemy.dialects.sqlite.base.SQLiteCompiler object at 0x0000024166416330>, [{}], <sqlalchemy.sql.selectable.Select object at 0x00000241677F5A90>, [BindParameter('%(2479932529728 telegram_id)s', 444445, type_=BigInteger())])
kw = {'cache_hit': <CacheStats.CACHE_HIT: 0>}, yp = None
conn = <sqlalchemy.pool.base._ConnectionFairy object at 0x0000024167F515B0>
context = <sqlalchemy.dialects.sqlite.aiosqlite.SQLiteExecutionContext_aiosqlite object at 0x000002416780A630>

    def _execute_context(
        self,
        dialect: Dialect,
        constructor: Callable[..., ExecutionContext],
        statement: Union[str, Compiled],
        parameters: Optional[_AnyMultiExecuteParams],
        execution_options: _ExecuteOptions,
        *args: Any,
        **kw: Any,
    ) -> CursorResult[Any]:
        """Create an :class:`.ExecutionContext` and execute, returning
        a :class:`_engine.CursorResult`."""
    
        if execution_options:
            yp = execution_options.get("yield_per", None)
            if yp:
                execution_options = execution_options.union(
                    {"stream_results": True, "max_row_buffer": yp}
                )
        try:
            conn = self._dbapi_connection
            if conn is None:
                conn = self._revalidate_connection()
    
            context = constructor(
                dialect, self, conn, execution_options, *args, **kw
            )
        except (exc.PendingRollbackError, exc.ResourceClosedError):
            raise
        except BaseException as e:
            self._handle_dbapi_exception(
                e, str(statement), parameters, None, None
            )
    
        if (
            self._transaction
            and not self._transaction.is_active
            or (
                self._nested_transaction
                and not self._nested_transaction.is_active
            )
        ):
            self._invalid_transaction()
    
        elif self._trans_context_manager:
            TransactionalContext._trans_ctx_check(self)
    
        if self._transaction is None:
            self._autobegin()
    
        context.pre_exec()
    
        if context.execute_style is ExecuteStyle.INSERTMANYVALUES:
            return self._exec_insertmany_context(dialect, context)
        else:
>           return self._exec_single_context(
                dialect, context, statement, parameters
            )

C:\Users\Dmitriy\AppData\Local\Programs\Python\Python312\Lib\site-packages\sqlalchemy\engine\base.py:1846: 
_ _ _ _ _ _ _ _ _ _ _ _ _ _ _ _ _ _ _ _ _ _ _ _ _ _ _ _ _ _ _ _ _ _ _ _ _ _ _ _

self = <sqlalchemy.engine.base.Connection object at 0x0000024167808800>
dialect = <sqlalchemy.dialects.sqlite.aiosqlite.SQLiteDialect_aiosqlite object at 0x0000024165077FB0>
context = <sqlalchemy.dialects.sqlite.aiosqlite.SQLiteExecutionContext_aiosqlite object at 0x000002416780A630>
statement = <sqlalchemy.dialects.sqlite.base.SQLiteCompiler object at 0x0000024166416330>
parameters = [(444445,)]

    def _exec_single_context(
        self,
        dialect: Dialect,
        context: ExecutionContext,
        statement: Union[str, Compiled],
        parameters: Optional[_AnyMultiExecuteParams],
    ) -> CursorResult[Any]:
        """continue the _execute_context() method for a single DBAPI
        cursor.execute() or cursor.executemany() call.
    
        """
        if dialect.bind_typing is BindTyping.SETINPUTSIZES:
            generic_setinputsizes = context._prepare_set_input_sizes()
    
            if generic_setinputsizes:
                try:
                    dialect.do_set_input_sizes(
                        context.cursor, generic_setinputsizes, context
                    )
                except BaseException as e:
                    self._handle_dbapi_exception(
                        e, str(statement), parameters, None, context
                    )
    
        cursor, str_statement, parameters = (
            context.cursor,
            context.statement,
            context.parameters,
        )
    
        effective_parameters: Optional[_AnyExecuteParams]
    
        if not context.executemany:
            effective_parameters = parameters[0]
        else:
            effective_parameters = parameters
    
        if self._has_events or self.engine._has_events:
            for fn in self.dispatch.before_cursor_execute:
                str_statement, effective_parameters = fn(
                    self,
                    cursor,
                    str_statement,
                    effective_parameters,
                    context,
                    context.executemany,
                )
    
        if self._echo:
            self._log_info(str_statement)
    
            stats = context._get_cache_stats()
    
            if not self.engine.hide_parameters:
                self._log_info(
                    "[%s] %r",
                    stats,
                    sql_util._repr_params(
                        effective_parameters,
                        batches=10,
                        ismulti=context.executemany,
                    ),
                )
            else:
                self._log_info(
                    "[%s] [SQL parameters hidden due to hide_parameters=True]",
                    stats,
                )
    
        evt_handled: bool = False
        try:
            if context.execute_style is ExecuteStyle.EXECUTEMANY:
                effective_parameters = cast(
                    "_CoreMultiExecuteParams", effective_parameters
                )
                if self.dialect._has_events:
                    for fn in self.dialect.dispatch.do_executemany:
                        if fn(
                            cursor,
                            str_statement,
                            effective_parameters,
                            context,
                        ):
                            evt_handled = True
                            break
                if not evt_handled:
                    self.dialect.do_executemany(
                        cursor,
                        str_statement,
                        effective_parameters,
                        context,
                    )
            elif not effective_parameters and context.no_parameters:
                if self.dialect._has_events:
                    for fn in self.dialect.dispatch.do_execute_no_params:
                        if fn(cursor, str_statement, context):
                            evt_handled = True
                            break
                if not evt_handled:
                    self.dialect.do_execute_no_params(
                        cursor, str_statement, context
                    )
            else:
                effective_parameters = cast(
                    "_CoreSingleExecuteParams", effective_parameters
                )
                if self.dialect._has_events:
                    for fn in self.dialect.dispatch.do_execute:
                        if fn(
                            cursor,
                            str_statement,
                            effective_parameters,
                            context,
                        ):
                            evt_handled = True
                            break
                if not evt_handled:
                    self.dialect.do_execute(
                        cursor, str_statement, effective_parameters, context
                    )
    
            if self._has_events or self.engine._has_events:
                self.dispatch.after_cursor_execute(
                    self,
                    cursor,
                    str_statement,
                    effective_parameters,
                    context,
                    context.executemany,
                )
    
            context.post_exec()
    
            result = context._setup_result_proxy()
    
        except BaseException as e:
>           self._handle_dbapi_exception(
                e, str_statement, effective_parameters, cursor, context
            )

C:\Users\Dmitriy\AppData\Local\Programs\Python\Python312\Lib\site-packages\sqlalchemy\engine\base.py:1986: 
_ _ _ _ _ _ _ _ _ _ _ _ _ _ _ _ _ _ _ _ _ _ _ _ _ _ _ _ _ _ _ _ _ _ _ _ _ _ _ _

self = <sqlalchemy.engine.base.Connection object at 0x0000024167808800>
e = OperationalError('no such table: users')
statement = 'SELECT users.id, users.telegram_id, users.username, users.first_name, users.last_name, users.display_name, users.is_premium, users.gender, users.created_at \nFROM users \nWHERE users.telegram_id = ?'
parameters = (444445,)
cursor = <sqlalchemy.dialects.sqlite.aiosqlite.AsyncAdapt_aiosqlite_cursor object at 0x0000024167F53B80>
context = <sqlalchemy.dialects.sqlite.aiosqlite.SQLiteExecutionContext_aiosqlite object at 0x000002416780A630>
is_sub_exec = False

    def _handle_dbapi_exception(
        self,
        e: BaseException,
        statement: Optional[str],
        parameters: Optional[_AnyExecuteParams],
        cursor: Optional[DBAPICursor],
        context: Optional[ExecutionContext],
        is_sub_exec: bool = False,
    ) -> NoReturn:
        exc_info = sys.exc_info()
    
        is_exit_exception = util.is_exit_exception(e)
    
        if not self._is_disconnect:
            self._is_disconnect = (
                isinstance(e, self.dialect.loaded_dbapi.Error)
                and not self.closed
                and self.dialect.is_disconnect(
                    e,
                    self._dbapi_connection if not self.invalidated else None,
                    cursor,
                )
            ) or (is_exit_exception and not self.closed)
    
        invalidate_pool_on_disconnect = not is_exit_exception
    
        ismulti: bool = (
            not is_sub_exec and context.executemany
            if context is not None
            else False
        )
        if self._reentrant_error:
            raise exc.DBAPIError.instance(
                statement,
                parameters,
                e,
                self.dialect.loaded_dbapi.Error,
                hide_parameters=self.engine.hide_parameters,
                dialect=self.dialect,
                ismulti=ismulti,
            ).with_traceback(exc_info[2]) from e
        self._reentrant_error = True
        try:
            # non-DBAPI error - if we already got a context,
            # or there's no string statement, don't wrap it
            should_wrap = isinstance(e, self.dialect.loaded_dbapi.Error) or (
                statement is not None
                and context is None
                and not is_exit_exception
            )
    
            if should_wrap:
                sqlalchemy_exception = exc.DBAPIError.instance(
                    statement,
                    parameters,
                    cast(Exception, e),
                    self.dialect.loaded_dbapi.Error,
                    hide_parameters=self.engine.hide_parameters,
                    connection_invalidated=self._is_disconnect,
                    dialect=self.dialect,
                    ismulti=ismulti,
                )
            else:
                sqlalchemy_exception = None
    
            newraise = None
    
            if (self.dialect._has_events) and not self._execution_options.get(
                "skip_user_error_events", False
            ):
                ctx = ExceptionContextImpl(
                    e,
                    sqlalchemy_exception,
                    self.engine,
                    self.dialect,
                    self,
                    cursor,
                    statement,
                    parameters,
                    context,
                    self._is_disconnect,
                    invalidate_pool_on_disconnect,
                    False,
                )
    
                for fn in self.dialect.dispatch.handle_error:
                    try:
                        # handler returns an exception;
                        # call next handler in a chain
                        per_fn = fn(ctx)
                        if per_fn is not None:
                            ctx.chained_exception = newraise = per_fn
                    except Exception as _raised:
                        # handler raises an exception - stop processing
                        newraise = _raised
                        break
    
                if self._is_disconnect != ctx.is_disconnect:
                    self._is_disconnect = ctx.is_disconnect
                    if sqlalchemy_exception:
                        sqlalchemy_exception.connection_invalidated = (
                            ctx.is_disconnect
                        )
    
                # set up potentially user-defined value for
                # invalidate pool.
                invalidate_pool_on_disconnect = (
                    ctx.invalidate_pool_on_disconnect
                )
    
            if should_wrap and context:
                context.handle_dbapi_exception(e)
    
            if not self._is_disconnect:
                if cursor:
                    self._safe_close_cursor(cursor)
                # "autorollback" was mostly relevant in 1.x series.
                # It's very unlikely to reach here, as the connection
                # does autobegin so when we are here, we are usually
                # in an explicit / semi-explicit transaction.
                # however we have a test which manufactures this
                # scenario in any case using an event handler.
                # test/engine/test_execute.py-> test_actual_autorollback
                if not self.in_transaction():
                    self._rollback_impl()
    
            if newraise:
                raise newraise.with_traceback(exc_info[2]) from e
            elif should_wrap:
                assert sqlalchemy_exception is not None
>               raise sqlalchemy_exception.with_traceback(exc_info[2]) from e

C:\Users\Dmitriy\AppData\Local\Programs\Python\Python312\Lib\site-packages\sqlalchemy\engine\base.py:2363: 
_ _ _ _ _ _ _ _ _ _ _ _ _ _ _ _ _ _ _ _ _ _ _ _ _ _ _ _ _ _ _ _ _ _ _ _ _ _ _ _

self = <sqlalchemy.engine.base.Connection object at 0x0000024167808800>
dialect = <sqlalchemy.dialects.sqlite.aiosqlite.SQLiteDialect_aiosqlite object at 0x0000024165077FB0>
context = <sqlalchemy.dialects.sqlite.aiosqlite.SQLiteExecutionContext_aiosqlite object at 0x000002416780A630>
statement = <sqlalchemy.dialects.sqlite.base.SQLiteCompiler object at 0x0000024166416330>
parameters = [(444445,)]

    def _exec_single_context(
        self,
        dialect: Dialect,
        context: ExecutionContext,
        statement: Union[str, Compiled],
        parameters: Optional[_AnyMultiExecuteParams],
    ) -> CursorResult[Any]:
        """continue the _execute_context() method for a single DBAPI
        cursor.execute() or cursor.executemany() call.
    
        """
        if dialect.bind_typing is BindTyping.SETINPUTSIZES:
            generic_setinputsizes = context._prepare_set_input_sizes()
    
            if generic_setinputsizes:
                try:
                    dialect.do_set_input_sizes(
                        context.cursor, generic_setinputsizes, context
                    )
                except BaseException as e:
                    self._handle_dbapi_exception(
                        e, str(statement), parameters, None, context
                    )
    
        cursor, str_statement, parameters = (
            context.cursor,
            context.statement,
            context.parameters,
        )
    
        effective_parameters: Optional[_AnyExecuteParams]
    
        if not context.executemany:
            effective_parameters = parameters[0]
        else:
            effective_parameters = parameters
    
        if self._has_events or self.engine._has_events:
            for fn in self.dispatch.before_cursor_execute:
                str_statement, effective_parameters = fn(
                    self,
                    cursor,
                    str_statement,
                    effective_parameters,
                    context,
                    context.executemany,
                )
    
        if self._echo:
            self._log_info(str_statement)
    
            stats = context._get_cache_stats()
    
            if not self.engine.hide_parameters:
                self._log_info(
                    "[%s] %r",
                    stats,
                    sql_util._repr_params(
                        effective_parameters,
                        batches=10,
                        ismulti=context.executemany,
                    ),
                )
            else:
                self._log_info(
                    "[%s] [SQL parameters hidden due to hide_parameters=True]",
                    stats,
                )
    
        evt_handled: bool = False
        try:
            if context.execute_style is ExecuteStyle.EXECUTEMANY:
                effective_parameters = cast(
                    "_CoreMultiExecuteParams", effective_parameters
                )
                if self.dialect._has_events:
                    for fn in self.dialect.dispatch.do_executemany:
                        if fn(
                            cursor,
                            str_statement,
                            effective_parameters,
                            context,
                        ):
                            evt_handled = True
                            break
                if not evt_handled:
                    self.dialect.do_executemany(
                        cursor,
                        str_statement,
                        effective_parameters,
                        context,
                    )
            elif not effective_parameters and context.no_parameters:
                if self.dialect._has_events:
                    for fn in self.dialect.dispatch.do_execute_no_params:
                        if fn(cursor, str_statement, context):
                            evt_handled = True
                            break
                if not evt_handled:
                    self.dialect.do_execute_no_params(
                        cursor, str_statement, context
                    )
            else:
                effective_parameters = cast(
                    "_CoreSingleExecuteParams", effective_parameters
                )
                if self.dialect._has_events:
                    for fn in self.dialect.dispatch.do_execute:
                        if fn(
                            cursor,
                            str_statement,
                            effective_parameters,
                            context,
                        ):
                            evt_handled = True
                            break
                if not evt_handled:
>                   self.dialect.do_execute(
                        cursor, str_statement, effective_parameters, context
                    )

C:\Users\Dmitriy\AppData\Local\Programs\Python\Python312\Lib\site-packages\sqlalchemy\engine\base.py:1967: 
_ _ _ _ _ _ _ _ _ _ _ _ _ _ _ _ _ _ _ _ _ _ _ _ _ _ _ _ _ _ _ _ _ _ _ _ _ _ _ _

self = <sqlalchemy.dialects.sqlite.aiosqlite.SQLiteDialect_aiosqlite object at 0x0000024165077FB0>
cursor = <sqlalchemy.dialects.sqlite.aiosqlite.AsyncAdapt_aiosqlite_cursor object at 0x0000024167F53B80>
statement = 'SELECT users.id, users.telegram_id, users.username, users.first_name, users.last_name, users.display_name, users.is_premium, users.gender, users.created_at \nFROM users \nWHERE users.telegram_id = ?'
parameters = (444445,)
context = <sqlalchemy.dialects.sqlite.aiosqlite.SQLiteExecutionContext_aiosqlite object at 0x000002416780A630>

    def do_execute(self, cursor, statement, parameters, context=None):
>       cursor.execute(statement, parameters)

C:\Users\Dmitriy\AppData\Local\Programs\Python\Python312\Lib\site-packages\sqlalchemy\engine\default.py:952: 
_ _ _ _ _ _ _ _ _ _ _ _ _ _ _ _ _ _ _ _ _ _ _ _ _ _ _ _ _ _ _ _ _ _ _ _ _ _ _ _

self = <sqlalchemy.dialects.sqlite.aiosqlite.AsyncAdapt_aiosqlite_cursor object at 0x0000024167F53B80>
operation = 'SELECT users.id, users.telegram_id, users.username, users.first_name, users.last_name, users.display_name, users.is_premium, users.gender, users.created_at \nFROM users \nWHERE users.telegram_id = ?'
parameters = (444445,)

    def execute(
        self,
        operation: Any,
        parameters: Optional[_DBAPISingleExecuteParams] = None,
    ) -> Any:
    
        try:
            _cursor: AsyncIODBAPICursor = self.await_(self._connection.cursor())  # type: ignore[arg-type] # noqa: E501
    
            if parameters is None:
                self.await_(_cursor.execute(operation))
            else:
                self.await_(_cursor.execute(operation, parameters))
    
            if _cursor.description:
                self.description = _cursor.description
                self.lastrowid = self.rowcount = -1
    
                if not self.server_side:
                    self._rows = deque(self.await_(_cursor.fetchall()))
            else:
                self.description = None
                self.lastrowid = _cursor.lastrowid
                self.rowcount = _cursor.rowcount
    
            if not self.server_side:
                self.await_(_cursor.close())
            else:
                self._cursor = _cursor  # type: ignore[misc]
        except Exception as error:
>           self._adapt_connection._handle_exception(error)

C:\Users\Dmitriy\AppData\Local\Programs\Python\Python312\Lib\site-packages\sqlalchemy\dialects\sqlite\aiosqlite.py:182: 
_ _ _ _ _ _ _ _ _ _ _ _ _ _ _ _ _ _ _ _ _ _ _ _ _ _ _ _ _ _ _ _ _ _ _ _ _ _ _ _

self = <AdaptedConnection <aiosqlite.core.Connection object at 0x0000024166416D80>>
error = OperationalError('no such table: users')

    def _handle_exception(self, error: Exception) -> NoReturn:
        if (
            isinstance(error, ValueError)
            and error.args[0] == "no active connection"
        ):
            raise self.dbapi.sqlite.OperationalError(
                "no active connection"
            ) from error
        else:
>           raise error

C:\Users\Dmitriy\AppData\Local\Programs\Python\Python312\Lib\site-packages\sqlalchemy\dialects\sqlite\aiosqlite.py:342: 
_ _ _ _ _ _ _ _ _ _ _ _ _ _ _ _ _ _ _ _ _ _ _ _ _ _ _ _ _ _ _ _ _ _ _ _ _ _ _ _

self = <sqlalchemy.dialects.sqlite.aiosqlite.AsyncAdapt_aiosqlite_cursor object at 0x0000024167F53B80>
operation = 'SELECT users.id, users.telegram_id, users.username, users.first_name, users.last_name, users.display_name, users.is_premium, users.gender, users.created_at \nFROM users \nWHERE users.telegram_id = ?'
parameters = (444445,)

    def execute(
        self,
        operation: Any,
        parameters: Optional[_DBAPISingleExecuteParams] = None,
    ) -> Any:
    
        try:
            _cursor: AsyncIODBAPICursor = self.await_(self._connection.cursor())  # type: ignore[arg-type] # noqa: E501
    
            if parameters is None:
                self.await_(_cursor.execute(operation))
            else:
>               self.await_(_cursor.execute(operation, parameters))

C:\Users\Dmitriy\AppData\Local\Programs\Python\Python312\Lib\site-packages\sqlalchemy\dialects\sqlite\aiosqlite.py:164: 
_ _ _ _ _ _ _ _ _ _ _ _ _ _ _ _ _ _ _ _ _ _ _ _ _ _ _ _ _ _ _ _ _ _ _ _ _ _ _ _

awaitable = <coroutine object Cursor.execute at 0x000002416868D0E0>

    def await_only(awaitable: Awaitable[_T]) -> _T:
        """Awaits an async function in a sync method.
    
        The sync method must be inside a :func:`greenlet_spawn` context.
        :func:`await_only` calls cannot be nested.
    
        :param awaitable: The coroutine to call.
    
        """
        # this is called in the context greenlet while running fn
        current = getcurrent()
        if not getattr(current, "__sqlalchemy_greenlet_provider__", False):
            _safe_cancel_awaitable(awaitable)
    
            raise exc.MissingGreenlet(
                "greenlet_spawn has not been called; can't call await_only() "
                "here. Was IO attempted in an unexpected place?"
            )
    
        # returns the control to the driver greenlet passing it
        # a coroutine to run. Once the awaitable is done, the driver greenlet
        # switches back to this greenlet with the result of awaitable that is
        # then returned to the caller (or raised as error)
>       return current.parent.switch(awaitable)  # type: ignore[no-any-return,attr-defined] # noqa: E501
               ^^^^^^^^^^^^^^^^^^^^^^^^^^^^^^^^

C:\Users\Dmitriy\AppData\Local\Programs\Python\Python312\Lib\site-packages\sqlalchemy\util\_concurrency_py3k.py:132: 
_ _ _ _ _ _ _ _ _ _ _ _ _ _ _ _ _ _ _ _ _ _ _ _ _ _ _ _ _ _ _ _ _ _ _ _ _ _ _ _

fn = <bound method Session.execute of <sqlalchemy.orm.session.Session object at 0x00000241677F5D90>>
_require_await = False
args = (<sqlalchemy.sql.selectable.Select object at 0x00000241677F5A90>,)
kwargs = {'bind_arguments': None, 'execution_options': immutabledict({'prebuffer_rows': True}), 'params': None}
context = <_AsyncIoGreenlet object at 0x0000024168C526C0 (otid=0x0000024164FE5D70) dead>
switch_occurred = True
result = <coroutine object Cursor.execute at 0x000002416868D0E0>
value = <aiosqlite.cursor.Cursor object at 0x000002416780B380>

    async def greenlet_spawn(
        fn: Callable[..., _T],
        *args: Any,
        _require_await: bool = False,
        **kwargs: Any,
    ) -> _T:
        """Runs a sync function ``fn`` in a new greenlet.
    
        The sync function can then use :func:`await_only` to wait for async
        functions.
    
        :param fn: The sync callable to call.
        :param \\*args: Positional arguments to pass to the ``fn`` callable.
        :param \\*\\*kwargs: Keyword arguments to pass to the ``fn`` callable.
        """
    
        result: Any
        context = _AsyncIoGreenlet(fn, getcurrent())
        # runs the function synchronously in gl greenlet. If the execution
        # is interrupted by await_only, context is not dead and result is a
        # coroutine to wait. If the context is dead the function has
        # returned, and its result can be returned.
        switch_occurred = False
        result = context.switch(*args, **kwargs)
        while not context.dead:
            switch_occurred = True
            try:
                # wait for a coroutine from await_only and then return its
                # result back to it.
>               value = await result
                        ^^^^^^^^^^^^

C:\Users\Dmitriy\AppData\Local\Programs\Python\Python312\Lib\site-packages\sqlalchemy\util\_concurrency_py3k.py:196: 
_ _ _ _ _ _ _ _ _ _ _ _ _ _ _ _ _ _ _ _ _ _ _ _ _ _ _ _ _ _ _ _ _ _ _ _ _ _ _ _

self = <aiosqlite.cursor.Cursor object at 0x000002416780B380>
sql = 'SELECT users.id, users.telegram_id, users.username, users.first_name, users.last_name, users.display_name, users.is_premium, users.gender, users.created_at \nFROM users \nWHERE users.telegram_id = ?'
parameters = (444445,)

    async def execute(
        self, sql: str, parameters: Optional[Iterable[Any]] = None
    ) -> "Cursor":
        """Execute the given query."""
        if parameters is None:
            parameters = []
>       await self._execute(self._cursor.execute, sql, parameters)

C:\Users\Dmitriy\AppData\Local\Programs\Python\Python312\Lib\site-packages\aiosqlite\cursor.py:40: 
_ _ _ _ _ _ _ _ _ _ _ _ _ _ _ _ _ _ _ _ _ _ _ _ _ _ _ _ _ _ _ _ _ _ _ _ _ _ _ _

self = <aiosqlite.cursor.Cursor object at 0x000002416780B380>
fn = <built-in method execute of sqlite3.Cursor object at 0x0000024168749F40>
args = ('SELECT users.id, users.telegram_id, users.username, users.first_name, users.last_name, users.display_name, users.is_premium, users.gender, users.created_at \nFROM users \nWHERE users.telegram_id = ?', (444445,))
kwargs = {}

    async def _execute(self, fn, *args, **kwargs):
        """Execute the given function on the shared connection's thread."""
>       return await self._conn._execute(fn, *args, **kwargs)
               ^^^^^^^^^^^^^^^^^^^^^^^^^^^^^^^^^^^^^^^^^^^^^^

C:\Users\Dmitriy\AppData\Local\Programs\Python\Python312\Lib\site-packages\aiosqlite\cursor.py:32: 
_ _ _ _ _ _ _ _ _ _ _ _ _ _ _ _ _ _ _ _ _ _ _ _ _ _ _ _ _ _ _ _ _ _ _ _ _ _ _ _

self = <aiosqlite.core.Connection object at 0x0000024166416D80>
fn = <built-in method execute of sqlite3.Cursor object at 0x0000024168749F40>
args = ('SELECT users.id, users.telegram_id, users.username, users.first_name, users.last_name, users.display_name, users.is_premium, users.gender, users.created_at \nFROM users \nWHERE users.telegram_id = ?', (444445,))
kwargs = {}
function = functools.partial(<built-in method execute of sqlite3.Cursor object at 0x0000024168749F40>, 'SELECT users.id, users.te....display_name, users.is_premium, users.gender, users.created_at \nFROM users \nWHERE users.telegram_id = ?', (444445,))
future = <Future finished exception=OperationalError('no such table: users')>

    async def _execute(self, fn, *args, **kwargs):
        """Queue a function with the given arguments for execution."""
        if not self._running or not self._connection:
            raise ValueError("Connection closed")
    
        function = partial(fn, *args, **kwargs)
        future = asyncio.get_event_loop().create_future()
    
        self._tx.put_nowait((future, function))
    
>       return await future
               ^^^^^^^^^^^^

C:\Users\Dmitriy\AppData\Local\Programs\Python\Python312\Lib\site-packages\aiosqlite\core.py:160: 
_ _ _ _ _ _ _ _ _ _ _ _ _ _ _ _ _ _ _ _ _ _ _ _ _ _ _ _ _ _ _ _ _ _ _ _ _ _ _ _

tx = <_queue.SimpleQueue object at 0x0000024166440770>

    def _connection_worker_thread(tx: _TxQueue):
        """
        Execute function calls on a separate thread.
    
        :meta private:
        """
        while True:
            # Continues running until all queue items are processed,
            # even after connection is closed (so we can finalize all
            # futures)
    
            future, function = tx.get()
    
            try:
                LOG.debug("executing %s", function)
>               result = function()
                         ^^^^^^^^^^
E               sqlalchemy.exc.OperationalError: (sqlite3.OperationalError) no such table: users
E               [SQL: SELECT users.id, users.telegram_id, users.username, users.first_name, users.last_name, users.display_name, users.is_premium, users.gender, users.created_at 
E               FROM users 
E               WHERE users.telegram_id = ?]
E               [parameters: (444445,)]
E               (Background on this error at: https://sqlalche.me/e/20/e3q8)

C:\Users\Dmitriy\AppData\Local\Programs\Python\Python312\Lib\site-packages\aiosqlite\core.py:63: OperationalError
________________________ TestLabService.test_close_lab ________________________

self = <sqlalchemy.engine.base.Connection object at 0x0000024167808D70>
dialect = <sqlalchemy.dialects.sqlite.aiosqlite.SQLiteDialect_aiosqlite object at 0x0000024165077FB0>
context = <sqlalchemy.dialects.sqlite.aiosqlite.SQLiteExecutionContext_aiosqlite object at 0x000002416780B8F0>
statement = <sqlalchemy.dialects.sqlite.base.SQLiteCompiler object at 0x0000024166416330>
parameters = [(444446,)]

    def _exec_single_context(
        self,
        dialect: Dialect,
        context: ExecutionContext,
        statement: Union[str, Compiled],
        parameters: Optional[_AnyMultiExecuteParams],
    ) -> CursorResult[Any]:
        """continue the _execute_context() method for a single DBAPI
        cursor.execute() or cursor.executemany() call.
    
        """
        if dialect.bind_typing is BindTyping.SETINPUTSIZES:
            generic_setinputsizes = context._prepare_set_input_sizes()
    
            if generic_setinputsizes:
                try:
                    dialect.do_set_input_sizes(
                        context.cursor, generic_setinputsizes, context
                    )
                except BaseException as e:
                    self._handle_dbapi_exception(
                        e, str(statement), parameters, None, context
                    )
    
        cursor, str_statement, parameters = (
            context.cursor,
            context.statement,
            context.parameters,
        )
    
        effective_parameters: Optional[_AnyExecuteParams]
    
        if not context.executemany:
            effective_parameters = parameters[0]
        else:
            effective_parameters = parameters
    
        if self._has_events or self.engine._has_events:
            for fn in self.dispatch.before_cursor_execute:
                str_statement, effective_parameters = fn(
                    self,
                    cursor,
                    str_statement,
                    effective_parameters,
                    context,
                    context.executemany,
                )
    
        if self._echo:
            self._log_info(str_statement)
    
            stats = context._get_cache_stats()
    
            if not self.engine.hide_parameters:
                self._log_info(
                    "[%s] %r",
                    stats,
                    sql_util._repr_params(
                        effective_parameters,
                        batches=10,
                        ismulti=context.executemany,
                    ),
                )
            else:
                self._log_info(
                    "[%s] [SQL parameters hidden due to hide_parameters=True]",
                    stats,
                )
    
        evt_handled: bool = False
        try:
            if context.execute_style is ExecuteStyle.EXECUTEMANY:
                effective_parameters = cast(
                    "_CoreMultiExecuteParams", effective_parameters
                )
                if self.dialect._has_events:
                    for fn in self.dialect.dispatch.do_executemany:
                        if fn(
                            cursor,
                            str_statement,
                            effective_parameters,
                            context,
                        ):
                            evt_handled = True
                            break
                if not evt_handled:
                    self.dialect.do_executemany(
                        cursor,
                        str_statement,
                        effective_parameters,
                        context,
                    )
            elif not effective_parameters and context.no_parameters:
                if self.dialect._has_events:
                    for fn in self.dialect.dispatch.do_execute_no_params:
                        if fn(cursor, str_statement, context):
                            evt_handled = True
                            break
                if not evt_handled:
                    self.dialect.do_execute_no_params(
                        cursor, str_statement, context
                    )
            else:
                effective_parameters = cast(
                    "_CoreSingleExecuteParams", effective_parameters
                )
                if self.dialect._has_events:
                    for fn in self.dialect.dispatch.do_execute:
                        if fn(
                            cursor,
                            str_statement,
                            effective_parameters,
                            context,
                        ):
                            evt_handled = True
                            break
                if not evt_handled:
>                   self.dialect.do_execute(
                        cursor, str_statement, effective_parameters, context
                    )

C:\Users\Dmitriy\AppData\Local\Programs\Python\Python312\Lib\site-packages\sqlalchemy\engine\base.py:1967: 
_ _ _ _ _ _ _ _ _ _ _ _ _ _ _ _ _ _ _ _ _ _ _ _ _ _ _ _ _ _ _ _ _ _ _ _ _ _ _ _

self = <sqlalchemy.dialects.sqlite.aiosqlite.SQLiteDialect_aiosqlite object at 0x0000024165077FB0>
cursor = <sqlalchemy.dialects.sqlite.aiosqlite.AsyncAdapt_aiosqlite_cursor object at 0x000002416784A740>
statement = 'SELECT users.id, users.telegram_id, users.username, users.first_name, users.last_name, users.display_name, users.is_premium, users.gender, users.created_at \nFROM users \nWHERE users.telegram_id = ?'
parameters = (444446,)
context = <sqlalchemy.dialects.sqlite.aiosqlite.SQLiteExecutionContext_aiosqlite object at 0x000002416780B8F0>

    def do_execute(self, cursor, statement, parameters, context=None):
>       cursor.execute(statement, parameters)

C:\Users\Dmitriy\AppData\Local\Programs\Python\Python312\Lib\site-packages\sqlalchemy\engine\default.py:952: 
_ _ _ _ _ _ _ _ _ _ _ _ _ _ _ _ _ _ _ _ _ _ _ _ _ _ _ _ _ _ _ _ _ _ _ _ _ _ _ _

self = <sqlalchemy.dialects.sqlite.aiosqlite.AsyncAdapt_aiosqlite_cursor object at 0x000002416784A740>
operation = 'SELECT users.id, users.telegram_id, users.username, users.first_name, users.last_name, users.display_name, users.is_premium, users.gender, users.created_at \nFROM users \nWHERE users.telegram_id = ?'
parameters = (444446,)

    def execute(
        self,
        operation: Any,
        parameters: Optional[_DBAPISingleExecuteParams] = None,
    ) -> Any:
    
        try:
            _cursor: AsyncIODBAPICursor = self.await_(self._connection.cursor())  # type: ignore[arg-type] # noqa: E501
    
            if parameters is None:
                self.await_(_cursor.execute(operation))
            else:
                self.await_(_cursor.execute(operation, parameters))
    
            if _cursor.description:
                self.description = _cursor.description
                self.lastrowid = self.rowcount = -1
    
                if not self.server_side:
                    self._rows = deque(self.await_(_cursor.fetchall()))
            else:
                self.description = None
                self.lastrowid = _cursor.lastrowid
                self.rowcount = _cursor.rowcount
    
            if not self.server_side:
                self.await_(_cursor.close())
            else:
                self._cursor = _cursor  # type: ignore[misc]
        except Exception as error:
>           self._adapt_connection._handle_exception(error)

C:\Users\Dmitriy\AppData\Local\Programs\Python\Python312\Lib\site-packages\sqlalchemy\dialects\sqlite\aiosqlite.py:182: 
_ _ _ _ _ _ _ _ _ _ _ _ _ _ _ _ _ _ _ _ _ _ _ _ _ _ _ _ _ _ _ _ _ _ _ _ _ _ _ _

self = <AdaptedConnection <aiosqlite.core.Connection object at 0x0000024166416D80>>
error = OperationalError('no such table: users')

    def _handle_exception(self, error: Exception) -> NoReturn:
        if (
            isinstance(error, ValueError)
            and error.args[0] == "no active connection"
        ):
            raise self.dbapi.sqlite.OperationalError(
                "no active connection"
            ) from error
        else:
>           raise error

C:\Users\Dmitriy\AppData\Local\Programs\Python\Python312\Lib\site-packages\sqlalchemy\dialects\sqlite\aiosqlite.py:342: 
_ _ _ _ _ _ _ _ _ _ _ _ _ _ _ _ _ _ _ _ _ _ _ _ _ _ _ _ _ _ _ _ _ _ _ _ _ _ _ _

self = <sqlalchemy.dialects.sqlite.aiosqlite.AsyncAdapt_aiosqlite_cursor object at 0x000002416784A740>
operation = 'SELECT users.id, users.telegram_id, users.username, users.first_name, users.last_name, users.display_name, users.is_premium, users.gender, users.created_at \nFROM users \nWHERE users.telegram_id = ?'
parameters = (444446,)

    def execute(
        self,
        operation: Any,
        parameters: Optional[_DBAPISingleExecuteParams] = None,
    ) -> Any:
    
        try:
            _cursor: AsyncIODBAPICursor = self.await_(self._connection.cursor())  # type: ignore[arg-type] # noqa: E501
    
            if parameters is None:
                self.await_(_cursor.execute(operation))
            else:
>               self.await_(_cursor.execute(operation, parameters))

C:\Users\Dmitriy\AppData\Local\Programs\Python\Python312\Lib\site-packages\sqlalchemy\dialects\sqlite\aiosqlite.py:164: 
_ _ _ _ _ _ _ _ _ _ _ _ _ _ _ _ _ _ _ _ _ _ _ _ _ _ _ _ _ _ _ _ _ _ _ _ _ _ _ _

awaitable = <coroutine object Cursor.execute at 0x000002416868CC80>

    def await_only(awaitable: Awaitable[_T]) -> _T:
        """Awaits an async function in a sync method.
    
        The sync method must be inside a :func:`greenlet_spawn` context.
        :func:`await_only` calls cannot be nested.
    
        :param awaitable: The coroutine to call.
    
        """
        # this is called in the context greenlet while running fn
        current = getcurrent()
        if not getattr(current, "__sqlalchemy_greenlet_provider__", False):
            _safe_cancel_awaitable(awaitable)
    
            raise exc.MissingGreenlet(
                "greenlet_spawn has not been called; can't call await_only() "
                "here. Was IO attempted in an unexpected place?"
            )
    
        # returns the control to the driver greenlet passing it
        # a coroutine to run. Once the awaitable is done, the driver greenlet
        # switches back to this greenlet with the result of awaitable that is
        # then returned to the caller (or raised as error)
>       return current.parent.switch(awaitable)  # type: ignore[no-any-return,attr-defined] # noqa: E501
               ^^^^^^^^^^^^^^^^^^^^^^^^^^^^^^^^

C:\Users\Dmitriy\AppData\Local\Programs\Python\Python312\Lib\site-packages\sqlalchemy\util\_concurrency_py3k.py:132: 
_ _ _ _ _ _ _ _ _ _ _ _ _ _ _ _ _ _ _ _ _ _ _ _ _ _ _ _ _ _ _ _ _ _ _ _ _ _ _ _

fn = <bound method Session.execute of <sqlalchemy.orm.session.Session object at 0x0000024167808E60>>
_require_await = False
args = (<sqlalchemy.sql.selectable.Select object at 0x000002416780B200>,)
kwargs = {'bind_arguments': None, 'execution_options': immutabledict({'prebuffer_rows': True}), 'params': None}
context = <_AsyncIoGreenlet object at 0x0000024168413380 (otid=0x0000024164FE5D70) dead>
switch_occurred = True
result = <coroutine object Cursor.execute at 0x000002416868CC80>
value = <aiosqlite.cursor.Cursor object at 0x000002416780B9B0>

    async def greenlet_spawn(
        fn: Callable[..., _T],
        *args: Any,
        _require_await: bool = False,
        **kwargs: Any,
    ) -> _T:
        """Runs a sync function ``fn`` in a new greenlet.
    
        The sync function can then use :func:`await_only` to wait for async
        functions.
    
        :param fn: The sync callable to call.
        :param \\*args: Positional arguments to pass to the ``fn`` callable.
        :param \\*\\*kwargs: Keyword arguments to pass to the ``fn`` callable.
        """
    
        result: Any
        context = _AsyncIoGreenlet(fn, getcurrent())
        # runs the function synchronously in gl greenlet. If the execution
        # is interrupted by await_only, context is not dead and result is a
        # coroutine to wait. If the context is dead the function has
        # returned, and its result can be returned.
        switch_occurred = False
        result = context.switch(*args, **kwargs)
        while not context.dead:
            switch_occurred = True
            try:
                # wait for a coroutine from await_only and then return its
                # result back to it.
>               value = await result
                        ^^^^^^^^^^^^

C:\Users\Dmitriy\AppData\Local\Programs\Python\Python312\Lib\site-packages\sqlalchemy\util\_concurrency_py3k.py:196: 
_ _ _ _ _ _ _ _ _ _ _ _ _ _ _ _ _ _ _ _ _ _ _ _ _ _ _ _ _ _ _ _ _ _ _ _ _ _ _ _

self = <aiosqlite.cursor.Cursor object at 0x000002416780B9B0>
sql = 'SELECT users.id, users.telegram_id, users.username, users.first_name, users.last_name, users.display_name, users.is_premium, users.gender, users.created_at \nFROM users \nWHERE users.telegram_id = ?'
parameters = (444446,)

    async def execute(
        self, sql: str, parameters: Optional[Iterable[Any]] = None
    ) -> "Cursor":
        """Execute the given query."""
        if parameters is None:
            parameters = []
>       await self._execute(self._cursor.execute, sql, parameters)

C:\Users\Dmitriy\AppData\Local\Programs\Python\Python312\Lib\site-packages\aiosqlite\cursor.py:40: 
_ _ _ _ _ _ _ _ _ _ _ _ _ _ _ _ _ _ _ _ _ _ _ _ _ _ _ _ _ _ _ _ _ _ _ _ _ _ _ _

self = <aiosqlite.cursor.Cursor object at 0x000002416780B9B0>
fn = <built-in method execute of sqlite3.Cursor object at 0x0000024168A25DC0>
args = ('SELECT users.id, users.telegram_id, users.username, users.first_name, users.last_name, users.display_name, users.is_premium, users.gender, users.created_at \nFROM users \nWHERE users.telegram_id = ?', (444446,))
kwargs = {}

    async def _execute(self, fn, *args, **kwargs):
        """Execute the given function on the shared connection's thread."""
>       return await self._conn._execute(fn, *args, **kwargs)
               ^^^^^^^^^^^^^^^^^^^^^^^^^^^^^^^^^^^^^^^^^^^^^^

C:\Users\Dmitriy\AppData\Local\Programs\Python\Python312\Lib\site-packages\aiosqlite\cursor.py:32: 
_ _ _ _ _ _ _ _ _ _ _ _ _ _ _ _ _ _ _ _ _ _ _ _ _ _ _ _ _ _ _ _ _ _ _ _ _ _ _ _

self = <aiosqlite.core.Connection object at 0x0000024166416D80>
fn = <built-in method execute of sqlite3.Cursor object at 0x0000024168A25DC0>
args = ('SELECT users.id, users.telegram_id, users.username, users.first_name, users.last_name, users.display_name, users.is_premium, users.gender, users.created_at \nFROM users \nWHERE users.telegram_id = ?', (444446,))
kwargs = {}
function = functools.partial(<built-in method execute of sqlite3.Cursor object at 0x0000024168A25DC0>, 'SELECT users.id, users.te....display_name, users.is_premium, users.gender, users.created_at \nFROM users \nWHERE users.telegram_id = ?', (444446,))
future = <Future finished exception=OperationalError('no such table: users')>

    async def _execute(self, fn, *args, **kwargs):
        """Queue a function with the given arguments for execution."""
        if not self._running or not self._connection:
            raise ValueError("Connection closed")
    
        function = partial(fn, *args, **kwargs)
        future = asyncio.get_event_loop().create_future()
    
        self._tx.put_nowait((future, function))
    
>       return await future
               ^^^^^^^^^^^^

C:\Users\Dmitriy\AppData\Local\Programs\Python\Python312\Lib\site-packages\aiosqlite\core.py:160: 
_ _ _ _ _ _ _ _ _ _ _ _ _ _ _ _ _ _ _ _ _ _ _ _ _ _ _ _ _ _ _ _ _ _ _ _ _ _ _ _

tx = <_queue.SimpleQueue object at 0x0000024166440770>

    def _connection_worker_thread(tx: _TxQueue):
        """
        Execute function calls on a separate thread.
    
        :meta private:
        """
        while True:
            # Continues running until all queue items are processed,
            # even after connection is closed (so we can finalize all
            # futures)
    
            future, function = tx.get()
    
            try:
                LOG.debug("executing %s", function)
>               result = function()
                         ^^^^^^^^^^
E               sqlite3.OperationalError: no such table: users

C:\Users\Dmitriy\AppData\Local\Programs\Python\Python312\Lib\site-packages\aiosqlite\core.py:63: OperationalError

The above exception was the direct cause of the following exception:

self = <test_services.TestLabService object at 0x0000024166417BC0>

    async def test_close_lab(self):
>       user = await get_or_create_user(MockUser(444446, "owner8"))
               ^^^^^^^^^^^^^^^^^^^^^^^^^^^^^^^^^^^^^^^^^^^^^^^^^^^^

tests\test_services.py:98: 
_ _ _ _ _ _ _ _ _ _ _ _ _ _ _ _ _ _ _ _ _ _ _ _ _ _ _ _ _ _ _ _ _ _ _ _ _ _ _ _

tg_user = <test_services.MockUser object at 0x000002416780B260>

    async def get_or_create_user(tg_user):
        async with SessionLocal() as session:
>           result = await session.execute(select(User).where(User.telegram_id == tg_user.id))
                     ^^^^^^^^^^^^^^^^^^^^^^^^^^^^^^^^^^^^^^^^^^^^^^^^^^^^^^^^^^^^^^^^^^^^^^^^^

services\user_service.py:7: 
_ _ _ _ _ _ _ _ _ _ _ _ _ _ _ _ _ _ _ _ _ _ _ _ _ _ _ _ _ _ _ _ _ _ _ _ _ _ _ _

self = <sqlalchemy.ext.asyncio.session.AsyncSession object at 0x0000024167809310>
statement = <sqlalchemy.sql.selectable.Select object at 0x000002416780B200>
params = None, execution_options = immutabledict({'prebuffer_rows': True})
bind_arguments = None, kw = {}

    async def execute(
        self,
        statement: Executable,
        params: Optional[_CoreAnyExecuteParams] = None,
        *,
        execution_options: OrmExecuteOptionsParameter = util.EMPTY_DICT,
        bind_arguments: Optional[_BindArguments] = None,
        **kw: Any,
    ) -> Result[Any]:
        """Execute a statement and return a buffered
        :class:`_engine.Result` object.
    
        .. seealso::
    
            :meth:`_orm.Session.execute` - main documentation for execute
    
        """
    
        if execution_options:
            execution_options = util.immutabledict(execution_options).union(
                _EXECUTE_OPTIONS
            )
        else:
            execution_options = _EXECUTE_OPTIONS
    
>       result = await greenlet_spawn(
            self.sync_session.execute,
            statement,
            params=params,
            execution_options=execution_options,
            bind_arguments=bind_arguments,
            **kw,
        )

C:\Users\Dmitriy\AppData\Local\Programs\Python\Python312\Lib\site-packages\sqlalchemy\ext\asyncio\session.py:449: 
_ _ _ _ _ _ _ _ _ _ _ _ _ _ _ _ _ _ _ _ _ _ _ _ _ _ _ _ _ _ _ _ _ _ _ _ _ _ _ _

fn = <bound method Session.execute of <sqlalchemy.orm.session.Session object at 0x0000024167808E60>>
_require_await = False
args = (<sqlalchemy.sql.selectable.Select object at 0x000002416780B200>,)
kwargs = {'bind_arguments': None, 'execution_options': immutabledict({'prebuffer_rows': True}), 'params': None}
context = <_AsyncIoGreenlet object at 0x0000024168413380 (otid=0x0000024164FE5D70) dead>
switch_occurred = True
result = <coroutine object Cursor.execute at 0x000002416868CC80>
value = <aiosqlite.cursor.Cursor object at 0x000002416780B9B0>

    async def greenlet_spawn(
        fn: Callable[..., _T],
        *args: Any,
        _require_await: bool = False,
        **kwargs: Any,
    ) -> _T:
        """Runs a sync function ``fn`` in a new greenlet.
    
        The sync function can then use :func:`await_only` to wait for async
        functions.
    
        :param fn: The sync callable to call.
        :param \\*args: Positional arguments to pass to the ``fn`` callable.
        :param \\*\\*kwargs: Keyword arguments to pass to the ``fn`` callable.
        """
    
        result: Any
        context = _AsyncIoGreenlet(fn, getcurrent())
        # runs the function synchronously in gl greenlet. If the execution
        # is interrupted by await_only, context is not dead and result is a
        # coroutine to wait. If the context is dead the function has
        # returned, and its result can be returned.
        switch_occurred = False
        result = context.switch(*args, **kwargs)
        while not context.dead:
            switch_occurred = True
            try:
                # wait for a coroutine from await_only and then return its
                # result back to it.
                value = await result
            except BaseException:
                # this allows an exception to be raised within
                # the moderated greenlet so that it can continue
                # its expected flow.
>               result = context.throw(*sys.exc_info())
                         ^^^^^^^^^^^^^^^^^^^^^^^^^^^^^^

C:\Users\Dmitriy\AppData\Local\Programs\Python\Python312\Lib\site-packages\sqlalchemy\util\_concurrency_py3k.py:201: 
_ _ _ _ _ _ _ _ _ _ _ _ _ _ _ _ _ _ _ _ _ _ _ _ _ _ _ _ _ _ _ _ _ _ _ _ _ _ _ _

self = <sqlalchemy.orm.session.Session object at 0x0000024167808E60>
statement = <sqlalchemy.sql.selectable.Select object at 0x000002416780B200>
params = None

    def execute(
        self,
        statement: Executable,
        params: Optional[_CoreAnyExecuteParams] = None,
        *,
        execution_options: OrmExecuteOptionsParameter = util.EMPTY_DICT,
        bind_arguments: Optional[_BindArguments] = None,
        _parent_execute_state: Optional[Any] = None,
        _add_event: Optional[Any] = None,
    ) -> Result[Any]:
        r"""Execute a SQL expression construct.
    
        Returns a :class:`_engine.Result` object representing
        results of the statement execution.
    
        E.g.::
    
            from sqlalchemy import select
    
            result = session.execute(select(User).where(User.id == 5))
    
        The API contract of :meth:`_orm.Session.execute` is similar to that
        of :meth:`_engine.Connection.execute`, the :term:`2.0 style` version
        of :class:`_engine.Connection`.
    
        .. versionchanged:: 1.4 the :meth:`_orm.Session.execute` method is
           now the primary point of ORM statement execution when using
           :term:`2.0 style` ORM usage.
    
        :param statement:
            An executable statement (i.e. an :class:`.Executable` expression
            such as :func:`_expression.select`).
    
        :param params:
            Optional dictionary, or list of dictionaries, containing
            bound parameter values.   If a single dictionary, single-row
            execution occurs; if a list of dictionaries, an
            "executemany" will be invoked.  The keys in each dictionary
            must correspond to parameter names present in the statement.
    
        :param execution_options: optional dictionary of execution options,
         which will be associated with the statement execution.  This
         dictionary can provide a subset of the options that are accepted
         by :meth:`_engine.Connection.execution_options`, and may also
         provide additional options understood only in an ORM context.
    
         .. seealso::
    
            :ref:`orm_queryguide_execution_options` - ORM-specific execution
            options
    
        :param bind_arguments: dictionary of additional arguments to determine
         the bind.  May include "mapper", "bind", or other custom arguments.
         Contents of this dictionary are passed to the
         :meth:`.Session.get_bind` method.
    
        :return: a :class:`_engine.Result` object.
    
    
        """
>       return self._execute_internal(
            statement,
            params,
            execution_options=execution_options,
            bind_arguments=bind_arguments,
            _parent_execute_state=_parent_execute_state,
            _add_event=_add_event,
        )

C:\Users\Dmitriy\AppData\Local\Programs\Python\Python312\Lib\site-packages\sqlalchemy\orm\session.py:2351: 
_ _ _ _ _ _ _ _ _ _ _ _ _ _ _ _ _ _ _ _ _ _ _ _ _ _ _ _ _ _ _ _ _ _ _ _ _ _ _ _

self = <sqlalchemy.orm.session.Session object at 0x0000024167808E60>
statement = <sqlalchemy.sql.selectable.Select object at 0x000002416780B200>
params = None

    def _execute_internal(
        self,
        statement: Executable,
        params: Optional[_CoreAnyExecuteParams] = None,
        *,
        execution_options: OrmExecuteOptionsParameter = util.EMPTY_DICT,
        bind_arguments: Optional[_BindArguments] = None,
        _parent_execute_state: Optional[Any] = None,
        _add_event: Optional[Any] = None,
        _scalar_result: bool = False,
    ) -> Any:
        statement = coercions.expect(roles.StatementRole, statement)
    
        if not bind_arguments:
            bind_arguments = {}
        else:
            bind_arguments = dict(bind_arguments)
    
        if (
            statement._propagate_attrs.get("compile_state_plugin", None)
            == "orm"
        ):
            compile_state_cls = CompileState._get_plugin_class_for_plugin(
                statement, "orm"
            )
            if TYPE_CHECKING:
                assert isinstance(
                    compile_state_cls, context.AbstractORMCompileState
                )
        else:
            compile_state_cls = None
            bind_arguments.setdefault("clause", statement)
    
        execution_options = util.coerce_to_immutabledict(execution_options)
    
        if _parent_execute_state:
            events_todo = _parent_execute_state._remaining_events()
        else:
            events_todo = self.dispatch.do_orm_execute
            if _add_event:
                events_todo = list(events_todo) + [_add_event]
    
        if events_todo:
            if compile_state_cls is not None:
                # for event handlers, do the orm_pre_session_exec
                # pass ahead of the event handlers, so that things like
                # .load_options, .update_delete_options etc. are populated.
                # is_pre_event=True allows the hook to hold off on things
                # it doesn't want to do twice, including autoflush as well
                # as "pre fetch" for DML, etc.
                (
                    statement,
                    execution_options,
                ) = compile_state_cls.orm_pre_session_exec(
                    self,
                    statement,
                    params,
                    execution_options,
                    bind_arguments,
                    True,
                )
    
            orm_exec_state = ORMExecuteState(
                self,
                statement,
                params,
                execution_options,
                bind_arguments,
                compile_state_cls,
                events_todo,
            )
            for idx, fn in enumerate(events_todo):
                orm_exec_state._starting_event_idx = idx
                fn_result: Optional[Result[Any]] = fn(orm_exec_state)
                if fn_result:
                    if _scalar_result:
                        return fn_result.scalar()
                    else:
                        return fn_result
    
            statement = orm_exec_state.statement
            execution_options = orm_exec_state.local_execution_options
    
        if compile_state_cls is not None:
            # now run orm_pre_session_exec() "for real".   if there were
            # event hooks, this will re-run the steps that interpret
            # new execution_options into load_options / update_delete_options,
            # which we assume the event hook might have updated.
            # autoflush will also be invoked in this step if enabled.
            (
                statement,
                execution_options,
            ) = compile_state_cls.orm_pre_session_exec(
                self,
                statement,
                params,
                execution_options,
                bind_arguments,
                False,
            )
    
        bind = self.get_bind(**bind_arguments)
    
        conn = self._connection_for_bind(bind)
    
        if _scalar_result and not compile_state_cls:
            if TYPE_CHECKING:
                params = cast(_CoreSingleExecuteParams, params)
            return conn.scalar(
                statement, params or {}, execution_options=execution_options
            )
    
        if compile_state_cls:
>           result: Result[Any] = compile_state_cls.orm_execute_statement(
                self,
                statement,
                params or {},
                execution_options,
                bind_arguments,
                conn,
            )

C:\Users\Dmitriy\AppData\Local\Programs\Python\Python312\Lib\site-packages\sqlalchemy\orm\session.py:2249: 
_ _ _ _ _ _ _ _ _ _ _ _ _ _ _ _ _ _ _ _ _ _ _ _ _ _ _ _ _ _ _ _ _ _ _ _ _ _ _ _

cls = <class 'sqlalchemy.orm.context.ORMSelectCompileState'>
session = <sqlalchemy.orm.session.Session object at 0x0000024167808E60>
statement = <sqlalchemy.sql.selectable.Select object at 0x000002416780B200>
params = {}
execution_options = immutabledict({'prebuffer_rows': True, '_result_disable_adapt_to_context': True})
bind_arguments = {'clause': <sqlalchemy.sql.selectable.Select object at 0x000002416780B200>, 'mapper': <Mapper at 0x2416627b620; User>}
conn = <sqlalchemy.engine.base.Connection object at 0x0000024167808D70>

    @classmethod
    def orm_execute_statement(
        cls,
        session,
        statement,
        params,
        execution_options,
        bind_arguments,
        conn,
    ) -> Result:
>       result = conn.execute(
            statement, params or {}, execution_options=execution_options
        )

C:\Users\Dmitriy\AppData\Local\Programs\Python\Python312\Lib\site-packages\sqlalchemy\orm\context.py:306: 
_ _ _ _ _ _ _ _ _ _ _ _ _ _ _ _ _ _ _ _ _ _ _ _ _ _ _ _ _ _ _ _ _ _ _ _ _ _ _ _

self = <sqlalchemy.engine.base.Connection object at 0x0000024167808D70>
statement = <sqlalchemy.sql.selectable.Select object at 0x000002416780B200>
parameters = {}

    def execute(
        self,
        statement: Executable,
        parameters: Optional[_CoreAnyExecuteParams] = None,
        *,
        execution_options: Optional[CoreExecuteOptionsParameter] = None,
    ) -> CursorResult[Any]:
        r"""Executes a SQL statement construct and returns a
        :class:`_engine.CursorResult`.
    
        :param statement: The statement to be executed.  This is always
         an object that is in both the :class:`_expression.ClauseElement` and
         :class:`_expression.Executable` hierarchies, including:
    
         * :class:`_expression.Select`
         * :class:`_expression.Insert`, :class:`_expression.Update`,
           :class:`_expression.Delete`
         * :class:`_expression.TextClause` and
           :class:`_expression.TextualSelect`
         * :class:`_schema.DDL` and objects which inherit from
           :class:`_schema.ExecutableDDLElement`
    
        :param parameters: parameters which will be bound into the statement.
         This may be either a dictionary of parameter names to values,
         or a mutable sequence (e.g. a list) of dictionaries.  When a
         list of dictionaries is passed, the underlying statement execution
         will make use of the DBAPI ``cursor.executemany()`` method.
         When a single dictionary is passed, the DBAPI ``cursor.execute()``
         method will be used.
    
        :param execution_options: optional dictionary of execution options,
         which will be associated with the statement execution.  This
         dictionary can provide a subset of the options that are accepted
         by :meth:`_engine.Connection.execution_options`.
    
        :return: a :class:`_engine.Result` object.
    
        """
        distilled_parameters = _distill_params_20(parameters)
        try:
            meth = statement._execute_on_connection
        except AttributeError as err:
            raise exc.ObjectNotExecutableError(statement) from err
        else:
>           return meth(
                self,
                distilled_parameters,
                execution_options or NO_OPTIONS,
            )

C:\Users\Dmitriy\AppData\Local\Programs\Python\Python312\Lib\site-packages\sqlalchemy\engine\base.py:1419: 
_ _ _ _ _ _ _ _ _ _ _ _ _ _ _ _ _ _ _ _ _ _ _ _ _ _ _ _ _ _ _ _ _ _ _ _ _ _ _ _

self = <sqlalchemy.sql.selectable.Select object at 0x000002416780B200>
connection = <sqlalchemy.engine.base.Connection object at 0x0000024167808D70>
distilled_params = [{}]
execution_options = immutabledict({'prebuffer_rows': True, '_result_disable_adapt_to_context': True})

    def _execute_on_connection(
        self,
        connection: Connection,
        distilled_params: _CoreMultiExecuteParams,
        execution_options: CoreExecuteOptionsParameter,
    ) -> Result[Any]:
        if self.supports_execution:
            if TYPE_CHECKING:
                assert isinstance(self, Executable)
>           return connection._execute_clauseelement(
                self, distilled_params, execution_options
            )

C:\Users\Dmitriy\AppData\Local\Programs\Python\Python312\Lib\site-packages\sqlalchemy\sql\elements.py:527: 
_ _ _ _ _ _ _ _ _ _ _ _ _ _ _ _ _ _ _ _ _ _ _ _ _ _ _ _ _ _ _ _ _ _ _ _ _ _ _ _

self = <sqlalchemy.engine.base.Connection object at 0x0000024167808D70>
elem = <sqlalchemy.sql.selectable.Select object at 0x000002416780B200>
distilled_parameters = [{}]
execution_options = immutabledict({'prebuffer_rows': True, '_result_disable_adapt_to_context': True})

    def _execute_clauseelement(
        self,
        elem: Executable,
        distilled_parameters: _CoreMultiExecuteParams,
        execution_options: CoreExecuteOptionsParameter,
    ) -> CursorResult[Any]:
        """Execute a sql.ClauseElement object."""
    
        execution_options = elem._execution_options.merge_with(
            self._execution_options, execution_options
        )
    
        has_events = self._has_events or self.engine._has_events
        if has_events:
            (
                elem,
                distilled_parameters,
                event_multiparams,
                event_params,
            ) = self._invoke_before_exec_event(
                elem, distilled_parameters, execution_options
            )
    
        if distilled_parameters:
            # ensure we don't retain a link to the view object for keys()
            # which links to the values, which we don't want to cache
            keys = sorted(distilled_parameters[0])
            for_executemany = len(distilled_parameters) > 1
        else:
            keys = []
            for_executemany = False
    
        dialect = self.dialect
    
        schema_translate_map = execution_options.get(
            "schema_translate_map", None
        )
    
        compiled_cache: Optional[CompiledCacheType] = execution_options.get(
            "compiled_cache", self.engine._compiled_cache
        )
    
        compiled_sql, extracted_params, cache_hit = elem._compile_w_cache(
            dialect=dialect,
            compiled_cache=compiled_cache,
            column_keys=keys,
            for_executemany=for_executemany,
            schema_translate_map=schema_translate_map,
            linting=self.dialect.compiler_linting | compiler.WARN_LINTING,
        )
>       ret = self._execute_context(
            dialect,
            dialect.execution_ctx_cls._init_compiled,
            compiled_sql,
            distilled_parameters,
            execution_options,
            compiled_sql,
            distilled_parameters,
            elem,
            extracted_params,
            cache_hit=cache_hit,
        )

C:\Users\Dmitriy\AppData\Local\Programs\Python\Python312\Lib\site-packages\sqlalchemy\engine\base.py:1641: 
_ _ _ _ _ _ _ _ _ _ _ _ _ _ _ _ _ _ _ _ _ _ _ _ _ _ _ _ _ _ _ _ _ _ _ _ _ _ _ _

self = <sqlalchemy.engine.base.Connection object at 0x0000024167808D70>
dialect = <sqlalchemy.dialects.sqlite.aiosqlite.SQLiteDialect_aiosqlite object at 0x0000024165077FB0>
constructor = <bound method DefaultExecutionContext._init_compiled of <class 'sqlalchemy.dialects.sqlite.aiosqlite.SQLiteExecutionContext_aiosqlite'>>
statement = <sqlalchemy.dialects.sqlite.base.SQLiteCompiler object at 0x0000024166416330>
parameters = [{}]
execution_options = immutabledict({'prebuffer_rows': True, '_result_disable_adapt_to_context': True})
args = (<sqlalchemy.dialects.sqlite.base.SQLiteCompiler object at 0x0000024166416330>, [{}], <sqlalchemy.sql.selectable.Select object at 0x000002416780B200>, [BindParameter('%(2479932620288 telegram_id)s', 444446, type_=BigInteger())])
kw = {'cache_hit': <CacheStats.CACHE_HIT: 0>}, yp = None
conn = <sqlalchemy.pool.base._ConnectionFairy object at 0x000002416784A4B0>
context = <sqlalchemy.dialects.sqlite.aiosqlite.SQLiteExecutionContext_aiosqlite object at 0x000002416780B8F0>

    def _execute_context(
        self,
        dialect: Dialect,
        constructor: Callable[..., ExecutionContext],
        statement: Union[str, Compiled],
        parameters: Optional[_AnyMultiExecuteParams],
        execution_options: _ExecuteOptions,
        *args: Any,
        **kw: Any,
    ) -> CursorResult[Any]:
        """Create an :class:`.ExecutionContext` and execute, returning
        a :class:`_engine.CursorResult`."""
    
        if execution_options:
            yp = execution_options.get("yield_per", None)
            if yp:
                execution_options = execution_options.union(
                    {"stream_results": True, "max_row_buffer": yp}
                )
        try:
            conn = self._dbapi_connection
            if conn is None:
                conn = self._revalidate_connection()
    
            context = constructor(
                dialect, self, conn, execution_options, *args, **kw
            )
        except (exc.PendingRollbackError, exc.ResourceClosedError):
            raise
        except BaseException as e:
            self._handle_dbapi_exception(
                e, str(statement), parameters, None, None
            )
    
        if (
            self._transaction
            and not self._transaction.is_active
            or (
                self._nested_transaction
                and not self._nested_transaction.is_active
            )
        ):
            self._invalid_transaction()
    
        elif self._trans_context_manager:
            TransactionalContext._trans_ctx_check(self)
    
        if self._transaction is None:
            self._autobegin()
    
        context.pre_exec()
    
        if context.execute_style is ExecuteStyle.INSERTMANYVALUES:
            return self._exec_insertmany_context(dialect, context)
        else:
>           return self._exec_single_context(
                dialect, context, statement, parameters
            )

C:\Users\Dmitriy\AppData\Local\Programs\Python\Python312\Lib\site-packages\sqlalchemy\engine\base.py:1846: 
_ _ _ _ _ _ _ _ _ _ _ _ _ _ _ _ _ _ _ _ _ _ _ _ _ _ _ _ _ _ _ _ _ _ _ _ _ _ _ _

self = <sqlalchemy.engine.base.Connection object at 0x0000024167808D70>
dialect = <sqlalchemy.dialects.sqlite.aiosqlite.SQLiteDialect_aiosqlite object at 0x0000024165077FB0>
context = <sqlalchemy.dialects.sqlite.aiosqlite.SQLiteExecutionContext_aiosqlite object at 0x000002416780B8F0>
statement = <sqlalchemy.dialects.sqlite.base.SQLiteCompiler object at 0x0000024166416330>
parameters = [(444446,)]

    def _exec_single_context(
        self,
        dialect: Dialect,
        context: ExecutionContext,
        statement: Union[str, Compiled],
        parameters: Optional[_AnyMultiExecuteParams],
    ) -> CursorResult[Any]:
        """continue the _execute_context() method for a single DBAPI
        cursor.execute() or cursor.executemany() call.
    
        """
        if dialect.bind_typing is BindTyping.SETINPUTSIZES:
            generic_setinputsizes = context._prepare_set_input_sizes()
    
            if generic_setinputsizes:
                try:
                    dialect.do_set_input_sizes(
                        context.cursor, generic_setinputsizes, context
                    )
                except BaseException as e:
                    self._handle_dbapi_exception(
                        e, str(statement), parameters, None, context
                    )
    
        cursor, str_statement, parameters = (
            context.cursor,
            context.statement,
            context.parameters,
        )
    
        effective_parameters: Optional[_AnyExecuteParams]
    
        if not context.executemany:
            effective_parameters = parameters[0]
        else:
            effective_parameters = parameters
    
        if self._has_events or self.engine._has_events:
            for fn in self.dispatch.before_cursor_execute:
                str_statement, effective_parameters = fn(
                    self,
                    cursor,
                    str_statement,
                    effective_parameters,
                    context,
                    context.executemany,
                )
    
        if self._echo:
            self._log_info(str_statement)
    
            stats = context._get_cache_stats()
    
            if not self.engine.hide_parameters:
                self._log_info(
                    "[%s] %r",
                    stats,
                    sql_util._repr_params(
                        effective_parameters,
                        batches=10,
                        ismulti=context.executemany,
                    ),
                )
            else:
                self._log_info(
                    "[%s] [SQL parameters hidden due to hide_parameters=True]",
                    stats,
                )
    
        evt_handled: bool = False
        try:
            if context.execute_style is ExecuteStyle.EXECUTEMANY:
                effective_parameters = cast(
                    "_CoreMultiExecuteParams", effective_parameters
                )
                if self.dialect._has_events:
                    for fn in self.dialect.dispatch.do_executemany:
                        if fn(
                            cursor,
                            str_statement,
                            effective_parameters,
                            context,
                        ):
                            evt_handled = True
                            break
                if not evt_handled:
                    self.dialect.do_executemany(
                        cursor,
                        str_statement,
                        effective_parameters,
                        context,
                    )
            elif not effective_parameters and context.no_parameters:
                if self.dialect._has_events:
                    for fn in self.dialect.dispatch.do_execute_no_params:
                        if fn(cursor, str_statement, context):
                            evt_handled = True
                            break
                if not evt_handled:
                    self.dialect.do_execute_no_params(
                        cursor, str_statement, context
                    )
            else:
                effective_parameters = cast(
                    "_CoreSingleExecuteParams", effective_parameters
                )
                if self.dialect._has_events:
                    for fn in self.dialect.dispatch.do_execute:
                        if fn(
                            cursor,
                            str_statement,
                            effective_parameters,
                            context,
                        ):
                            evt_handled = True
                            break
                if not evt_handled:
                    self.dialect.do_execute(
                        cursor, str_statement, effective_parameters, context
                    )
    
            if self._has_events or self.engine._has_events:
                self.dispatch.after_cursor_execute(
                    self,
                    cursor,
                    str_statement,
                    effective_parameters,
                    context,
                    context.executemany,
                )
    
            context.post_exec()
    
            result = context._setup_result_proxy()
    
        except BaseException as e:
>           self._handle_dbapi_exception(
                e, str_statement, effective_parameters, cursor, context
            )

C:\Users\Dmitriy\AppData\Local\Programs\Python\Python312\Lib\site-packages\sqlalchemy\engine\base.py:1986: 
_ _ _ _ _ _ _ _ _ _ _ _ _ _ _ _ _ _ _ _ _ _ _ _ _ _ _ _ _ _ _ _ _ _ _ _ _ _ _ _

self = <sqlalchemy.engine.base.Connection object at 0x0000024167808D70>
e = OperationalError('no such table: users')
statement = 'SELECT users.id, users.telegram_id, users.username, users.first_name, users.last_name, users.display_name, users.is_premium, users.gender, users.created_at \nFROM users \nWHERE users.telegram_id = ?'
parameters = (444446,)
cursor = <sqlalchemy.dialects.sqlite.aiosqlite.AsyncAdapt_aiosqlite_cursor object at 0x000002416784A740>
context = <sqlalchemy.dialects.sqlite.aiosqlite.SQLiteExecutionContext_aiosqlite object at 0x000002416780B8F0>
is_sub_exec = False

    def _handle_dbapi_exception(
        self,
        e: BaseException,
        statement: Optional[str],
        parameters: Optional[_AnyExecuteParams],
        cursor: Optional[DBAPICursor],
        context: Optional[ExecutionContext],
        is_sub_exec: bool = False,
    ) -> NoReturn:
        exc_info = sys.exc_info()
    
        is_exit_exception = util.is_exit_exception(e)
    
        if not self._is_disconnect:
            self._is_disconnect = (
                isinstance(e, self.dialect.loaded_dbapi.Error)
                and not self.closed
                and self.dialect.is_disconnect(
                    e,
                    self._dbapi_connection if not self.invalidated else None,
                    cursor,
                )
            ) or (is_exit_exception and not self.closed)
    
        invalidate_pool_on_disconnect = not is_exit_exception
    
        ismulti: bool = (
            not is_sub_exec and context.executemany
            if context is not None
            else False
        )
        if self._reentrant_error:
            raise exc.DBAPIError.instance(
                statement,
                parameters,
                e,
                self.dialect.loaded_dbapi.Error,
                hide_parameters=self.engine.hide_parameters,
                dialect=self.dialect,
                ismulti=ismulti,
            ).with_traceback(exc_info[2]) from e
        self._reentrant_error = True
        try:
            # non-DBAPI error - if we already got a context,
            # or there's no string statement, don't wrap it
            should_wrap = isinstance(e, self.dialect.loaded_dbapi.Error) or (
                statement is not None
                and context is None
                and not is_exit_exception
            )
    
            if should_wrap:
                sqlalchemy_exception = exc.DBAPIError.instance(
                    statement,
                    parameters,
                    cast(Exception, e),
                    self.dialect.loaded_dbapi.Error,
                    hide_parameters=self.engine.hide_parameters,
                    connection_invalidated=self._is_disconnect,
                    dialect=self.dialect,
                    ismulti=ismulti,
                )
            else:
                sqlalchemy_exception = None
    
            newraise = None
    
            if (self.dialect._has_events) and not self._execution_options.get(
                "skip_user_error_events", False
            ):
                ctx = ExceptionContextImpl(
                    e,
                    sqlalchemy_exception,
                    self.engine,
                    self.dialect,
                    self,
                    cursor,
                    statement,
                    parameters,
                    context,
                    self._is_disconnect,
                    invalidate_pool_on_disconnect,
                    False,
                )
    
                for fn in self.dialect.dispatch.handle_error:
                    try:
                        # handler returns an exception;
                        # call next handler in a chain
                        per_fn = fn(ctx)
                        if per_fn is not None:
                            ctx.chained_exception = newraise = per_fn
                    except Exception as _raised:
                        # handler raises an exception - stop processing
                        newraise = _raised
                        break
    
                if self._is_disconnect != ctx.is_disconnect:
                    self._is_disconnect = ctx.is_disconnect
                    if sqlalchemy_exception:
                        sqlalchemy_exception.connection_invalidated = (
                            ctx.is_disconnect
                        )
    
                # set up potentially user-defined value for
                # invalidate pool.
                invalidate_pool_on_disconnect = (
                    ctx.invalidate_pool_on_disconnect
                )
    
            if should_wrap and context:
                context.handle_dbapi_exception(e)
    
            if not self._is_disconnect:
                if cursor:
                    self._safe_close_cursor(cursor)
                # "autorollback" was mostly relevant in 1.x series.
                # It's very unlikely to reach here, as the connection
                # does autobegin so when we are here, we are usually
                # in an explicit / semi-explicit transaction.
                # however we have a test which manufactures this
                # scenario in any case using an event handler.
                # test/engine/test_execute.py-> test_actual_autorollback
                if not self.in_transaction():
                    self._rollback_impl()
    
            if newraise:
                raise newraise.with_traceback(exc_info[2]) from e
            elif should_wrap:
                assert sqlalchemy_exception is not None
>               raise sqlalchemy_exception.with_traceback(exc_info[2]) from e

C:\Users\Dmitriy\AppData\Local\Programs\Python\Python312\Lib\site-packages\sqlalchemy\engine\base.py:2363: 
_ _ _ _ _ _ _ _ _ _ _ _ _ _ _ _ _ _ _ _ _ _ _ _ _ _ _ _ _ _ _ _ _ _ _ _ _ _ _ _

self = <sqlalchemy.engine.base.Connection object at 0x0000024167808D70>
dialect = <sqlalchemy.dialects.sqlite.aiosqlite.SQLiteDialect_aiosqlite object at 0x0000024165077FB0>
context = <sqlalchemy.dialects.sqlite.aiosqlite.SQLiteExecutionContext_aiosqlite object at 0x000002416780B8F0>
statement = <sqlalchemy.dialects.sqlite.base.SQLiteCompiler object at 0x0000024166416330>
parameters = [(444446,)]

    def _exec_single_context(
        self,
        dialect: Dialect,
        context: ExecutionContext,
        statement: Union[str, Compiled],
        parameters: Optional[_AnyMultiExecuteParams],
    ) -> CursorResult[Any]:
        """continue the _execute_context() method for a single DBAPI
        cursor.execute() or cursor.executemany() call.
    
        """
        if dialect.bind_typing is BindTyping.SETINPUTSIZES:
            generic_setinputsizes = context._prepare_set_input_sizes()
    
            if generic_setinputsizes:
                try:
                    dialect.do_set_input_sizes(
                        context.cursor, generic_setinputsizes, context
                    )
                except BaseException as e:
                    self._handle_dbapi_exception(
                        e, str(statement), parameters, None, context
                    )
    
        cursor, str_statement, parameters = (
            context.cursor,
            context.statement,
            context.parameters,
        )
    
        effective_parameters: Optional[_AnyExecuteParams]
    
        if not context.executemany:
            effective_parameters = parameters[0]
        else:
            effective_parameters = parameters
    
        if self._has_events or self.engine._has_events:
            for fn in self.dispatch.before_cursor_execute:
                str_statement, effective_parameters = fn(
                    self,
                    cursor,
                    str_statement,
                    effective_parameters,
                    context,
                    context.executemany,
                )
    
        if self._echo:
            self._log_info(str_statement)
    
            stats = context._get_cache_stats()
    
            if not self.engine.hide_parameters:
                self._log_info(
                    "[%s] %r",
                    stats,
                    sql_util._repr_params(
                        effective_parameters,
                        batches=10,
                        ismulti=context.executemany,
                    ),
                )
            else:
                self._log_info(
                    "[%s] [SQL parameters hidden due to hide_parameters=True]",
                    stats,
                )
    
        evt_handled: bool = False
        try:
            if context.execute_style is ExecuteStyle.EXECUTEMANY:
                effective_parameters = cast(
                    "_CoreMultiExecuteParams", effective_parameters
                )
                if self.dialect._has_events:
                    for fn in self.dialect.dispatch.do_executemany:
                        if fn(
                            cursor,
                            str_statement,
                            effective_parameters,
                            context,
                        ):
                            evt_handled = True
                            break
                if not evt_handled:
                    self.dialect.do_executemany(
                        cursor,
                        str_statement,
                        effective_parameters,
                        context,
                    )
            elif not effective_parameters and context.no_parameters:
                if self.dialect._has_events:
                    for fn in self.dialect.dispatch.do_execute_no_params:
                        if fn(cursor, str_statement, context):
                            evt_handled = True
                            break
                if not evt_handled:
                    self.dialect.do_execute_no_params(
                        cursor, str_statement, context
                    )
            else:
                effective_parameters = cast(
                    "_CoreSingleExecuteParams", effective_parameters
                )
                if self.dialect._has_events:
                    for fn in self.dialect.dispatch.do_execute:
                        if fn(
                            cursor,
                            str_statement,
                            effective_parameters,
                            context,
                        ):
                            evt_handled = True
                            break
                if not evt_handled:
>                   self.dialect.do_execute(
                        cursor, str_statement, effective_parameters, context
                    )

C:\Users\Dmitriy\AppData\Local\Programs\Python\Python312\Lib\site-packages\sqlalchemy\engine\base.py:1967: 
_ _ _ _ _ _ _ _ _ _ _ _ _ _ _ _ _ _ _ _ _ _ _ _ _ _ _ _ _ _ _ _ _ _ _ _ _ _ _ _

self = <sqlalchemy.dialects.sqlite.aiosqlite.SQLiteDialect_aiosqlite object at 0x0000024165077FB0>
cursor = <sqlalchemy.dialects.sqlite.aiosqlite.AsyncAdapt_aiosqlite_cursor object at 0x000002416784A740>
statement = 'SELECT users.id, users.telegram_id, users.username, users.first_name, users.last_name, users.display_name, users.is_premium, users.gender, users.created_at \nFROM users \nWHERE users.telegram_id = ?'
parameters = (444446,)
context = <sqlalchemy.dialects.sqlite.aiosqlite.SQLiteExecutionContext_aiosqlite object at 0x000002416780B8F0>

    def do_execute(self, cursor, statement, parameters, context=None):
>       cursor.execute(statement, parameters)

C:\Users\Dmitriy\AppData\Local\Programs\Python\Python312\Lib\site-packages\sqlalchemy\engine\default.py:952: 
_ _ _ _ _ _ _ _ _ _ _ _ _ _ _ _ _ _ _ _ _ _ _ _ _ _ _ _ _ _ _ _ _ _ _ _ _ _ _ _

self = <sqlalchemy.dialects.sqlite.aiosqlite.AsyncAdapt_aiosqlite_cursor object at 0x000002416784A740>
operation = 'SELECT users.id, users.telegram_id, users.username, users.first_name, users.last_name, users.display_name, users.is_premium, users.gender, users.created_at \nFROM users \nWHERE users.telegram_id = ?'
parameters = (444446,)

    def execute(
        self,
        operation: Any,
        parameters: Optional[_DBAPISingleExecuteParams] = None,
    ) -> Any:
    
        try:
            _cursor: AsyncIODBAPICursor = self.await_(self._connection.cursor())  # type: ignore[arg-type] # noqa: E501
    
            if parameters is None:
                self.await_(_cursor.execute(operation))
            else:
                self.await_(_cursor.execute(operation, parameters))
    
            if _cursor.description:
                self.description = _cursor.description
                self.lastrowid = self.rowcount = -1
    
                if not self.server_side:
                    self._rows = deque(self.await_(_cursor.fetchall()))
            else:
                self.description = None
                self.lastrowid = _cursor.lastrowid
                self.rowcount = _cursor.rowcount
    
            if not self.server_side:
                self.await_(_cursor.close())
            else:
                self._cursor = _cursor  # type: ignore[misc]
        except Exception as error:
>           self._adapt_connection._handle_exception(error)

C:\Users\Dmitriy\AppData\Local\Programs\Python\Python312\Lib\site-packages\sqlalchemy\dialects\sqlite\aiosqlite.py:182: 
_ _ _ _ _ _ _ _ _ _ _ _ _ _ _ _ _ _ _ _ _ _ _ _ _ _ _ _ _ _ _ _ _ _ _ _ _ _ _ _

self = <AdaptedConnection <aiosqlite.core.Connection object at 0x0000024166416D80>>
error = OperationalError('no such table: users')

    def _handle_exception(self, error: Exception) -> NoReturn:
        if (
            isinstance(error, ValueError)
            and error.args[0] == "no active connection"
        ):
            raise self.dbapi.sqlite.OperationalError(
                "no active connection"
            ) from error
        else:
>           raise error

C:\Users\Dmitriy\AppData\Local\Programs\Python\Python312\Lib\site-packages\sqlalchemy\dialects\sqlite\aiosqlite.py:342: 
_ _ _ _ _ _ _ _ _ _ _ _ _ _ _ _ _ _ _ _ _ _ _ _ _ _ _ _ _ _ _ _ _ _ _ _ _ _ _ _

self = <sqlalchemy.dialects.sqlite.aiosqlite.AsyncAdapt_aiosqlite_cursor object at 0x000002416784A740>
operation = 'SELECT users.id, users.telegram_id, users.username, users.first_name, users.last_name, users.display_name, users.is_premium, users.gender, users.created_at \nFROM users \nWHERE users.telegram_id = ?'
parameters = (444446,)

    def execute(
        self,
        operation: Any,
        parameters: Optional[_DBAPISingleExecuteParams] = None,
    ) -> Any:
    
        try:
            _cursor: AsyncIODBAPICursor = self.await_(self._connection.cursor())  # type: ignore[arg-type] # noqa: E501
    
            if parameters is None:
                self.await_(_cursor.execute(operation))
            else:
>               self.await_(_cursor.execute(operation, parameters))

C:\Users\Dmitriy\AppData\Local\Programs\Python\Python312\Lib\site-packages\sqlalchemy\dialects\sqlite\aiosqlite.py:164: 
_ _ _ _ _ _ _ _ _ _ _ _ _ _ _ _ _ _ _ _ _ _ _ _ _ _ _ _ _ _ _ _ _ _ _ _ _ _ _ _

awaitable = <coroutine object Cursor.execute at 0x000002416868CC80>

    def await_only(awaitable: Awaitable[_T]) -> _T:
        """Awaits an async function in a sync method.
    
        The sync method must be inside a :func:`greenlet_spawn` context.
        :func:`await_only` calls cannot be nested.
    
        :param awaitable: The coroutine to call.
    
        """
        # this is called in the context greenlet while running fn
        current = getcurrent()
        if not getattr(current, "__sqlalchemy_greenlet_provider__", False):
            _safe_cancel_awaitable(awaitable)
    
            raise exc.MissingGreenlet(
                "greenlet_spawn has not been called; can't call await_only() "
                "here. Was IO attempted in an unexpected place?"
            )
    
        # returns the control to the driver greenlet passing it
        # a coroutine to run. Once the awaitable is done, the driver greenlet
        # switches back to this greenlet with the result of awaitable that is
        # then returned to the caller (or raised as error)
>       return current.parent.switch(awaitable)  # type: ignore[no-any-return,attr-defined] # noqa: E501
               ^^^^^^^^^^^^^^^^^^^^^^^^^^^^^^^^

C:\Users\Dmitriy\AppData\Local\Programs\Python\Python312\Lib\site-packages\sqlalchemy\util\_concurrency_py3k.py:132: 
_ _ _ _ _ _ _ _ _ _ _ _ _ _ _ _ _ _ _ _ _ _ _ _ _ _ _ _ _ _ _ _ _ _ _ _ _ _ _ _

fn = <bound method Session.execute of <sqlalchemy.orm.session.Session object at 0x0000024167808E60>>
_require_await = False
args = (<sqlalchemy.sql.selectable.Select object at 0x000002416780B200>,)
kwargs = {'bind_arguments': None, 'execution_options': immutabledict({'prebuffer_rows': True}), 'params': None}
context = <_AsyncIoGreenlet object at 0x0000024168413380 (otid=0x0000024164FE5D70) dead>
switch_occurred = True
result = <coroutine object Cursor.execute at 0x000002416868CC80>
value = <aiosqlite.cursor.Cursor object at 0x000002416780B9B0>

    async def greenlet_spawn(
        fn: Callable[..., _T],
        *args: Any,
        _require_await: bool = False,
        **kwargs: Any,
    ) -> _T:
        """Runs a sync function ``fn`` in a new greenlet.
    
        The sync function can then use :func:`await_only` to wait for async
        functions.
    
        :param fn: The sync callable to call.
        :param \\*args: Positional arguments to pass to the ``fn`` callable.
        :param \\*\\*kwargs: Keyword arguments to pass to the ``fn`` callable.
        """
    
        result: Any
        context = _AsyncIoGreenlet(fn, getcurrent())
        # runs the function synchronously in gl greenlet. If the execution
        # is interrupted by await_only, context is not dead and result is a
        # coroutine to wait. If the context is dead the function has
        # returned, and its result can be returned.
        switch_occurred = False
        result = context.switch(*args, **kwargs)
        while not context.dead:
            switch_occurred = True
            try:
                # wait for a coroutine from await_only and then return its
                # result back to it.
>               value = await result
                        ^^^^^^^^^^^^

C:\Users\Dmitriy\AppData\Local\Programs\Python\Python312\Lib\site-packages\sqlalchemy\util\_concurrency_py3k.py:196: 
_ _ _ _ _ _ _ _ _ _ _ _ _ _ _ _ _ _ _ _ _ _ _ _ _ _ _ _ _ _ _ _ _ _ _ _ _ _ _ _

self = <aiosqlite.cursor.Cursor object at 0x000002416780B9B0>
sql = 'SELECT users.id, users.telegram_id, users.username, users.first_name, users.last_name, users.display_name, users.is_premium, users.gender, users.created_at \nFROM users \nWHERE users.telegram_id = ?'
parameters = (444446,)

    async def execute(
        self, sql: str, parameters: Optional[Iterable[Any]] = None
    ) -> "Cursor":
        """Execute the given query."""
        if parameters is None:
            parameters = []
>       await self._execute(self._cursor.execute, sql, parameters)

C:\Users\Dmitriy\AppData\Local\Programs\Python\Python312\Lib\site-packages\aiosqlite\cursor.py:40: 
_ _ _ _ _ _ _ _ _ _ _ _ _ _ _ _ _ _ _ _ _ _ _ _ _ _ _ _ _ _ _ _ _ _ _ _ _ _ _ _

self = <aiosqlite.cursor.Cursor object at 0x000002416780B9B0>
fn = <built-in method execute of sqlite3.Cursor object at 0x0000024168A25DC0>
args = ('SELECT users.id, users.telegram_id, users.username, users.first_name, users.last_name, users.display_name, users.is_premium, users.gender, users.created_at \nFROM users \nWHERE users.telegram_id = ?', (444446,))
kwargs = {}

    async def _execute(self, fn, *args, **kwargs):
        """Execute the given function on the shared connection's thread."""
>       return await self._conn._execute(fn, *args, **kwargs)
               ^^^^^^^^^^^^^^^^^^^^^^^^^^^^^^^^^^^^^^^^^^^^^^

C:\Users\Dmitriy\AppData\Local\Programs\Python\Python312\Lib\site-packages\aiosqlite\cursor.py:32: 
_ _ _ _ _ _ _ _ _ _ _ _ _ _ _ _ _ _ _ _ _ _ _ _ _ _ _ _ _ _ _ _ _ _ _ _ _ _ _ _

self = <aiosqlite.core.Connection object at 0x0000024166416D80>
fn = <built-in method execute of sqlite3.Cursor object at 0x0000024168A25DC0>
args = ('SELECT users.id, users.telegram_id, users.username, users.first_name, users.last_name, users.display_name, users.is_premium, users.gender, users.created_at \nFROM users \nWHERE users.telegram_id = ?', (444446,))
kwargs = {}
function = functools.partial(<built-in method execute of sqlite3.Cursor object at 0x0000024168A25DC0>, 'SELECT users.id, users.te....display_name, users.is_premium, users.gender, users.created_at \nFROM users \nWHERE users.telegram_id = ?', (444446,))
future = <Future finished exception=OperationalError('no such table: users')>

    async def _execute(self, fn, *args, **kwargs):
        """Queue a function with the given arguments for execution."""
        if not self._running or not self._connection:
            raise ValueError("Connection closed")
    
        function = partial(fn, *args, **kwargs)
        future = asyncio.get_event_loop().create_future()
    
        self._tx.put_nowait((future, function))
    
>       return await future
               ^^^^^^^^^^^^

C:\Users\Dmitriy\AppData\Local\Programs\Python\Python312\Lib\site-packages\aiosqlite\core.py:160: 
_ _ _ _ _ _ _ _ _ _ _ _ _ _ _ _ _ _ _ _ _ _ _ _ _ _ _ _ _ _ _ _ _ _ _ _ _ _ _ _

tx = <_queue.SimpleQueue object at 0x0000024166440770>

    def _connection_worker_thread(tx: _TxQueue):
        """
        Execute function calls on a separate thread.
    
        :meta private:
        """
        while True:
            # Continues running until all queue items are processed,
            # even after connection is closed (so we can finalize all
            # futures)
    
            future, function = tx.get()
    
            try:
                LOG.debug("executing %s", function)
>               result = function()
                         ^^^^^^^^^^
E               sqlalchemy.exc.OperationalError: (sqlite3.OperationalError) no such table: users
E               [SQL: SELECT users.id, users.telegram_id, users.username, users.first_name, users.last_name, users.display_name, users.is_premium, users.gender, users.created_at 
E               FROM users 
E               WHERE users.telegram_id = ?]
E               [parameters: (444446,)]
E               (Background on this error at: https://sqlalche.me/e/20/e3q8)

C:\Users\Dmitriy\AppData\Local\Programs\Python\Python312\Lib\site-packages\aiosqlite\core.py:63: OperationalError
______________ TestVerificationService.test_add_student_to_group ______________

self = <sqlalchemy.engine.base.Connection object at 0x00000241677F49B0>
dialect = <sqlalchemy.dialects.sqlite.aiosqlite.SQLiteDialect_aiosqlite object at 0x0000024165077FB0>
context = <sqlalchemy.dialects.sqlite.aiosqlite.SQLiteExecutionContext_aiosqlite object at 0x00000241677F5250>
statement = <sqlalchemy.dialects.sqlite.base.SQLiteCompiler object at 0x0000024166416330>
parameters = [(666666,)]

    def _exec_single_context(
        self,
        dialect: Dialect,
        context: ExecutionContext,
        statement: Union[str, Compiled],
        parameters: Optional[_AnyMultiExecuteParams],
    ) -> CursorResult[Any]:
        """continue the _execute_context() method for a single DBAPI
        cursor.execute() or cursor.executemany() call.
    
        """
        if dialect.bind_typing is BindTyping.SETINPUTSIZES:
            generic_setinputsizes = context._prepare_set_input_sizes()
    
            if generic_setinputsizes:
                try:
                    dialect.do_set_input_sizes(
                        context.cursor, generic_setinputsizes, context
                    )
                except BaseException as e:
                    self._handle_dbapi_exception(
                        e, str(statement), parameters, None, context
                    )
    
        cursor, str_statement, parameters = (
            context.cursor,
            context.statement,
            context.parameters,
        )
    
        effective_parameters: Optional[_AnyExecuteParams]
    
        if not context.executemany:
            effective_parameters = parameters[0]
        else:
            effective_parameters = parameters
    
        if self._has_events or self.engine._has_events:
            for fn in self.dispatch.before_cursor_execute:
                str_statement, effective_parameters = fn(
                    self,
                    cursor,
                    str_statement,
                    effective_parameters,
                    context,
                    context.executemany,
                )
    
        if self._echo:
            self._log_info(str_statement)
    
            stats = context._get_cache_stats()
    
            if not self.engine.hide_parameters:
                self._log_info(
                    "[%s] %r",
                    stats,
                    sql_util._repr_params(
                        effective_parameters,
                        batches=10,
                        ismulti=context.executemany,
                    ),
                )
            else:
                self._log_info(
                    "[%s] [SQL parameters hidden due to hide_parameters=True]",
                    stats,
                )
    
        evt_handled: bool = False
        try:
            if context.execute_style is ExecuteStyle.EXECUTEMANY:
                effective_parameters = cast(
                    "_CoreMultiExecuteParams", effective_parameters
                )
                if self.dialect._has_events:
                    for fn in self.dialect.dispatch.do_executemany:
                        if fn(
                            cursor,
                            str_statement,
                            effective_parameters,
                            context,
                        ):
                            evt_handled = True
                            break
                if not evt_handled:
                    self.dialect.do_executemany(
                        cursor,
                        str_statement,
                        effective_parameters,
                        context,
                    )
            elif not effective_parameters and context.no_parameters:
                if self.dialect._has_events:
                    for fn in self.dialect.dispatch.do_execute_no_params:
                        if fn(cursor, str_statement, context):
                            evt_handled = True
                            break
                if not evt_handled:
                    self.dialect.do_execute_no_params(
                        cursor, str_statement, context
                    )
            else:
                effective_parameters = cast(
                    "_CoreSingleExecuteParams", effective_parameters
                )
                if self.dialect._has_events:
                    for fn in self.dialect.dispatch.do_execute:
                        if fn(
                            cursor,
                            str_statement,
                            effective_parameters,
                            context,
                        ):
                            evt_handled = True
                            break
                if not evt_handled:
>                   self.dialect.do_execute(
                        cursor, str_statement, effective_parameters, context
                    )

C:\Users\Dmitriy\AppData\Local\Programs\Python\Python312\Lib\site-packages\sqlalchemy\engine\base.py:1967: 
_ _ _ _ _ _ _ _ _ _ _ _ _ _ _ _ _ _ _ _ _ _ _ _ _ _ _ _ _ _ _ _ _ _ _ _ _ _ _ _

self = <sqlalchemy.dialects.sqlite.aiosqlite.SQLiteDialect_aiosqlite object at 0x0000024165077FB0>
cursor = <sqlalchemy.dialects.sqlite.aiosqlite.AsyncAdapt_aiosqlite_cursor object at 0x000002416784AC20>
statement = 'SELECT users.id, users.telegram_id, users.username, users.first_name, users.last_name, users.display_name, users.is_premium, users.gender, users.created_at \nFROM users \nWHERE users.telegram_id = ?'
parameters = (666666,)
context = <sqlalchemy.dialects.sqlite.aiosqlite.SQLiteExecutionContext_aiosqlite object at 0x00000241677F5250>

    def do_execute(self, cursor, statement, parameters, context=None):
>       cursor.execute(statement, parameters)

C:\Users\Dmitriy\AppData\Local\Programs\Python\Python312\Lib\site-packages\sqlalchemy\engine\default.py:952: 
_ _ _ _ _ _ _ _ _ _ _ _ _ _ _ _ _ _ _ _ _ _ _ _ _ _ _ _ _ _ _ _ _ _ _ _ _ _ _ _

self = <sqlalchemy.dialects.sqlite.aiosqlite.AsyncAdapt_aiosqlite_cursor object at 0x000002416784AC20>
operation = 'SELECT users.id, users.telegram_id, users.username, users.first_name, users.last_name, users.display_name, users.is_premium, users.gender, users.created_at \nFROM users \nWHERE users.telegram_id = ?'
parameters = (666666,)

    def execute(
        self,
        operation: Any,
        parameters: Optional[_DBAPISingleExecuteParams] = None,
    ) -> Any:
    
        try:
            _cursor: AsyncIODBAPICursor = self.await_(self._connection.cursor())  # type: ignore[arg-type] # noqa: E501
    
            if parameters is None:
                self.await_(_cursor.execute(operation))
            else:
                self.await_(_cursor.execute(operation, parameters))
    
            if _cursor.description:
                self.description = _cursor.description
                self.lastrowid = self.rowcount = -1
    
                if not self.server_side:
                    self._rows = deque(self.await_(_cursor.fetchall()))
            else:
                self.description = None
                self.lastrowid = _cursor.lastrowid
                self.rowcount = _cursor.rowcount
    
            if not self.server_side:
                self.await_(_cursor.close())
            else:
                self._cursor = _cursor  # type: ignore[misc]
        except Exception as error:
>           self._adapt_connection._handle_exception(error)

C:\Users\Dmitriy\AppData\Local\Programs\Python\Python312\Lib\site-packages\sqlalchemy\dialects\sqlite\aiosqlite.py:182: 
_ _ _ _ _ _ _ _ _ _ _ _ _ _ _ _ _ _ _ _ _ _ _ _ _ _ _ _ _ _ _ _ _ _ _ _ _ _ _ _

self = <AdaptedConnection <aiosqlite.core.Connection object at 0x0000024166416D80>>
error = OperationalError('no such table: users')

    def _handle_exception(self, error: Exception) -> NoReturn:
        if (
            isinstance(error, ValueError)
            and error.args[0] == "no active connection"
        ):
            raise self.dbapi.sqlite.OperationalError(
                "no active connection"
            ) from error
        else:
>           raise error

C:\Users\Dmitriy\AppData\Local\Programs\Python\Python312\Lib\site-packages\sqlalchemy\dialects\sqlite\aiosqlite.py:342: 
_ _ _ _ _ _ _ _ _ _ _ _ _ _ _ _ _ _ _ _ _ _ _ _ _ _ _ _ _ _ _ _ _ _ _ _ _ _ _ _

self = <sqlalchemy.dialects.sqlite.aiosqlite.AsyncAdapt_aiosqlite_cursor object at 0x000002416784AC20>
operation = 'SELECT users.id, users.telegram_id, users.username, users.first_name, users.last_name, users.display_name, users.is_premium, users.gender, users.created_at \nFROM users \nWHERE users.telegram_id = ?'
parameters = (666666,)

    def execute(
        self,
        operation: Any,
        parameters: Optional[_DBAPISingleExecuteParams] = None,
    ) -> Any:
    
        try:
            _cursor: AsyncIODBAPICursor = self.await_(self._connection.cursor())  # type: ignore[arg-type] # noqa: E501
    
            if parameters is None:
                self.await_(_cursor.execute(operation))
            else:
>               self.await_(_cursor.execute(operation, parameters))

C:\Users\Dmitriy\AppData\Local\Programs\Python\Python312\Lib\site-packages\sqlalchemy\dialects\sqlite\aiosqlite.py:164: 
_ _ _ _ _ _ _ _ _ _ _ _ _ _ _ _ _ _ _ _ _ _ _ _ _ _ _ _ _ _ _ _ _ _ _ _ _ _ _ _

awaitable = <coroutine object Cursor.execute at 0x0000024167869EE0>

    def await_only(awaitable: Awaitable[_T]) -> _T:
        """Awaits an async function in a sync method.
    
        The sync method must be inside a :func:`greenlet_spawn` context.
        :func:`await_only` calls cannot be nested.
    
        :param awaitable: The coroutine to call.
    
        """
        # this is called in the context greenlet while running fn
        current = getcurrent()
        if not getattr(current, "__sqlalchemy_greenlet_provider__", False):
            _safe_cancel_awaitable(awaitable)
    
            raise exc.MissingGreenlet(
                "greenlet_spawn has not been called; can't call await_only() "
                "here. Was IO attempted in an unexpected place?"
            )
    
        # returns the control to the driver greenlet passing it
        # a coroutine to run. Once the awaitable is done, the driver greenlet
        # switches back to this greenlet with the result of awaitable that is
        # then returned to the caller (or raised as error)
>       return current.parent.switch(awaitable)  # type: ignore[no-any-return,attr-defined] # noqa: E501
               ^^^^^^^^^^^^^^^^^^^^^^^^^^^^^^^^

C:\Users\Dmitriy\AppData\Local\Programs\Python\Python312\Lib\site-packages\sqlalchemy\util\_concurrency_py3k.py:132: 
_ _ _ _ _ _ _ _ _ _ _ _ _ _ _ _ _ _ _ _ _ _ _ _ _ _ _ _ _ _ _ _ _ _ _ _ _ _ _ _

fn = <bound method Session.execute of <sqlalchemy.orm.session.Session object at 0x00000241677F42F0>>
_require_await = False
args = (<sqlalchemy.sql.selectable.Select object at 0x00000241677F4D10>,)
kwargs = {'bind_arguments': None, 'execution_options': immutabledict({'prebuffer_rows': True}), 'params': None}
context = <_AsyncIoGreenlet object at 0x0000024167CC3040 (otid=0x0000024164FE5D70) dead>
switch_occurred = True
result = <coroutine object Cursor.execute at 0x0000024167869EE0>
value = <aiosqlite.cursor.Cursor object at 0x00000241677F53D0>

    async def greenlet_spawn(
        fn: Callable[..., _T],
        *args: Any,
        _require_await: bool = False,
        **kwargs: Any,
    ) -> _T:
        """Runs a sync function ``fn`` in a new greenlet.
    
        The sync function can then use :func:`await_only` to wait for async
        functions.
    
        :param fn: The sync callable to call.
        :param \\*args: Positional arguments to pass to the ``fn`` callable.
        :param \\*\\*kwargs: Keyword arguments to pass to the ``fn`` callable.
        """
    
        result: Any
        context = _AsyncIoGreenlet(fn, getcurrent())
        # runs the function synchronously in gl greenlet. If the execution
        # is interrupted by await_only, context is not dead and result is a
        # coroutine to wait. If the context is dead the function has
        # returned, and its result can be returned.
        switch_occurred = False
        result = context.switch(*args, **kwargs)
        while not context.dead:
            switch_occurred = True
            try:
                # wait for a coroutine from await_only and then return its
                # result back to it.
>               value = await result
                        ^^^^^^^^^^^^

C:\Users\Dmitriy\AppData\Local\Programs\Python\Python312\Lib\site-packages\sqlalchemy\util\_concurrency_py3k.py:196: 
_ _ _ _ _ _ _ _ _ _ _ _ _ _ _ _ _ _ _ _ _ _ _ _ _ _ _ _ _ _ _ _ _ _ _ _ _ _ _ _

self = <aiosqlite.cursor.Cursor object at 0x00000241677F53D0>
sql = 'SELECT users.id, users.telegram_id, users.username, users.first_name, users.last_name, users.display_name, users.is_premium, users.gender, users.created_at \nFROM users \nWHERE users.telegram_id = ?'
parameters = (666666,)

    async def execute(
        self, sql: str, parameters: Optional[Iterable[Any]] = None
    ) -> "Cursor":
        """Execute the given query."""
        if parameters is None:
            parameters = []
>       await self._execute(self._cursor.execute, sql, parameters)

C:\Users\Dmitriy\AppData\Local\Programs\Python\Python312\Lib\site-packages\aiosqlite\cursor.py:40: 
_ _ _ _ _ _ _ _ _ _ _ _ _ _ _ _ _ _ _ _ _ _ _ _ _ _ _ _ _ _ _ _ _ _ _ _ _ _ _ _

self = <aiosqlite.cursor.Cursor object at 0x00000241677F53D0>
fn = <built-in method execute of sqlite3.Cursor object at 0x0000024167B1E940>
args = ('SELECT users.id, users.telegram_id, users.username, users.first_name, users.last_name, users.display_name, users.is_premium, users.gender, users.created_at \nFROM users \nWHERE users.telegram_id = ?', (666666,))
kwargs = {}

    async def _execute(self, fn, *args, **kwargs):
        """Execute the given function on the shared connection's thread."""
>       return await self._conn._execute(fn, *args, **kwargs)
               ^^^^^^^^^^^^^^^^^^^^^^^^^^^^^^^^^^^^^^^^^^^^^^

C:\Users\Dmitriy\AppData\Local\Programs\Python\Python312\Lib\site-packages\aiosqlite\cursor.py:32: 
_ _ _ _ _ _ _ _ _ _ _ _ _ _ _ _ _ _ _ _ _ _ _ _ _ _ _ _ _ _ _ _ _ _ _ _ _ _ _ _

self = <aiosqlite.core.Connection object at 0x0000024166416D80>
fn = <built-in method execute of sqlite3.Cursor object at 0x0000024167B1E940>
args = ('SELECT users.id, users.telegram_id, users.username, users.first_name, users.last_name, users.display_name, users.is_premium, users.gender, users.created_at \nFROM users \nWHERE users.telegram_id = ?', (666666,))
kwargs = {}
function = functools.partial(<built-in method execute of sqlite3.Cursor object at 0x0000024167B1E940>, 'SELECT users.id, users.te....display_name, users.is_premium, users.gender, users.created_at \nFROM users \nWHERE users.telegram_id = ?', (666666,))
future = <Future finished exception=OperationalError('no such table: users')>

    async def _execute(self, fn, *args, **kwargs):
        """Queue a function with the given arguments for execution."""
        if not self._running or not self._connection:
            raise ValueError("Connection closed")
    
        function = partial(fn, *args, **kwargs)
        future = asyncio.get_event_loop().create_future()
    
        self._tx.put_nowait((future, function))
    
>       return await future
               ^^^^^^^^^^^^

C:\Users\Dmitriy\AppData\Local\Programs\Python\Python312\Lib\site-packages\aiosqlite\core.py:160: 
_ _ _ _ _ _ _ _ _ _ _ _ _ _ _ _ _ _ _ _ _ _ _ _ _ _ _ _ _ _ _ _ _ _ _ _ _ _ _ _

tx = <_queue.SimpleQueue object at 0x0000024166440770>

    def _connection_worker_thread(tx: _TxQueue):
        """
        Execute function calls on a separate thread.
    
        :meta private:
        """
        while True:
            # Continues running until all queue items are processed,
            # even after connection is closed (so we can finalize all
            # futures)
    
            future, function = tx.get()
    
            try:
                LOG.debug("executing %s", function)
>               result = function()
                         ^^^^^^^^^^
E               sqlite3.OperationalError: no such table: users

C:\Users\Dmitriy\AppData\Local\Programs\Python\Python312\Lib\site-packages\aiosqlite\core.py:63: OperationalError

The above exception was the direct cause of the following exception:

self = <test_services.TestVerificationService object at 0x0000024166417740>

    async def test_add_student_to_group(self):
>       user = await get_or_create_user(MockUser(666666, "owner11"))
               ^^^^^^^^^^^^^^^^^^^^^^^^^^^^^^^^^^^^^^^^^^^^^^^^^^^^^

tests\test_services.py:109: 
_ _ _ _ _ _ _ _ _ _ _ _ _ _ _ _ _ _ _ _ _ _ _ _ _ _ _ _ _ _ _ _ _ _ _ _ _ _ _ _

tg_user = <test_services.MockUser object at 0x00000241677F52B0>

    async def get_or_create_user(tg_user):
        async with SessionLocal() as session:
>           result = await session.execute(select(User).where(User.telegram_id == tg_user.id))
                     ^^^^^^^^^^^^^^^^^^^^^^^^^^^^^^^^^^^^^^^^^^^^^^^^^^^^^^^^^^^^^^^^^^^^^^^^^

services\user_service.py:7: 
_ _ _ _ _ _ _ _ _ _ _ _ _ _ _ _ _ _ _ _ _ _ _ _ _ _ _ _ _ _ _ _ _ _ _ _ _ _ _ _

self = <sqlalchemy.ext.asyncio.session.AsyncSession object at 0x00000241677F6150>
statement = <sqlalchemy.sql.selectable.Select object at 0x00000241677F4D10>
params = None, execution_options = immutabledict({'prebuffer_rows': True})
bind_arguments = None, kw = {}

    async def execute(
        self,
        statement: Executable,
        params: Optional[_CoreAnyExecuteParams] = None,
        *,
        execution_options: OrmExecuteOptionsParameter = util.EMPTY_DICT,
        bind_arguments: Optional[_BindArguments] = None,
        **kw: Any,
    ) -> Result[Any]:
        """Execute a statement and return a buffered
        :class:`_engine.Result` object.
    
        .. seealso::
    
            :meth:`_orm.Session.execute` - main documentation for execute
    
        """
    
        if execution_options:
            execution_options = util.immutabledict(execution_options).union(
                _EXECUTE_OPTIONS
            )
        else:
            execution_options = _EXECUTE_OPTIONS
    
>       result = await greenlet_spawn(
            self.sync_session.execute,
            statement,
            params=params,
            execution_options=execution_options,
            bind_arguments=bind_arguments,
            **kw,
        )

C:\Users\Dmitriy\AppData\Local\Programs\Python\Python312\Lib\site-packages\sqlalchemy\ext\asyncio\session.py:449: 
_ _ _ _ _ _ _ _ _ _ _ _ _ _ _ _ _ _ _ _ _ _ _ _ _ _ _ _ _ _ _ _ _ _ _ _ _ _ _ _

fn = <bound method Session.execute of <sqlalchemy.orm.session.Session object at 0x00000241677F42F0>>
_require_await = False
args = (<sqlalchemy.sql.selectable.Select object at 0x00000241677F4D10>,)
kwargs = {'bind_arguments': None, 'execution_options': immutabledict({'prebuffer_rows': True}), 'params': None}
context = <_AsyncIoGreenlet object at 0x0000024167CC3040 (otid=0x0000024164FE5D70) dead>
switch_occurred = True
result = <coroutine object Cursor.execute at 0x0000024167869EE0>
value = <aiosqlite.cursor.Cursor object at 0x00000241677F53D0>

    async def greenlet_spawn(
        fn: Callable[..., _T],
        *args: Any,
        _require_await: bool = False,
        **kwargs: Any,
    ) -> _T:
        """Runs a sync function ``fn`` in a new greenlet.
    
        The sync function can then use :func:`await_only` to wait for async
        functions.
    
        :param fn: The sync callable to call.
        :param \\*args: Positional arguments to pass to the ``fn`` callable.
        :param \\*\\*kwargs: Keyword arguments to pass to the ``fn`` callable.
        """
    
        result: Any
        context = _AsyncIoGreenlet(fn, getcurrent())
        # runs the function synchronously in gl greenlet. If the execution
        # is interrupted by await_only, context is not dead and result is a
        # coroutine to wait. If the context is dead the function has
        # returned, and its result can be returned.
        switch_occurred = False
        result = context.switch(*args, **kwargs)
        while not context.dead:
            switch_occurred = True
            try:
                # wait for a coroutine from await_only and then return its
                # result back to it.
                value = await result
            except BaseException:
                # this allows an exception to be raised within
                # the moderated greenlet so that it can continue
                # its expected flow.
>               result = context.throw(*sys.exc_info())
                         ^^^^^^^^^^^^^^^^^^^^^^^^^^^^^^

C:\Users\Dmitriy\AppData\Local\Programs\Python\Python312\Lib\site-packages\sqlalchemy\util\_concurrency_py3k.py:201: 
_ _ _ _ _ _ _ _ _ _ _ _ _ _ _ _ _ _ _ _ _ _ _ _ _ _ _ _ _ _ _ _ _ _ _ _ _ _ _ _

self = <sqlalchemy.orm.session.Session object at 0x00000241677F42F0>
statement = <sqlalchemy.sql.selectable.Select object at 0x00000241677F4D10>
params = None

    def execute(
        self,
        statement: Executable,
        params: Optional[_CoreAnyExecuteParams] = None,
        *,
        execution_options: OrmExecuteOptionsParameter = util.EMPTY_DICT,
        bind_arguments: Optional[_BindArguments] = None,
        _parent_execute_state: Optional[Any] = None,
        _add_event: Optional[Any] = None,
    ) -> Result[Any]:
        r"""Execute a SQL expression construct.
    
        Returns a :class:`_engine.Result` object representing
        results of the statement execution.
    
        E.g.::
    
            from sqlalchemy import select
    
            result = session.execute(select(User).where(User.id == 5))
    
        The API contract of :meth:`_orm.Session.execute` is similar to that
        of :meth:`_engine.Connection.execute`, the :term:`2.0 style` version
        of :class:`_engine.Connection`.
    
        .. versionchanged:: 1.4 the :meth:`_orm.Session.execute` method is
           now the primary point of ORM statement execution when using
           :term:`2.0 style` ORM usage.
    
        :param statement:
            An executable statement (i.e. an :class:`.Executable` expression
            such as :func:`_expression.select`).
    
        :param params:
            Optional dictionary, or list of dictionaries, containing
            bound parameter values.   If a single dictionary, single-row
            execution occurs; if a list of dictionaries, an
            "executemany" will be invoked.  The keys in each dictionary
            must correspond to parameter names present in the statement.
    
        :param execution_options: optional dictionary of execution options,
         which will be associated with the statement execution.  This
         dictionary can provide a subset of the options that are accepted
         by :meth:`_engine.Connection.execution_options`, and may also
         provide additional options understood only in an ORM context.
    
         .. seealso::
    
            :ref:`orm_queryguide_execution_options` - ORM-specific execution
            options
    
        :param bind_arguments: dictionary of additional arguments to determine
         the bind.  May include "mapper", "bind", or other custom arguments.
         Contents of this dictionary are passed to the
         :meth:`.Session.get_bind` method.
    
        :return: a :class:`_engine.Result` object.
    
    
        """
>       return self._execute_internal(
            statement,
            params,
            execution_options=execution_options,
            bind_arguments=bind_arguments,
            _parent_execute_state=_parent_execute_state,
            _add_event=_add_event,
        )

C:\Users\Dmitriy\AppData\Local\Programs\Python\Python312\Lib\site-packages\sqlalchemy\orm\session.py:2351: 
_ _ _ _ _ _ _ _ _ _ _ _ _ _ _ _ _ _ _ _ _ _ _ _ _ _ _ _ _ _ _ _ _ _ _ _ _ _ _ _

self = <sqlalchemy.orm.session.Session object at 0x00000241677F42F0>
statement = <sqlalchemy.sql.selectable.Select object at 0x00000241677F4D10>
params = None

    def _execute_internal(
        self,
        statement: Executable,
        params: Optional[_CoreAnyExecuteParams] = None,
        *,
        execution_options: OrmExecuteOptionsParameter = util.EMPTY_DICT,
        bind_arguments: Optional[_BindArguments] = None,
        _parent_execute_state: Optional[Any] = None,
        _add_event: Optional[Any] = None,
        _scalar_result: bool = False,
    ) -> Any:
        statement = coercions.expect(roles.StatementRole, statement)
    
        if not bind_arguments:
            bind_arguments = {}
        else:
            bind_arguments = dict(bind_arguments)
    
        if (
            statement._propagate_attrs.get("compile_state_plugin", None)
            == "orm"
        ):
            compile_state_cls = CompileState._get_plugin_class_for_plugin(
                statement, "orm"
            )
            if TYPE_CHECKING:
                assert isinstance(
                    compile_state_cls, context.AbstractORMCompileState
                )
        else:
            compile_state_cls = None
            bind_arguments.setdefault("clause", statement)
    
        execution_options = util.coerce_to_immutabledict(execution_options)
    
        if _parent_execute_state:
            events_todo = _parent_execute_state._remaining_events()
        else:
            events_todo = self.dispatch.do_orm_execute
            if _add_event:
                events_todo = list(events_todo) + [_add_event]
    
        if events_todo:
            if compile_state_cls is not None:
                # for event handlers, do the orm_pre_session_exec
                # pass ahead of the event handlers, so that things like
                # .load_options, .update_delete_options etc. are populated.
                # is_pre_event=True allows the hook to hold off on things
                # it doesn't want to do twice, including autoflush as well
                # as "pre fetch" for DML, etc.
                (
                    statement,
                    execution_options,
                ) = compile_state_cls.orm_pre_session_exec(
                    self,
                    statement,
                    params,
                    execution_options,
                    bind_arguments,
                    True,
                )
    
            orm_exec_state = ORMExecuteState(
                self,
                statement,
                params,
                execution_options,
                bind_arguments,
                compile_state_cls,
                events_todo,
            )
            for idx, fn in enumerate(events_todo):
                orm_exec_state._starting_event_idx = idx
                fn_result: Optional[Result[Any]] = fn(orm_exec_state)
                if fn_result:
                    if _scalar_result:
                        return fn_result.scalar()
                    else:
                        return fn_result
    
            statement = orm_exec_state.statement
            execution_options = orm_exec_state.local_execution_options
    
        if compile_state_cls is not None:
            # now run orm_pre_session_exec() "for real".   if there were
            # event hooks, this will re-run the steps that interpret
            # new execution_options into load_options / update_delete_options,
            # which we assume the event hook might have updated.
            # autoflush will also be invoked in this step if enabled.
            (
                statement,
                execution_options,
            ) = compile_state_cls.orm_pre_session_exec(
                self,
                statement,
                params,
                execution_options,
                bind_arguments,
                False,
            )
    
        bind = self.get_bind(**bind_arguments)
    
        conn = self._connection_for_bind(bind)
    
        if _scalar_result and not compile_state_cls:
            if TYPE_CHECKING:
                params = cast(_CoreSingleExecuteParams, params)
            return conn.scalar(
                statement, params or {}, execution_options=execution_options
            )
    
        if compile_state_cls:
>           result: Result[Any] = compile_state_cls.orm_execute_statement(
                self,
                statement,
                params or {},
                execution_options,
                bind_arguments,
                conn,
            )

C:\Users\Dmitriy\AppData\Local\Programs\Python\Python312\Lib\site-packages\sqlalchemy\orm\session.py:2249: 
_ _ _ _ _ _ _ _ _ _ _ _ _ _ _ _ _ _ _ _ _ _ _ _ _ _ _ _ _ _ _ _ _ _ _ _ _ _ _ _

cls = <class 'sqlalchemy.orm.context.ORMSelectCompileState'>
session = <sqlalchemy.orm.session.Session object at 0x00000241677F42F0>
statement = <sqlalchemy.sql.selectable.Select object at 0x00000241677F4D10>
params = {}
execution_options = immutabledict({'prebuffer_rows': True, '_result_disable_adapt_to_context': True})
bind_arguments = {'clause': <sqlalchemy.sql.selectable.Select object at 0x00000241677F4D10>, 'mapper': <Mapper at 0x2416627b620; User>}
conn = <sqlalchemy.engine.base.Connection object at 0x00000241677F49B0>

    @classmethod
    def orm_execute_statement(
        cls,
        session,
        statement,
        params,
        execution_options,
        bind_arguments,
        conn,
    ) -> Result:
>       result = conn.execute(
            statement, params or {}, execution_options=execution_options
        )

C:\Users\Dmitriy\AppData\Local\Programs\Python\Python312\Lib\site-packages\sqlalchemy\orm\context.py:306: 
_ _ _ _ _ _ _ _ _ _ _ _ _ _ _ _ _ _ _ _ _ _ _ _ _ _ _ _ _ _ _ _ _ _ _ _ _ _ _ _

self = <sqlalchemy.engine.base.Connection object at 0x00000241677F49B0>
statement = <sqlalchemy.sql.selectable.Select object at 0x00000241677F4D10>
parameters = {}

    def execute(
        self,
        statement: Executable,
        parameters: Optional[_CoreAnyExecuteParams] = None,
        *,
        execution_options: Optional[CoreExecuteOptionsParameter] = None,
    ) -> CursorResult[Any]:
        r"""Executes a SQL statement construct and returns a
        :class:`_engine.CursorResult`.
    
        :param statement: The statement to be executed.  This is always
         an object that is in both the :class:`_expression.ClauseElement` and
         :class:`_expression.Executable` hierarchies, including:
    
         * :class:`_expression.Select`
         * :class:`_expression.Insert`, :class:`_expression.Update`,
           :class:`_expression.Delete`
         * :class:`_expression.TextClause` and
           :class:`_expression.TextualSelect`
         * :class:`_schema.DDL` and objects which inherit from
           :class:`_schema.ExecutableDDLElement`
    
        :param parameters: parameters which will be bound into the statement.
         This may be either a dictionary of parameter names to values,
         or a mutable sequence (e.g. a list) of dictionaries.  When a
         list of dictionaries is passed, the underlying statement execution
         will make use of the DBAPI ``cursor.executemany()`` method.
         When a single dictionary is passed, the DBAPI ``cursor.execute()``
         method will be used.
    
        :param execution_options: optional dictionary of execution options,
         which will be associated with the statement execution.  This
         dictionary can provide a subset of the options that are accepted
         by :meth:`_engine.Connection.execution_options`.
    
        :return: a :class:`_engine.Result` object.
    
        """
        distilled_parameters = _distill_params_20(parameters)
        try:
            meth = statement._execute_on_connection
        except AttributeError as err:
            raise exc.ObjectNotExecutableError(statement) from err
        else:
>           return meth(
                self,
                distilled_parameters,
                execution_options or NO_OPTIONS,
            )

C:\Users\Dmitriy\AppData\Local\Programs\Python\Python312\Lib\site-packages\sqlalchemy\engine\base.py:1419: 
_ _ _ _ _ _ _ _ _ _ _ _ _ _ _ _ _ _ _ _ _ _ _ _ _ _ _ _ _ _ _ _ _ _ _ _ _ _ _ _

self = <sqlalchemy.sql.selectable.Select object at 0x00000241677F4D10>
connection = <sqlalchemy.engine.base.Connection object at 0x00000241677F49B0>
distilled_params = [{}]
execution_options = immutabledict({'prebuffer_rows': True, '_result_disable_adapt_to_context': True})

    def _execute_on_connection(
        self,
        connection: Connection,
        distilled_params: _CoreMultiExecuteParams,
        execution_options: CoreExecuteOptionsParameter,
    ) -> Result[Any]:
        if self.supports_execution:
            if TYPE_CHECKING:
                assert isinstance(self, Executable)
>           return connection._execute_clauseelement(
                self, distilled_params, execution_options
            )

C:\Users\Dmitriy\AppData\Local\Programs\Python\Python312\Lib\site-packages\sqlalchemy\sql\elements.py:527: 
_ _ _ _ _ _ _ _ _ _ _ _ _ _ _ _ _ _ _ _ _ _ _ _ _ _ _ _ _ _ _ _ _ _ _ _ _ _ _ _

self = <sqlalchemy.engine.base.Connection object at 0x00000241677F49B0>
elem = <sqlalchemy.sql.selectable.Select object at 0x00000241677F4D10>
distilled_parameters = [{}]
execution_options = immutabledict({'prebuffer_rows': True, '_result_disable_adapt_to_context': True})

    def _execute_clauseelement(
        self,
        elem: Executable,
        distilled_parameters: _CoreMultiExecuteParams,
        execution_options: CoreExecuteOptionsParameter,
    ) -> CursorResult[Any]:
        """Execute a sql.ClauseElement object."""
    
        execution_options = elem._execution_options.merge_with(
            self._execution_options, execution_options
        )
    
        has_events = self._has_events or self.engine._has_events
        if has_events:
            (
                elem,
                distilled_parameters,
                event_multiparams,
                event_params,
            ) = self._invoke_before_exec_event(
                elem, distilled_parameters, execution_options
            )
    
        if distilled_parameters:
            # ensure we don't retain a link to the view object for keys()
            # which links to the values, which we don't want to cache
            keys = sorted(distilled_parameters[0])
            for_executemany = len(distilled_parameters) > 1
        else:
            keys = []
            for_executemany = False
    
        dialect = self.dialect
    
        schema_translate_map = execution_options.get(
            "schema_translate_map", None
        )
    
        compiled_cache: Optional[CompiledCacheType] = execution_options.get(
            "compiled_cache", self.engine._compiled_cache
        )
    
        compiled_sql, extracted_params, cache_hit = elem._compile_w_cache(
            dialect=dialect,
            compiled_cache=compiled_cache,
            column_keys=keys,
            for_executemany=for_executemany,
            schema_translate_map=schema_translate_map,
            linting=self.dialect.compiler_linting | compiler.WARN_LINTING,
        )
>       ret = self._execute_context(
            dialect,
            dialect.execution_ctx_cls._init_compiled,
            compiled_sql,
            distilled_parameters,
            execution_options,
            compiled_sql,
            distilled_parameters,
            elem,
            extracted_params,
            cache_hit=cache_hit,
        )

C:\Users\Dmitriy\AppData\Local\Programs\Python\Python312\Lib\site-packages\sqlalchemy\engine\base.py:1641: 
_ _ _ _ _ _ _ _ _ _ _ _ _ _ _ _ _ _ _ _ _ _ _ _ _ _ _ _ _ _ _ _ _ _ _ _ _ _ _ _

self = <sqlalchemy.engine.base.Connection object at 0x00000241677F49B0>
dialect = <sqlalchemy.dialects.sqlite.aiosqlite.SQLiteDialect_aiosqlite object at 0x0000024165077FB0>
constructor = <bound method DefaultExecutionContext._init_compiled of <class 'sqlalchemy.dialects.sqlite.aiosqlite.SQLiteExecutionContext_aiosqlite'>>
statement = <sqlalchemy.dialects.sqlite.base.SQLiteCompiler object at 0x0000024166416330>
parameters = [{}]
execution_options = immutabledict({'prebuffer_rows': True, '_result_disable_adapt_to_context': True})
args = (<sqlalchemy.dialects.sqlite.base.SQLiteCompiler object at 0x0000024166416330>, [{}], <sqlalchemy.sql.selectable.Select object at 0x00000241677F4D10>, [BindParameter('%(2479932536256 telegram_id)s', 666666, type_=BigInteger())])
kw = {'cache_hit': <CacheStats.CACHE_HIT: 0>}, yp = None
conn = <sqlalchemy.pool.base._ConnectionFairy object at 0x00000241676ADA30>
context = <sqlalchemy.dialects.sqlite.aiosqlite.SQLiteExecutionContext_aiosqlite object at 0x00000241677F5250>

    def _execute_context(
        self,
        dialect: Dialect,
        constructor: Callable[..., ExecutionContext],
        statement: Union[str, Compiled],
        parameters: Optional[_AnyMultiExecuteParams],
        execution_options: _ExecuteOptions,
        *args: Any,
        **kw: Any,
    ) -> CursorResult[Any]:
        """Create an :class:`.ExecutionContext` and execute, returning
        a :class:`_engine.CursorResult`."""
    
        if execution_options:
            yp = execution_options.get("yield_per", None)
            if yp:
                execution_options = execution_options.union(
                    {"stream_results": True, "max_row_buffer": yp}
                )
        try:
            conn = self._dbapi_connection
            if conn is None:
                conn = self._revalidate_connection()
    
            context = constructor(
                dialect, self, conn, execution_options, *args, **kw
            )
        except (exc.PendingRollbackError, exc.ResourceClosedError):
            raise
        except BaseException as e:
            self._handle_dbapi_exception(
                e, str(statement), parameters, None, None
            )
    
        if (
            self._transaction
            and not self._transaction.is_active
            or (
                self._nested_transaction
                and not self._nested_transaction.is_active
            )
        ):
            self._invalid_transaction()
    
        elif self._trans_context_manager:
            TransactionalContext._trans_ctx_check(self)
    
        if self._transaction is None:
            self._autobegin()
    
        context.pre_exec()
    
        if context.execute_style is ExecuteStyle.INSERTMANYVALUES:
            return self._exec_insertmany_context(dialect, context)
        else:
>           return self._exec_single_context(
                dialect, context, statement, parameters
            )

C:\Users\Dmitriy\AppData\Local\Programs\Python\Python312\Lib\site-packages\sqlalchemy\engine\base.py:1846: 
_ _ _ _ _ _ _ _ _ _ _ _ _ _ _ _ _ _ _ _ _ _ _ _ _ _ _ _ _ _ _ _ _ _ _ _ _ _ _ _

self = <sqlalchemy.engine.base.Connection object at 0x00000241677F49B0>
dialect = <sqlalchemy.dialects.sqlite.aiosqlite.SQLiteDialect_aiosqlite object at 0x0000024165077FB0>
context = <sqlalchemy.dialects.sqlite.aiosqlite.SQLiteExecutionContext_aiosqlite object at 0x00000241677F5250>
statement = <sqlalchemy.dialects.sqlite.base.SQLiteCompiler object at 0x0000024166416330>
parameters = [(666666,)]

    def _exec_single_context(
        self,
        dialect: Dialect,
        context: ExecutionContext,
        statement: Union[str, Compiled],
        parameters: Optional[_AnyMultiExecuteParams],
    ) -> CursorResult[Any]:
        """continue the _execute_context() method for a single DBAPI
        cursor.execute() or cursor.executemany() call.
    
        """
        if dialect.bind_typing is BindTyping.SETINPUTSIZES:
            generic_setinputsizes = context._prepare_set_input_sizes()
    
            if generic_setinputsizes:
                try:
                    dialect.do_set_input_sizes(
                        context.cursor, generic_setinputsizes, context
                    )
                except BaseException as e:
                    self._handle_dbapi_exception(
                        e, str(statement), parameters, None, context
                    )
    
        cursor, str_statement, parameters = (
            context.cursor,
            context.statement,
            context.parameters,
        )
    
        effective_parameters: Optional[_AnyExecuteParams]
    
        if not context.executemany:
            effective_parameters = parameters[0]
        else:
            effective_parameters = parameters
    
        if self._has_events or self.engine._has_events:
            for fn in self.dispatch.before_cursor_execute:
                str_statement, effective_parameters = fn(
                    self,
                    cursor,
                    str_statement,
                    effective_parameters,
                    context,
                    context.executemany,
                )
    
        if self._echo:
            self._log_info(str_statement)
    
            stats = context._get_cache_stats()
    
            if not self.engine.hide_parameters:
                self._log_info(
                    "[%s] %r",
                    stats,
                    sql_util._repr_params(
                        effective_parameters,
                        batches=10,
                        ismulti=context.executemany,
                    ),
                )
            else:
                self._log_info(
                    "[%s] [SQL parameters hidden due to hide_parameters=True]",
                    stats,
                )
    
        evt_handled: bool = False
        try:
            if context.execute_style is ExecuteStyle.EXECUTEMANY:
                effective_parameters = cast(
                    "_CoreMultiExecuteParams", effective_parameters
                )
                if self.dialect._has_events:
                    for fn in self.dialect.dispatch.do_executemany:
                        if fn(
                            cursor,
                            str_statement,
                            effective_parameters,
                            context,
                        ):
                            evt_handled = True
                            break
                if not evt_handled:
                    self.dialect.do_executemany(
                        cursor,
                        str_statement,
                        effective_parameters,
                        context,
                    )
            elif not effective_parameters and context.no_parameters:
                if self.dialect._has_events:
                    for fn in self.dialect.dispatch.do_execute_no_params:
                        if fn(cursor, str_statement, context):
                            evt_handled = True
                            break
                if not evt_handled:
                    self.dialect.do_execute_no_params(
                        cursor, str_statement, context
                    )
            else:
                effective_parameters = cast(
                    "_CoreSingleExecuteParams", effective_parameters
                )
                if self.dialect._has_events:
                    for fn in self.dialect.dispatch.do_execute:
                        if fn(
                            cursor,
                            str_statement,
                            effective_parameters,
                            context,
                        ):
                            evt_handled = True
                            break
                if not evt_handled:
                    self.dialect.do_execute(
                        cursor, str_statement, effective_parameters, context
                    )
    
            if self._has_events or self.engine._has_events:
                self.dispatch.after_cursor_execute(
                    self,
                    cursor,
                    str_statement,
                    effective_parameters,
                    context,
                    context.executemany,
                )
    
            context.post_exec()
    
            result = context._setup_result_proxy()
    
        except BaseException as e:
>           self._handle_dbapi_exception(
                e, str_statement, effective_parameters, cursor, context
            )

C:\Users\Dmitriy\AppData\Local\Programs\Python\Python312\Lib\site-packages\sqlalchemy\engine\base.py:1986: 
_ _ _ _ _ _ _ _ _ _ _ _ _ _ _ _ _ _ _ _ _ _ _ _ _ _ _ _ _ _ _ _ _ _ _ _ _ _ _ _

self = <sqlalchemy.engine.base.Connection object at 0x00000241677F49B0>
e = OperationalError('no such table: users')
statement = 'SELECT users.id, users.telegram_id, users.username, users.first_name, users.last_name, users.display_name, users.is_premium, users.gender, users.created_at \nFROM users \nWHERE users.telegram_id = ?'
parameters = (666666,)
cursor = <sqlalchemy.dialects.sqlite.aiosqlite.AsyncAdapt_aiosqlite_cursor object at 0x000002416784AC20>
context = <sqlalchemy.dialects.sqlite.aiosqlite.SQLiteExecutionContext_aiosqlite object at 0x00000241677F5250>
is_sub_exec = False

    def _handle_dbapi_exception(
        self,
        e: BaseException,
        statement: Optional[str],
        parameters: Optional[_AnyExecuteParams],
        cursor: Optional[DBAPICursor],
        context: Optional[ExecutionContext],
        is_sub_exec: bool = False,
    ) -> NoReturn:
        exc_info = sys.exc_info()
    
        is_exit_exception = util.is_exit_exception(e)
    
        if not self._is_disconnect:
            self._is_disconnect = (
                isinstance(e, self.dialect.loaded_dbapi.Error)
                and not self.closed
                and self.dialect.is_disconnect(
                    e,
                    self._dbapi_connection if not self.invalidated else None,
                    cursor,
                )
            ) or (is_exit_exception and not self.closed)
    
        invalidate_pool_on_disconnect = not is_exit_exception
    
        ismulti: bool = (
            not is_sub_exec and context.executemany
            if context is not None
            else False
        )
        if self._reentrant_error:
            raise exc.DBAPIError.instance(
                statement,
                parameters,
                e,
                self.dialect.loaded_dbapi.Error,
                hide_parameters=self.engine.hide_parameters,
                dialect=self.dialect,
                ismulti=ismulti,
            ).with_traceback(exc_info[2]) from e
        self._reentrant_error = True
        try:
            # non-DBAPI error - if we already got a context,
            # or there's no string statement, don't wrap it
            should_wrap = isinstance(e, self.dialect.loaded_dbapi.Error) or (
                statement is not None
                and context is None
                and not is_exit_exception
            )
    
            if should_wrap:
                sqlalchemy_exception = exc.DBAPIError.instance(
                    statement,
                    parameters,
                    cast(Exception, e),
                    self.dialect.loaded_dbapi.Error,
                    hide_parameters=self.engine.hide_parameters,
                    connection_invalidated=self._is_disconnect,
                    dialect=self.dialect,
                    ismulti=ismulti,
                )
            else:
                sqlalchemy_exception = None
    
            newraise = None
    
            if (self.dialect._has_events) and not self._execution_options.get(
                "skip_user_error_events", False
            ):
                ctx = ExceptionContextImpl(
                    e,
                    sqlalchemy_exception,
                    self.engine,
                    self.dialect,
                    self,
                    cursor,
                    statement,
                    parameters,
                    context,
                    self._is_disconnect,
                    invalidate_pool_on_disconnect,
                    False,
                )
    
                for fn in self.dialect.dispatch.handle_error:
                    try:
                        # handler returns an exception;
                        # call next handler in a chain
                        per_fn = fn(ctx)
                        if per_fn is not None:
                            ctx.chained_exception = newraise = per_fn
                    except Exception as _raised:
                        # handler raises an exception - stop processing
                        newraise = _raised
                        break
    
                if self._is_disconnect != ctx.is_disconnect:
                    self._is_disconnect = ctx.is_disconnect
                    if sqlalchemy_exception:
                        sqlalchemy_exception.connection_invalidated = (
                            ctx.is_disconnect
                        )
    
                # set up potentially user-defined value for
                # invalidate pool.
                invalidate_pool_on_disconnect = (
                    ctx.invalidate_pool_on_disconnect
                )
    
            if should_wrap and context:
                context.handle_dbapi_exception(e)
    
            if not self._is_disconnect:
                if cursor:
                    self._safe_close_cursor(cursor)
                # "autorollback" was mostly relevant in 1.x series.
                # It's very unlikely to reach here, as the connection
                # does autobegin so when we are here, we are usually
                # in an explicit / semi-explicit transaction.
                # however we have a test which manufactures this
                # scenario in any case using an event handler.
                # test/engine/test_execute.py-> test_actual_autorollback
                if not self.in_transaction():
                    self._rollback_impl()
    
            if newraise:
                raise newraise.with_traceback(exc_info[2]) from e
            elif should_wrap:
                assert sqlalchemy_exception is not None
>               raise sqlalchemy_exception.with_traceback(exc_info[2]) from e

C:\Users\Dmitriy\AppData\Local\Programs\Python\Python312\Lib\site-packages\sqlalchemy\engine\base.py:2363: 
_ _ _ _ _ _ _ _ _ _ _ _ _ _ _ _ _ _ _ _ _ _ _ _ _ _ _ _ _ _ _ _ _ _ _ _ _ _ _ _

self = <sqlalchemy.engine.base.Connection object at 0x00000241677F49B0>
dialect = <sqlalchemy.dialects.sqlite.aiosqlite.SQLiteDialect_aiosqlite object at 0x0000024165077FB0>
context = <sqlalchemy.dialects.sqlite.aiosqlite.SQLiteExecutionContext_aiosqlite object at 0x00000241677F5250>
statement = <sqlalchemy.dialects.sqlite.base.SQLiteCompiler object at 0x0000024166416330>
parameters = [(666666,)]

    def _exec_single_context(
        self,
        dialect: Dialect,
        context: ExecutionContext,
        statement: Union[str, Compiled],
        parameters: Optional[_AnyMultiExecuteParams],
    ) -> CursorResult[Any]:
        """continue the _execute_context() method for a single DBAPI
        cursor.execute() or cursor.executemany() call.
    
        """
        if dialect.bind_typing is BindTyping.SETINPUTSIZES:
            generic_setinputsizes = context._prepare_set_input_sizes()
    
            if generic_setinputsizes:
                try:
                    dialect.do_set_input_sizes(
                        context.cursor, generic_setinputsizes, context
                    )
                except BaseException as e:
                    self._handle_dbapi_exception(
                        e, str(statement), parameters, None, context
                    )
    
        cursor, str_statement, parameters = (
            context.cursor,
            context.statement,
            context.parameters,
        )
    
        effective_parameters: Optional[_AnyExecuteParams]
    
        if not context.executemany:
            effective_parameters = parameters[0]
        else:
            effective_parameters = parameters
    
        if self._has_events or self.engine._has_events:
            for fn in self.dispatch.before_cursor_execute:
                str_statement, effective_parameters = fn(
                    self,
                    cursor,
                    str_statement,
                    effective_parameters,
                    context,
                    context.executemany,
                )
    
        if self._echo:
            self._log_info(str_statement)
    
            stats = context._get_cache_stats()
    
            if not self.engine.hide_parameters:
                self._log_info(
                    "[%s] %r",
                    stats,
                    sql_util._repr_params(
                        effective_parameters,
                        batches=10,
                        ismulti=context.executemany,
                    ),
                )
            else:
                self._log_info(
                    "[%s] [SQL parameters hidden due to hide_parameters=True]",
                    stats,
                )
    
        evt_handled: bool = False
        try:
            if context.execute_style is ExecuteStyle.EXECUTEMANY:
                effective_parameters = cast(
                    "_CoreMultiExecuteParams", effective_parameters
                )
                if self.dialect._has_events:
                    for fn in self.dialect.dispatch.do_executemany:
                        if fn(
                            cursor,
                            str_statement,
                            effective_parameters,
                            context,
                        ):
                            evt_handled = True
                            break
                if not evt_handled:
                    self.dialect.do_executemany(
                        cursor,
                        str_statement,
                        effective_parameters,
                        context,
                    )
            elif not effective_parameters and context.no_parameters:
                if self.dialect._has_events:
                    for fn in self.dialect.dispatch.do_execute_no_params:
                        if fn(cursor, str_statement, context):
                            evt_handled = True
                            break
                if not evt_handled:
                    self.dialect.do_execute_no_params(
                        cursor, str_statement, context
                    )
            else:
                effective_parameters = cast(
                    "_CoreSingleExecuteParams", effective_parameters
                )
                if self.dialect._has_events:
                    for fn in self.dialect.dispatch.do_execute:
                        if fn(
                            cursor,
                            str_statement,
                            effective_parameters,
                            context,
                        ):
                            evt_handled = True
                            break
                if not evt_handled:
>                   self.dialect.do_execute(
                        cursor, str_statement, effective_parameters, context
                    )

C:\Users\Dmitriy\AppData\Local\Programs\Python\Python312\Lib\site-packages\sqlalchemy\engine\base.py:1967: 
_ _ _ _ _ _ _ _ _ _ _ _ _ _ _ _ _ _ _ _ _ _ _ _ _ _ _ _ _ _ _ _ _ _ _ _ _ _ _ _

self = <sqlalchemy.dialects.sqlite.aiosqlite.SQLiteDialect_aiosqlite object at 0x0000024165077FB0>
cursor = <sqlalchemy.dialects.sqlite.aiosqlite.AsyncAdapt_aiosqlite_cursor object at 0x000002416784AC20>
statement = 'SELECT users.id, users.telegram_id, users.username, users.first_name, users.last_name, users.display_name, users.is_premium, users.gender, users.created_at \nFROM users \nWHERE users.telegram_id = ?'
parameters = (666666,)
context = <sqlalchemy.dialects.sqlite.aiosqlite.SQLiteExecutionContext_aiosqlite object at 0x00000241677F5250>

    def do_execute(self, cursor, statement, parameters, context=None):
>       cursor.execute(statement, parameters)

C:\Users\Dmitriy\AppData\Local\Programs\Python\Python312\Lib\site-packages\sqlalchemy\engine\default.py:952: 
_ _ _ _ _ _ _ _ _ _ _ _ _ _ _ _ _ _ _ _ _ _ _ _ _ _ _ _ _ _ _ _ _ _ _ _ _ _ _ _

self = <sqlalchemy.dialects.sqlite.aiosqlite.AsyncAdapt_aiosqlite_cursor object at 0x000002416784AC20>
operation = 'SELECT users.id, users.telegram_id, users.username, users.first_name, users.last_name, users.display_name, users.is_premium, users.gender, users.created_at \nFROM users \nWHERE users.telegram_id = ?'
parameters = (666666,)

    def execute(
        self,
        operation: Any,
        parameters: Optional[_DBAPISingleExecuteParams] = None,
    ) -> Any:
    
        try:
            _cursor: AsyncIODBAPICursor = self.await_(self._connection.cursor())  # type: ignore[arg-type] # noqa: E501
    
            if parameters is None:
                self.await_(_cursor.execute(operation))
            else:
                self.await_(_cursor.execute(operation, parameters))
    
            if _cursor.description:
                self.description = _cursor.description
                self.lastrowid = self.rowcount = -1
    
                if not self.server_side:
                    self._rows = deque(self.await_(_cursor.fetchall()))
            else:
                self.description = None
                self.lastrowid = _cursor.lastrowid
                self.rowcount = _cursor.rowcount
    
            if not self.server_side:
                self.await_(_cursor.close())
            else:
                self._cursor = _cursor  # type: ignore[misc]
        except Exception as error:
>           self._adapt_connection._handle_exception(error)

C:\Users\Dmitriy\AppData\Local\Programs\Python\Python312\Lib\site-packages\sqlalchemy\dialects\sqlite\aiosqlite.py:182: 
_ _ _ _ _ _ _ _ _ _ _ _ _ _ _ _ _ _ _ _ _ _ _ _ _ _ _ _ _ _ _ _ _ _ _ _ _ _ _ _

self = <AdaptedConnection <aiosqlite.core.Connection object at 0x0000024166416D80>>
error = OperationalError('no such table: users')

    def _handle_exception(self, error: Exception) -> NoReturn:
        if (
            isinstance(error, ValueError)
            and error.args[0] == "no active connection"
        ):
            raise self.dbapi.sqlite.OperationalError(
                "no active connection"
            ) from error
        else:
>           raise error

C:\Users\Dmitriy\AppData\Local\Programs\Python\Python312\Lib\site-packages\sqlalchemy\dialects\sqlite\aiosqlite.py:342: 
_ _ _ _ _ _ _ _ _ _ _ _ _ _ _ _ _ _ _ _ _ _ _ _ _ _ _ _ _ _ _ _ _ _ _ _ _ _ _ _

self = <sqlalchemy.dialects.sqlite.aiosqlite.AsyncAdapt_aiosqlite_cursor object at 0x000002416784AC20>
operation = 'SELECT users.id, users.telegram_id, users.username, users.first_name, users.last_name, users.display_name, users.is_premium, users.gender, users.created_at \nFROM users \nWHERE users.telegram_id = ?'
parameters = (666666,)

    def execute(
        self,
        operation: Any,
        parameters: Optional[_DBAPISingleExecuteParams] = None,
    ) -> Any:
    
        try:
            _cursor: AsyncIODBAPICursor = self.await_(self._connection.cursor())  # type: ignore[arg-type] # noqa: E501
    
            if parameters is None:
                self.await_(_cursor.execute(operation))
            else:
>               self.await_(_cursor.execute(operation, parameters))

C:\Users\Dmitriy\AppData\Local\Programs\Python\Python312\Lib\site-packages\sqlalchemy\dialects\sqlite\aiosqlite.py:164: 
_ _ _ _ _ _ _ _ _ _ _ _ _ _ _ _ _ _ _ _ _ _ _ _ _ _ _ _ _ _ _ _ _ _ _ _ _ _ _ _

awaitable = <coroutine object Cursor.execute at 0x0000024167869EE0>

    def await_only(awaitable: Awaitable[_T]) -> _T:
        """Awaits an async function in a sync method.
    
        The sync method must be inside a :func:`greenlet_spawn` context.
        :func:`await_only` calls cannot be nested.
    
        :param awaitable: The coroutine to call.
    
        """
        # this is called in the context greenlet while running fn
        current = getcurrent()
        if not getattr(current, "__sqlalchemy_greenlet_provider__", False):
            _safe_cancel_awaitable(awaitable)
    
            raise exc.MissingGreenlet(
                "greenlet_spawn has not been called; can't call await_only() "
                "here. Was IO attempted in an unexpected place?"
            )
    
        # returns the control to the driver greenlet passing it
        # a coroutine to run. Once the awaitable is done, the driver greenlet
        # switches back to this greenlet with the result of awaitable that is
        # then returned to the caller (or raised as error)
>       return current.parent.switch(awaitable)  # type: ignore[no-any-return,attr-defined] # noqa: E501
               ^^^^^^^^^^^^^^^^^^^^^^^^^^^^^^^^

C:\Users\Dmitriy\AppData\Local\Programs\Python\Python312\Lib\site-packages\sqlalchemy\util\_concurrency_py3k.py:132: 
_ _ _ _ _ _ _ _ _ _ _ _ _ _ _ _ _ _ _ _ _ _ _ _ _ _ _ _ _ _ _ _ _ _ _ _ _ _ _ _

fn = <bound method Session.execute of <sqlalchemy.orm.session.Session object at 0x00000241677F42F0>>
_require_await = False
args = (<sqlalchemy.sql.selectable.Select object at 0x00000241677F4D10>,)
kwargs = {'bind_arguments': None, 'execution_options': immutabledict({'prebuffer_rows': True}), 'params': None}
context = <_AsyncIoGreenlet object at 0x0000024167CC3040 (otid=0x0000024164FE5D70) dead>
switch_occurred = True
result = <coroutine object Cursor.execute at 0x0000024167869EE0>
value = <aiosqlite.cursor.Cursor object at 0x00000241677F53D0>

    async def greenlet_spawn(
        fn: Callable[..., _T],
        *args: Any,
        _require_await: bool = False,
        **kwargs: Any,
    ) -> _T:
        """Runs a sync function ``fn`` in a new greenlet.
    
        The sync function can then use :func:`await_only` to wait for async
        functions.
    
        :param fn: The sync callable to call.
        :param \\*args: Positional arguments to pass to the ``fn`` callable.
        :param \\*\\*kwargs: Keyword arguments to pass to the ``fn`` callable.
        """
    
        result: Any
        context = _AsyncIoGreenlet(fn, getcurrent())
        # runs the function synchronously in gl greenlet. If the execution
        # is interrupted by await_only, context is not dead and result is a
        # coroutine to wait. If the context is dead the function has
        # returned, and its result can be returned.
        switch_occurred = False
        result = context.switch(*args, **kwargs)
        while not context.dead:
            switch_occurred = True
            try:
                # wait for a coroutine from await_only and then return its
                # result back to it.
>               value = await result
                        ^^^^^^^^^^^^

C:\Users\Dmitriy\AppData\Local\Programs\Python\Python312\Lib\site-packages\sqlalchemy\util\_concurrency_py3k.py:196: 
_ _ _ _ _ _ _ _ _ _ _ _ _ _ _ _ _ _ _ _ _ _ _ _ _ _ _ _ _ _ _ _ _ _ _ _ _ _ _ _

self = <aiosqlite.cursor.Cursor object at 0x00000241677F53D0>
sql = 'SELECT users.id, users.telegram_id, users.username, users.first_name, users.last_name, users.display_name, users.is_premium, users.gender, users.created_at \nFROM users \nWHERE users.telegram_id = ?'
parameters = (666666,)

    async def execute(
        self, sql: str, parameters: Optional[Iterable[Any]] = None
    ) -> "Cursor":
        """Execute the given query."""
        if parameters is None:
            parameters = []
>       await self._execute(self._cursor.execute, sql, parameters)

C:\Users\Dmitriy\AppData\Local\Programs\Python\Python312\Lib\site-packages\aiosqlite\cursor.py:40: 
_ _ _ _ _ _ _ _ _ _ _ _ _ _ _ _ _ _ _ _ _ _ _ _ _ _ _ _ _ _ _ _ _ _ _ _ _ _ _ _

self = <aiosqlite.cursor.Cursor object at 0x00000241677F53D0>
fn = <built-in method execute of sqlite3.Cursor object at 0x0000024167B1E940>
args = ('SELECT users.id, users.telegram_id, users.username, users.first_name, users.last_name, users.display_name, users.is_premium, users.gender, users.created_at \nFROM users \nWHERE users.telegram_id = ?', (666666,))
kwargs = {}

    async def _execute(self, fn, *args, **kwargs):
        """Execute the given function on the shared connection's thread."""
>       return await self._conn._execute(fn, *args, **kwargs)
               ^^^^^^^^^^^^^^^^^^^^^^^^^^^^^^^^^^^^^^^^^^^^^^

C:\Users\Dmitriy\AppData\Local\Programs\Python\Python312\Lib\site-packages\aiosqlite\cursor.py:32: 
_ _ _ _ _ _ _ _ _ _ _ _ _ _ _ _ _ _ _ _ _ _ _ _ _ _ _ _ _ _ _ _ _ _ _ _ _ _ _ _

self = <aiosqlite.core.Connection object at 0x0000024166416D80>
fn = <built-in method execute of sqlite3.Cursor object at 0x0000024167B1E940>
args = ('SELECT users.id, users.telegram_id, users.username, users.first_name, users.last_name, users.display_name, users.is_premium, users.gender, users.created_at \nFROM users \nWHERE users.telegram_id = ?', (666666,))
kwargs = {}
function = functools.partial(<built-in method execute of sqlite3.Cursor object at 0x0000024167B1E940>, 'SELECT users.id, users.te....display_name, users.is_premium, users.gender, users.created_at \nFROM users \nWHERE users.telegram_id = ?', (666666,))
future = <Future finished exception=OperationalError('no such table: users')>

    async def _execute(self, fn, *args, **kwargs):
        """Queue a function with the given arguments for execution."""
        if not self._running or not self._connection:
            raise ValueError("Connection closed")
    
        function = partial(fn, *args, **kwargs)
        future = asyncio.get_event_loop().create_future()
    
        self._tx.put_nowait((future, function))
    
>       return await future
               ^^^^^^^^^^^^

C:\Users\Dmitriy\AppData\Local\Programs\Python\Python312\Lib\site-packages\aiosqlite\core.py:160: 
_ _ _ _ _ _ _ _ _ _ _ _ _ _ _ _ _ _ _ _ _ _ _ _ _ _ _ _ _ _ _ _ _ _ _ _ _ _ _ _

tx = <_queue.SimpleQueue object at 0x0000024166440770>

    def _connection_worker_thread(tx: _TxQueue):
        """
        Execute function calls on a separate thread.
    
        :meta private:
        """
        while True:
            # Continues running until all queue items are processed,
            # even after connection is closed (so we can finalize all
            # futures)
    
            future, function = tx.get()
    
            try:
                LOG.debug("executing %s", function)
>               result = function()
                         ^^^^^^^^^^
E               sqlalchemy.exc.OperationalError: (sqlite3.OperationalError) no such table: users
E               [SQL: SELECT users.id, users.telegram_id, users.username, users.first_name, users.last_name, users.display_name, users.is_premium, users.gender, users.created_at 
E               FROM users 
E               WHERE users.telegram_id = ?]
E               [parameters: (666666,)]
E               (Background on this error at: https://sqlalche.me/e/20/e3q8)

C:\Users\Dmitriy\AppData\Local\Programs\Python\Python312\Lib\site-packages\aiosqlite\core.py:63: OperationalError
=========================== short test summary info ===========================
FAILED tests/test_services.py::TestUserService::test_get_or_create_user - sql...
FAILED tests/test_services.py::TestGroupService::test_create_group - sqlalche...
FAILED tests/test_services.py::TestGroupService::test_get_group_by_code - sql...
FAILED tests/test_services.py::TestGroupService::test_join_group - sqlalchemy...
FAILED tests/test_services.py::TestSubjectService::test_add_subject - sqlalch...
FAILED tests/test_services.py::TestSubjectService::test_get_group_subjects - ...
FAILED tests/test_services.py::TestLabService::test_create_lab - sqlalchemy.e...
FAILED tests/test_services.py::TestLabService::test_get_group_labs - sqlalche...
FAILED tests/test_services.py::TestLabService::test_close_lab - sqlalchemy.ex...
FAILED tests/test_services.py::TestVerificationService::test_add_student_to_group
============================= 10 failed in 3.13s ==============================
